
[1m[30m[46m RUN [49m[39m[22m [36mv4.1.8 [39m[90m/app/applet[39m

[90mstdout[2m | src/games/circuit-climb/tests/circuitClimbMathAdapter.test.ts[2m > [22m[2mCircuit Climb Math Adapter[2m > [22m[2mScreenshot regression test: target 12, player 10
[22m[39m[GEN CONFIG TRACE] {
  mode: [32m'standard'[39m,
  operation: [90mundefined[39m,
  difficulty: [33m1[39m,
  totalSteps: [33m1[39m,
  answerChoices: [33m3[39m,
  table: [90mundefined[39m,
  skipSize: [90mundefined[39m,
  fullConfig: {
    learningMode: [32m'standard'[39m,
    totalSteps: [33m1[39m,
    targetNumber: [33m12[39m,
    targetFlex: [33m0[39m,
    rangeMin: [33m1[39m,
    rangeMax: [33m12[39m,
    answerChoices: [33m3[39m,
    difficultyLevel: [33m1[39m,
    phaseSequence: [ [36m[Object][39m ],
    opsEnabled: { [32m'+'[39m: [33mtrue[39m, [32m'-'[39m: [33mfalse[39m, [32m'ร—'[39m: [33mfalse[39m, [32m'รท'[39m: [33mfalse[39m },
    activeMode: [32m'normal'[39m,
    isMuted: [33mfalse[39m,
    timerOn: [33mfalse[39m,
    quickMindInterval: [33m10[39m,
    darkModeInterval: [33m10[39m,
    modifiersPerStep: [33m1[39m,
    enableVariables: [33mfalse[39m,
    stopwatchSkin: [32m'default'[39m,
    progressionMode: [32m'adaptive'[39m,
    presentationMode: [32m'normal'[39m,
    scriptId: [32m'circuit-climb'[39m
  }
}
[Telemetry][VT:0] GENERATOR_START { startNumber: [33m10[39m, mode: [32m'standard'[39m }
[Telemetry][VT:0] GENERATOR_STEP_CREATED { stepIndex: [33m0[39m, startNumber: [33m10[39m, answer: [33m12[39m }
[STEP TRACE] [
  {
    i: [33m0[39m,
    startNumber: [33m10[39m,
    value: [33m2[39m,
    operation: [32m'+'[39m,
    correctAnswer: [33m12[39m,
    distractors: [ [33m12[39m, [33m14[39m, [33m11[39m ],
    distractorCount: [33m2[39m,
    source: [32m'engine'[39m,
    fallbackUsed: [90mundefined[39m
  }
]

[90mstdout[2m | src/games/circuit-climb/tests/circuitClimbMathAdapter.test.ts[2m > [22m[2mCircuit Climb Math Adapter[2m > [22m[2mGenerates 500 valid problems
[22m[39m[GEN CONFIG TRACE] {
  mode: [32m'standard'[39m,
  operation: [90mundefined[39m,
  difficulty: [33m1[39m,
  totalSteps: [33m1[39m,
  answerChoices: [33m3[39m,
  table: [90mundefined[39m,
  skipSize: [90mundefined[39m,
  fullConfig: {
    learningMode: [32m'standard'[39m,
    totalSteps: [33m1[39m,
    targetNumber: [33m10[39m,
    targetFlex: [33m0[39m,
    rangeMin: [33m1[39m,
    rangeMax: [33m10[39m,
    answerChoices: [33m3[39m,
    difficultyLevel: [33m1[39m,
    phaseSequence: [ [36m[Object][39m ],
    opsEnabled: { [32m'+'[39m: [33mtrue[39m, [32m'-'[39m: [33mfalse[39m, [32m'ร—'[39m: [33mfalse[39m, [32m'รท'[39m: [33mfalse[39m },
    activeMode: [32m'normal'[39m,
    isMuted: [33mfalse[39m,
    timerOn: [33mfalse[39m,
    quickMindInterval: [33m10[39m,
    darkModeInterval: [33m10[39m,
    modifiersPerStep: [33m1[39m,
    enableVariables: [33mfalse[39m,
    stopwatchSkin: [32m'default'[39m,
    progressionMode: [32m'adaptive'[39m,
    presentationMode: [32m'normal'[39m,
    scriptId: [32m'circuit-climb'[39m
  }
}
[Telemetry][VT:0] GENERATOR_START { startNumber: [33m1[39m, mode: [32m'standard'[39m }
[Telemetry][VT:0] GENERATOR_STEP_CREATED { stepIndex: [33m0[39m, startNumber: [33m1[39m, answer: [33m5[39m }
[STEP TRACE] [
  {
    i: [33m0[39m,
    startNumber: [33m1[39m,
    value: [33m4[39m,
    operation: [32m'+'[39m,
    correctAnswer: [33m5[39m,
    distractors: [ [33m3[39m, [33m8[39m, [33m5[39m ],
    distractorCount: [33m2[39m,
    source: [32m'engine'[39m,
    fallbackUsed: [90mundefined[39m
  }
]
[GEN CONFIG TRACE] {
  mode: [32m'standard'[39m,
  operation: [90mundefined[39m,
  difficulty: [33m1[39m,
  totalSteps: [33m1[39m,
  answerChoices: [33m3[39m,
  table: [90mundefined[39m,
  skipSize: [90mundefined[39m,
  fullConfig: {
    learningMode: [32m'standard'[39m,
    totalSteps: [33m1[39m,
    targetNumber: [33m10[39m,
    targetFlex: [33m0[39m,
    rangeMin: [33m1[39m,
    rangeMax: [33m10[39m,
    answerChoices: [33m3[39m,
    difficultyLevel: [33m1[39m,
    phaseSequence: [ [36m[Object][39m ],
    opsEnabled: { [32m'+'[39m: [33mtrue[39m, [32m'-'[39m: [33mfalse[39m, [32m'ร—'[39m: [33mfalse[39m, [32m'รท'[39m: [33mfalse[39m },
    activeMode: [32m'normal'[39m,
    isMuted: [33mfalse[39m,
    timerOn: [33mfalse[39m,
    quickMindInterval: [33m10[39m,
    darkModeInterval: [33m10[39m,
    modifiersPerStep: [33m1[39m,
    enableVariables: [33mfalse[39m,
    stopwatchSkin: [32m'default'[39m,
    progressionMode: [32m'adaptive'[39m,
    presentationMode: [32m'normal'[39m,
    scriptId: [32m'circuit-climb'[39m
  }
}
[Telemetry][VT:0] GENERATOR_START { startNumber: [33m2[39m, mode: [32m'standard'[39m }
[Telemetry][VT:0] GENERATOR_STEP_CREATED { stepIndex: [33m0[39m, startNumber: [33m2[39m, answer: [33m3[39m }
[STEP TRACE] [
  {
    i: [33m0[39m,
    startNumber: [33m2[39m,
    value: [33m1[39m,
    operation: [32m'+'[39m,
    correctAnswer: [33m3[39m,
    distractors: [ [33m4[39m, [33m3[39m, [33m2[39m ],
    distractorCount: [33m2[39m,
    source: [32m'engine'[39m,
    fallbackUsed: [90mundefined[39m
  }
]
[GEN CONFIG TRACE] {
  mode: [32m'standard'[39m,
  operation: [90mundefined[39m,
  difficulty: [33m1[39m,
  totalSteps: [33m1[39m,
  answerChoices: [33m3[39m,
  table: [90mundefined[39m,
  skipSize: [90mundefined[39m,
  fullConfig: {
    learningMode: [32m'standard'[39m,
    totalSteps: [33m1[39m,
    targetNumber: [33m10[39m,
    targetFlex: [33m0[39m,
    rangeMin: [33m1[39m,
    rangeMax: [33m10[39m,
    answerChoices: [33m3[39m,
    difficultyLevel: [33m1[39m,
    phaseSequence: [ [36m[Object][39m ],
    opsEnabled: { [32m'+'[39m: [33mtrue[39m, [32m'-'[39m: [33mfalse[39m, [32m'ร—'[39m: [33mfalse[39m, [32m'รท'[39m: [33mfalse[39m },
    activeMode: [32m'normal'[39m,
    isMuted: [33mfalse[39m,
    timerOn: [33mfalse[39m,
    quickMindInterval: [33m10[39m,
    darkModeInterval: [33m10[39m,
    modifiersPerStep: [33m1[39m,
    enableVariables: [33mfalse[39m,
    stopwatchSkin: [32m'default'[39m,
    progressionMode: [32m'adaptive'[39m,
    presentationMode: [32m'normal'[39m,
    scriptId: [32m'circuit-climb'[39m
  }
}
[Telemetry][VT:0] GENERATOR_START { startNumber: [33m3[39m, mode: [32m'standard'[39m }
[Telemetry][VT:0] GENERATOR_STEP_CREATED { stepIndex: [33m0[39m, startNumber: [33m3[39m, answer: [33m7[39m }
[STEP TRACE] [
  {
    i: [33m0[39m,
    startNumber: [33m3[39m,
    value: [33m4[39m,
    operation: [32m'+'[39m,
    correctAnswer: [33m7[39m,
    distractors: [ [33m5[39m, [33m8[39m, [33m7[39m ],
    distractorCount: [33m2[39m,
    source: [32m'engine'[39m,
    fallbackUsed: [90mundefined[39m
  }
]
[GEN CONFIG TRACE] {
  mode: [32m'standard'[39m,
  operation: [90mundefined[39m,
  difficulty: [33m1[39m,
  totalSteps: [33m1[39m,
  answerChoices: [33m3[39m,
  table: [90mundefined[39m,
  skipSize: [90mundefined[39m,
  fullConfig: {
    learningMode: [32m'standard'[39m,
    totalSteps: [33m1[39m,
    targetNumber: [33m10[39m,
    targetFlex: [33m0[39m,
    rangeMin: [33m1[39m,
    rangeMax: [33m10[39m,
    answerChoices: [33m3[39m,
    difficultyLevel: [33m1[39m,
    phaseSequence: [ [36m[Object][39m ],
    opsEnabled: { [32m'+'[39m: [33mtrue[39m, [32m'-'[39m: [33mfalse[39m, [32m'ร—'[39m: [33mfalse[39m, [32m'รท'[39m: [33mfalse[39m },
    activeMode: [32m'normal'[39m,
    isMuted: [33mfalse[39m,
    timerOn: [33mfalse[39m,
    quickMindInterval: [33m10[39m,
    darkModeInterval: [33m10[39m,
    modifiersPerStep: [33m1[39m,
    enableVariables: [33mfalse[39m,
    stopwatchSkin: [32m'default'[39m,
    progressionMode: [32m'adaptive'[39m,
    presentationMode: [32m'normal'[39m,
    scriptId: [32m'circuit-climb'[39m
  }
}
[Telemetry][VT:0] GENERATOR_START { startNumber: [33m4[39m, mode: [32m'standard'[39m }
[Telemetry][VT:0] GENERATOR_STEP_CREATED { stepIndex: [33m0[39m, startNumber: [33m4[39m, answer: [33m6[39m }
[STEP TRACE] [
  {
    i: [33m0[39m,
    startNumber: [33m4[39m,
    value: [33m2[39m,
    operation: [32m'+'[39m,
    correctAnswer: [33m6[39m,
    distractors: [ [33m6[39m, [33m7[39m, [33m5[39m ],
    distractorCount: [33m2[39m,
    source: [32m'engine'[39m,
    fallbackUsed: [90mundefined[39m
  }
]
[GEN CONFIG TRACE] {
  mode: [32m'standard'[39m,
  operation: [90mundefined[39m,
  difficulty: [33m1[39m,
  totalSteps: [33m1[39m,
  answerChoices: [33m3[39m,
  table: [90mundefined[39m,
  skipSize: [90mundefined[39m,
  fullConfig: {
    learningMode: [32m'standard'[39m,
    totalSteps: [33m1[39m,
    targetNumber: [33m10[39m,
    targetFlex: [33m0[39m,
    rangeMin: [33m1[39m,
    rangeMax: [33m10[39m,
    answerChoices: [33m3[39m,
    difficultyLevel: [33m1[39m,
    phaseSequence: [ [36m[Object][39m ],
    opsEnabled: { [32m'+'[39m: [33mtrue[39m, [32m'-'[39m: [33mfalse[39m, [32m'ร—'[39m: [33mfalse[39m, [32m'รท'[39m: [33mfalse[39m },
    activeMode: [32m'normal'[39m,
    isMuted: [33mfalse[39m,
    timerOn: [33mfalse[39m,
    quickMindInterval: [33m10[39m,
    darkModeInterval: [33m10[39m,
    modifiersPerStep: [33m1[39m,
    enableVariables: [33mfalse[39m,
    stopwatchSkin: [32m'default'[39m,
    progressionMode: [32m'adaptive'[39m,
    presentationMode: [32m'normal'[39m,
    scriptId: [32m'circuit-climb'[39m
  }
}
[Telemetry][VT:0] GENERATOR_START { startNumber: [33m5[39m, mode: [32m'standard'[39m }
[Telemetry][VT:0] GENERATOR_STEP_CREATED { stepIndex: [33m0[39m, startNumber: [33m5[39m, answer: [33m8[39m }
[STEP TRACE] [
  {
    i: [33m0[39m,
    startNumber: [33m5[39m,
    value: [33m3[39m,
    operation: [32m'+'[39m,
    correctAnswer: [33m8[39m,
    distractors: [ [33m8[39m, [33m5[39m, [33m7[39m ],
    distractorCount: [33m2[39m,
    source: [32m'engine'[39m,
    fallbackUsed: [90mundefined[39m
  }
]
[GEN CONFIG TRACE] {
  mode: [32m'standard'[39m,
  operation: [90mundefined[39m,
  difficulty: [33m1[39m,
  totalSteps: [33m1[39m,
  answerChoices: [33m3[39m,
  table: [90mundefined[39m,
  skipSize: [90mundefined[39m,
  fullConfig: {
    learningMode: [32m'standard'[39m,
    totalSteps: [33m1[39m,
    targetNumber: [33m10[39m,
    targetFlex: [33m0[39m,
    rangeMin: [33m1[39m,
    rangeMax: [33m10[39m,
    answerChoices: [33m3[39m,
    difficultyLevel: [33m1[39m,
    phaseSequence: [ [36m[Object][39m ],
    opsEnabled: { [32m'+'[39m: [33mtrue[39m, [32m'-'[39m: [33mfalse[39m, [32m'ร—'[39m: [33mfalse[39m, [32m'รท'[39m: [33mfalse[39m },
    activeMode: [32m'normal'[39m,
    isMuted: [33mfalse[39m,
    timerOn: [33mfalse[39m,
    quickMindInterval: [33m10[39m,
    darkModeInterval: [33m10[39m,
    modifiersPerStep: [33m1[39m,
    enableVariables: [33mfalse[39m,
    stopwatchSkin: [32m'default'[39m,
    progressionMode: [32m'adaptive'[39m,
    presentationMode: [32m'normal'[39m,
    scriptId: [32m'circuit-climb'[39m
  }
}
[Telemetry][VT:0] GENERATOR_START { startNumber: [33m6[39m, mode: [32m'standard'[39m }
[Telemetry][VT:0] GENERATOR_STEP_CREATED { stepIndex: [33m0[39m, startNumber: [33m6[39m, answer: [33m10[39m }
[STEP TRACE] [
  {
    i: [33m0[39m,
    startNumber: [33m6[39m,
    value: [33m4[39m,
    operation: [32m'+'[39m,
    correctAnswer: [33m10[39m,
    distractors: [ [33m7[39m, [33m11[39m, [33m10[39m ],
    distractorCount: [33m2[39m,
    source: [32m'engine'[39m,
    fallbackUsed: [90mundefined[39m
  }
]
[GEN CONFIG TRACE] {
  mode: [32m'standard'[39m,
  operation: [90mundefined[39m,
  difficulty: [33m1[39m,
  totalSteps: [33m1[39m,
  answerChoices: [33m3[39m,
  table: [90mundefined[39m,
  skipSize: [90mundefined[39m,
  fullConfig: {
    learningMode: [32m'standard'[39m,
    totalSteps: [33m1[39m,
    targetNumber: [33m10[39m,
    targetFlex: [33m0[39m,
    rangeMin: [33m1[39m,
    rangeMax: [33m10[39m,
    answerChoices: [33m3[39m,
    difficultyLevel: [33m1[39m,
    phaseSequence: [ [36m[Object][39m ],
    opsEnabled: { [32m'+'[39m: [33mtrue[39m, [32m'-'[39m: [33mfalse[39m, [32m'ร—'[39m: [33mfalse[39m, [32m'รท'[39m: [33mfalse[39m },
    activeMode: [32m'normal'[39m,
    isMuted: [33mfalse[39m,
    timerOn: [33mfalse[39m,
    quickMindInterval: [33m10[39m,
    darkModeInterval: [33m10[39m,
    modifiersPerStep: [33m1[39m,
    enableVariables: [33mfalse[39m,
    stopwatchSkin: [32m'default'[39m,
    progressionMode: [32m'adaptive'[39m,
    presentationMode: [32m'normal'[39m,
    scriptId: [32m'circuit-climb'[39m
  }
}
[Telemetry][VT:0] GENERATOR_START { startNumber: [33m7[39m, mode: [32m'standard'[39m }
[Telemetry][VT:0] GENERATOR_STEP_CREATED { stepIndex: [33m0[39m, startNumber: [33m7[39m, answer: [33m8[39m }
[STEP TRACE] [
  {
    i: [33m0[39m,
    startNumber: [33m7[39m,
    value: [33m1[39m,
    operation: [32m'+'[39m,
    correctAnswer: [33m8[39m,
    distractors: [ [33m11[39m, [33m7[39m, [33m8[39m ],
    distractorCount: [33m2[39m,
    source: [32m'engine'[39m,
    fallbackUsed: [90mundefined[39m
  }
]
[GEN CONFIG TRACE] {
  mode: [32m'standard'[39m,
  operation: [90mundefined[39m,
  difficulty: [33m1[39m,
  totalSteps: [33m1[39m,
  answerChoices: [33m3[39m,
  table: [90mundefined[39m,
  skipSize: [90mundefined[39m,
  fullConfig: {
    learningMode: [32m'standard'[39m,
    totalSteps: [33m1[39m,
    targetNumber: [33m10[39m,
    targetFlex: [33m0[39m,
    rangeMin: [33m1[39m,
    rangeMax: [33m10[39m,
    answerChoices: [33m3[39m,
    difficultyLevel: [33m1[39m,
    phaseSequence: [ [36m[Object][39m ],
    opsEnabled: { [32m'+'[39m: [33mtrue[39m, [32m'-'[39m: [33mfalse[39m, [32m'ร—'[39m: [33mfalse[39m, [32m'รท'[39m: [33mfalse[39m },
    activeMode: [32m'normal'[39m,
    isMuted: [33mfalse[39m,
    timerOn: [33mfalse[39m,
    quickMindInterval: [33m10[39m,
    darkModeInterval: [33m10[39m,
    modifiersPerStep: [33m1[39m,
    enableVariables: [33mfalse[39m,
    stopwatchSkin: [32m'default'[39m,
    progressionMode: [32m'adaptive'[39m,
    presentationMode: [32m'normal'[39m,
    scriptId: [32m'circuit-climb'[39m
  }
}
[Telemetry][VT:0] GENERATOR_START { startNumber: [33m8[39m, mode: [32m'standard'[39m }
[Telemetry][VT:0] GENERATOR_STEP_CREATED { stepIndex: [33m0[39m, startNumber: [33m8[39m, answer: [33m9[39m }
[STEP TRACE] [
  {
    i: [33m0[39m,
    startNumber: [33m8[39m,
    value: [33m1[39m,
    operation: [32m'+'[39m,
    correctAnswer: [33m9[39m,
    distractors: [ [33m12[39m, [33m8[39m, [33m9[39m ],
    distractorCount: [33m2[39m,
    source: [32m'engine'[39m,
    fallbackUsed: [90mundefined[39m
  }
]
[GEN CONFIG TRACE] {
  mode: [32m'standard'[39m,
  operation: [90mundefined[39m,
  difficulty: [33m1[39m,
  totalSteps: [33m1[39m,
  answerChoices: [33m3[39m,
  table: [90mundefined[39m,
  skipSize: [90mundefined[39m,
  fullConfig: {
    learningMode: [32m'standard'[39m,
    totalSteps: [33m1[39m,
    targetNumber: [33m10[39m,
    targetFlex: [33m0[39m,
    rangeMin: [33m1[39m,
    rangeMax: [33m10[39m,
    answerChoices: [33m3[39m,
    difficultyLevel: [33m1[39m,
    phaseSequence: [ [36m[Object][39m ],
    opsEnabled: { [32m'+'[39m: [33mtrue[39m, [32m'-'[39m: [33mfalse[39m, [32m'ร—'[39m: [33mfalse[39m, [32m'รท'[39m: [33mfalse[39m },
    activeMode: [32m'normal'[39m,
    isMuted: [33mfalse[39m,
    timerOn: [33mfalse[39m,
    quickMindInterval: [33m10[39m,
    darkModeInterval: [33m10[39m,
    modifiersPerStep: [33m1[39m,
    enableVariables: [33mfalse[39m,
    stopwatchSkin: [32m'default'[39m,
    progressionMode: [32m'adaptive'[39m,
    presentationMode: [32m'normal'[39m,
    scriptId: [32m'circuit-climb'[39m
  }
}
[Telemetry][VT:0] GENERATOR_START { startNumber: [33m9[39m, mode: [32m'standard'[39m }
[Telemetry][VT:0] GENERATOR_STEP_CREATED { stepIndex: [33m0[39m, startNumber: [33m9[39m, answer: [33m10[39m }
[STEP TRACE] [
  {
    i: [33m0[39m,
    startNumber: [33m9[39m,
    value: [33m1[39m,
    operation: [32m'+'[39m,
    correctAnswer: [33m10[39m,
    distractors: [ [33m8[39m, [33m7[39m, [33m10[39m ],
    distractorCount: [33m2[39m,
    source: [32m'engine'[39m,
    fallbackUsed: [90mundefined[39m
  }
]
[GEN CONFIG TRACE] {
  mode: [32m'standard'[39m,
  operation: [90mundefined[39m,
  difficulty: [33m1[39m,
  totalSteps: [33m1[39m,
  answerChoices: [33m3[39m,
  table: [90mundefined[39m,
  skipSize: [90mundefined[39m,
  fullConfig: {
    learningMode: [32m'standard'[39m,
    totalSteps: [33m1[39m,
    targetNumber: [33m10[39m,
    targetFlex: [33m0[39m,
    rangeMin: [33m1[39m,
    rangeMax: [33m10[39m,
    answerChoices: [33m3[39m,
    difficultyLevel: [33m1[39m,
    phaseSequence: [ [36m[Object][39m ],
    opsEnabled: { [32m'+'[39m: [33mtrue[39m, [32m'-'[39m: [33mfalse[39m, [32m'ร—'[39m: [33mfalse[39m, [32m'รท'[39m: [33mfalse[39m },
    activeMode: [32m'normal'[39m,
    isMuted: [33mfalse[39m,
    timerOn: [33mfalse[39m,
    quickMindInterval: [33m10[39m,
    darkModeInterval: [33m10[39m,
    modifiersPerStep: [33m1[39m,
    enableVariables: [33mfalse[39m,
    stopwatchSkin: [32m'default'[39m,
    progressionMode: [32m'adaptive'[39m,
    presentationMode: [32m'normal'[39m,
    scriptId: [32m'circuit-climb'[39m
  }
}
[Telemetry][VT:0] GENERATOR_START { startNumber: [33m1[39m, mode: [32m'standard'[39m }
[Telemetry][VT:0] GENERATOR_STEP_CREATED { stepIndex: [33m0[39m, startNumber: [33m1[39m, answer: [33m3[39m }
[STEP TRACE] [
  {
    i: [33m0[39m,
    startNumber: [33m1[39m,
    value: [33m2[39m,
    operation: [32m'+'[39m,
    correctAnswer: [33m3[39m,
    distractors: [ [33m5[39m, [33m4[39m, [33m3[39m ],
    distractorCount: [33m2[39m,
    source: [32m'engine'[39m,
    fallbackUsed: [90mundefined[39m
  }
]
[GEN CONFIG TRACE] {
  mode: [32m'standard'[39m,
  operation: [90mundefined[39m,
  difficulty: [33m2[39m,
  totalSteps: [33m1[39m,
  answerChoices: [33m3[39m,
  table: [90mundefined[39m,
  skipSize: [90mundefined[39m,
  fullConfig: {
    learningMode: [32m'standard'[39m,
    totalSteps: [33m1[39m,
    targetNumber: [33m10[39m,
    targetFlex: [33m0[39m,
    rangeMin: [33m1[39m,
    rangeMax: [33m10[39m,
    answerChoices: [33m3[39m,
    difficultyLevel: [33m2[39m,
    phaseSequence: [ [36m[Object][39m ],
    opsEnabled: { [32m'+'[39m: [33mtrue[39m, [32m'-'[39m: [33mfalse[39m, [32m'ร—'[39m: [33mfalse[39m, [32m'รท'[39m: [33mfalse[39m },
    activeMode: [32m'normal'[39m,
    isMuted: [33mfalse[39m,
    timerOn: [33mfalse[39m,
    quickMindInterval: [33m10[39m,
    darkModeInterval: [33m10[39m,
    modifiersPerStep: [33m1[39m,
    enableVariables: [33mfalse[39m,
    stopwatchSkin: [32m'default'[39m,
    progressionMode: [32m'adaptive'[39m,
    presentationMode: [32m'normal'[39m,
    scriptId: [32m'circuit-climb'[39m
  }
}
[Telemetry][VT:0] GENERATOR_START { startNumber: [33m2[39m, mode: [32m'standard'[39m }
[Telemetry][VT:0] GENERATOR_STEP_CREATED { stepIndex: [33m0[39m, startNumber: [33m2[39m, answer: [33m5[39m }
[STEP TRACE] [
  {
    i: [33m0[39m,
    startNumber: [33m2[39m,
    value: [33m3[39m,
    operation: [32m'+'[39m,
    correctAnswer: [33m5[39m,
    distractors: [ [33m4[39m, [33m5[39m, [33m7[39m ],
    distractorCount: [33m2[39m,
    source: [32m'engine'[39m,
    fallbackUsed: [90mundefined[39m
  }
]
[GEN CONFIG TRACE] {
  mode: [32m'standard'[39m,
  operation: [90mundefined[39m,
  difficulty: [33m2[39m,
  totalSteps: [33m1[39m,
  answerChoices: [33m3[39m,
  table: [90mundefined[39m,
  skipSize: [90mundefined[39m,
  fullConfig: {
    learningMode: [32m'standard'[39m,
    totalSteps: [33m1[39m,
    targetNumber: [33m10[39m,
    targetFlex: [33m0[39m,
    rangeMin: [33m1[39m,
    rangeMax: [33m10[39m,
    answerChoices: [33m3[39m,
    difficultyLevel: [33m2[39m,
    phaseSequence: [ [36m[Object][39m ],
    opsEnabled: { [32m'+'[39m: [33mtrue[39m, [32m'-'[39m: [33mfalse[39m, [32m'ร—'[39m: [33mfalse[39m, [32m'รท'[39m: [33mfalse[39m },
    activeMode: [32m'normal'[39m,
    isMuted: [33mfalse[39m,
    timerOn: [33mfalse[39m,
    quickMindInterval: [33m10[39m,
    darkModeInterval: [33m10[39m,
    modifiersPerStep: [33m1[39m,
    enableVariables: [33mfalse[39m,
    stopwatchSkin: [32m'default'[39m,
    progressionMode: [32m'adaptive'[39m,
    presentationMode: [32m'normal'[39m,
    scriptId: [32m'circuit-climb'[39m
  }
}
[Telemetry][VT:0] GENERATOR_START { startNumber: [33m3[39m, mode: [32m'standard'[39m }
[Telemetry][VT:0] GENERATOR_STEP_CREATED { stepIndex: [33m0[39m, startNumber: [33m3[39m, answer: [33m4[39m }
[STEP TRACE] [
  {
    i: [33m0[39m,
    startNumber: [33m3[39m,
    value: [33m1[39m,
    operation: [32m'+'[39m,
    correctAnswer: [33m4[39m,
    distractors: [ [33m2[39m, [33m4[39m, [33m3[39m ],
    distractorCount: [33m2[39m,
    source: [32m'engine'[39m,
    fallbackUsed: [90mundefined[39m
  }
]
[GEN CONFIG TRACE] {
  mode: [32m'standard'[39m,
  operation: [90mundefined[39m,
  difficulty: [33m2[39m,
  totalSteps: [33m1[39m,
  answerChoices: [33m3[39m,
  table: [90mundefined[39m,
  skipSize: [90mundefined[39m,
  fullConfig: {
    learningMode: [32m'standard'[39m,
    totalSteps: [33m1[39m,
    targetNumber: [33m10[39m,
    targetFlex: [33m0[39m,
    rangeMin: [33m1[39m,
    rangeMax: [33m10[39m,
    answerChoices: [33m3[39m,
    difficultyLevel: [33m2[39m,
    phaseSequence: [ [36m[Object][39m ],
    opsEnabled: { [32m'+'[39m: [33mtrue[39m, [32m'-'[39m: [33mfalse[39m, [32m'ร—'[39m: [33mfalse[39m, [32m'รท'[39m: [33mfalse[39m },
    activeMode: [32m'normal'[39m,
    isMuted: [33mfalse[39m,
    timerOn: [33mfalse[39m,
    quickMindInterval: [33m10[39m,
    darkModeInterval: [33m10[39m,
    modifiersPerStep: [33m1[39m,
    enableVariables: [33mfalse[39m,
    stopwatchSkin: [32m'default'[39m,
    progressionMode: [32m'adaptive'[39m,
    presentationMode: [32m'normal'[39m,
    scriptId: [32m'circuit-climb'[39m
  }
}
[Telemetry][VT:0] GENERATOR_START { startNumber: [33m4[39m, mode: [32m'standard'[39m }
[Telemetry][VT:0] GENERATOR_STEP_CREATED { stepIndex: [33m0[39m, startNumber: [33m4[39m, answer: [33m7[39m }
[STEP TRACE] [
  {
    i: [33m0[39m,
    startNumber: [33m4[39m,
    value: [33m3[39m,
    operation: [32m'+'[39m,
    correctAnswer: [33m7[39m,
    distractors: [ [33m7[39m, [33m10[39m, [33m8[39m ],
    distractorCount: [33m2[39m,
    source: [32m'engine'[39m,
    fallbackUsed: [90mundefined[39m
  }
]
[GEN CONFIG TRACE] {
  mode: [32m'standard'[39m,
  operation: [90mundefined[39m,
  difficulty: [33m2[39m,
  totalSteps: [33m1[39m,
  answerChoices: [33m3[39m,
  table: [90mundefined[39m,
  skipSize: [90mundefined[39m,
  fullConfig: {
    learningMode: [32m'standard'[39m,
    totalSteps: [33m1[39m,
    targetNumber: [33m10[39m,
    targetFlex: [33m0[39m,
    rangeMin: [33m1[39m,
    rangeMax: [33m10[39m,
    answerChoices: [33m3[39m,
    difficultyLevel: [33m2[39m,
    phaseSequence: [ [36m[Object][39m ],
    opsEnabled: { [32m'+'[39m: [33mtrue[39m, [32m'-'[39m: [33mfalse[39m, [32m'ร—'[39m: [33mfalse[39m, [32m'รท'[39m: [33mfalse[39m },
    activeMode: [32m'normal'[39m,
    isMuted: [33mfalse[39m,
    timerOn: [33mfalse[39m,
    quickMindInterval: [33m10[39m,
    darkModeInterval: [33m10[39m,
    modifiersPerStep: [33m1[39m,
    enableVariables: [33mfalse[39m,
    stopwatchSkin: [32m'default'[39m,
    progressionMode: [32m'adaptive'[39m,
    presentationMode: [32m'normal'[39m,
    scriptId: [32m'circuit-climb'[39m
  }
}
[Telemetry][VT:0] GENERATOR_START { startNumber: [33m5[39m, mode: [32m'standard'[39m }
[Telemetry][VT:0] GENERATOR_STEP_CREATED { stepIndex: [33m0[39m, startNumber: [33m5[39m, answer: [33m8[39m }
[STEP TRACE] [
  {
    i: [33m0[39m,
    startNumber: [33m5[39m,
    value: [33m3[39m,
    operation: [32m'+'[39m,
    correctAnswer: [33m8[39m,
    distractors: [ [33m11[39m, [33m6[39m, [33m8[39m ],
    distractorCount: [33m2[39m,
    source: [32m'engine'[39m,
    fallbackUsed: [90mundefined[39m
  }
]
[GEN CONFIG TRACE] {
  mode: [32m'standard'[39m,
  operation: [90mundefined[39m,
  difficulty: [33m2[39m,
  totalSteps: [33m1[39m,
  answerChoices: [33m3[39m,
  table: [90mundefined[39m,
  skipSize: [90mundefined[39m,
  fullConfig: {
    learningMode: [32m'standard'[39m,
    totalSteps: [33m1[39m,
    targetNumber: [33m10[39m,
    targetFlex: [33m0[39m,
    rangeMin: [33m1[39m,
    rangeMax: [33m10[39m,
    answerChoices: [33m3[39m,
    difficultyLevel: [33m2[39m,
    phaseSequence: [ [36m[Object][39m ],
    opsEnabled: { [32m'+'[39m: [33mtrue[39m, [32m'-'[39m: [33mfalse[39m, [32m'ร—'[39m: [33mfalse[39m, [32m'รท'[39m: [33mfalse[39m },
    activeMode: [32m'normal'[39m,
    isMuted: [33mfalse[39m,
    timerOn: [33mfalse[39m,
    quickMindInterval: [33m10[39m,
    darkModeInterval: [33m10[39m,
    modifiersPerStep: [33m1[39m,
    enableVariables: [33mfalse[39m,
    stopwatchSkin: [32m'default'[39m,
    progressionMode: [32m'adaptive'[39m,
    presentationMode: [32m'normal'[39m,
    scriptId: [32m'circuit-climb'[39m
  }
}
[Telemetry][VT:0] GENERATOR_START { startNumber: [33m6[39m, mode: [32m'standard'[39m }
[Telemetry][VT:0] GENERATOR_STEP_CREATED { stepIndex: [33m0[39m, startNumber: [33m6[39m, answer: [33m8[39m }
[STEP TRACE] [
  {
    i: [33m0[39m,
    startNumber: [33m6[39m,
    value: [33m2[39m,
    operation: [32m'+'[39m,
    correctAnswer: [33m8[39m,
    distractors: [ [33m8[39m, [33m6[39m, [33m10[39m ],
    distractorCount: [33m2[39m,
    source: [32m'engine'[39m,
    fallbackUsed: [90mundefined[39m
  }
]
[GEN CONFIG TRACE] {
  mode: [32m'standard'[39m,
  operation: [90mundefined[39m,
  difficulty: [33m2[39m,
  totalSteps: [33m1[39m,
  answerChoices: [33m3[39m,
  table: [90mundefined[39m,
  skipSize: [90mundefined[39m,
  fullConfig: {
    learningMode: [32m'standard'[39m,
    totalSteps: [33m1[39m,
    targetNumber: [33m10[39m,
    targetFlex: [33m0[39m,
    rangeMin: [33m1[39m,
    rangeMax: [33m10[39m,
    answerChoices: [33m3[39m,
    difficultyLevel: [33m2[39m,
    phaseSequence: [ [36m[Object][39m ],
    opsEnabled: { [32m'+'[39m: [33mtrue[39m, [32m'-'[39m: [33mfalse[39m, [32m'ร—'[39m: [33mfalse[39m, [32m'รท'[39m: [33mfalse[39m },
    activeMode: [32m'normal'[39m,
    isMuted: [33mfalse[39m,
    timerOn: [33mfalse[39m,
    quickMindInterval: [33m10[39m,
    darkModeInterval: [33m10[39m,
    modifiersPerStep: [33m1[39m,
    enableVariables: [33mfalse[39m,
    stopwatchSkin: [32m'default'[39m,
    progressionMode: [32m'adaptive'[39m,
    presentationMode: [32m'normal'[39m,
    scriptId: [32m'circuit-climb'[39m
  }
}
[Telemetry][VT:0] GENERATOR_START { startNumber: [33m7[39m, mode: [32m'standard'[39m }
[Telemetry][VT:0] GENERATOR_STEP_CREATED { stepIndex: [33m0[39m, startNumber: [33m7[39m, answer: [33m10[39m }
[STEP TRACE] [
  {
    i: [33m0[39m,
    startNumber: [33m7[39m,
    value: [33m3[39m,
    operation: [32m'+'[39m,
    correctAnswer: [33m10[39m,
    distractors: [ [33m8[39m, [33m10[39m, [33m11[39m ],
    distractorCount: [33m2[39m,
    source: [32m'engine'[39m,
    fallbackUsed: [90mundefined[39m
  }
]
[GEN CONFIG TRACE] {
  mode: [32m'standard'[39m,
  operation: [90mundefined[39m,
  difficulty: [33m2[39m,
  totalSteps: [33m1[39m,
  answerChoices: [33m3[39m,
  table: [90mundefined[39m,
  skipSize: [90mundefined[39m,
  fullConfig: {
    learningMode: [32m'standard'[39m,
    totalSteps: [33m1[39m,
    targetNumber: [33m10[39m,
    targetFlex: [33m0[39m,
    rangeMin: [33m1[39m,
    rangeMax: [33m10[39m,
    answerChoices: [33m3[39m,
    difficultyLevel: [33m2[39m,
    phaseSequence: [ [36m[Object][39m ],
    opsEnabled: { [32m'+'[39m: [33mtrue[39m, [32m'-'[39m: [33mfalse[39m, [32m'ร—'[39m: [33mfalse[39m, [32m'รท'[39m: [33mfalse[39m },
    activeMode: [32m'normal'[39m,
    isMuted: [33mfalse[39m,
    timerOn: [33mfalse[39m,
    quickMindInterval: [33m10[39m,
    darkModeInterval: [33m10[39m,
    modifiersPerStep: [33m1[39m,
    enableVariables: [33mfalse[39m,
    stopwatchSkin: [32m'default'[39m,
    progressionMode: [32m'adaptive'[39m,
    presentationMode: [32m'normal'[39m,
    scriptId: [32m'circuit-climb'[39m
  }
}
[Telemetry][VT:0] GENERATOR_START { startNumber: [33m8[39m, mode: [32m'standard'[39m }
[Telemetry][VT:0] GENERATOR_STEP_CREATED { stepIndex: [33m0[39m, startNumber: [33m8[39m, answer: [33m9[39m }
[STEP TRACE] [
  {
    i: [33m0[39m,
    startNumber: [33m8[39m,
    value: [33m1[39m,
    operation: [32m'+'[39m,
    correctAnswer: [33m9[39m,
    distractors: [ [33m12[39m, [33m9[39m, [33m6[39m ],
    distractorCount: [33m2[39m,
    source: [32m'engine'[39m,
    fallbackUsed: [90mundefined[39m
  }
]
[GEN CONFIG TRACE] {
  mode: [32m'standard'[39m,
  operation: [90mundefined[39m,
  difficulty: [33m2[39m,
  totalSteps: [33m1[39m,
  answerChoices: [33m3[39m,
  table: [90mundefined[39m,
  skipSize: [90mundefined[39m,
  fullConfig: {
    learningMode: [32m'standard'[39m,
    totalSteps: [33m1[39m,
    targetNumber: [33m10[39m,
    targetFlex: [33m0[39m,
    rangeMin: [33m1[39m,
    rangeMax: [33m10[39m,
    answerChoices: [33m3[39m,
    difficultyLevel: [33m2[39m,
    phaseSequence: [ [36m[Object][39m ],
    opsEnabled: { [32m'+'[39m: [33mtrue[39m, [32m'-'[39m: [33mfalse[39m, [32m'ร—'[39m: [33mfalse[39m, [32m'รท'[39m: [33mfalse[39m },
    activeMode: [32m'normal'[39m,
    isMuted: [33mfalse[39m,
    timerOn: [33mfalse[39m,
    quickMindInterval: [33m10[39m,
    darkModeInterval: [33m10[39m,
    modifiersPerStep: [33m1[39m,
    enableVariables: [33mfalse[39m,
    stopwatchSkin: [32m'default'[39m,
    progressionMode: [32m'adaptive'[39m,
    presentationMode: [32m'normal'[39m,
    scriptId: [32m'circuit-climb'[39m
  }
}
[Telemetry][VT:0] GENERATOR_START { startNumber: [33m9[39m, mode: [32m'standard'[39m }
[Telemetry][VT:0] GENERATOR_STEP_CREATED { stepIndex: [33m0[39m, startNumber: [33m9[39m, answer: [33m10[39m }
[STEP TRACE] [
  {
    i: [33m0[39m,
    startNumber: [33m9[39m,
    value: [33m1[39m,
    operation: [32m'+'[39m,
    correctAnswer: [33m10[39m,
    distractors: [ [33m7[39m, [33m13[39m, [33m10[39m ],
    distractorCount: [33m2[39m,
    source: [32m'engine'[39m,
    fallbackUsed: [90mundefined[39m
  }
]
[GEN CONFIG TRACE] {
  mode: [32m'standard'[39m,
  operation: [90mundefined[39m,
  difficulty: [33m2[39m,
  totalSteps: [33m1[39m,
  answerChoices: [33m3[39m,
  table: [90mundefined[39m,
  skipSize: [90mundefined[39m,
  fullConfig: {
    learningMode: [32m'standard'[39m,
    totalSteps: [33m1[39m,
    targetNumber: [33m10[39m,
    targetFlex: [33m0[39m,
    rangeMin: [33m1[39m,
    rangeMax: [33m10[39m,
    answerChoices: [33m3[39m,
    difficultyLevel: [33m2[39m,
    phaseSequence: [ [36m[Object][39m ],
    opsEnabled: { [32m'+'[39m: [33mtrue[39m, [32m'-'[39m: [33mfalse[39m, [32m'ร—'[39m: [33mfalse[39m, [32m'รท'[39m: [33mfalse[39m },
    activeMode: [32m'normal'[39m,
    isMuted: [33mfalse[39m,
    timerOn: [33mfalse[39m,
    quickMindInterval: [33m10[39m,
    darkModeInterval: [33m10[39m,
    modifiersPerStep: [33m1[39m,
    enableVariables: [33mfalse[39m,
    stopwatchSkin: [32m'default'[39m,
    progressionMode: [32m'adaptive'[39m,
    presentationMode: [32m'normal'[39m,
    scriptId: [32m'circuit-climb'[39m
  }
}
[Telemetry][VT:0] GENERATOR_START { startNumber: [33m1[39m, mode: [32m'standard'[39m }
[Telemetry][VT:0] GENERATOR_STEP_CREATED { stepIndex: [33m0[39m, startNumber: [33m1[39m, answer: [33m5[39m }
[STEP TRACE] [
  {
    i: [33m0[39m,
    startNumber: [33m1[39m,
    value: [33m4[39m,
    operation: [32m'+'[39m,
    correctAnswer: [33m5[39m,
    distractors: [ [33m4[39m, [33m5[39m, [33m7[39m ],
    distractorCount: [33m2[39m,
    source: [32m'engine'[39m,
    fallbackUsed: [90mundefined[39m
  }
]
[GEN CONFIG TRACE] {
  mode: [32m'standard'[39m,
  operation: [90mundefined[39m,
  difficulty: [33m2[39m,
  totalSteps: [33m1[39m,
  answerChoices: [33m3[39m,
  table: [90mundefined[39m,
  skipSize: [90mundefined[39m,
  fullConfig: {
    learningMode: [32m'standard'[39m,
    totalSteps: [33m1[39m,
    targetNumber: [33m10[39m,
    targetFlex: [33m0[39m,
    rangeMin: [33m1[39m,
    rangeMax: [33m10[39m,
    answerChoices: [33m3[39m,
    difficultyLevel: [33m2[39m,
    phaseSequence: [ [36m[Object][39m ],
    opsEnabled: { [32m'+'[39m: [33mtrue[39m, [32m'-'[39m: [33mfalse[39m, [32m'ร—'[39m: [33mfalse[39m, [32m'รท'[39m: [33mfalse[39m },
    activeMode: [32m'normal'[39m,
    isMuted: [33mfalse[39m,
    timerOn: [33mfalse[39m,
    quickMindInterval: [33m10[39m,
    darkModeInterval: [33m10[39m,
    modifiersPerStep: [33m1[39m,
    enableVariables: [33mfalse[39m,
    stopwatchSkin: [32m'default'[39m,
    progressionMode: [32m'adaptive'[39m,
    presentationMode: [32m'normal'[39m,
    scriptId: [32m'circuit-climb'[39m
  }
}
[Telemetry][VT:0] GENERATOR_START { startNumber: [33m2[39m, mode: [32m'standard'[39m }
[Telemetry][VT:0] GENERATOR_STEP_CREATED { stepIndex: [33m0[39m, startNumber: [33m2[39m, answer: [33m8[39m }
[STEP TRACE] [
  {
    i: [33m0[39m,
    startNumber: [33m2[39m,
    value: [33m6[39m,
    operation: [32m'+'[39m,
    correctAnswer: [33m8[39m,
    distractors: [ [33m7[39m, [33m6[39m, [33m8[39m ],
    distractorCount: [33m2[39m,
    source: [32m'engine'[39m,
    fallbackUsed: [90mundefined[39m
  }
]
[GEN CONFIG TRACE] {
  mode: [32m'standard'[39m,
  operation: [90mundefined[39m,
  difficulty: [33m3[39m,
  totalSteps: [33m1[39m,
  answerChoices: [33m3[39m,
  table: [90mundefined[39m,
  skipSize: [90mundefined[39m,
  fullConfig: {
    learningMode: [32m'standard'[39m,
    totalSteps: [33m1[39m,
    targetNumber: [33m10[39m,
    targetFlex: [33m0[39m,
    rangeMin: [33m1[39m,
    rangeMax: [33m10[39m,
    answerChoices: [33m3[39m,
    difficultyLevel: [33m3[39m,
    phaseSequence: [ [36m[Object][39m ],
    opsEnabled: { [32m'+'[39m: [33mtrue[39m, [32m'-'[39m: [33mfalse[39m, [32m'ร—'[39m: [33mfalse[39m, [32m'รท'[39m: [33mfalse[39m },
    activeMode: [32m'normal'[39m,
    isMuted: [33mfalse[39m,
    timerOn: [33mfalse[39m,
    quickMindInterval: [33m10[39m,
    darkModeInterval: [33m10[39m,
    modifiersPerStep: [33m1[39m,
    enableVariables: [33mfalse[39m,
    stopwatchSkin: [32m'default'[39m,
    progressionMode: [32m'adaptive'[39m,
    presentationMode: [32m'normal'[39m,
    scriptId: [32m'circuit-climb'[39m
  }
}
[Telemetry][VT:0] GENERATOR_START { startNumber: [33m3[39m, mode: [32m'standard'[39m }
[Telemetry][VT:0] GENERATOR_STEP_CREATED { stepIndex: [33m0[39m, startNumber: [33m3[39m, answer: [33m5[39m }
[STEP TRACE] [
  {
    i: [33m0[39m,
    startNumber: [33m3[39m,
    value: [33m2[39m,
    operation: [32m'+'[39m,
    correctAnswer: [33m5[39m,
    distractors: [ [33m8[39m, [33m5[39m, [33m7[39m ],
    distractorCount: [33m2[39m,
    source: [32m'engine'[39m,
    fallbackUsed: [90mundefined[39m
  }
]
[GEN CONFIG TRACE] {
  mode: [32m'standard'[39m,
  operation: [90mundefined[39m,
  difficulty: [33m3[39m,
  totalSteps: [33m1[39m,
  answerChoices: [33m3[39m,
  table: [90mundefined[39m,
  skipSize: [90mundefined[39m,
  fullConfig: {
    learningMode: [32m'standard'[39m,
    totalSteps: [33m1[39m,
    targetNumber: [33m10[39m,
    targetFlex: [33m0[39m,
    rangeMin: [33m1[39m,
    rangeMax: [33m10[39m,
    answerChoices: [33m3[39m,
    difficultyLevel: [33m3[39m,
    phaseSequence: [ [36m[Object][39m ],
    opsEnabled: { [32m'+'[39m: [33mtrue[39m, [32m'-'[39m: [33mfalse[39m, [32m'ร—'[39m: [33mfalse[39m, [32m'รท'[39m: [33mfalse[39m },
    activeMode: [32m'normal'[39m,
    isMuted: [33mfalse[39m,
    timerOn: [33mfalse[39m,
    quickMindInterval: [33m10[39m,
    darkModeInterval: [33m10[39m,
    modifiersPerStep: [33m1[39m,
    enableVariables: [33mfalse[39m,
    stopwatchSkin: [32m'default'[39m,
    progressionMode: [32m'adaptive'[39m,
    presentationMode: [32m'normal'[39m,
    scriptId: [32m'circuit-climb'[39m
  }
}
[Telemetry][VT:0] GENERATOR_START { startNumber: [33m4[39m, mode: [32m'standard'[39m }
[Telemetry][VT:0] GENERATOR_STEP_CREATED { stepIndex: [33m0[39m, startNumber: [33m4[39m, answer: [33m8[39m }
[STEP TRACE] [
  {
    i: [33m0[39m,
    startNumber: [33m4[39m,
    value: [33m4[39m,
    operation: [32m'+'[39m,
    correctAnswer: [33m8[39m,
    distractors: [ [33m7[39m, [33m5[39m, [33m8[39m ],
    distractorCount: [33m3[39m,
    source: [32m'engine'[39m,
    fallbackUsed: [90mundefined[39m
  }
]
[GEN CONFIG TRACE] {
  mode: [32m'standard'[39m,
  operation: [90mundefined[39m,
  difficulty: [33m3[39m,
  totalSteps: [33m1[39m,
  answerChoices: [33m3[39m,
  table: [90mundefined[39m,
  skipSize: [90mundefined[39m,
  fullConfig: {
    learningMode: [32m'standard'[39m,
    totalSteps: [33m1[39m,
    targetNumber: [33m10[39m,
    targetFlex: [33m0[39m,
    rangeMin: [33m1[39m,
    rangeMax: [33m10[39m,
    answerChoices: [33m3[39m,
    difficultyLevel: [33m3[39m,
    phaseSequence: [ [36m[Object][39m ],
    opsEnabled: { [32m'+'[39m: [33mtrue[39m, [32m'-'[39m: [33mfalse[39m, [32m'ร—'[39m: [33mfalse[39m, [32m'รท'[39m: [33mfalse[39m },
    activeMode: [32m'normal'[39m,
    isMuted: [33mfalse[39m,
    timerOn: [33mfalse[39m,
    quickMindInterval: [33m10[39m,
    darkModeInterval: [33m10[39m,
    modifiersPerStep: [33m1[39m,
    enableVariables: [33mfalse[39m,
    stopwatchSkin: [32m'default'[39m,
    progressionMode: [32m'adaptive'[39m,
    presentationMode: [32m'normal'[39m,
    scriptId: [32m'circuit-climb'[39m
  }
}
[Telemetry][VT:0] GENERATOR_START { startNumber: [33m5[39m, mode: [32m'standard'[39m }
[Telemetry][VT:0] GENERATOR_STEP_CREATED { stepIndex: [33m0[39m, startNumber: [33m5[39m, answer: [33m7[39m }
[STEP TRACE] [
  {
    i: [33m0[39m,
    startNumber: [33m5[39m,
    value: [33m2[39m,
    operation: [32m'+'[39m,
    correctAnswer: [33m7[39m,
    distractors: [ [33m6[39m, [33m9[39m, [33m7[39m ],
    distractorCount: [33m2[39m,
    source: [32m'engine'[39m,
    fallbackUsed: [90mundefined[39m
  }
]
[GEN CONFIG TRACE] {
  mode: [32m'standard'[39m,
  operation: [90mundefined[39m,
  difficulty: [33m3[39m,
  totalSteps: [33m1[39m,
  answerChoices: [33m3[39m,
  table: [90mundefined[39m,
  skipSize: [90mundefined[39m,
  fullConfig: {
    learningMode: [32m'standard'[39m,
    totalSteps: [33m1[39m,
    targetNumber: [33m10[39m,
    targetFlex: [33m0[39m,
    rangeMin: [33m1[39m,
    rangeMax: [33m10[39m,
    answerChoices: [33m3[39m,
    difficultyLevel: [33m3[39m,
    phaseSequence: [ [36m[Object][39m ],
    opsEnabled: { [32m'+'[39m: [33mtrue[39m, [32m'-'[39m: [33mfalse[39m, [32m'ร—'[39m: [33mfalse[39m, [32m'รท'[39m: [33mfalse[39m },
    activeMode: [32m'normal'[39m,
    isMuted: [33mfalse[39m,
    timerOn: [33mfalse[39m,
    quickMindInterval: [33m10[39m,
    darkModeInterval: [33m10[39m,
    modifiersPerStep: [33m1[39m,
    enableVariables: [33mfalse[39m,
    stopwatchSkin: [32m'default'[39m,
    progressionMode: [32m'adaptive'[39m,
    presentationMode: [32m'normal'[39m,
    scriptId: [32m'circuit-climb'[39m
  }
}
[Telemetry][VT:0] GENERATOR_START { startNumber: [33m6[39m, mode: [32m'standard'[39m }
[Telemetry][VT:0] GENERATOR_STEP_CREATED { stepIndex: [33m0[39m, startNumber: [33m6[39m, answer: [33m9[39m }
[STEP TRACE] [
  {
    i: [33m0[39m,
    startNumber: [33m6[39m,
    value: [33m3[39m,
    operation: [32m'+'[39m,
    correctAnswer: [33m9[39m,
    distractors: [ [33m9[39m, [33m12[39m, [33m11[39m ],
    distractorCount: [33m3[39m,
    source: [32m'engine'[39m,
    fallbackUsed: [90mundefined[39m
  }
]
[GEN CONFIG TRACE] {
  mode: [32m'standard'[39m,
  operation: [90mundefined[39m,
  difficulty: [33m3[39m,
  totalSteps: [33m1[39m,
  answerChoices: [33m3[39m,
  table: [90mundefined[39m,
  skipSize: [90mundefined[39m,
  fullConfig: {
    learningMode: [32m'standard'[39m,
    totalSteps: [33m1[39m,
    targetNumber: [33m10[39m,
    targetFlex: [33m0[39m,
    rangeMin: [33m1[39m,
    rangeMax: [33m10[39m,
    answerChoices: [33m3[39m,
    difficultyLevel: [33m3[39m,
    phaseSequence: [ [36m[Object][39m ],
    opsEnabled: { [32m'+'[39m: [33mtrue[39m, [32m'-'[39m: [33mfalse[39m, [32m'ร—'[39m: [33mfalse[39m, [32m'รท'[39m: [33mfalse[39m },
    activeMode: [32m'normal'[39m,
    isMuted: [33mfalse[39m,
    timerOn: [33mfalse[39m,
    quickMindInterval: [33m10[39m,
    darkModeInterval: [33m10[39m,
    modifiersPerStep: [33m1[39m,
    enableVariables: [33mfalse[39m,
    stopwatchSkin: [32m'default'[39m,
    progressionMode: [32m'adaptive'[39m,
    presentationMode: [32m'normal'[39m,
    scriptId: [32m'circuit-climb'[39m
  }
}
[Telemetry][VT:0] GENERATOR_START { startNumber: [33m7[39m, mode: [32m'standard'[39m }
[Telemetry][VT:0] GENERATOR_STEP_CREATED { stepIndex: [33m0[39m, startNumber: [33m7[39m, answer: [33m9[39m }
[STEP TRACE] [
  {
    i: [33m0[39m,
    startNumber: [33m7[39m,
    value: [33m2[39m,
    operation: [32m'+'[39m,
    correctAnswer: [33m9[39m,
    distractors: [ [33m9[39m, [33m8[39m, [33m11[39m ],
    distractorCount: [33m3[39m,
    source: [32m'engine'[39m,
    fallbackUsed: [90mundefined[39m
  }
]
[GEN CONFIG TRACE] {
  mode: [32m'standard'[39m,
  operation: [90mundefined[39m,
  difficulty: [33m3[39m,
  totalSteps: [33m1[39m,
  answerChoices: [33m3[39m,
  table: [90mundefined[39m,
  skipSize: [90mundefined[39m,
  fullConfig: {
    learningMode: [32m'standard'[39m,
    totalSteps: [33m1[39m,
    targetNumber: [33m10[39m,
    targetFlex: [33m0[39m,
    rangeMin: [33m1[39m,
    rangeMax: [33m10[39m,
    answerChoices: [33m3[39m,
    difficultyLevel: [33m3[39m,
    phaseSequence: [ [36m[Object][39m ],
    opsEnabled: { [32m'+'[39m: [33mtrue[39m, [32m'-'[39m: [33mfalse[39m, [32m'ร—'[39m: [33mfalse[39m, [32m'รท'[39m: [33mfalse[39m },
    activeMode: [32m'normal'[39m,
    isMuted: [33mfalse[39m,
    timerOn: [33mfalse[39m,
    quickMindInterval: [33m10[39m,
    darkModeInterval: [33m10[39m,
    modifiersPerStep: [33m1[39m,
    enableVariables: [33mfalse[39m,
    stopwatchSkin: [32m'default'[39m,
    progressionMode: [32m'adaptive'[39m,
    presentationMode: [32m'normal'[39m,
    scriptId: [32m'circuit-climb'[39m
  }
}
[Telemetry][VT:0] GENERATOR_START { startNumber: [33m8[39m, mode: [32m'standard'[39m }
[Telemetry][VT:0] GENERATOR_STEP_CREATED { stepIndex: [33m0[39m, startNumber: [33m8[39m, answer: [33m9[39m }
[STEP TRACE] [
  {
    i: [33m0[39m,
    startNumber: [33m8[39m,
    value: [33m1[39m,
    operation: [32m'+'[39m,
    correctAnswer: [33m9[39m,
    distractors: [ [33m9[39m, [33m12[39m, [33m6[39m ],
    distractorCount: [33m2[39m,
    source: [32m'engine'[39m,
    fallbackUsed: [90mundefined[39m
  }
]
[GEN CONFIG TRACE] {
  mode: [32m'standard'[39m,
  operation: [90mundefined[39m,
  difficulty: [33m3[39m,
  totalSteps: [33m1[39m,
  answerChoices: [33m3[39m,
  table: [90mundefined[39m,
  skipSize: [90mundefined[39m,
  fullConfig: {
    learningMode: [32m'standard'[39m,
    totalSteps: [33m1[39m,
    targetNumber: [33m10[39m,
    targetFlex: [33m0[39m,
    rangeMin: [33m1[39m,
    rangeMax: [33m10[39m,
    answerChoices: [33m3[39m,
    difficultyLevel: [33m3[39m,
    phaseSequence: [ [36m[Object][39m ],
    opsEnabled: { [32m'+'[39m: [33mtrue[39m, [32m'-'[39m: [33mfalse[39m, [32m'ร—'[39m: [33mfalse[39m, [32m'รท'[39m: [33mfalse[39m },
    activeMode: [32m'normal'[39m,
    isMuted: [33mfalse[39m,
    timerOn: [33mfalse[39m,
    quickMindInterval: [33m10[39m,
    darkModeInterval: [33m10[39m,
    modifiersPerStep: [33m1[39m,
    enableVariables: [33mfalse[39m,
    stopwatchSkin: [32m'default'[39m,
    progressionMode: [32m'adaptive'[39m,
    presentationMode: [32m'normal'[39m,
    scriptId: [32m'circuit-climb'[39m
  }
}
[Telemetry][VT:0] GENERATOR_START { startNumber: [33m9[39m, mode: [32m'standard'[39m }
[Telemetry][VT:0] GENERATOR_STEP_CREATED { stepIndex: [33m0[39m, startNumber: [33m9[39m, answer: [33m10[39m }
[STEP TRACE] [
  {
    i: [33m0[39m,
    startNumber: [33m9[39m,
    value: [33m1[39m,
    operation: [32m'+'[39m,
    correctAnswer: [33m10[39m,
    distractors: [ [33m9[39m, [33m10[39m, [33m13[39m ],
    distractorCount: [33m3[39m,
    source: [32m'engine'[39m,
    fallbackUsed: [90mundefined[39m
  }
]
[GEN CONFIG TRACE] {
  mode: [32m'standard'[39m,
  operation: [90mundefined[39m,
  difficulty: [33m3[39m,
  totalSteps: [33m1[39m,
  answerChoices: [33m3[39m,
  table: [90mundefined[39m,
  skipSize: [90mundefined[39m,
  fullConfig: {
    learningMode: [32m'standard'[39m,
    totalSteps: [33m1[39m,
    targetNumber: [33m10[39m,
    targetFlex: [33m0[39m,
    rangeMin: [33m1[39m,
    rangeMax: [33m10[39m,
    answerChoices: [33m3[39m,
    difficultyLevel: [33m3[39m,
    phaseSequence: [ [36m[Object][39m ],
    opsEnabled: { [32m'+'[39m: [33mtrue[39m, [32m'-'[39m: [33mfalse[39m, [32m'ร—'[39m: [33mfalse[39m, [32m'รท'[39m: [33mfalse[39m },
    activeMode: [32m'normal'[39m,
    isMuted: [33mfalse[39m,
    timerOn: [33mfalse[39m,
    quickMindInterval: [33m10[39m,
    darkModeInterval: [33m10[39m,
    modifiersPerStep: [33m1[39m,
    enableVariables: [33mfalse[39m,
    stopwatchSkin: [32m'default'[39m,
    progressionMode: [32m'adaptive'[39m,
    presentationMode: [32m'normal'[39m,
    scriptId: [32m'circuit-climb'[39m
  }
}
[Telemetry][VT:0] GENERATOR_START { startNumber: [33m1[39m, mode: [32m'standard'[39m }
[Telemetry][VT:0] GENERATOR_STEP_CREATED { stepIndex: [33m0[39m, startNumber: [33m1[39m, answer: [33m4[39m }
[STEP TRACE] [
  {
    i: [33m0[39m,
    startNumber: [33m1[39m,
    value: [33m3[39m,
    operation: [32m'+'[39m,
    correctAnswer: [33m4[39m,
    distractors: [ [33m4[39m, [33m6[39m, [33m1[39m ],
    distractorCount: [33m2[39m,
    source: [32m'engine'[39m,
    fallbackUsed: [90mundefined[39m
  }
]
[GEN CONFIG TRACE] {
  mode: [32m'standard'[39m,
  operation: [90mundefined[39m,
  difficulty: [33m3[39m,
  totalSteps: [33m1[39m,
  answerChoices: [33m3[39m,
  table: [90mundefined[39m,
  skipSize: [90mundefined[39m,
  fullConfig: {
    learningMode: [32m'standard'[39m,
    totalSteps: [33m1[39m,
    targetNumber: [33m10[39m,
    targetFlex: [33m0[39m,
    rangeMin: [33m1[39m,
    rangeMax: [33m10[39m,
    answerChoices: [33m3[39m,
    difficultyLevel: [33m3[39m,
    phaseSequence: [ [36m[Object][39m ],
    opsEnabled: { [32m'+'[39m: [33mtrue[39m, [32m'-'[39m: [33mfalse[39m, [32m'ร—'[39m: [33mfalse[39m, [32m'รท'[39m: [33mfalse[39m },
    activeMode: [32m'normal'[39m,
    isMuted: [33mfalse[39m,
    timerOn: [33mfalse[39m,
    quickMindInterval: [33m10[39m,
    darkModeInterval: [33m10[39m,
    modifiersPerStep: [33m1[39m,
    enableVariables: [33mfalse[39m,
    stopwatchSkin: [32m'default'[39m,
    progressionMode: [32m'adaptive'[39m,
    presentationMode: [32m'normal'[39m,
    scriptId: [32m'circuit-climb'[39m
  }
}
[Telemetry][VT:0] GENERATOR_START { startNumber: [33m2[39m, mode: [32m'standard'[39m }
[Telemetry][VT:0] GENERATOR_STEP_CREATED { stepIndex: [33m0[39m, startNumber: [33m2[39m, answer: [33m3[39m }
[STEP TRACE] [
  {
    i: [33m0[39m,
    startNumber: [33m2[39m,
    value: [33m1[39m,
    operation: [32m'+'[39m,
    correctAnswer: [33m3[39m,
    distractors: [ [33m1[39m, [33m3[39m, [33m2[39m ],
    distractorCount: [33m2[39m,
    source: [32m'engine'[39m,
    fallbackUsed: [90mundefined[39m
  }
]
[GEN CONFIG TRACE] {
  mode: [32m'standard'[39m,
  operation: [90mundefined[39m,
  difficulty: [33m3[39m,
  totalSteps: [33m1[39m,
  answerChoices: [33m3[39m,
  table: [90mundefined[39m,
  skipSize: [90mundefined[39m,
  fullConfig: {
    learningMode: [32m'standard'[39m,
    totalSteps: [33m1[39m,
    targetNumber: [33m10[39m,
    targetFlex: [33m0[39m,
    rangeMin: [33m1[39m,
    rangeMax: [33m10[39m,
    answerChoices: [33m3[39m,
    difficultyLevel: [33m3[39m,
    phaseSequence: [ [36m[Object][39m ],
    opsEnabled: { [32m'+'[39m: [33mtrue[39m, [32m'-'[39m: [33mfalse[39m, [32m'ร—'[39m: [33mfalse[39m, [32m'รท'[39m: [33mfalse[39m },
    activeMode: [32m'normal'[39m,
    isMuted: [33mfalse[39m,
    timerOn: [33mfalse[39m,
    quickMindInterval: [33m10[39m,
    darkModeInterval: [33m10[39m,
    modifiersPerStep: [33m1[39m,
    enableVariables: [33mfalse[39m,
    stopwatchSkin: [32m'default'[39m,
    progressionMode: [32m'adaptive'[39m,
    presentationMode: [32m'normal'[39m,
    scriptId: [32m'circuit-climb'[39m
  }
}
[Telemetry][VT:0] GENERATOR_START { startNumber: [33m3[39m, mode: [32m'standard'[39m }
[Telemetry][VT:0] GENERATOR_STEP_CREATED { stepIndex: [33m0[39m, startNumber: [33m3[39m, answer: [33m6[39m }
[STEP TRACE] [
  {
    i: [33m0[39m,
    startNumber: [33m3[39m,
    value: [33m3[39m,
    operation: [32m'+'[39m,
    correctAnswer: [33m6[39m,
    distractors: [ [33m7[39m, [33m9[39m, [33m6[39m ],
    distractorCount: [33m2[39m,
    source: [32m'engine'[39m,
    fallbackUsed: [90mundefined[39m
  }
]
[GEN CONFIG TRACE] {
  mode: [32m'standard'[39m,
  operation: [90mundefined[39m,
  difficulty: [33m4[39m,
  totalSteps: [33m1[39m,
  answerChoices: [33m3[39m,
  table: [90mundefined[39m,
  skipSize: [90mundefined[39m,
  fullConfig: {
    learningMode: [32m'standard'[39m,
    totalSteps: [33m1[39m,
    targetNumber: [33m10[39m,
    targetFlex: [33m0[39m,
    rangeMin: [33m1[39m,
    rangeMax: [33m10[39m,
    answerChoices: [33m3[39m,
    difficultyLevel: [33m4[39m,
    phaseSequence: [ [36m[Object][39m ],
    opsEnabled: { [32m'+'[39m: [33mtrue[39m, [32m'-'[39m: [33mfalse[39m, [32m'ร—'[39m: [33mfalse[39m, [32m'รท'[39m: [33mfalse[39m },
    activeMode: [32m'normal'[39m,
    isMuted: [33mfalse[39m,
    timerOn: [33mfalse[39m,
    quickMindInterval: [33m10[39m,
    darkModeInterval: [33m10[39m,
    modifiersPerStep: [33m1[39m,
    enableVariables: [33mfalse[39m,
    stopwatchSkin: [32m'default'[39m,
    progressionMode: [32m'adaptive'[39m,
    presentationMode: [32m'normal'[39m,
    scriptId: [32m'circuit-climb'[39m
  }
}
[Telemetry][VT:0] GENERATOR_START { startNumber: [33m4[39m, mode: [32m'standard'[39m }
[Telemetry][VT:0] GENERATOR_STEP_CREATED { stepIndex: [33m0[39m, startNumber: [33m4[39m, answer: [33m9[39m }
[STEP TRACE] [
  {
    i: [33m0[39m,
    startNumber: [33m4[39m,
    value: [33m5[39m,
    operation: [32m'+'[39m,
    correctAnswer: [33m9[39m,
    distractors: [ [33m6[39m, [33m11[39m, [33m9[39m ],
    distractorCount: [33m3[39m,
    source: [32m'engine'[39m,
    fallbackUsed: [90mundefined[39m
  }
]
[GEN CONFIG TRACE] {
  mode: [32m'standard'[39m,
  operation: [90mundefined[39m,
  difficulty: [33m4[39m,
  totalSteps: [33m1[39m,
  answerChoices: [33m3[39m,
  table: [90mundefined[39m,
  skipSize: [90mundefined[39m,
  fullConfig: {
    learningMode: [32m'standard'[39m,
    totalSteps: [33m1[39m,
    targetNumber: [33m10[39m,
    targetFlex: [33m0[39m,
    rangeMin: [33m1[39m,
    rangeMax: [33m10[39m,
    answerChoices: [33m3[39m,
    difficultyLevel: [33m4[39m,
    phaseSequence: [ [36m[Object][39m ],
    opsEnabled: { [32m'+'[39m: [33mtrue[39m, [32m'-'[39m: [33mfalse[39m, [32m'ร—'[39m: [33mfalse[39m, [32m'รท'[39m: [33mfalse[39m },
    activeMode: [32m'normal'[39m,
    isMuted: [33mfalse[39m,
    timerOn: [33mfalse[39m,
    quickMindInterval: [33m10[39m,
    darkModeInterval: [33m10[39m,
    modifiersPerStep: [33m1[39m,
    enableVariables: [33mfalse[39m,
    stopwatchSkin: [32m'default'[39m,
    progressionMode: [32m'adaptive'[39m,
    presentationMode: [32m'normal'[39m,
    scriptId: [32m'circuit-climb'[39m
  }
}
[Telemetry][VT:0] GENERATOR_START { startNumber: [33m5[39m, mode: [32m'standard'[39m }
[Telemetry][VT:0] GENERATOR_STEP_CREATED { stepIndex: [33m0[39m, startNumber: [33m5[39m, answer: [33m8[39m }
[STEP TRACE] [
  {
    i: [33m0[39m,
    startNumber: [33m5[39m,
    value: [33m3[39m,
    operation: [32m'+'[39m,
    correctAnswer: [33m8[39m,
    distractors: [ [33m8[39m, [33m11[39m, [33m10[39m ],
    distractorCount: [33m3[39m,
    source: [32m'engine'[39m,
    fallbackUsed: [90mundefined[39m
  }
]
[GEN CONFIG TRACE] {
  mode: [32m'standard'[39m,
  operation: [90mundefined[39m,
  difficulty: [33m4[39m,
  totalSteps: [33m1[39m,
  answerChoices: [33m3[39m,
  table: [90mundefined[39m,
  skipSize: [90mundefined[39m,
  fullConfig: {
    learningMode: [32m'standard'[39m,
    totalSteps: [33m1[39m,
    targetNumber: [33m10[39m,
    targetFlex: [33m0[39m,
    rangeMin: [33m1[39m,
    rangeMax: [33m10[39m,
    answerChoices: [33m3[39m,
    difficultyLevel: [33m4[39m,
    phaseSequence: [ [36m[Object][39m ],
    opsEnabled: { [32m'+'[39m: [33mtrue[39m, [32m'-'[39m: [33mfalse[39m, [32m'ร—'[39m: [33mfalse[39m, [32m'รท'[39m: [33mfalse[39m },
    activeMode: [32m'normal'[39m,
    isMuted: [33mfalse[39m,
    timerOn: [33mfalse[39m,
    quickMindInterval: [33m10[39m,
    darkModeInterval: [33m10[39m,
    modifiersPerStep: [33m1[39m,
    enableVariables: [33mfalse[39m,
    stopwatchSkin: [32m'default'[39m,
    progressionMode: [32m'adaptive'[39m,
    presentationMode: [32m'normal'[39m,
    scriptId: [32m'circuit-climb'[39m
  }
}
[Telemetry][VT:0] GENERATOR_START { startNumber: [33m6[39m, mode: [32m'standard'[39m }
[Telemetry][VT:0] GENERATOR_STEP_CREATED { stepIndex: [33m0[39m, startNumber: [33m6[39m, answer: [33m7[39m }
[STEP TRACE] [
  {
    i: [33m0[39m,
    startNumber: [33m6[39m,
    value: [33m1[39m,
    operation: [32m'+'[39m,
    correctAnswer: [33m7[39m,
    distractors: [ [33m6[39m, [33m7[39m, [33m9[39m ],
    distractorCount: [33m3[39m,
    source: [32m'engine'[39m,
    fallbackUsed: [90mundefined[39m
  }
]
[GEN CONFIG TRACE] {
  mode: [32m'standard'[39m,
  operation: [90mundefined[39m,
  difficulty: [33m4[39m,
  totalSteps: [33m1[39m,
  answerChoices: [33m3[39m,
  table: [90mundefined[39m,
  skipSize: [90mundefined[39m,
  fullConfig: {
    learningMode: [32m'standard'[39m,
    totalSteps: [33m1[39m,
    targetNumber: [33m10[39m,
    targetFlex: [33m0[39m,
    rangeMin: [33m1[39m,
    rangeMax: [33m10[39m,
    answerChoices: [33m3[39m,
    difficultyLevel: [33m4[39m,
    phaseSequence: [ [36m[Object][39m ],
    opsEnabled: { [32m'+'[39m: [33mtrue[39m, [32m'-'[39m: [33mfalse[39m, [32m'ร—'[39m: [33mfalse[39m, [32m'รท'[39m: [33mfalse[39m },
    activeMode: [32m'normal'[39m,
    isMuted: [33mfalse[39m,
    timerOn: [33mfalse[39m,
    quickMindInterval: [33m10[39m,
    darkModeInterval: [33m10[39m,
    modifiersPerStep: [33m1[39m,
    enableVariables: [33mfalse[39m,
    stopwatchSkin: [32m'default'[39m,
    progressionMode: [32m'adaptive'[39m,
    presentationMode: [32m'normal'[39m,
    scriptId: [32m'circuit-climb'[39m
  }
}
[Telemetry][VT:0] GENERATOR_START { startNumber: [33m7[39m, mode: [32m'standard'[39m }
[Telemetry][VT:0] GENERATOR_STEP_CREATED { stepIndex: [33m0[39m, startNumber: [33m7[39m, answer: [33m8[39m }
[STEP TRACE] [
  {
    i: [33m0[39m,
    startNumber: [33m7[39m,
    value: [33m1[39m,
    operation: [32m'+'[39m,
    correctAnswer: [33m8[39m,
    distractors: [ [33m5[39m, [33m8[39m, [33m10[39m ],
    distractorCount: [33m3[39m,
    source: [32m'engine'[39m,
    fallbackUsed: [90mundefined[39m
  }
]
[GEN CONFIG TRACE] {
  mode: [32m'standard'[39m,
  operation: [90mundefined[39m,
  difficulty: [33m4[39m,
  totalSteps: [33m1[39m,
  answerChoices: [33m3[39m,
  table: [90mundefined[39m,
  skipSize: [90mundefined[39m,
  fullConfig: {
    learningMode: [32m'standard'[39m,
    totalSteps: [33m1[39m,
    targetNumber: [33m10[39m,
    targetFlex: [33m0[39m,
    rangeMin: [33m1[39m,
    rangeMax: [33m10[39m,
    answerChoices: [33m3[39m,
    difficultyLevel: [33m4[39m,
    phaseSequence: [ [36m[Object][39m ],
    opsEnabled: { [32m'+'[39m: [33mtrue[39m, [32m'-'[39m: [33mfalse[39m, [32m'ร—'[39m: [33mfalse[39m, [32m'รท'[39m: [33mfalse[39m },
    activeMode: [32m'normal'[39m,
    isMuted: [33mfalse[39m,
    timerOn: [33mfalse[39m,
    quickMindInterval: [33m10[39m,
    darkModeInterval: [33m10[39m,
    modifiersPerStep: [33m1[39m,
    enableVariables: [33mfalse[39m,
    stopwatchSkin: [32m'default'[39m,
    progressionMode: [32m'adaptive'[39m,
    presentationMode: [32m'normal'[39m,
    scriptId: [32m'circuit-climb'[39m
  }
}
[Telemetry][VT:0] GENERATOR_START { startNumber: [33m8[39m, mode: [32m'standard'[39m }
[Telemetry][VT:0] GENERATOR_STEP_CREATED { stepIndex: [33m0[39m, startNumber: [33m8[39m, answer: [33m10[39m }
[STEP TRACE] [
  {
    i: [33m0[39m,
    startNumber: [33m8[39m,
    value: [33m2[39m,
    operation: [32m'+'[39m,
    correctAnswer: [33m10[39m,
    distractors: [ [33m11[39m, [33m10[39m, [33m7[39m ],
    distractorCount: [33m3[39m,
    source: [32m'engine'[39m,
    fallbackUsed: [90mundefined[39m
  }
]
[GEN CONFIG TRACE] {
  mode: [32m'standard'[39m,
  operation: [90mundefined[39m,
  difficulty: [33m4[39m,
  totalSteps: [33m1[39m,
  answerChoices: [33m3[39m,
  table: [90mundefined[39m,
  skipSize: [90mundefined[39m,
  fullConfig: {
    learningMode: [32m'standard'[39m,
    totalSteps: [33m1[39m,
    targetNumber: [33m10[39m,
    targetFlex: [33m0[39m,
    rangeMin: [33m1[39m,
    rangeMax: [33m10[39m,
    answerChoices: [33m3[39m,
    difficultyLevel: [33m4[39m,
    phaseSequence: [ [36m[Object][39m ],
    opsEnabled: { [32m'+'[39m: [33mtrue[39m, [32m'-'[39m: [33mfalse[39m, [32m'ร—'[39m: [33mfalse[39m, [32m'รท'[39m: [33mfalse[39m },
    activeMode: [32m'normal'[39m,
    isMuted: [33mfalse[39m,
    timerOn: [33mfalse[39m,
    quickMindInterval: [33m10[39m,
    darkModeInterval: [33m10[39m,
    modifiersPerStep: [33m1[39m,
    enableVariables: [33mfalse[39m,
    stopwatchSkin: [32m'default'[39m,
    progressionMode: [32m'adaptive'[39m,
    presentationMode: [32m'normal'[39m,
    scriptId: [32m'circuit-climb'[39m
  }
}
[Telemetry][VT:0] GENERATOR_START { startNumber: [33m9[39m, mode: [32m'standard'[39m }
[Telemetry][VT:0] GENERATOR_STEP_CREATED { stepIndex: [33m0[39m, startNumber: [33m9[39m, answer: [33m10[39m }
[STEP TRACE] [
  {
    i: [33m0[39m,
    startNumber: [33m9[39m,
    value: [33m1[39m,
    operation: [32m'+'[39m,
    correctAnswer: [33m10[39m,
    distractors: [ [33m9[39m, [33m10[39m, [33m13[39m ],
    distractorCount: [33m3[39m,
    source: [32m'engine'[39m,
    fallbackUsed: [90mundefined[39m
  }
]
[GEN CONFIG TRACE] {
  mode: [32m'standard'[39m,
  operation: [90mundefined[39m,
  difficulty: [33m4[39m,
  totalSteps: [33m1[39m,
  answerChoices: [33m3[39m,
  table: [90mundefined[39m,
  skipSize: [90mundefined[39m,
  fullConfig: {
    learningMode: [32m'standard'[39m,
    totalSteps: [33m1[39m,
    targetNumber: [33m10[39m,
    targetFlex: [33m0[39m,
    rangeMin: [33m1[39m,
    rangeMax: [33m10[39m,
    answerChoices: [33m3[39m,
    difficultyLevel: [33m4[39m,
    phaseSequence: [ [36m[Object][39m ],
    opsEnabled: { [32m'+'[39m: [33mtrue[39m, [32m'-'[39m: [33mfalse[39m, [32m'ร—'[39m: [33mfalse[39m, [32m'รท'[39m: [33mfalse[39m },
    activeMode: [32m'normal'[39m,
    isMuted: [33mfalse[39m,
    timerOn: [33mfalse[39m,
    quickMindInterval: [33m10[39m,
    darkModeInterval: [33m10[39m,
    modifiersPerStep: [33m1[39m,
    enableVariables: [33mfalse[39m,
    stopwatchSkin: [32m'default'[39m,
    progressionMode: [32m'adaptive'[39m,
    presentationMode: [32m'normal'[39m,
    scriptId: [32m'circuit-climb'[39m
  }
}
[Telemetry][VT:0] GENERATOR_START { startNumber: [33m1[39m, mode: [32m'standard'[39m }
[Telemetry][VT:0] GENERATOR_STEP_CREATED { stepIndex: [33m0[39m, startNumber: [33m1[39m, answer: [33m4[39m }
[STEP TRACE] [
  {
    i: [33m0[39m,
    startNumber: [33m1[39m,
    value: [33m3[39m,
    operation: [32m'+'[39m,
    correctAnswer: [33m4[39m,
    distractors: [ [33m1[39m, [33m4[39m, [33m5[39m ],
    distractorCount: [33m3[39m,
    source: [32m'engine'[39m,
    fallbackUsed: [90mundefined[39m
  }
]
[GEN CONFIG TRACE] {
  mode: [32m'standard'[39m,
  operation: [90mundefined[39m,
  difficulty: [33m4[39m,
  totalSteps: [33m1[39m,
  answerChoices: [33m3[39m,
  table: [90mundefined[39m,
  skipSize: [90mundefined[39m,
  fullConfig: {
    learningMode: [32m'standard'[39m,
    totalSteps: [33m1[39m,
    targetNumber: [33m10[39m,
    targetFlex: [33m0[39m,
    rangeMin: [33m1[39m,
    rangeMax: [33m10[39m,
    answerChoices: [33m3[39m,
    difficultyLevel: [33m4[39m,
    phaseSequence: [ [36m[Object][39m ],
    opsEnabled: { [32m'+'[39m: [33mtrue[39m, [32m'-'[39m: [33mfalse[39m, [32m'ร—'[39m: [33mfalse[39m, [32m'รท'[39m: [33mfalse[39m },
    activeMode: [32m'normal'[39m,
    isMuted: [33mfalse[39m,
    timerOn: [33mfalse[39m,
    quickMindInterval: [33m10[39m,
    darkModeInterval: [33m10[39m,
    modifiersPerStep: [33m1[39m,
    enableVariables: [33mfalse[39m,
    stopwatchSkin: [32m'default'[39m,
    progressionMode: [32m'adaptive'[39m,
    presentationMode: [32m'normal'[39m,
    scriptId: [32m'circuit-climb'[39m
  }
}
[Telemetry][VT:0] GENERATOR_START { startNumber: [33m2[39m, mode: [32m'standard'[39m }
[Telemetry][VT:0] GENERATOR_STEP_CREATED { stepIndex: [33m0[39m, startNumber: [33m2[39m, answer: [33m3[39m }
[STEP TRACE] [
  {
    i: [33m0[39m,
    startNumber: [33m2[39m,
    value: [33m1[39m,
    operation: [32m'+'[39m,
    correctAnswer: [33m3[39m,
    distractors: [ [33m1[39m, [33m5[39m, [33m3[39m ],
    distractorCount: [33m3[39m,
    source: [32m'engine'[39m,
    fallbackUsed: [90mundefined[39m
  }
]
[GEN CONFIG TRACE] {
  mode: [32m'standard'[39m,
  operation: [90mundefined[39m,
  difficulty: [33m4[39m,
  totalSteps: [33m1[39m,
  answerChoices: [33m3[39m,
  table: [90mundefined[39m,
  skipSize: [90mundefined[39m,
  fullConfig: {
    learningMode: [32m'standard'[39m,
    totalSteps: [33m1[39m,
    targetNumber: [33m10[39m,
    targetFlex: [33m0[39m,
    rangeMin: [33m1[39m,
    rangeMax: [33m10[39m,
    answerChoices: [33m3[39m,
    difficultyLevel: [33m4[39m,
    phaseSequence: [ [36m[Object][39m ],
    opsEnabled: { [32m'+'[39m: [33mtrue[39m, [32m'-'[39m: [33mfalse[39m, [32m'ร—'[39m: [33mfalse[39m, [32m'รท'[39m: [33mfalse[39m },
    activeMode: [32m'normal'[39m,
    isMuted: [33mfalse[39m,
    timerOn: [33mfalse[39m,
    quickMindInterval: [33m10[39m,
    darkModeInterval: [33m10[39m,
    modifiersPerStep: [33m1[39m,
    enableVariables: [33mfalse[39m,
    stopwatchSkin: [32m'default'[39m,
    progressionMode: [32m'adaptive'[39m,
    presentationMode: [32m'normal'[39m,
    scriptId: [32m'circuit-climb'[39m
  }
}
[Telemetry][VT:0] GENERATOR_START { startNumber: [33m3[39m, mode: [32m'standard'[39m }
[Telemetry][VT:0] GENERATOR_STEP_CREATED { stepIndex: [33m0[39m, startNumber: [33m3[39m, answer: [33m7[39m }
[STEP TRACE] [
  {
    i: [33m0[39m,
    startNumber: [33m3[39m,
    value: [33m4[39m,
    operation: [32m'+'[39m,
    correctAnswer: [33m7[39m,
    distractors: [ [33m4[39m, [33m7[39m, [33m8[39m ],
    distractorCount: [33m3[39m,
    source: [32m'engine'[39m,
    fallbackUsed: [90mundefined[39m
  }
]
[GEN CONFIG TRACE] {
  mode: [32m'standard'[39m,
  operation: [90mundefined[39m,
  difficulty: [33m4[39m,
  totalSteps: [33m1[39m,
  answerChoices: [33m3[39m,
  table: [90mundefined[39m,
  skipSize: [90mundefined[39m,
  fullConfig: {
    learningMode: [32m'standard'[39m,
    totalSteps: [33m1[39m,
    targetNumber: [33m10[39m,
    targetFlex: [33m0[39m,
    rangeMin: [33m1[39m,
    rangeMax: [33m10[39m,
    answerChoices: [33m3[39m,
    difficultyLevel: [33m4[39m,
    phaseSequence: [ [36m[Object][39m ],
    opsEnabled: { [32m'+'[39m: [33mtrue[39m, [32m'-'[39m: [33mfalse[39m, [32m'ร—'[39m: [33mfalse[39m, [32m'รท'[39m: [33mfalse[39m },
    activeMode: [32m'normal'[39m,
    isMuted: [33mfalse[39m,
    timerOn: [33mfalse[39m,
    quickMindInterval: [33m10[39m,
    darkModeInterval: [33m10[39m,
    modifiersPerStep: [33m1[39m,
    enableVariables: [33mfalse[39m,
    stopwatchSkin: [32m'default'[39m,
    progressionMode: [32m'adaptive'[39m,
    presentationMode: [32m'normal'[39m,
    scriptId: [32m'circuit-climb'[39m
  }
}
[Telemetry][VT:0] GENERATOR_START { startNumber: [33m4[39m, mode: [32m'standard'[39m }
[Telemetry][VT:0] GENERATOR_STEP_CREATED { stepIndex: [33m0[39m, startNumber: [33m4[39m, answer: [33m6[39m }
[STEP TRACE] [
  {
    i: [33m0[39m,
    startNumber: [33m4[39m,
    value: [33m2[39m,
    operation: [32m'+'[39m,
    correctAnswer: [33m6[39m,
    distractors: [ [33m3[39m, [33m6[39m, [33m4[39m ],
    distractorCount: [33m3[39m,
    source: [32m'engine'[39m,
    fallbackUsed: [90mundefined[39m
  }
]
[GEN CONFIG TRACE] {
  mode: [32m'standard'[39m,
  operation: [90mundefined[39m,
  difficulty: [33m5[39m,
  totalSteps: [33m1[39m,
  answerChoices: [33m3[39m,
  table: [90mundefined[39m,
  skipSize: [90mundefined[39m,
  fullConfig: {
    learningMode: [32m'standard'[39m,
    totalSteps: [33m1[39m,
    targetNumber: [33m10[39m,
    targetFlex: [33m0[39m,
    rangeMin: [33m1[39m,
    rangeMax: [33m10[39m,
    answerChoices: [33m3[39m,
    difficultyLevel: [33m5[39m,
    phaseSequence: [ [36m[Object][39m ],
    opsEnabled: { [32m'+'[39m: [33mtrue[39m, [32m'-'[39m: [33mfalse[39m, [32m'ร—'[39m: [33mfalse[39m, [32m'รท'[39m: [33mfalse[39m },
    activeMode: [32m'normal'[39m,
    isMuted: [33mfalse[39m,
    timerOn: [33mfalse[39m,
    quickMindInterval: [33m10[39m,
    darkModeInterval: [33m10[39m,
    modifiersPerStep: [33m1[39m,
    enableVariables: [33mfalse[39m,
    stopwatchSkin: [32m'default'[39m,
    progressionMode: [32m'adaptive'[39m,
    presentationMode: [32m'normal'[39m,
    scriptId: [32m'circuit-climb'[39m
  }
}
[Telemetry][VT:0] GENERATOR_START { startNumber: [33m5[39m, mode: [32m'standard'[39m }
[Telemetry][VT:0] GENERATOR_STEP_CREATED { stepIndex: [33m0[39m, startNumber: [33m5[39m, answer: [33m9[39m }
[STEP TRACE] [
  {
    i: [33m0[39m,
    startNumber: [33m5[39m,
    value: [33m4[39m,
    operation: [32m'+'[39m,
    correctAnswer: [33m9[39m,
    distractors: [ [33m9[39m, [33m11[39m, [33m10[39m ],
    distractorCount: [33m3[39m,
    source: [32m'engine'[39m,
    fallbackUsed: [90mundefined[39m
  }
]
[GEN CONFIG TRACE] {
  mode: [32m'standard'[39m,
  operation: [90mundefined[39m,
  difficulty: [33m5[39m,
  totalSteps: [33m1[39m,
  answerChoices: [33m3[39m,
  table: [90mundefined[39m,
  skipSize: [90mundefined[39m,
  fullConfig: {
    learningMode: [32m'standard'[39m,
    totalSteps: [33m1[39m,
    targetNumber: [33m10[39m,
    targetFlex: [33m0[39m,
    rangeMin: [33m1[39m,
    rangeMax: [33m10[39m,
    answerChoices: [33m3[39m,
    difficultyLevel: [33m5[39m,
    phaseSequence: [ [36m[Object][39m ],
    opsEnabled: { [32m'+'[39m: [33mtrue[39m, [32m'-'[39m: [33mfalse[39m, [32m'ร—'[39m: [33mfalse[39m, [32m'รท'[39m: [33mfalse[39m },
    activeMode: [32m'normal'[39m,
    isMuted: [33mfalse[39m,
    timerOn: [33mfalse[39m,
    quickMindInterval: [33m10[39m,
    darkModeInterval: [33m10[39m,
    modifiersPerStep: [33m1[39m,
    enableVariables: [33mfalse[39m,
    stopwatchSkin: [32m'default'[39m,
    progressionMode: [32m'adaptive'[39m,
    presentationMode: [32m'normal'[39m,
    scriptId: [32m'circuit-climb'[39m
  }
}
[Telemetry][VT:0] GENERATOR_START { startNumber: [33m6[39m, mode: [32m'standard'[39m }
[Telemetry][VT:0] GENERATOR_STEP_CREATED { stepIndex: [33m0[39m, startNumber: [33m6[39m, answer: [33m8[39m }
[STEP TRACE] [
  {
    i: [33m0[39m,
    startNumber: [33m6[39m,
    value: [33m2[39m,
    operation: [32m'+'[39m,
    correctAnswer: [33m8[39m,
    distractors: [ [33m5[39m, [33m7[39m, [33m8[39m ],
    distractorCount: [33m3[39m,
    source: [32m'engine'[39m,
    fallbackUsed: [90mundefined[39m
  }
]
[GEN CONFIG TRACE] {
  mode: [32m'standard'[39m,
  operation: [90mundefined[39m,
  difficulty: [33m5[39m,
  totalSteps: [33m1[39m,
  answerChoices: [33m3[39m,
  table: [90mundefined[39m,
  skipSize: [90mundefined[39m,
  fullConfig: {
    learningMode: [32m'standard'[39m,
    totalSteps: [33m1[39m,
    targetNumber: [33m10[39m,
    targetFlex: [33m0[39m,
    rangeMin: [33m1[39m,
    rangeMax: [33m10[39m,
    answerChoices: [33m3[39m,
    difficultyLevel: [33m5[39m,
    phaseSequence: [ [36m[Object][39m ],
    opsEnabled: { [32m'+'[39m: [33mtrue[39m, [32m'-'[39m: [33mfalse[39m, [32m'ร—'[39m: [33mfalse[39m, [32m'รท'[39m: [33mfalse[39m },
    activeMode: [32m'normal'[39m,
    isMuted: [33mfalse[39m,
    timerOn: [33mfalse[39m,
    quickMindInterval: [33m10[39m,
    darkModeInterval: [33m10[39m,
    modifiersPerStep: [33m1[39m,
    enableVariables: [33mfalse[39m,
    stopwatchSkin: [32m'default'[39m,
    progressionMode: [32m'adaptive'[39m,
    presentationMode: [32m'normal'[39m,
    scriptId: [32m'circuit-climb'[39m
  }
}
[Telemetry][VT:0] GENERATOR_START { startNumber: [33m7[39m, mode: [32m'standard'[39m }
[Telemetry][VT:0] GENERATOR_STEP_CREATED { stepIndex: [33m0[39m, startNumber: [33m7[39m, answer: [33m9[39m }
[STEP TRACE] [
  {
    i: [33m0[39m,
    startNumber: [33m7[39m,
    value: [33m2[39m,
    operation: [32m'+'[39m,
    correctAnswer: [33m9[39m,
    distractors: [ [33m9[39m, [33m11[39m, [33m6[39m ],
    distractorCount: [33m3[39m,
    source: [32m'engine'[39m,
    fallbackUsed: [90mundefined[39m
  }
]
[GEN CONFIG TRACE] {
  mode: [32m'standard'[39m,
  operation: [90mundefined[39m,
  difficulty: [33m5[39m,
  totalSteps: [33m1[39m,
  answerChoices: [33m3[39m,
  table: [90mundefined[39m,
  skipSize: [90mundefined[39m,
  fullConfig: {
    learningMode: [32m'standard'[39m,
    totalSteps: [33m1[39m,
    targetNumber: [33m10[39m,
    targetFlex: [33m0[39m,
    rangeMin: [33m1[39m,
    rangeMax: [33m10[39m,
    answerChoices: [33m3[39m,
    difficultyLevel: [33m5[39m,
    phaseSequence: [ [36m[Object][39m ],
    opsEnabled: { [32m'+'[39m: [33mtrue[39m, [32m'-'[39m: [33mfalse[39m, [32m'ร—'[39m: [33mfalse[39m, [32m'รท'[39m: [33mfalse[39m },
    activeMode: [32m'normal'[39m,
    isMuted: [33mfalse[39m,
    timerOn: [33mfalse[39m,
    quickMindInterval: [33m10[39m,
    darkModeInterval: [33m10[39m,
    modifiersPerStep: [33m1[39m,
    enableVariables: [33mfalse[39m,
    stopwatchSkin: [32m'default'[39m,
    progressionMode: [32m'adaptive'[39m,
    presentationMode: [32m'normal'[39m,
    scriptId: [32m'circuit-climb'[39m
  }
}
[Telemetry][VT:0] GENERATOR_START { startNumber: [33m8[39m, mode: [32m'standard'[39m }
[Telemetry][VT:0] GENERATOR_STEP_CREATED { stepIndex: [33m0[39m, startNumber: [33m8[39m, answer: [33m9[39m }
[STEP TRACE] [
  {
    i: [33m0[39m,
    startNumber: [33m8[39m,
    value: [33m1[39m,
    operation: [32m'+'[39m,
    correctAnswer: [33m9[39m,
    distractors: [ [33m12[39m, [33m11[39m, [33m9[39m ],
    distractorCount: [33m3[39m,
    source: [32m'engine'[39m,
    fallbackUsed: [90mundefined[39m
  }
]
[GEN CONFIG TRACE] {
  mode: [32m'standard'[39m,
  operation: [90mundefined[39m,
  difficulty: [33m5[39m,
  totalSteps: [33m1[39m,
  answerChoices: [33m3[39m,
  table: [90mundefined[39m,
  skipSize: [90mundefined[39m,
  fullConfig: {
    learningMode: [32m'standard'[39m,
    totalSteps: [33m1[39m,
    targetNumber: [33m10[39m,
    targetFlex: [33m0[39m,
    rangeMin: [33m1[39m,
    rangeMax: [33m10[39m,
    answerChoices: [33m3[39m,
    difficultyLevel: [33m5[39m,
    phaseSequence: [ [36m[Object][39m ],
    opsEnabled: { [32m'+'[39m: [33mtrue[39m, [32m'-'[39m: [33mfalse[39m, [32m'ร—'[39m: [33mfalse[39m, [32m'รท'[39m: [33mfalse[39m },
    activeMode: [32m'normal'[39m,
    isMuted: [33mfalse[39m,
    timerOn: [33mfalse[39m,
    quickMindInterval: [33m10[39m,
    darkModeInterval: [33m10[39m,
    modifiersPerStep: [33m1[39m,
    enableVariables: [33mfalse[39m,
    stopwatchSkin: [32m'default'[39m,
    progressionMode: [32m'adaptive'[39m,
    presentationMode: [32m'normal'[39m,
    scriptId: [32m'circuit-climb'[39m
  }
}
[Telemetry][VT:0] GENERATOR_START { startNumber: [33m9[39m, mode: [32m'standard'[39m }
[Telemetry][VT:0] GENERATOR_STEP_CREATED { stepIndex: [33m0[39m, startNumber: [33m9[39m, answer: [33m10[39m }
[STEP TRACE] [
  {
    i: [33m0[39m,
    startNumber: [33m9[39m,
    value: [33m1[39m,
    operation: [32m'+'[39m,
    correctAnswer: [33m10[39m,
    distractors: [ [33m13[39m, [33m10[39m, [33m9[39m ],
    distractorCount: [33m3[39m,
    source: [32m'engine'[39m,
    fallbackUsed: [90mundefined[39m
  }
]
[GEN CONFIG TRACE] {
  mode: [32m'standard'[39m,
  operation: [90mundefined[39m,
  difficulty: [33m5[39m,
  totalSteps: [33m1[39m,
  answerChoices: [33m3[39m,
  table: [90mundefined[39m,
  skipSize: [90mundefined[39m,
  fullConfig: {
    learningMode: [32m'standard'[39m,
    totalSteps: [33m1[39m,
    targetNumber: [33m10[39m,
    targetFlex: [33m0[39m,
    rangeMin: [33m1[39m,
    rangeMax: [33m10[39m,
    answerChoices: [33m3[39m,
    difficultyLevel: [33m5[39m,
    phaseSequence: [ [36m[Object][39m ],
    opsEnabled: { [32m'+'[39m: [33mtrue[39m, [32m'-'[39m: [33mfalse[39m, [32m'ร—'[39m: [33mfalse[39m, [32m'รท'[39m: [33mfalse[39m },
    activeMode: [32m'normal'[39m,
    isMuted: [33mfalse[39m,
    timerOn: [33mfalse[39m,
    quickMindInterval: [33m10[39m,
    darkModeInterval: [33m10[39m,
    modifiersPerStep: [33m1[39m,
    enableVariables: [33mfalse[39m,
    stopwatchSkin: [32m'default'[39m,
    progressionMode: [32m'adaptive'[39m,
    presentationMode: [32m'normal'[39m,
    scriptId: [32m'circuit-climb'[39m
  }
}
[Telemetry][VT:0] GENERATOR_START { startNumber: [33m1[39m, mode: [32m'standard'[39m }
[Telemetry][VT:0] GENERATOR_STEP_CREATED { stepIndex: [33m0[39m, startNumber: [33m1[39m, answer: [33m2[39m }
[STEP TRACE] [
  {
    i: [33m0[39m,
    startNumber: [33m1[39m,
    value: [33m1[39m,
    operation: [32m'+'[39m,
    correctAnswer: [33m2[39m,
    distractors: [ [33m4[39m, [33m2[39m, [33m1[39m ],
    distractorCount: [33m3[39m,
    source: [32m'engine'[39m,
    fallbackUsed: [90mundefined[39m
  }
]
[GEN CONFIG TRACE] {
  mode: [32m'standard'[39m,
  operation: [90mundefined[39m,
  difficulty: [33m5[39m,
  totalSteps: [33m1[39m,
  answerChoices: [33m3[39m,
  table: [90mundefined[39m,
  skipSize: [90mundefined[39m,
  fullConfig: {
    learningMode: [32m'standard'[39m,
    totalSteps: [33m1[39m,
    targetNumber: [33m10[39m,
    targetFlex: [33m0[39m,
    rangeMin: [33m1[39m,
    rangeMax: [33m10[39m,
    answerChoices: [33m3[39m,
    difficultyLevel: [33m5[39m,
    phaseSequence: [ [36m[Object][39m ],
    opsEnabled: { [32m'+'[39m: [33mtrue[39m, [32m'-'[39m: [33mfalse[39m, [32m'ร—'[39m: [33mfalse[39m, [32m'รท'[39m: [33mfalse[39m },
    activeMode: [32m'normal'[39m,
    isMuted: [33mfalse[39m,
    timerOn: [33mfalse[39m,
    quickMindInterval: [33m10[39m,
    darkModeInterval: [33m10[39m,
    modifiersPerStep: [33m1[39m,
    enableVariables: [33mfalse[39m,
    stopwatchSkin: [32m'default'[39m,
    progressionMode: [32m'adaptive'[39m,
    presentationMode: [32m'normal'[39m,
    scriptId: [32m'circuit-climb'[39m
  }
}
[Telemetry][VT:0] GENERATOR_START { startNumber: [33m2[39m, mode: [32m'standard'[39m }
[Telemetry][VT:0] GENERATOR_STEP_CREATED { stepIndex: [33m0[39m, startNumber: [33m2[39m, answer: [33m6[39m }
[STEP TRACE] [
  {
    i: [33m0[39m,
    startNumber: [33m2[39m,
    value: [33m4[39m,
    operation: [32m'+'[39m,
    correctAnswer: [33m6[39m,
    distractors: [ [33m4[39m, [33m9[39m, [33m6[39m ],
    distractorCount: [33m3[39m,
    source: [32m'engine'[39m,
    fallbackUsed: [90mundefined[39m
  }
]
[GEN CONFIG TRACE] {
  mode: [32m'standard'[39m,
  operation: [90mundefined[39m,
  difficulty: [33m5[39m,
  totalSteps: [33m1[39m,
  answerChoices: [33m3[39m,
  table: [90mundefined[39m,
  skipSize: [90mundefined[39m,
  fullConfig: {
    learningMode: [32m'standard'[39m,
    totalSteps: [33m1[39m,
    targetNumber: [33m10[39m,
    targetFlex: [33m0[39m,
    rangeMin: [33m1[39m,
    rangeMax: [33m10[39m,
    answerChoices: [33m3[39m,
    difficultyLevel: [33m5[39m,
    phaseSequence: [ [36m[Object][39m ],
    opsEnabled: { [32m'+'[39m: [33mtrue[39m, [32m'-'[39m: [33mfalse[39m, [32m'ร—'[39m: [33mfalse[39m, [32m'รท'[39m: [33mfalse[39m },
    activeMode: [32m'normal'[39m,
    isMuted: [33mfalse[39m,
    timerOn: [33mfalse[39m,
    quickMindInterval: [33m10[39m,
    darkModeInterval: [33m10[39m,
    modifiersPerStep: [33m1[39m,
    enableVariables: [33mfalse[39m,
    stopwatchSkin: [32m'default'[39m,
    progressionMode: [32m'adaptive'[39m,
    presentationMode: [32m'normal'[39m,
    scriptId: [32m'circuit-climb'[39m
  }
}
[Telemetry][VT:0] GENERATOR_START { startNumber: [33m3[39m, mode: [32m'standard'[39m }
[Telemetry][VT:0] GENERATOR_STEP_CREATED { stepIndex: [33m0[39m, startNumber: [33m3[39m, answer: [33m9[39m }
[STEP TRACE] [
  {
    i: [33m0[39m,
    startNumber: [33m3[39m,
    value: [33m6[39m,
    operation: [32m'+'[39m,
    correctAnswer: [33m9[39m,
    distractors: [ [33m12[39m, [33m9[39m, [33m10[39m ],
    distractorCount: [33m3[39m,
    source: [32m'engine'[39m,
    fallbackUsed: [90mundefined[39m
  }
]
[GEN CONFIG TRACE] {
  mode: [32m'standard'[39m,
  operation: [90mundefined[39m,
  difficulty: [33m5[39m,
  totalSteps: [33m1[39m,
  answerChoices: [33m3[39m,
  table: [90mundefined[39m,
  skipSize: [90mundefined[39m,
  fullConfig: {
    learningMode: [32m'standard'[39m,
    totalSteps: [33m1[39m,
    targetNumber: [33m10[39m,
    targetFlex: [33m0[39m,
    rangeMin: [33m1[39m,
    rangeMax: [33m10[39m,
    answerChoices: [33m3[39m,
    difficultyLevel: [33m5[39m,
    phaseSequence: [ [36m[Object][39m ],
    opsEnabled: { [32m'+'[39m: [33mtrue[39m, [32m'-'[39m: [33mfalse[39m, [32m'ร—'[39m: [33mfalse[39m, [32m'รท'[39m: [33mfalse[39m },
    activeMode: [32m'normal'[39m,
    isMuted: [33mfalse[39m,
    timerOn: [33mfalse[39m,
    quickMindInterval: [33m10[39m,
    darkModeInterval: [33m10[39m,
    modifiersPerStep: [33m1[39m,
    enableVariables: [33mfalse[39m,
    stopwatchSkin: [32m'default'[39m,
    progressionMode: [32m'adaptive'[39m,
    presentationMode: [32m'normal'[39m,
    scriptId: [32m'circuit-climb'[39m
  }
}
[Telemetry][VT:0] GENERATOR_START { startNumber: [33m4[39m, mode: [32m'standard'[39m }
[Telemetry][VT:0] GENERATOR_STEP_CREATED { stepIndex: [33m0[39m, startNumber: [33m4[39m, answer: [33m7[39m }
[STEP TRACE] [
  {
    i: [33m0[39m,
    startNumber: [33m4[39m,
    value: [33m3[39m,
    operation: [32m'+'[39m,
    correctAnswer: [33m7[39m,
    distractors: [ [33m4[39m, [33m6[39m, [33m7[39m ],
    distractorCount: [33m3[39m,
    source: [32m'engine'[39m,
    fallbackUsed: [90mundefined[39m
  }
]
[GEN CONFIG TRACE] {
  mode: [32m'standard'[39m,
  operation: [90mundefined[39m,
  difficulty: [33m5[39m,
  totalSteps: [33m1[39m,
  answerChoices: [33m3[39m,
  table: [90mundefined[39m,
  skipSize: [90mundefined[39m,
  fullConfig: {
    learningMode: [32m'standard'[39m,
    totalSteps: [33m1[39m,
    targetNumber: [33m10[39m,
    targetFlex: [33m0[39m,
    rangeMin: [33m1[39m,
    rangeMax: [33m10[39m,
    answerChoices: [33m3[39m,
    difficultyLevel: [33m5[39m,
    phaseSequence: [ [36m[Object][39m ],
    opsEnabled: { [32m'+'[39m: [33mtrue[39m, [32m'-'[39m: [33mfalse[39m, [32m'ร—'[39m: [33mfalse[39m, [32m'รท'[39m: [33mfalse[39m },
    activeMode: [32m'normal'[39m,
    isMuted: [33mfalse[39m,
    timerOn: [33mfalse[39m,
    quickMindInterval: [33m10[39m,
    darkModeInterval: [33m10[39m,
    modifiersPerStep: [33m1[39m,
    enableVariables: [33mfalse[39m,
    stopwatchSkin: [32m'default'[39m,
    progressionMode: [32m'adaptive'[39m,
    presentationMode: [32m'normal'[39m,
    scriptId: [32m'circuit-climb'[39m
  }
}
[Telemetry][VT:0] GENERATOR_START { startNumber: [33m5[39m, mode: [32m'standard'[39m }
[Telemetry][VT:0] GENERATOR_STEP_CREATED { stepIndex: [33m0[39m, startNumber: [33m5[39m, answer: [33m7[39m }
[STEP TRACE] [
  {
    i: [33m0[39m,
    startNumber: [33m5[39m,
    value: [33m2[39m,
    operation: [32m'+'[39m,
    correctAnswer: [33m7[39m,
    distractors: [ [33m4[39m, [33m8[39m, [33m7[39m ],
    distractorCount: [33m3[39m,
    source: [32m'engine'[39m,
    fallbackUsed: [90mundefined[39m
  }
]
[GEN CONFIG TRACE] {
  mode: [32m'standard'[39m,
  operation: [90mundefined[39m,
  difficulty: [33m5[39m,
  totalSteps: [33m1[39m,
  answerChoices: [33m3[39m,
  table: [90mundefined[39m,
  skipSize: [90mundefined[39m,
  fullConfig: {
    learningMode: [32m'standard'[39m,
    totalSteps: [33m1[39m,
    targetNumber: [33m12[39m,
    targetFlex: [33m0[39m,
    rangeMin: [33m1[39m,
    rangeMax: [33m12[39m,
    answerChoices: [33m3[39m,
    difficultyLevel: [33m5[39m,
    phaseSequence: [ [36m[Object][39m ],
    opsEnabled: { [32m'+'[39m: [33mtrue[39m, [32m'-'[39m: [33mfalse[39m, [32m'ร—'[39m: [33mfalse[39m, [32m'รท'[39m: [33mfalse[39m },
    activeMode: [32m'normal'[39m,
    isMuted: [33mfalse[39m,
    timerOn: [33mfalse[39m,
    quickMindInterval: [33m10[39m,
    darkModeInterval: [33m10[39m,
    modifiersPerStep: [33m1[39m,
    enableVariables: [33mfalse[39m,
    stopwatchSkin: [32m'default'[39m,
    progressionMode: [32m'adaptive'[39m,
    presentationMode: [32m'normal'[39m,
    scriptId: [32m'circuit-climb'[39m
  }
}
[Telemetry][VT:0] GENERATOR_START { startNumber: [33m7[39m, mode: [32m'standard'[39m }
[Telemetry][VT:0] GENERATOR_STEP_CREATED { stepIndex: [33m0[39m, startNumber: [33m7[39m, answer: [33m11[39m }
[STEP TRACE] [
  {
    i: [33m0[39m,
    startNumber: [33m7[39m,
    value: [33m4[39m,
    operation: [32m'+'[39m,
    correctAnswer: [33m11[39m,
    distractors: [ [33m8[39m, [33m11[39m, [33m13[39m ],
    distractorCount: [33m3[39m,
    source: [32m'engine'[39m,
    fallbackUsed: [90mundefined[39m
  }
]
[GEN CONFIG TRACE] {
  mode: [32m'standard'[39m,
  operation: [90mundefined[39m,
  difficulty: [33m5[39m,
  totalSteps: [33m1[39m,
  answerChoices: [33m3[39m,
  table: [90mundefined[39m,
  skipSize: [90mundefined[39m,
  fullConfig: {
    learningMode: [32m'standard'[39m,
    totalSteps: [33m1[39m,
    targetNumber: [33m12[39m,
    targetFlex: [33m0[39m,
    rangeMin: [33m1[39m,
    rangeMax: [33m12[39m,
    answerChoices: [33m3[39m,
    difficultyLevel: [33m5[39m,
    phaseSequence: [ [36m[Object][39m ],
    opsEnabled: { [32m'+'[39m: [33mtrue[39m, [32m'-'[39m: [33mfalse[39m, [32m'ร—'[39m: [33mfalse[39m, [32m'รท'[39m: [33mfalse[39m },
    activeMode: [32m'normal'[39m,
    isMuted: [33mfalse[39m,
    timerOn: [33mfalse[39m,
    quickMindInterval: [33m10[39m,
    darkModeInterval: [33m10[39m,
    modifiersPerStep: [33m1[39m,
    enableVariables: [33mfalse[39m,
    stopwatchSkin: [32m'default'[39m,
    progressionMode: [32m'adaptive'[39m,
    presentationMode: [32m'normal'[39m,
    scriptId: [32m'circuit-climb'[39m
  }
}
[Telemetry][VT:0] GENERATOR_START { startNumber: [33m8[39m, mode: [32m'standard'[39m }
[Telemetry][VT:0] GENERATOR_STEP_CREATED { stepIndex: [33m0[39m, startNumber: [33m8[39m, answer: [33m10[39m }
[STEP TRACE] [
  {
    i: [33m0[39m,
    startNumber: [33m8[39m,
    value: [33m2[39m,
    operation: [32m'+'[39m,
    correctAnswer: [33m10[39m,
    distractors: [ [33m11[39m, [33m10[39m, [33m9[39m ],
    distractorCount: [33m3[39m,
    source: [32m'engine'[39m,
    fallbackUsed: [90mundefined[39m
  }
]
[GEN CONFIG TRACE] {
  mode: [32m'standard'[39m,
  operation: [90mundefined[39m,
  difficulty: [33m5[39m,
  totalSteps: [33m1[39m,
  answerChoices: [33m3[39m,
  table: [90mundefined[39m,
  skipSize: [90mundefined[39m,
  fullConfig: {
    learningMode: [32m'standard'[39m,
    totalSteps: [33m1[39m,
    targetNumber: [33m12[39m,
    targetFlex: [33m0[39m,
    rangeMin: [33m1[39m,
    rangeMax: [33m12[39m,
    answerChoices: [33m3[39m,
    difficultyLevel: [33m5[39m,
    phaseSequence: [ [36m[Object][39m ],
    opsEnabled: { [32m'+'[39m: [33mtrue[39m, [32m'-'[39m: [33mfalse[39m, [32m'ร—'[39m: [33mfalse[39m, [32m'รท'[39m: [33mfalse[39m },
    activeMode: [32m'normal'[39m,
    isMuted: [33mfalse[39m,
    timerOn: [33mfalse[39m,
    quickMindInterval: [33m10[39m,
    darkModeInterval: [33m10[39m,
    modifiersPerStep: [33m1[39m,
    enableVariables: [33mfalse[39m,
    stopwatchSkin: [32m'default'[39m,
    progressionMode: [32m'adaptive'[39m,
    presentationMode: [32m'normal'[39m,
    scriptId: [32m'circuit-climb'[39m
  }
}
[Telemetry][VT:0] GENERATOR_START { startNumber: [33m9[39m, mode: [32m'standard'[39m }
[Telemetry][VT:0] GENERATOR_STEP_CREATED { stepIndex: [33m0[39m, startNumber: [33m9[39m, answer: [33m12[39m }
[STEP TRACE] [
  {
    i: [33m0[39m,
    startNumber: [33m9[39m,
    value: [33m3[39m,
    operation: [32m'+'[39m,
    correctAnswer: [33m12[39m,
    distractors: [ [33m12[39m, [33m9[39m, [33m13[39m ],
    distractorCount: [33m3[39m,
    source: [32m'engine'[39m,
    fallbackUsed: [90mundefined[39m
  }
]
[GEN CONFIG TRACE] {
  mode: [32m'standard'[39m,
  operation: [90mundefined[39m,
  difficulty: [33m5[39m,
  totalSteps: [33m1[39m,
  answerChoices: [33m3[39m,
  table: [90mundefined[39m,
  skipSize: [90mundefined[39m,
  fullConfig: {
    learningMode: [32m'standard'[39m,
    totalSteps: [33m1[39m,
    targetNumber: [33m12[39m,
    targetFlex: [33m0[39m,
    rangeMin: [33m1[39m,
    rangeMax: [33m12[39m,
    answerChoices: [33m3[39m,
    difficultyLevel: [33m5[39m,
    phaseSequence: [ [36m[Object][39m ],
    opsEnabled: { [32m'+'[39m: [33mtrue[39m, [32m'-'[39m: [33mfalse[39m, [32m'ร—'[39m: [33mfalse[39m, [32m'รท'[39m: [33mfalse[39m },
    activeMode: [32m'normal'[39m,
    isMuted: [33mfalse[39m,
    timerOn: [33mfalse[39m,
    quickMindInterval: [33m10[39m,
    darkModeInterval: [33m10[39m,
    modifiersPerStep: [33m1[39m,
    enableVariables: [33mfalse[39m,
    stopwatchSkin: [32m'default'[39m,
    progressionMode: [32m'adaptive'[39m,
    presentationMode: [32m'normal'[39m,
    scriptId: [32m'circuit-climb'[39m
  }
}
[Telemetry][VT:0] GENERATOR_START { startNumber: [33m10[39m, mode: [32m'standard'[39m }
[Telemetry][VT:0] GENERATOR_STEP_CREATED { stepIndex: [33m0[39m, startNumber: [33m10[39m, answer: [33m12[39m }
[STEP TRACE] [
  {
    i: [33m0[39m,
    startNumber: [33m10[39m,
    value: [33m2[39m,
    operation: [32m'+'[39m,
    correctAnswer: [33m12[39m,
    distractors: [ [33m9[39m, [33m12[39m, [33m11[39m ],
    distractorCount: [33m3[39m,
    source: [32m'engine'[39m,
    fallbackUsed: [90mundefined[39m
  }
]
[GEN CONFIG TRACE] {
  mode: [32m'standard'[39m,
  operation: [90mundefined[39m,
  difficulty: [33m5[39m,
  totalSteps: [33m1[39m,
  answerChoices: [33m3[39m,
  table: [90mundefined[39m,
  skipSize: [90mundefined[39m,
  fullConfig: {
    learningMode: [32m'standard'[39m,
    totalSteps: [33m1[39m,
    targetNumber: [33m12[39m,
    targetFlex: [33m0[39m,
    rangeMin: [33m1[39m,
    rangeMax: [33m12[39m,
    answerChoices: [33m3[39m,
    difficultyLevel: [33m5[39m,
    phaseSequence: [ [36m[Object][39m ],
    opsEnabled: { [32m'+'[39m: [33mtrue[39m, [32m'-'[39m: [33mfalse[39m, [32m'ร—'[39m: [33mfalse[39m, [32m'รท'[39m: [33mfalse[39m },
    activeMode: [32m'normal'[39m,
    isMuted: [33mfalse[39m,
    timerOn: [33mfalse[39m,
    quickMindInterval: [33m10[39m,
    darkModeInterval: [33m10[39m,
    modifiersPerStep: [33m1[39m,
    enableVariables: [33mfalse[39m,
    stopwatchSkin: [32m'default'[39m,
    progressionMode: [32m'adaptive'[39m,
    presentationMode: [32m'normal'[39m,
    scriptId: [32m'circuit-climb'[39m
  }
}
[Telemetry][VT:0] GENERATOR_START { startNumber: [33m11[39m, mode: [32m'standard'[39m }
[Telemetry][VT:0] GENERATOR_STEP_CREATED { stepIndex: [33m0[39m, startNumber: [33m11[39m, answer: [33m12[39m }
[STEP TRACE] [
  {
    i: [33m0[39m,
    startNumber: [33m11[39m,
    value: [33m1[39m,
    operation: [32m'+'[39m,
    correctAnswer: [33m12[39m,
    distractors: [ [33m11[39m, [33m12[39m, [33m14[39m ],
    distractorCount: [33m3[39m,
    source: [32m'engine'[39m,
    fallbackUsed: [90mundefined[39m
  }
]
[GEN CONFIG TRACE] {
  mode: [32m'standard'[39m,
  operation: [90mundefined[39m,
  difficulty: [33m5[39m,
  totalSteps: [33m1[39m,
  answerChoices: [33m3[39m,
  table: [90mundefined[39m,
  skipSize: [90mundefined[39m,
  fullConfig: {
    learningMode: [32m'standard'[39m,
    totalSteps: [33m1[39m,
    targetNumber: [33m12[39m,
    targetFlex: [33m0[39m,
    rangeMin: [33m1[39m,
    rangeMax: [33m12[39m,
    answerChoices: [33m3[39m,
    difficultyLevel: [33m5[39m,
    phaseSequence: [ [36m[Object][39m ],
    opsEnabled: { [32m'+'[39m: [33mtrue[39m, [32m'-'[39m: [33mfalse[39m, [32m'ร—'[39m: [33mfalse[39m, [32m'รท'[39m: [33mfalse[39m },
    activeMode: [32m'normal'[39m,
    isMuted: [33mfalse[39m,
    timerOn: [33mfalse[39m,
    quickMindInterval: [33m10[39m,
    darkModeInterval: [33m10[39m,
    modifiersPerStep: [33m1[39m,
    enableVariables: [33mfalse[39m,
    stopwatchSkin: [32m'default'[39m,
    progressionMode: [32m'adaptive'[39m,
    presentationMode: [32m'normal'[39m,
    scriptId: [32m'circuit-climb'[39m
  }
}
[Telemetry][VT:0] GENERATOR_START { startNumber: [33m1[39m, mode: [32m'standard'[39m }
[Telemetry][VT:0] GENERATOR_STEP_CREATED { stepIndex: [33m0[39m, startNumber: [33m1[39m, answer: [33m3[39m }
[STEP TRACE] [
  {
    i: [33m0[39m,
    startNumber: [33m1[39m,
    value: [33m2[39m,
    operation: [32m'+'[39m,
    correctAnswer: [33m3[39m,
    distractors: [ [33m3[39m, [33m5[39m, [33m2[39m ],
    distractorCount: [33m3[39m,
    source: [32m'engine'[39m,
    fallbackUsed: [90mundefined[39m
  }
]
[GEN CONFIG TRACE] {
  mode: [32m'standard'[39m,
  operation: [90mundefined[39m,
  difficulty: [33m5[39m,
  totalSteps: [33m1[39m,
  answerChoices: [33m3[39m,
  table: [90mundefined[39m,
  skipSize: [90mundefined[39m,
  fullConfig: {
    learningMode: [32m'standard'[39m,
    totalSteps: [33m1[39m,
    targetNumber: [33m12[39m,
    targetFlex: [33m0[39m,
    rangeMin: [33m1[39m,
    rangeMax: [33m12[39m,
    answerChoices: [33m3[39m,
    difficultyLevel: [33m5[39m,
    phaseSequence: [ [36m[Object][39m ],
    opsEnabled: { [32m'+'[39m: [33mtrue[39m, [32m'-'[39m: [33mfalse[39m, [32m'ร—'[39m: [33mfalse[39m, [32m'รท'[39m: [33mfalse[39m },
    activeMode: [32m'normal'[39m,
    isMuted: [33mfalse[39m,
    timerOn: [33mfalse[39m,
    quickMindInterval: [33m10[39m,
    darkModeInterval: [33m10[39m,
    modifiersPerStep: [33m1[39m,
    enableVariables: [33mfalse[39m,
    stopwatchSkin: [32m'default'[39m,
    progressionMode: [32m'adaptive'[39m,
    presentationMode: [32m'normal'[39m,
    scriptId: [32m'circuit-climb'[39m
  }
}
[Telemetry][VT:0] GENERATOR_START { startNumber: [33m2[39m, mode: [32m'standard'[39m }
[Telemetry][VT:0] GENERATOR_STEP_CREATED { stepIndex: [33m0[39m, startNumber: [33m2[39m, answer: [33m9[39m }
[STEP TRACE] [
  {
    i: [33m0[39m,
    startNumber: [33m2[39m,
    value: [33m7[39m,
    operation: [32m'+'[39m,
    correctAnswer: [33m9[39m,
    distractors: [ [33m9[39m, [33m11[39m, [33m10[39m ],
    distractorCount: [33m3[39m,
    source: [32m'engine'[39m,
    fallbackUsed: [90mundefined[39m
  }
]
[GEN CONFIG TRACE] {
  mode: [32m'standard'[39m,
  operation: [90mundefined[39m,
  difficulty: [33m5[39m,
  totalSteps: [33m1[39m,
  answerChoices: [33m3[39m,
  table: [90mundefined[39m,
  skipSize: [90mundefined[39m,
  fullConfig: {
    learningMode: [32m'standard'[39m,
    totalSteps: [33m1[39m,
    targetNumber: [33m12[39m,
    targetFlex: [33m0[39m,
    rangeMin: [33m1[39m,
    rangeMax: [33m12[39m,
    answerChoices: [33m3[39m,
    difficultyLevel: [33m5[39m,
    phaseSequence: [ [36m[Object][39m ],
    opsEnabled: { [32m'+'[39m: [33mtrue[39m, [32m'-'[39m: [33mfalse[39m, [32m'ร—'[39m: [33mfalse[39m, [32m'รท'[39m: [33mfalse[39m },
    activeMode: [32m'normal'[39m,
    isMuted: [33mfalse[39m,
    timerOn: [33mfalse[39m,
    quickMindInterval: [33m10[39m,
    darkModeInterval: [33m10[39m,
    modifiersPerStep: [33m1[39m,
    enableVariables: [33mfalse[39m,
    stopwatchSkin: [32m'default'[39m,
    progressionMode: [32m'adaptive'[39m,
    presentationMode: [32m'normal'[39m,
    scriptId: [32m'circuit-climb'[39m
  }
}
[Telemetry][VT:0] GENERATOR_START { startNumber: [33m3[39m, mode: [32m'standard'[39m }
[Telemetry][VT:0] GENERATOR_STEP_CREATED { stepIndex: [33m0[39m, startNumber: [33m3[39m, answer: [33m6[39m }
[STEP TRACE] [
  {
    i: [33m0[39m,
    startNumber: [33m3[39m,
    value: [33m3[39m,
    operation: [32m'+'[39m,
    correctAnswer: [33m6[39m,
    distractors: [ [33m6[39m, [33m7[39m, [33m5[39m ],
    distractorCount: [33m3[39m,
    source: [32m'engine'[39m,
    fallbackUsed: [90mundefined[39m
  }
]
[GEN CONFIG TRACE] {
  mode: [32m'standard'[39m,
  operation: [90mundefined[39m,
  difficulty: [33m5[39m,
  totalSteps: [33m1[39m,
  answerChoices: [33m3[39m,
  table: [90mundefined[39m,
  skipSize: [90mundefined[39m,
  fullConfig: {
    learningMode: [32m'standard'[39m,
    totalSteps: [33m1[39m,
    targetNumber: [33m12[39m,
    targetFlex: [33m0[39m,
    rangeMin: [33m1[39m,
    rangeMax: [33m12[39m,
    answerChoices: [33m3[39m,
    difficultyLevel: [33m5[39m,
    phaseSequence: [ [36m[Object][39m ],
    opsEnabled: { [32m'+'[39m: [33mtrue[39m, [32m'-'[39m: [33mfalse[39m, [32m'ร—'[39m: [33mfalse[39m, [32m'รท'[39m: [33mfalse[39m },
    activeMode: [32m'normal'[39m,
    isMuted: [33mfalse[39m,
    timerOn: [33mfalse[39m,
    quickMindInterval: [33m10[39m,
    darkModeInterval: [33m10[39m,
    modifiersPerStep: [33m1[39m,
    enableVariables: [33mfalse[39m,
    stopwatchSkin: [32m'default'[39m,
    progressionMode: [32m'adaptive'[39m,
    presentationMode: [32m'normal'[39m,
    scriptId: [32m'circuit-climb'[39m
  }
}
[Telemetry][VT:0] GENERATOR_START { startNumber: [33m4[39m, mode: [32m'standard'[39m }
[Telemetry][VT:0] GENERATOR_STEP_CREATED { stepIndex: [33m0[39m, startNumber: [33m4[39m, answer: [33m11[39m }
[STEP TRACE] [
  {
    i: [33m0[39m,
    startNumber: [33m4[39m,
    value: [33m7[39m,
    operation: [32m'+'[39m,
    correctAnswer: [33m11[39m,
    distractors: [ [33m9[39m, [33m10[39m, [33m11[39m ],
    distractorCount: [33m3[39m,
    source: [32m'engine'[39m,
    fallbackUsed: [90mundefined[39m
  }
]
[GEN CONFIG TRACE] {
  mode: [32m'standard'[39m,
  operation: [90mundefined[39m,
  difficulty: [33m5[39m,
  totalSteps: [33m1[39m,
  answerChoices: [33m3[39m,
  table: [90mundefined[39m,
  skipSize: [90mundefined[39m,
  fullConfig: {
    learningMode: [32m'standard'[39m,
    totalSteps: [33m1[39m,
    targetNumber: [33m12[39m,
    targetFlex: [33m0[39m,
    rangeMin: [33m1[39m,
    rangeMax: [33m12[39m,
    answerChoices: [33m3[39m,
    difficultyLevel: [33m5[39m,
    phaseSequence: [ [36m[Object][39m ],
    opsEnabled: { [32m'+'[39m: [33mtrue[39m, [32m'-'[39m: [33mfalse[39m, [32m'ร—'[39m: [33mfalse[39m, [32m'รท'[39m: [33mfalse[39m },
    activeMode: [32m'normal'[39m,
    isMuted: [33mfalse[39m,
    timerOn: [33mfalse[39m,
    quickMindInterval: [33m10[39m,
    darkModeInterval: [33m10[39m,
    modifiersPerStep: [33m1[39m,
    enableVariables: [33mfalse[39m,
    stopwatchSkin: [32m'default'[39m,
    progressionMode: [32m'adaptive'[39m,
    presentationMode: [32m'normal'[39m,
    scriptId: [32m'circuit-climb'[39m
  }
}
[Telemetry][VT:0] GENERATOR_START { startNumber: [33m5[39m, mode: [32m'standard'[39m }
[Telemetry][VT:0] GENERATOR_STEP_CREATED { stepIndex: [33m0[39m, startNumber: [33m5[39m, answer: [33m8[39m }
[STEP TRACE] [
  {
    i: [33m0[39m,
    startNumber: [33m5[39m,
    value: [33m3[39m,
    operation: [32m'+'[39m,
    correctAnswer: [33m8[39m,
    distractors: [ [33m8[39m, [33m11[39m, [33m9[39m ],
    distractorCount: [33m3[39m,
    source: [32m'engine'[39m,
    fallbackUsed: [90mundefined[39m
  }
]
[GEN CONFIG TRACE] {
  mode: [32m'standard'[39m,
  operation: [90mundefined[39m,
  difficulty: [33m5[39m,
  totalSteps: [33m1[39m,
  answerChoices: [33m3[39m,
  table: [90mundefined[39m,
  skipSize: [90mundefined[39m,
  fullConfig: {
    learningMode: [32m'standard'[39m,
    totalSteps: [33m1[39m,
    targetNumber: [33m12[39m,
    targetFlex: [33m0[39m,
    rangeMin: [33m1[39m,
    rangeMax: [33m12[39m,
    answerChoices: [33m3[39m,
    difficultyLevel: [33m5[39m,
    phaseSequence: [ [36m[Object][39m ],
    opsEnabled: { [32m'+'[39m: [33mtrue[39m, [32m'-'[39m: [33mfalse[39m, [32m'ร—'[39m: [33mfalse[39m, [32m'รท'[39m: [33mfalse[39m },
    activeMode: [32m'normal'[39m,
    isMuted: [33mfalse[39m,
    timerOn: [33mfalse[39m,
    quickMindInterval: [33m10[39m,
    darkModeInterval: [33m10[39m,
    modifiersPerStep: [33m1[39m,
    enableVariables: [33mfalse[39m,
    stopwatchSkin: [32m'default'[39m,
    progressionMode: [32m'adaptive'[39m,
    presentationMode: [32m'normal'[39m,
    scriptId: [32m'circuit-climb'[39m
  }
}
[Telemetry][VT:0] GENERATOR_START { startNumber: [33m6[39m, mode: [32m'standard'[39m }
[Telemetry][VT:0] GENERATOR_STEP_CREATED { stepIndex: [33m0[39m, startNumber: [33m6[39m, answer: [33m8[39m }
[STEP TRACE] [
  {
    i: [33m0[39m,
    startNumber: [33m6[39m,
    value: [33m2[39m,
    operation: [32m'+'[39m,
    correctAnswer: [33m8[39m,
    distractors: [ [33m8[39m, [33m7[39m, [33m9[39m ],
    distractorCount: [33m3[39m,
    source: [32m'engine'[39m,
    fallbackUsed: [90mundefined[39m
  }
]
[GEN CONFIG TRACE] {
  mode: [32m'standard'[39m,
  operation: [90mundefined[39m,
  difficulty: [33m5[39m,
  totalSteps: [33m1[39m,
  answerChoices: [33m3[39m,
  table: [90mundefined[39m,
  skipSize: [90mundefined[39m,
  fullConfig: {
    learningMode: [32m'standard'[39m,
    totalSteps: [33m1[39m,
    targetNumber: [33m12[39m,
    targetFlex: [33m0[39m,
    rangeMin: [33m1[39m,
    rangeMax: [33m12[39m,
    answerChoices: [33m3[39m,
    difficultyLevel: [33m5[39m,
    phaseSequence: [ [36m[Object][39m ],
    opsEnabled: { [32m'+'[39m: [33mtrue[39m, [32m'-'[39m: [33mfalse[39m, [32m'ร—'[39m: [33mfalse[39m, [32m'รท'[39m: [33mfalse[39m },
    activeMode: [32m'normal'[39m,
    isMuted: [33mfalse[39m,
    timerOn: [33mfalse[39m,
    quickMindInterval: [33m10[39m,
    darkModeInterval: [33m10[39m,
    modifiersPerStep: [33m1[39m,
    enableVariables: [33mfalse[39m,
    stopwatchSkin: [32m'default'[39m,
    progressionMode: [32m'adaptive'[39m,
    presentationMode: [32m'normal'[39m,
    scriptId: [32m'circuit-climb'[39m
  }
}
[Telemetry][VT:0] GENERATOR_START { startNumber: [33m7[39m, mode: [32m'standard'[39m }
[Telemetry][VT:0] GENERATOR_STEP_CREATED { stepIndex: [33m0[39m, startNumber: [33m7[39m, answer: [33m10[39m }
[STEP TRACE] [
  {
    i: [33m0[39m,
    startNumber: [33m7[39m,
    value: [33m3[39m,
    operation: [32m'+'[39m,
    correctAnswer: [33m10[39m,
    distractors: [ [33m13[39m, [33m8[39m, [33m10[39m ],
    distractorCount: [33m3[39m,
    source: [32m'engine'[39m,
    fallbackUsed: [90mundefined[39m
  }
]
[GEN CONFIG TRACE] {
  mode: [32m'standard'[39m,
  operation: [90mundefined[39m,
  difficulty: [33m5[39m,
  totalSteps: [33m1[39m,
  answerChoices: [33m3[39m,
  table: [90mundefined[39m,
  skipSize: [90mundefined[39m,
  fullConfig: {
    learningMode: [32m'standard'[39m,
    totalSteps: [33m1[39m,
    targetNumber: [33m12[39m,
    targetFlex: [33m0[39m,
    rangeMin: [33m1[39m,
    rangeMax: [33m12[39m,
    answerChoices: [33m3[39m,
    difficultyLevel: [33m5[39m,
    phaseSequence: [ [36m[Object][39m ],
    opsEnabled: { [32m'+'[39m: [33mtrue[39m, [32m'-'[39m: [33mfalse[39m, [32m'ร—'[39m: [33mfalse[39m, [32m'รท'[39m: [33mfalse[39m },
    activeMode: [32m'normal'[39m,
    isMuted: [33mfalse[39m,
    timerOn: [33mfalse[39m,
    quickMindInterval: [33m10[39m,
    darkModeInterval: [33m10[39m,
    modifiersPerStep: [33m1[39m,
    enableVariables: [33mfalse[39m,
    stopwatchSkin: [32m'default'[39m,
    progressionMode: [32m'adaptive'[39m,
    presentationMode: [32m'normal'[39m,
    scriptId: [32m'circuit-climb'[39m
  }
}
[Telemetry][VT:0] GENERATOR_START { startNumber: [33m8[39m, mode: [32m'standard'[39m }
[Telemetry][VT:0] GENERATOR_STEP_CREATED { stepIndex: [33m0[39m, startNumber: [33m8[39m, answer: [33m9[39m }
[STEP TRACE] [
  {
    i: [33m0[39m,
    startNumber: [33m8[39m,
    value: [33m1[39m,
    operation: [32m'+'[39m,
    correctAnswer: [33m9[39m,
    distractors: [ [33m9[39m, [33m6[39m, [33m10[39m ],
    distractorCount: [33m3[39m,
    source: [32m'engine'[39m,
    fallbackUsed: [90mundefined[39m
  }
]
[GEN CONFIG TRACE] {
  mode: [32m'standard'[39m,
  operation: [90mundefined[39m,
  difficulty: [33m5[39m,
  totalSteps: [33m1[39m,
  answerChoices: [33m3[39m,
  table: [90mundefined[39m,
  skipSize: [90mundefined[39m,
  fullConfig: {
    learningMode: [32m'standard'[39m,
    totalSteps: [33m1[39m,
    targetNumber: [33m12[39m,
    targetFlex: [33m0[39m,
    rangeMin: [33m1[39m,
    rangeMax: [33m12[39m,
    answerChoices: [33m3[39m,
    difficultyLevel: [33m5[39m,
    phaseSequence: [ [36m[Object][39m ],
    opsEnabled: { [32m'+'[39m: [33mtrue[39m, [32m'-'[39m: [33mfalse[39m, [32m'ร—'[39m: [33mfalse[39m, [32m'รท'[39m: [33mfalse[39m },
    activeMode: [32m'normal'[39m,
    isMuted: [33mfalse[39m,
    timerOn: [33mfalse[39m,
    quickMindInterval: [33m10[39m,
    darkModeInterval: [33m10[39m,
    modifiersPerStep: [33m1[39m,
    enableVariables: [33mfalse[39m,
    stopwatchSkin: [32m'default'[39m,
    progressionMode: [32m'adaptive'[39m,
    presentationMode: [32m'normal'[39m,
    scriptId: [32m'circuit-climb'[39m
  }
}
[Telemetry][VT:0] GENERATOR_START { startNumber: [33m9[39m, mode: [32m'standard'[39m }
[Telemetry][VT:0] GENERATOR_STEP_CREATED { stepIndex: [33m0[39m, startNumber: [33m9[39m, answer: [33m12[39m }
[STEP TRACE] [
  {
    i: [33m0[39m,
    startNumber: [33m9[39m,
    value: [33m3[39m,
    operation: [32m'+'[39m,
    correctAnswer: [33m12[39m,
    distractors: [ [33m14[39m, [33m12[39m, [33m9[39m ],
    distractorCount: [33m3[39m,
    source: [32m'engine'[39m,
    fallbackUsed: [90mundefined[39m
  }
]
[GEN CONFIG TRACE] {
  mode: [32m'standard'[39m,
  operation: [90mundefined[39m,
  difficulty: [33m5[39m,
  totalSteps: [33m1[39m,
  answerChoices: [33m3[39m,
  table: [90mundefined[39m,
  skipSize: [90mundefined[39m,
  fullConfig: {
    learningMode: [32m'standard'[39m,
    totalSteps: [33m1[39m,
    targetNumber: [33m12[39m,
    targetFlex: [33m0[39m,
    rangeMin: [33m1[39m,
    rangeMax: [33m12[39m,
    answerChoices: [33m3[39m,
    difficultyLevel: [33m5[39m,
    phaseSequence: [ [36m[Object][39m ],
    opsEnabled: { [32m'+'[39m: [33mtrue[39m, [32m'-'[39m: [33mfalse[39m, [32m'ร—'[39m: [33mfalse[39m, [32m'รท'[39m: [33mfalse[39m },
    activeMode: [32m'normal'[39m,
    isMuted: [33mfalse[39m,
    timerOn: [33mfalse[39m,
    quickMindInterval: [33m10[39m,
    darkModeInterval: [33m10[39m,
    modifiersPerStep: [33m1[39m,
    enableVariables: [33mfalse[39m,
    stopwatchSkin: [32m'default'[39m,
    progressionMode: [32m'adaptive'[39m,
    presentationMode: [32m'normal'[39m,
    scriptId: [32m'circuit-climb'[39m
  }
}
[Telemetry][VT:0] GENERATOR_START { startNumber: [33m10[39m, mode: [32m'standard'[39m }
[Telemetry][VT:0] GENERATOR_STEP_CREATED { stepIndex: [33m0[39m, startNumber: [33m10[39m, answer: [33m12[39m }
[STEP TRACE] [
  {
    i: [33m0[39m,
    startNumber: [33m10[39m,
    value: [33m2[39m,
    operation: [32m'+'[39m,
    correctAnswer: [33m12[39m,
    distractors: [ [33m12[39m, [33m10[39m, [33m11[39m ],
    distractorCount: [33m3[39m,
    source: [32m'engine'[39m,
    fallbackUsed: [90mundefined[39m
  }
]
[GEN CONFIG TRACE] {
  mode: [32m'standard'[39m,
  operation: [90mundefined[39m,
  difficulty: [33m5[39m,
  totalSteps: [33m1[39m,
  answerChoices: [33m3[39m,
  table: [90mundefined[39m,
  skipSize: [90mundefined[39m,
  fullConfig: {
    learningMode: [32m'standard'[39m,
    totalSteps: [33m1[39m,
    targetNumber: [33m12[39m,
    targetFlex: [33m0[39m,
    rangeMin: [33m1[39m,
    rangeMax: [33m12[39m,
    answerChoices: [33m3[39m,
    difficultyLevel: [33m5[39m,
    phaseSequence: [ [36m[Object][39m ],
    opsEnabled: { [32m'+'[39m: [33mtrue[39m, [32m'-'[39m: [33mfalse[39m, [32m'ร—'[39m: [33mfalse[39m, [32m'รท'[39m: [33mfalse[39m },
    activeMode: [32m'normal'[39m,
    isMuted: [33mfalse[39m,
    timerOn: [33mfalse[39m,
    quickMindInterval: [33m10[39m,
    darkModeInterval: [33m10[39m,
    modifiersPerStep: [33m1[39m,
    enableVariables: [33mfalse[39m,
    stopwatchSkin: [32m'default'[39m,
    progressionMode: [32m'adaptive'[39m,
    presentationMode: [32m'normal'[39m,
    scriptId: [32m'circuit-climb'[39m
  }
}
[Telemetry][VT:0] GENERATOR_START { startNumber: [33m11[39m, mode: [32m'standard'[39m }
[Telemetry][VT:0] GENERATOR_STEP_CREATED { stepIndex: [33m0[39m, startNumber: [33m11[39m, answer: [33m12[39m }
[STEP TRACE] [
  {
    i: [33m0[39m,
    startNumber: [33m11[39m,
    value: [33m1[39m,
    operation: [32m'+'[39m,
    correctAnswer: [33m12[39m,
    distractors: [ [33m12[39m, [33m15[39m, [33m13[39m ],
    distractorCount: [33m3[39m,
    source: [32m'engine'[39m,
    fallbackUsed: [90mundefined[39m
  }
]
[GEN CONFIG TRACE] {
  mode: [32m'standard'[39m,
  operation: [90mundefined[39m,
  difficulty: [33m5[39m,
  totalSteps: [33m1[39m,
  answerChoices: [33m3[39m,
  table: [90mundefined[39m,
  skipSize: [90mundefined[39m,
  fullConfig: {
    learningMode: [32m'standard'[39m,
    totalSteps: [33m1[39m,
    targetNumber: [33m12[39m,
    targetFlex: [33m0[39m,
    rangeMin: [33m1[39m,
    rangeMax: [33m12[39m,
    answerChoices: [33m3[39m,
    difficultyLevel: [33m5[39m,
    phaseSequence: [ [36m[Object][39m ],
    opsEnabled: { [32m'+'[39m: [33mtrue[39m, [32m'-'[39m: [33mfalse[39m, [32m'ร—'[39m: [33mfalse[39m, [32m'รท'[39m: [33mfalse[39m },
    activeMode: [32m'normal'[39m,
    isMuted: [33mfalse[39m,
    timerOn: [33mfalse[39m,
    quickMindInterval: [33m10[39m,
    darkModeInterval: [33m10[39m,
    modifiersPerStep: [33m1[39m,
    enableVariables: [33mfalse[39m,
    stopwatchSkin: [32m'default'[39m,
    progressionMode: [32m'adaptive'[39m,
    presentationMode: [32m'normal'[39m,
    scriptId: [32m'circuit-climb'[39m
  }
}
[Telemetry][VT:0] GENERATOR_START { startNumber: [33m1[39m, mode: [32m'standard'[39m }
[Telemetry][VT:0] GENERATOR_STEP_CREATED { stepIndex: [33m0[39m, startNumber: [33m1[39m, answer: [33m3[39m }
[STEP TRACE] [
  {
    i: [33m0[39m,
    startNumber: [33m1[39m,
    value: [33m2[39m,
    operation: [32m'+'[39m,
    correctAnswer: [33m3[39m,
    distractors: [ [33m1[39m, [33m3[39m, [33m2[39m ],
    distractorCount: [33m3[39m,
    source: [32m'engine'[39m,
    fallbackUsed: [90mundefined[39m
  }
]
[GEN CONFIG TRACE] {
  mode: [32m'standard'[39m,
  operation: [90mundefined[39m,
  difficulty: [33m5[39m,
  totalSteps: [33m1[39m,
  answerChoices: [33m3[39m,
  table: [90mundefined[39m,
  skipSize: [90mundefined[39m,
  fullConfig: {
    learningMode: [32m'standard'[39m,
    totalSteps: [33m1[39m,
    targetNumber: [33m12[39m,
    targetFlex: [33m0[39m,
    rangeMin: [33m1[39m,
    rangeMax: [33m12[39m,
    answerChoices: [33m3[39m,
    difficultyLevel: [33m5[39m,
    phaseSequence: [ [36m[Object][39m ],
    opsEnabled: { [32m'+'[39m: [33mtrue[39m, [32m'-'[39m: [33mfalse[39m, [32m'ร—'[39m: [33mfalse[39m, [32m'รท'[39m: [33mfalse[39m },
    activeMode: [32m'normal'[39m,
    isMuted: [33mfalse[39m,
    timerOn: [33mfalse[39m,
    quickMindInterval: [33m10[39m,
    darkModeInterval: [33m10[39m,
    modifiersPerStep: [33m1[39m,
    enableVariables: [33mfalse[39m,
    stopwatchSkin: [32m'default'[39m,
    progressionMode: [32m'adaptive'[39m,
    presentationMode: [32m'normal'[39m,
    scriptId: [32m'circuit-climb'[39m
  }
}
[Telemetry][VT:0] GENERATOR_START { startNumber: [33m2[39m, mode: [32m'standard'[39m }
[Telemetry][VT:0] GENERATOR_STEP_CREATED { stepIndex: [33m0[39m, startNumber: [33m2[39m, answer: [33m5[39m }
[STEP TRACE] [
  {
    i: [33m0[39m,
    startNumber: [33m2[39m,
    value: [33m3[39m,
    operation: [32m'+'[39m,
    correctAnswer: [33m5[39m,
    distractors: [ [33m8[39m, [33m2[39m, [33m5[39m ],
    distractorCount: [33m3[39m,
    source: [32m'engine'[39m,
    fallbackUsed: [90mundefined[39m
  }
]
[GEN CONFIG TRACE] {
  mode: [32m'standard'[39m,
  operation: [90mundefined[39m,
  difficulty: [33m5[39m,
  totalSteps: [33m1[39m,
  answerChoices: [33m3[39m,
  table: [90mundefined[39m,
  skipSize: [90mundefined[39m,
  fullConfig: {
    learningMode: [32m'standard'[39m,
    totalSteps: [33m1[39m,
    targetNumber: [33m12[39m,
    targetFlex: [33m0[39m,
    rangeMin: [33m1[39m,
    rangeMax: [33m12[39m,
    answerChoices: [33m3[39m,
    difficultyLevel: [33m5[39m,
    phaseSequence: [ [36m[Object][39m ],
    opsEnabled: { [32m'+'[39m: [33mtrue[39m, [32m'-'[39m: [33mfalse[39m, [32m'ร—'[39m: [33mfalse[39m, [32m'รท'[39m: [33mfalse[39m },
    activeMode: [32m'normal'[39m,
    isMuted: [33mfalse[39m,
    timerOn: [33mfalse[39m,
    quickMindInterval: [33m10[39m,
    darkModeInterval: [33m10[39m,
    modifiersPerStep: [33m1[39m,
    enableVariables: [33mfalse[39m,
    stopwatchSkin: [32m'default'[39m,
    progressionMode: [32m'adaptive'[39m,
    presentationMode: [32m'normal'[39m,
    scriptId: [32m'circuit-climb'[39m
  }
}
[Telemetry][VT:0] GENERATOR_START { startNumber: [33m3[39m, mode: [32m'standard'[39m }
[Telemetry][VT:0] GENERATOR_STEP_CREATED { stepIndex: [33m0[39m, startNumber: [33m3[39m, answer: [33m6[39m }
[STEP TRACE] [
  {
    i: [33m0[39m,
    startNumber: [33m3[39m,
    value: [33m3[39m,
    operation: [32m'+'[39m,
    correctAnswer: [33m6[39m,
    distractors: [ [33m4[39m, [33m6[39m, [33m9[39m ],
    distractorCount: [33m3[39m,
    source: [32m'engine'[39m,
    fallbackUsed: [90mundefined[39m
  }
]
[GEN CONFIG TRACE] {
  mode: [32m'standard'[39m,
  operation: [90mundefined[39m,
  difficulty: [33m5[39m,
  totalSteps: [33m1[39m,
  answerChoices: [33m3[39m,
  table: [90mundefined[39m,
  skipSize: [90mundefined[39m,
  fullConfig: {
    learningMode: [32m'standard'[39m,
    totalSteps: [33m1[39m,
    targetNumber: [33m12[39m,
    targetFlex: [33m0[39m,
    rangeMin: [33m1[39m,
    rangeMax: [33m12[39m,
    answerChoices: [33m3[39m,
    difficultyLevel: [33m5[39m,
    phaseSequence: [ [36m[Object][39m ],
    opsEnabled: { [32m'+'[39m: [33mtrue[39m, [32m'-'[39m: [33mfalse[39m, [32m'ร—'[39m: [33mfalse[39m, [32m'รท'[39m: [33mfalse[39m },
    activeMode: [32m'normal'[39m,
    isMuted: [33mfalse[39m,
    timerOn: [33mfalse[39m,
    quickMindInterval: [33m10[39m,
    darkModeInterval: [33m10[39m,
    modifiersPerStep: [33m1[39m,
    enableVariables: [33mfalse[39m,
    stopwatchSkin: [32m'default'[39m,
    progressionMode: [32m'adaptive'[39m,
    presentationMode: [32m'normal'[39m,
    scriptId: [32m'circuit-climb'[39m
  }
}
[Telemetry][VT:0] GENERATOR_START { startNumber: [33m4[39m, mode: [32m'standard'[39m }
[Telemetry][VT:0] GENERATOR_STEP_CREATED { stepIndex: [33m0[39m, startNumber: [33m4[39m, answer: [33m7[39m }
[STEP TRACE] [
  {
    i: [33m0[39m,
    startNumber: [33m4[39m,
    value: [33m3[39m,
    operation: [32m'+'[39m,
    correctAnswer: [33m7[39m,
    distractors: [ [33m7[39m, [33m5[39m, [33m8[39m ],
    distractorCount: [33m3[39m,
    source: [32m'engine'[39m,
    fallbackUsed: [90mundefined[39m
  }
]
[GEN CONFIG TRACE] {
  mode: [32m'standard'[39m,
  operation: [90mundefined[39m,
  difficulty: [33m5[39m,
  totalSteps: [33m1[39m,
  answerChoices: [33m3[39m,
  table: [90mundefined[39m,
  skipSize: [90mundefined[39m,
  fullConfig: {
    learningMode: [32m'standard'[39m,
    totalSteps: [33m1[39m,
    targetNumber: [33m12[39m,
    targetFlex: [33m0[39m,
    rangeMin: [33m1[39m,
    rangeMax: [33m12[39m,
    answerChoices: [33m3[39m,
    difficultyLevel: [33m5[39m,
    phaseSequence: [ [36m[Object][39m ],
    opsEnabled: { [32m'+'[39m: [33mtrue[39m, [32m'-'[39m: [33mfalse[39m, [32m'ร—'[39m: [33mfalse[39m, [32m'รท'[39m: [33mfalse[39m },
    activeMode: [32m'normal'[39m,
    isMuted: [33mfalse[39m,
    timerOn: [33mfalse[39m,
    quickMindInterval: [33m10[39m,
    darkModeInterval: [33m10[39m,
    modifiersPerStep: [33m1[39m,
    enableVariables: [33mfalse[39m,
    stopwatchSkin: [32m'default'[39m,
    progressionMode: [32m'adaptive'[39m,
    presentationMode: [32m'normal'[39m,
    scriptId: [32m'circuit-climb'[39m
  }
}
[Telemetry][VT:0] GENERATOR_START { startNumber: [33m5[39m, mode: [32m'standard'[39m }
[Telemetry][VT:0] GENERATOR_STEP_CREATED { stepIndex: [33m0[39m, startNumber: [33m5[39m, answer: [33m10[39m }
[STEP TRACE] [
  {
    i: [33m0[39m,
    startNumber: [33m5[39m,
    value: [33m5[39m,
    operation: [32m'+'[39m,
    correctAnswer: [33m10[39m,
    distractors: [ [33m9[39m, [33m13[39m, [33m10[39m ],
    distractorCount: [33m3[39m,
    source: [32m'engine'[39m,
    fallbackUsed: [90mundefined[39m
  }
]
[GEN CONFIG TRACE] {
  mode: [32m'standard'[39m,
  operation: [90mundefined[39m,
  difficulty: [33m5[39m,
  totalSteps: [33m1[39m,
  answerChoices: [33m3[39m,
  table: [90mundefined[39m,
  skipSize: [90mundefined[39m,
  fullConfig: {
    learningMode: [32m'standard'[39m,
    totalSteps: [33m1[39m,
    targetNumber: [33m12[39m,
    targetFlex: [33m0[39m,
    rangeMin: [33m1[39m,
    rangeMax: [33m12[39m,
    answerChoices: [33m3[39m,
    difficultyLevel: [33m5[39m,
    phaseSequence: [ [36m[Object][39m ],
    opsEnabled: { [32m'+'[39m: [33mtrue[39m, [32m'-'[39m: [33mfalse[39m, [32m'ร—'[39m: [33mfalse[39m, [32m'รท'[39m: [33mfalse[39m },
    activeMode: [32m'normal'[39m,
    isMuted: [33mfalse[39m,
    timerOn: [33mfalse[39m,
    quickMindInterval: [33m10[39m,
    darkModeInterval: [33m10[39m,
    modifiersPerStep: [33m1[39m,
    enableVariables: [33mfalse[39m,
    stopwatchSkin: [32m'default'[39m,
    progressionMode: [32m'adaptive'[39m,
    presentationMode: [32m'normal'[39m,
    scriptId: [32m'circuit-climb'[39m
  }
}
[Telemetry][VT:0] GENERATOR_START { startNumber: [33m6[39m, mode: [32m'standard'[39m }
[Telemetry][VT:0] GENERATOR_STEP_CREATED { stepIndex: [33m0[39m, startNumber: [33m6[39m, answer: [33m7[39m }
[STEP TRACE] [
  {
    i: [33m0[39m,
    startNumber: [33m6[39m,
    value: [33m1[39m,
    operation: [32m'+'[39m,
    correctAnswer: [33m7[39m,
    distractors: [ [33m4[39m, [33m7[39m, [33m6[39m ],
    distractorCount: [33m3[39m,
    source: [32m'engine'[39m,
    fallbackUsed: [90mundefined[39m
  }
]
[GEN CONFIG TRACE] {
  mode: [32m'standard'[39m,
  operation: [90mundefined[39m,
  difficulty: [33m5[39m,
  totalSteps: [33m1[39m,
  answerChoices: [33m3[39m,
  table: [90mundefined[39m,
  skipSize: [90mundefined[39m,
  fullConfig: {
    learningMode: [32m'standard'[39m,
    totalSteps: [33m1[39m,
    targetNumber: [33m12[39m,
    targetFlex: [33m0[39m,
    rangeMin: [33m1[39m,
    rangeMax: [33m12[39m,
    answerChoices: [33m3[39m,
    difficultyLevel: [33m5[39m,
    phaseSequence: [ [36m[Object][39m ],
    opsEnabled: { [32m'+'[39m: [33mtrue[39m, [32m'-'[39m: [33mfalse[39m, [32m'ร—'[39m: [33mfalse[39m, [32m'รท'[39m: [33mfalse[39m },
    activeMode: [32m'normal'[39m,
    isMuted: [33mfalse[39m,
    timerOn: [33mfalse[39m,
    quickMindInterval: [33m10[39m,
    darkModeInterval: [33m10[39m,
    modifiersPerStep: [33m1[39m,
    enableVariables: [33mfalse[39m,
    stopwatchSkin: [32m'default'[39m,
    progressionMode: [32m'adaptive'[39m,
    presentationMode: [32m'normal'[39m,
    scriptId: [32m'circuit-climb'[39m
  }
}
[Telemetry][VT:0] GENERATOR_START { startNumber: [33m7[39m, mode: [32m'standard'[39m }
[Telemetry][VT:0] GENERATOR_STEP_CREATED { stepIndex: [33m0[39m, startNumber: [33m7[39m, answer: [33m9[39m }
[STEP TRACE] [
  {
    i: [33m0[39m,
    startNumber: [33m7[39m,
    value: [33m2[39m,
    operation: [32m'+'[39m,
    correctAnswer: [33m9[39m,
    distractors: [ [33m9[39m, [33m11[39m, [33m6[39m ],
    distractorCount: [33m3[39m,
    source: [32m'engine'[39m,
    fallbackUsed: [90mundefined[39m
  }
]
[GEN CONFIG TRACE] {
  mode: [32m'standard'[39m,
  operation: [90mundefined[39m,
  difficulty: [33m5[39m,
  totalSteps: [33m1[39m,
  answerChoices: [33m3[39m,
  table: [90mundefined[39m,
  skipSize: [90mundefined[39m,
  fullConfig: {
    learningMode: [32m'standard'[39m,
    totalSteps: [33m1[39m,
    targetNumber: [33m12[39m,
    targetFlex: [33m0[39m,
    rangeMin: [33m1[39m,
    rangeMax: [33m12[39m,
    answerChoices: [33m3[39m,
    difficultyLevel: [33m5[39m,
    phaseSequence: [ [36m[Object][39m ],
    opsEnabled: { [32m'+'[39m: [33mtrue[39m, [32m'-'[39m: [33mfalse[39m, [32m'ร—'[39m: [33mfalse[39m, [32m'รท'[39m: [33mfalse[39m },
    activeMode: [32m'normal'[39m,
    isMuted: [33mfalse[39m,
    timerOn: [33mfalse[39m,
    quickMindInterval: [33m10[39m,
    darkModeInterval: [33m10[39m,
    modifiersPerStep: [33m1[39m,
    enableVariables: [33mfalse[39m,
    stopwatchSkin: [32m'default'[39m,
    progressionMode: [32m'adaptive'[39m,
    presentationMode: [32m'normal'[39m,
    scriptId: [32m'circuit-climb'[39m
  }
}
[Telemetry][VT:0] GENERATOR_START { startNumber: [33m8[39m, mode: [32m'standard'[39m }
[Telemetry][VT:0] GENERATOR_STEP_CREATED { stepIndex: [33m0[39m, startNumber: [33m8[39m, answer: [33m11[39m }
[STEP TRACE] [
  {
    i: [33m0[39m,
    startNumber: [33m8[39m,
    value: [33m3[39m,
    operation: [32m'+'[39m,
    correctAnswer: [33m11[39m,
    distractors: [ [33m9[39m, [33m12[39m, [33m11[39m ],
    distractorCount: [33m3[39m,
    source: [32m'engine'[39m,
    fallbackUsed: [90mundefined[39m
  }
]
[GEN CONFIG TRACE] {
  mode: [32m'standard'[39m,
  operation: [90mundefined[39m,
  difficulty: [33m5[39m,
  totalSteps: [33m1[39m,
  answerChoices: [33m3[39m,
  table: [90mundefined[39m,
  skipSize: [90mundefined[39m,
  fullConfig: {
    learningMode: [32m'standard'[39m,
    totalSteps: [33m1[39m,
    targetNumber: [33m12[39m,
    targetFlex: [33m0[39m,
    rangeMin: [33m1[39m,
    rangeMax: [33m12[39m,
    answerChoices: [33m3[39m,
    difficultyLevel: [33m5[39m,
    phaseSequence: [ [36m[Object][39m ],
    opsEnabled: { [32m'+'[39m: [33mtrue[39m, [32m'-'[39m: [33mfalse[39m, [32m'ร—'[39m: [33mfalse[39m, [32m'รท'[39m: [33mfalse[39m },
    activeMode: [32m'normal'[39m,
    isMuted: [33mfalse[39m,
    timerOn: [33mfalse[39m,
    quickMindInterval: [33m10[39m,
    darkModeInterval: [33m10[39m,
    modifiersPerStep: [33m1[39m,
    enableVariables: [33mfalse[39m,
    stopwatchSkin: [32m'default'[39m,
    progressionMode: [32m'adaptive'[39m,
    presentationMode: [32m'normal'[39m,
    scriptId: [32m'circuit-climb'[39m
  }
}
[Telemetry][VT:0] GENERATOR_START { startNumber: [33m9[39m, mode: [32m'standard'[39m }
[Telemetry][VT:0] GENERATOR_STEP_CREATED { stepIndex: [33m0[39m, startNumber: [33m9[39m, answer: [33m12[39m }
[STEP TRACE] [
  {
    i: [33m0[39m,
    startNumber: [33m9[39m,
    value: [33m3[39m,
    operation: [32m'+'[39m,
    correctAnswer: [33m12[39m,
    distractors: [ [33m14[39m, [33m9[39m, [33m12[39m ],
    distractorCount: [33m3[39m,
    source: [32m'engine'[39m,
    fallbackUsed: [90mundefined[39m
  }
]
[GEN CONFIG TRACE] {
  mode: [32m'standard'[39m,
  operation: [90mundefined[39m,
  difficulty: [33m5[39m,
  totalSteps: [33m1[39m,
  answerChoices: [33m3[39m,
  table: [90mundefined[39m,
  skipSize: [90mundefined[39m,
  fullConfig: {
    learningMode: [32m'standard'[39m,
    totalSteps: [33m1[39m,
    targetNumber: [33m12[39m,
    targetFlex: [33m0[39m,
    rangeMin: [33m1[39m,
    rangeMax: [33m12[39m,
    answerChoices: [33m3[39m,
    difficultyLevel: [33m5[39m,
    phaseSequence: [ [36m[Object][39m ],
    opsEnabled: { [32m'+'[39m: [33mtrue[39m, [32m'-'[39m: [33mfalse[39m, [32m'ร—'[39m: [33mfalse[39m, [32m'รท'[39m: [33mfalse[39m },
    activeMode: [32m'normal'[39m,
    isMuted: [33mfalse[39m,
    timerOn: [33mfalse[39m,
    quickMindInterval: [33m10[39m,
    darkModeInterval: [33m10[39m,
    modifiersPerStep: [33m1[39m,
    enableVariables: [33mfalse[39m,
    stopwatchSkin: [32m'default'[39m,
    progressionMode: [32m'adaptive'[39m,
    presentationMode: [32m'normal'[39m,
    scriptId: [32m'circuit-climb'[39m
  }
}
[Telemetry][VT:0] GENERATOR_START { startNumber: [33m10[39m, mode: [32m'standard'[39m }
[Telemetry][VT:0] GENERATOR_STEP_CREATED { stepIndex: [33m0[39m, startNumber: [33m10[39m, answer: [33m11[39m }
[STEP TRACE] [
  {
    i: [33m0[39m,
    startNumber: [33m10[39m,
    value: [33m1[39m,
    operation: [32m'+'[39m,
    correctAnswer: [33m11[39m,
    distractors: [ [33m10[39m, [33m11[39m, [33m8[39m ],
    distractorCount: [33m3[39m,
    source: [32m'engine'[39m,
    fallbackUsed: [90mundefined[39m
  }
]
[GEN CONFIG TRACE] {
  mode: [32m'standard'[39m,
  operation: [90mundefined[39m,
  difficulty: [33m5[39m,
  totalSteps: [33m1[39m,
  answerChoices: [33m3[39m,
  table: [90mundefined[39m,
  skipSize: [90mundefined[39m,
  fullConfig: {
    learningMode: [32m'standard'[39m,
    totalSteps: [33m1[39m,
    targetNumber: [33m12[39m,
    targetFlex: [33m0[39m,
    rangeMin: [33m1[39m,
    rangeMax: [33m12[39m,
    answerChoices: [33m3[39m,
    difficultyLevel: [33m5[39m,
    phaseSequence: [ [36m[Object][39m ],
    opsEnabled: { [32m'+'[39m: [33mtrue[39m, [32m'-'[39m: [33mfalse[39m, [32m'ร—'[39m: [33mfalse[39m, [32m'รท'[39m: [33mfalse[39m },
    activeMode: [32m'normal'[39m,
    isMuted: [33mfalse[39m,
    timerOn: [33mfalse[39m,
    quickMindInterval: [33m10[39m,
    darkModeInterval: [33m10[39m,
    modifiersPerStep: [33m1[39m,
    enableVariables: [33mfalse[39m,
    stopwatchSkin: [32m'default'[39m,
    progressionMode: [32m'adaptive'[39m,
    presentationMode: [32m'normal'[39m,
    scriptId: [32m'circuit-climb'[39m
  }
}
[Telemetry][VT:0] GENERATOR_START { startNumber: [33m11[39m, mode: [32m'standard'[39m }
[Telemetry][VT:0] GENERATOR_STEP_CREATED { stepIndex: [33m0[39m, startNumber: [33m11[39m, answer: [33m12[39m }
[STEP TRACE] [
  {
    i: [33m0[39m,
    startNumber: [33m11[39m,
    value: [33m1[39m,
    operation: [32m'+'[39m,
    correctAnswer: [33m12[39m,
    distractors: [ [33m10[39m, [33m14[39m, [33m12[39m ],
    distractorCount: [33m3[39m,
    source: [32m'engine'[39m,
    fallbackUsed: [90mundefined[39m
  }
]
[GEN CONFIG TRACE] {
  mode: [32m'standard'[39m,
  operation: [90mundefined[39m,
  difficulty: [33m5[39m,
  totalSteps: [33m1[39m,
  answerChoices: [33m3[39m,
  table: [90mundefined[39m,
  skipSize: [90mundefined[39m,
  fullConfig: {
    learningMode: [32m'standard'[39m,
    totalSteps: [33m1[39m,
    targetNumber: [33m12[39m,
    targetFlex: [33m0[39m,
    rangeMin: [33m1[39m,
    rangeMax: [33m12[39m,
    answerChoices: [33m3[39m,
    difficultyLevel: [33m5[39m,
    phaseSequence: [ [36m[Object][39m ],
    opsEnabled: { [32m'+'[39m: [33mtrue[39m, [32m'-'[39m: [33mfalse[39m, [32m'ร—'[39m: [33mfalse[39m, [32m'รท'[39m: [33mfalse[39m },
    activeMode: [32m'normal'[39m,
    isMuted: [33mfalse[39m,
    timerOn: [33mfalse[39m,
    quickMindInterval: [33m10[39m,
    darkModeInterval: [33m10[39m,
    modifiersPerStep: [33m1[39m,
    enableVariables: [33mfalse[39m,
    stopwatchSkin: [32m'default'[39m,
    progressionMode: [32m'adaptive'[39m,
    presentationMode: [32m'normal'[39m,
    scriptId: [32m'circuit-climb'[39m
  }
}
[Telemetry][VT:0] GENERATOR_START { startNumber: [33m1[39m, mode: [32m'standard'[39m }
[Telemetry][VT:0] GENERATOR_STEP_CREATED { stepIndex: [33m0[39m, startNumber: [33m1[39m, answer: [33m12[39m }
[STEP TRACE] [
  {
    i: [33m0[39m,
    startNumber: [33m1[39m,
    value: [33m11[39m,
    operation: [32m'+'[39m,
    correctAnswer: [33m12[39m,
    distractors: [ [33m14[39m, [33m12[39m, [33m11[39m ],
    distractorCount: [33m3[39m,
    source: [32m'engine'[39m,
    fallbackUsed: [90mundefined[39m
  }
]
[GEN CONFIG TRACE] {
  mode: [32m'standard'[39m,
  operation: [90mundefined[39m,
  difficulty: [33m5[39m,
  totalSteps: [33m1[39m,
  answerChoices: [33m3[39m,
  table: [90mundefined[39m,
  skipSize: [90mundefined[39m,
  fullConfig: {
    learningMode: [32m'standard'[39m,
    totalSteps: [33m1[39m,
    targetNumber: [33m12[39m,
    targetFlex: [33m0[39m,
    rangeMin: [33m1[39m,
    rangeMax: [33m12[39m,
    answerChoices: [33m3[39m,
    difficultyLevel: [33m5[39m,
    phaseSequence: [ [36m[Object][39m ],
    opsEnabled: { [32m'+'[39m: [33mtrue[39m, [32m'-'[39m: [33mfalse[39m, [32m'ร—'[39m: [33mfalse[39m, [32m'รท'[39m: [33mfalse[39m },
    activeMode: [32m'normal'[39m,
    isMuted: [33mfalse[39m,
    timerOn: [33mfalse[39m,
    quickMindInterval: [33m10[39m,
    darkModeInterval: [33m10[39m,
    modifiersPerStep: [33m1[39m,
    enableVariables: [33mfalse[39m,
    stopwatchSkin: [32m'default'[39m,
    progressionMode: [32m'adaptive'[39m,
    presentationMode: [32m'normal'[39m,
    scriptId: [32m'circuit-climb'[39m
  }
}
[Telemetry][VT:0] GENERATOR_START { startNumber: [33m2[39m, mode: [32m'standard'[39m }
[Telemetry][VT:0] GENERATOR_STEP_CREATED { stepIndex: [33m0[39m, startNumber: [33m2[39m, answer: [33m7[39m }
[STEP TRACE] [
  {
    i: [33m0[39m,
    startNumber: [33m2[39m,
    value: [33m5[39m,
    operation: [32m'+'[39m,
    correctAnswer: [33m7[39m,
    distractors: [ [33m8[39m, [33m7[39m, [33m6[39m ],
    distractorCount: [33m3[39m,
    source: [32m'engine'[39m,
    fallbackUsed: [90mundefined[39m
  }
]
[GEN CONFIG TRACE] {
  mode: [32m'standard'[39m,
  operation: [90mundefined[39m,
  difficulty: [33m5[39m,
  totalSteps: [33m1[39m,
  answerChoices: [33m3[39m,
  table: [90mundefined[39m,
  skipSize: [90mundefined[39m,
  fullConfig: {
    learningMode: [32m'standard'[39m,
    totalSteps: [33m1[39m,
    targetNumber: [33m12[39m,
    targetFlex: [33m0[39m,
    rangeMin: [33m1[39m,
    rangeMax: [33m12[39m,
    answerChoices: [33m3[39m,
    difficultyLevel: [33m5[39m,
    phaseSequence: [ [36m[Object][39m ],
    opsEnabled: { [32m'+'[39m: [33mtrue[39m, [32m'-'[39m: [33mfalse[39m, [32m'ร—'[39m: [33mfalse[39m, [32m'รท'[39m: [33mfalse[39m },
    activeMode: [32m'normal'[39m,
    isMuted: [33mfalse[39m,
    timerOn: [33mfalse[39m,
    quickMindInterval: [33m10[39m,
    darkModeInterval: [33m10[39m,
    modifiersPerStep: [33m1[39m,
    enableVariables: [33mfalse[39m,
    stopwatchSkin: [32m'default'[39m,
    progressionMode: [32m'adaptive'[39m,
    presentationMode: [32m'normal'[39m,
    scriptId: [32m'circuit-climb'[39m
  }
}
[Telemetry][VT:0] GENERATOR_START { startNumber: [33m3[39m, mode: [32m'standard'[39m }
[Telemetry][VT:0] GENERATOR_STEP_CREATED { stepIndex: [33m0[39m, startNumber: [33m3[39m, answer: [33m11[39m }
[STEP TRACE] [
  {
    i: [33m0[39m,
    startNumber: [33m3[39m,
    value: [33m8[39m,
    operation: [32m'+'[39m,
    correctAnswer: [33m11[39m,
    distractors: [ [33m10[39m, [33m11[39m, [33m14[39m ],
    distractorCount: [33m3[39m,
    source: [32m'engine'[39m,
    fallbackUsed: [90mundefined[39m
  }
]
[GEN CONFIG TRACE] {
  mode: [32m'standard'[39m,
  operation: [90mundefined[39m,
  difficulty: [33m5[39m,
  totalSteps: [33m1[39m,
  answerChoices: [33m3[39m,
  table: [90mundefined[39m,
  skipSize: [90mundefined[39m,
  fullConfig: {
    learningMode: [32m'standard'[39m,
    totalSteps: [33m1[39m,
    targetNumber: [33m12[39m,
    targetFlex: [33m0[39m,
    rangeMin: [33m1[39m,
    rangeMax: [33m12[39m,
    answerChoices: [33m3[39m,
    difficultyLevel: [33m5[39m,
    phaseSequence: [ [36m[Object][39m ],
    opsEnabled: { [32m'+'[39m: [33mtrue[39m, [32m'-'[39m: [33mfalse[39m, [32m'ร—'[39m: [33mfalse[39m, [32m'รท'[39m: [33mfalse[39m },
    activeMode: [32m'normal'[39m,
    isMuted: [33mfalse[39m,
    timerOn: [33mfalse[39m,
    quickMindInterval: [33m10[39m,
    darkModeInterval: [33m10[39m,
    modifiersPerStep: [33m1[39m,
    enableVariables: [33mfalse[39m,
    stopwatchSkin: [32m'default'[39m,
    progressionMode: [32m'adaptive'[39m,
    presentationMode: [32m'normal'[39m,
    scriptId: [32m'circuit-climb'[39m
  }
}
[Telemetry][VT:0] GENERATOR_START { startNumber: [33m4[39m, mode: [32m'standard'[39m }
[Telemetry][VT:0] GENERATOR_STEP_CREATED { stepIndex: [33m0[39m, startNumber: [33m4[39m, answer: [33m7[39m }
[STEP TRACE] [
  {
    i: [33m0[39m,
    startNumber: [33m4[39m,
    value: [33m3[39m,
    operation: [32m'+'[39m,
    correctAnswer: [33m7[39m,
    distractors: [ [33m4[39m, [33m7[39m, [33m10[39m ],
    distractorCount: [33m3[39m,
    source: [32m'engine'[39m,
    fallbackUsed: [90mundefined[39m
  }
]
[GEN CONFIG TRACE] {
  mode: [32m'standard'[39m,
  operation: [90mundefined[39m,
  difficulty: [33m5[39m,
  totalSteps: [33m1[39m,
  answerChoices: [33m3[39m,
  table: [90mundefined[39m,
  skipSize: [90mundefined[39m,
  fullConfig: {
    learningMode: [32m'standard'[39m,
    totalSteps: [33m1[39m,
    targetNumber: [33m12[39m,
    targetFlex: [33m0[39m,
    rangeMin: [33m1[39m,
    rangeMax: [33m12[39m,
    answerChoices: [33m3[39m,
    difficultyLevel: [33m5[39m,
    phaseSequence: [ [36m[Object][39m ],
    opsEnabled: { [32m'+'[39m: [33mtrue[39m, [32m'-'[39m: [33mfalse[39m, [32m'ร—'[39m: [33mfalse[39m, [32m'รท'[39m: [33mfalse[39m },
    activeMode: [32m'normal'[39m,
    isMuted: [33mfalse[39m,
    timerOn: [33mfalse[39m,
    quickMindInterval: [33m10[39m,
    darkModeInterval: [33m10[39m,
    modifiersPerStep: [33m1[39m,
    enableVariables: [33mfalse[39m,
    stopwatchSkin: [32m'default'[39m,
    progressionMode: [32m'adaptive'[39m,
    presentationMode: [32m'normal'[39m,
    scriptId: [32m'circuit-climb'[39m
  }
}
[Telemetry][VT:0] GENERATOR_START { startNumber: [33m5[39m, mode: [32m'standard'[39m }
[Telemetry][VT:0] GENERATOR_STEP_CREATED { stepIndex: [33m0[39m, startNumber: [33m5[39m, answer: [33m8[39m }
[STEP TRACE] [
  {
    i: [33m0[39m,
    startNumber: [33m5[39m,
    value: [33m3[39m,
    operation: [32m'+'[39m,
    correctAnswer: [33m8[39m,
    distractors: [ [33m7[39m, [33m5[39m, [33m8[39m ],
    distractorCount: [33m3[39m,
    source: [32m'engine'[39m,
    fallbackUsed: [90mundefined[39m
  }
]
[GEN CONFIG TRACE] {
  mode: [32m'standard'[39m,
  operation: [90mundefined[39m,
  difficulty: [33m5[39m,
  totalSteps: [33m1[39m,
  answerChoices: [33m3[39m,
  table: [90mundefined[39m,
  skipSize: [90mundefined[39m,
  fullConfig: {
    learningMode: [32m'standard'[39m,
    totalSteps: [33m1[39m,
    targetNumber: [33m12[39m,
    targetFlex: [33m0[39m,
    rangeMin: [33m1[39m,
    rangeMax: [33m12[39m,
    answerChoices: [33m3[39m,
    difficultyLevel: [33m5[39m,
    phaseSequence: [ [36m[Object][39m ],
    opsEnabled: { [32m'+'[39m: [33mtrue[39m, [32m'-'[39m: [33mfalse[39m, [32m'ร—'[39m: [33mfalse[39m, [32m'รท'[39m: [33mfalse[39m },
    activeMode: [32m'normal'[39m,
    isMuted: [33mfalse[39m,
    timerOn: [33mfalse[39m,
    quickMindInterval: [33m10[39m,
    darkModeInterval: [33m10[39m,
    modifiersPerStep: [33m1[39m,
    enableVariables: [33mfalse[39m,
    stopwatchSkin: [32m'default'[39m,
    progressionMode: [32m'adaptive'[39m,
    presentationMode: [32m'normal'[39m,
    scriptId: [32m'circuit-climb'[39m
  }
}
[Telemetry][VT:0] GENERATOR_START { startNumber: [33m6[39m, mode: [32m'standard'[39m }
[Telemetry][VT:0] GENERATOR_STEP_CREATED { stepIndex: [33m0[39m, startNumber: [33m6[39m, answer: [33m10[39m }
[STEP TRACE] [
  {
    i: [33m0[39m,
    startNumber: [33m6[39m,
    value: [33m4[39m,
    operation: [32m'+'[39m,
    correctAnswer: [33m10[39m,
    distractors: [ [33m11[39m, [33m10[39m, [33m7[39m ],
    distractorCount: [33m3[39m,
    source: [32m'engine'[39m,
    fallbackUsed: [90mundefined[39m
  }
]
[GEN CONFIG TRACE] {
  mode: [32m'standard'[39m,
  operation: [90mundefined[39m,
  difficulty: [33m5[39m,
  totalSteps: [33m1[39m,
  answerChoices: [33m3[39m,
  table: [90mundefined[39m,
  skipSize: [90mundefined[39m,
  fullConfig: {
    learningMode: [32m'standard'[39m,
    totalSteps: [33m1[39m,
    targetNumber: [33m12[39m,
    targetFlex: [33m0[39m,
    rangeMin: [33m1[39m,
    rangeMax: [33m12[39m,
    answerChoices: [33m3[39m,
    difficultyLevel: [33m5[39m,
    phaseSequence: [ [36m[Object][39m ],
    opsEnabled: { [32m'+'[39m: [33mtrue[39m, [32m'-'[39m: [33mfalse[39m, [32m'ร—'[39m: [33mfalse[39m, [32m'รท'[39m: [33mfalse[39m },
    activeMode: [32m'normal'[39m,
    isMuted: [33mfalse[39m,
    timerOn: [33mfalse[39m,
    quickMindInterval: [33m10[39m,
    darkModeInterval: [33m10[39m,
    modifiersPerStep: [33m1[39m,
    enableVariables: [33mfalse[39m,
    stopwatchSkin: [32m'default'[39m,
    progressionMode: [32m'adaptive'[39m,
    presentationMode: [32m'normal'[39m,
    scriptId: [32m'circuit-climb'[39m
  }
}
[Telemetry][VT:0] GENERATOR_START { startNumber: [33m7[39m, mode: [32m'standard'[39m }
[Telemetry][VT:0] GENERATOR_STEP_CREATED { stepIndex: [33m0[39m, startNumber: [33m7[39m, answer: [33m11[39m }
[STEP TRACE] [
  {
    i: [33m0[39m,
    startNumber: [33m7[39m,
    value: [33m4[39m,
    operation: [32m'+'[39m,
    correctAnswer: [33m11[39m,
    distractors: [ [33m11[39m, [33m14[39m, [33m12[39m ],
    distractorCount: [33m3[39m,
    source: [32m'engine'[39m,
    fallbackUsed: [90mundefined[39m
  }
]
[GEN CONFIG TRACE] {
  mode: [32m'standard'[39m,
  operation: [90mundefined[39m,
  difficulty: [33m5[39m,
  totalSteps: [33m1[39m,
  answerChoices: [33m3[39m,
  table: [90mundefined[39m,
  skipSize: [90mundefined[39m,
  fullConfig: {
    learningMode: [32m'standard'[39m,
    totalSteps: [33m1[39m,
    targetNumber: [33m12[39m,
    targetFlex: [33m0[39m,
    rangeMin: [33m1[39m,
    rangeMax: [33m12[39m,
    answerChoices: [33m3[39m,
    difficultyLevel: [33m5[39m,
    phaseSequence: [ [36m[Object][39m ],
    opsEnabled: { [32m'+'[39m: [33mtrue[39m, [32m'-'[39m: [33mfalse[39m, [32m'ร—'[39m: [33mfalse[39m, [32m'รท'[39m: [33mfalse[39m },
    activeMode: [32m'normal'[39m,
    isMuted: [33mfalse[39m,
    timerOn: [33mfalse[39m,
    quickMindInterval: [33m10[39m,
    darkModeInterval: [33m10[39m,
    modifiersPerStep: [33m1[39m,
    enableVariables: [33mfalse[39m,
    stopwatchSkin: [32m'default'[39m,
    progressionMode: [32m'adaptive'[39m,
    presentationMode: [32m'normal'[39m,
    scriptId: [32m'circuit-climb'[39m
  }
}
[Telemetry][VT:0] GENERATOR_START { startNumber: [33m8[39m, mode: [32m'standard'[39m }
[Telemetry][VT:0] GENERATOR_STEP_CREATED { stepIndex: [33m0[39m, startNumber: [33m8[39m, answer: [33m12[39m }
[STEP TRACE] [
  {
    i: [33m0[39m,
    startNumber: [33m8[39m,
    value: [33m4[39m,
    operation: [32m'+'[39m,
    correctAnswer: [33m12[39m,
    distractors: [ [33m12[39m, [33m13[39m, [33m15[39m ],
    distractorCount: [33m3[39m,
    source: [32m'engine'[39m,
    fallbackUsed: [90mundefined[39m
  }
]
[GEN CONFIG TRACE] {
  mode: [32m'standard'[39m,
  operation: [90mundefined[39m,
  difficulty: [33m5[39m,
  totalSteps: [33m1[39m,
  answerChoices: [33m3[39m,
  table: [90mundefined[39m,
  skipSize: [90mundefined[39m,
  fullConfig: {
    learningMode: [32m'standard'[39m,
    totalSteps: [33m1[39m,
    targetNumber: [33m12[39m,
    targetFlex: [33m0[39m,
    rangeMin: [33m1[39m,
    rangeMax: [33m12[39m,
    answerChoices: [33m3[39m,
    difficultyLevel: [33m5[39m,
    phaseSequence: [ [36m[Object][39m ],
    opsEnabled: { [32m'+'[39m: [33mtrue[39m, [32m'-'[39m: [33mfalse[39m, [32m'ร—'[39m: [33mfalse[39m, [32m'รท'[39m: [33mfalse[39m },
    activeMode: [32m'normal'[39m,
    isMuted: [33mfalse[39m,
    timerOn: [33mfalse[39m,
    quickMindInterval: [33m10[39m,
    darkModeInterval: [33m10[39m,
    modifiersPerStep: [33m1[39m,
    enableVariables: [33mfalse[39m,
    stopwatchSkin: [32m'default'[39m,
    progressionMode: [32m'adaptive'[39m,
    presentationMode: [32m'normal'[39m,
    scriptId: [32m'circuit-climb'[39m
  }
}
[Telemetry][VT:0] GENERATOR_START { startNumber: [33m9[39m, mode: [32m'standard'[39m }
[Telemetry][VT:0] GENERATOR_STEP_CREATED { stepIndex: [33m0[39m, startNumber: [33m9[39m, answer: [33m12[39m }
[STEP TRACE] [
  {
    i: [33m0[39m,
    startNumber: [33m9[39m,
    value: [33m3[39m,
    operation: [32m'+'[39m,
    correctAnswer: [33m12[39m,
    distractors: [ [33m14[39m, [33m12[39m, [33m11[39m ],
    distractorCount: [33m3[39m,
    source: [32m'engine'[39m,
    fallbackUsed: [90mundefined[39m
  }
]
[GEN CONFIG TRACE] {
  mode: [32m'standard'[39m,
  operation: [90mundefined[39m,
  difficulty: [33m5[39m,
  totalSteps: [33m1[39m,
  answerChoices: [33m3[39m,
  table: [90mundefined[39m,
  skipSize: [90mundefined[39m,
  fullConfig: {
    learningMode: [32m'standard'[39m,
    totalSteps: [33m1[39m,
    targetNumber: [33m12[39m,
    targetFlex: [33m0[39m,
    rangeMin: [33m1[39m,
    rangeMax: [33m12[39m,
    answerChoices: [33m3[39m,
    difficultyLevel: [33m5[39m,
    phaseSequence: [ [36m[Object][39m ],
    opsEnabled: { [32m'+'[39m: [33mtrue[39m, [32m'-'[39m: [33mfalse[39m, [32m'ร—'[39m: [33mfalse[39m, [32m'รท'[39m: [33mfalse[39m },
    activeMode: [32m'normal'[39m,
    isMuted: [33mfalse[39m,
    timerOn: [33mfalse[39m,
    quickMindInterval: [33m10[39m,
    darkModeInterval: [33m10[39m,
    modifiersPerStep: [33m1[39m,
    enableVariables: [33mfalse[39m,
    stopwatchSkin: [32m'default'[39m,
    progressionMode: [32m'adaptive'[39m,
    presentationMode: [32m'normal'[39m,
    scriptId: [32m'circuit-climb'[39m
  }
}
[Telemetry][VT:0] GENERATOR_START { startNumber: [33m10[39m, mode: [32m'standard'[39m }
[Telemetry][VT:0] GENERATOR_STEP_CREATED { stepIndex: [33m0[39m, startNumber: [33m10[39m, answer: [33m11[39m }
[STEP TRACE] [
  {
    i: [33m0[39m,
    startNumber: [33m10[39m,
    value: [33m1[39m,
    operation: [32m'+'[39m,
    correctAnswer: [33m11[39m,
    distractors: [ [33m11[39m, [33m12[39m, [33m8[39m ],
    distractorCount: [33m3[39m,
    source: [32m'engine'[39m,
    fallbackUsed: [90mundefined[39m
  }
]
[GEN CONFIG TRACE] {
  mode: [32m'standard'[39m,
  operation: [90mundefined[39m,
  difficulty: [33m5[39m,
  totalSteps: [33m1[39m,
  answerChoices: [33m3[39m,
  table: [90mundefined[39m,
  skipSize: [90mundefined[39m,
  fullConfig: {
    learningMode: [32m'standard'[39m,
    totalSteps: [33m1[39m,
    targetNumber: [33m12[39m,
    targetFlex: [33m0[39m,
    rangeMin: [33m1[39m,
    rangeMax: [33m12[39m,
    answerChoices: [33m3[39m,
    difficultyLevel: [33m5[39m,
    phaseSequence: [ [36m[Object][39m ],
    opsEnabled: { [32m'+'[39m: [33mtrue[39m, [32m'-'[39m: [33mfalse[39m, [32m'ร—'[39m: [33mfalse[39m, [32m'รท'[39m: [33mfalse[39m },
    activeMode: [32m'normal'[39m,
    isMuted: [33mfalse[39m,
    timerOn: [33mfalse[39m,
    quickMindInterval: [33m10[39m,
    darkModeInterval: [33m10[39m,
    modifiersPerStep: [33m1[39m,
    enableVariables: [33mfalse[39m,
    stopwatchSkin: [32m'default'[39m,
    progressionMode: [32m'adaptive'[39m,
    presentationMode: [32m'normal'[39m,
    scriptId: [32m'circuit-climb'[39m
  }
}
[Telemetry][VT:0] GENERATOR_START { startNumber: [33m11[39m, mode: [32m'standard'[39m }
[Telemetry][VT:0] GENERATOR_STEP_CREATED { stepIndex: [33m0[39m, startNumber: [33m11[39m, answer: [33m12[39m }
[STEP TRACE] [
  {
    i: [33m0[39m,
    startNumber: [33m11[39m,
    value: [33m1[39m,
    operation: [32m'+'[39m,
    correctAnswer: [33m12[39m,
    distractors: [ [33m10[39m, [33m9[39m, [33m12[39m ],
    distractorCount: [33m3[39m,
    source: [32m'engine'[39m,
    fallbackUsed: [90mundefined[39m
  }
]
[GEN CONFIG TRACE] {
  mode: [32m'standard'[39m,
  operation: [90mundefined[39m,
  difficulty: [33m5[39m,
  totalSteps: [33m1[39m,
  answerChoices: [33m3[39m,
  table: [90mundefined[39m,
  skipSize: [90mundefined[39m,
  fullConfig: {
    learningMode: [32m'standard'[39m,
    totalSteps: [33m1[39m,
    targetNumber: [33m12[39m,
    targetFlex: [33m0[39m,
    rangeMin: [33m1[39m,
    rangeMax: [33m12[39m,
    answerChoices: [33m3[39m,
    difficultyLevel: [33m5[39m,
    phaseSequence: [ [36m[Object][39m ],
    opsEnabled: { [32m'+'[39m: [33mtrue[39m, [32m'-'[39m: [33mfalse[39m, [32m'ร—'[39m: [33mfalse[39m, [32m'รท'[39m: [33mfalse[39m },
    activeMode: [32m'normal'[39m,
    isMuted: [33mfalse[39m,
    timerOn: [33mfalse[39m,
    quickMindInterval: [33m10[39m,
    darkModeInterval: [33m10[39m,
    modifiersPerStep: [33m1[39m,
    enableVariables: [33mfalse[39m,
    stopwatchSkin: [32m'default'[39m,
    progressionMode: [32m'adaptive'[39m,
    presentationMode: [32m'normal'[39m,
    scriptId: [32m'circuit-climb'[39m
  }
}
[Telemetry][VT:0] GENERATOR_START { startNumber: [33m1[39m, mode: [32m'standard'[39m }
[Telemetry][VT:0] GENERATOR_STEP_CREATED { stepIndex: [33m0[39m, startNumber: [33m1[39m, answer: [33m2[39m }
[STEP TRACE] [
  {
    i: [33m0[39m,
    startNumber: [33m1[39m,
    value: [33m1[39m,
    operation: [32m'+'[39m,
    correctAnswer: [33m2[39m,
    distractors: [ [33m2[39m, [33m5[39m, [33m4[39m ],
    distractorCount: [33m3[39m,
    source: [32m'engine'[39m,
    fallbackUsed: [90mundefined[39m
  }
]
[GEN CONFIG TRACE] {
  mode: [32m'standard'[39m,
  operation: [90mundefined[39m,
  difficulty: [33m5[39m,
  totalSteps: [33m1[39m,
  answerChoices: [33m3[39m,
  table: [90mundefined[39m,
  skipSize: [90mundefined[39m,
  fullConfig: {
    learningMode: [32m'standard'[39m,
    totalSteps: [33m1[39m,
    targetNumber: [33m12[39m,
    targetFlex: [33m0[39m,
    rangeMin: [33m1[39m,
    rangeMax: [33m12[39m,
    answerChoices: [33m3[39m,
    difficultyLevel: [33m5[39m,
    phaseSequence: [ [36m[Object][39m ],
    opsEnabled: { [32m'+'[39m: [33mtrue[39m, [32m'-'[39m: [33mfalse[39m, [32m'ร—'[39m: [33mfalse[39m, [32m'รท'[39m: [33mfalse[39m },
    activeMode: [32m'normal'[39m,
    isMuted: [33mfalse[39m,
    timerOn: [33mfalse[39m,
    quickMindInterval: [33m10[39m,
    darkModeInterval: [33m10[39m,
    modifiersPerStep: [33m1[39m,
    enableVariables: [33mfalse[39m,
    stopwatchSkin: [32m'default'[39m,
    progressionMode: [32m'adaptive'[39m,
    presentationMode: [32m'normal'[39m,
    scriptId: [32m'circuit-climb'[39m
  }
}
[Telemetry][VT:0] GENERATOR_START { startNumber: [33m2[39m, mode: [32m'standard'[39m }
[Telemetry][VT:0] GENERATOR_STEP_CREATED { stepIndex: [33m0[39m, startNumber: [33m2[39m, answer: [33m7[39m }
[STEP TRACE] [
  {
    i: [33m0[39m,
    startNumber: [33m2[39m,
    value: [33m5[39m,
    operation: [32m'+'[39m,
    correctAnswer: [33m7[39m,
    distractors: [ [33m8[39m, [33m7[39m, [33m5[39m ],
    distractorCount: [33m3[39m,
    source: [32m'engine'[39m,
    fallbackUsed: [90mundefined[39m
  }
]
[GEN CONFIG TRACE] {
  mode: [32m'standard'[39m,
  operation: [90mundefined[39m,
  difficulty: [33m5[39m,
  totalSteps: [33m1[39m,
  answerChoices: [33m3[39m,
  table: [90mundefined[39m,
  skipSize: [90mundefined[39m,
  fullConfig: {
    learningMode: [32m'standard'[39m,
    totalSteps: [33m1[39m,
    targetNumber: [33m12[39m,
    targetFlex: [33m0[39m,
    rangeMin: [33m1[39m,
    rangeMax: [33m12[39m,
    answerChoices: [33m3[39m,
    difficultyLevel: [33m5[39m,
    phaseSequence: [ [36m[Object][39m ],
    opsEnabled: { [32m'+'[39m: [33mtrue[39m, [32m'-'[39m: [33mfalse[39m, [32m'ร—'[39m: [33mfalse[39m, [32m'รท'[39m: [33mfalse[39m },
    activeMode: [32m'normal'[39m,
    isMuted: [33mfalse[39m,
    timerOn: [33mfalse[39m,
    quickMindInterval: [33m10[39m,
    darkModeInterval: [33m10[39m,
    modifiersPerStep: [33m1[39m,
    enableVariables: [33mfalse[39m,
    stopwatchSkin: [32m'default'[39m,
    progressionMode: [32m'adaptive'[39m,
    presentationMode: [32m'normal'[39m,
    scriptId: [32m'circuit-climb'[39m
  }
}
[Telemetry][VT:0] GENERATOR_START { startNumber: [33m3[39m, mode: [32m'standard'[39m }
[Telemetry][VT:0] GENERATOR_STEP_CREATED { stepIndex: [33m0[39m, startNumber: [33m3[39m, answer: [33m8[39m }
[STEP TRACE] [
  {
    i: [33m0[39m,
    startNumber: [33m3[39m,
    value: [33m5[39m,
    operation: [32m'+'[39m,
    correctAnswer: [33m8[39m,
    distractors: [ [33m11[39m, [33m8[39m, [33m7[39m ],
    distractorCount: [33m3[39m,
    source: [32m'engine'[39m,
    fallbackUsed: [90mundefined[39m
  }
]
[GEN CONFIG TRACE] {
  mode: [32m'standard'[39m,
  operation: [90mundefined[39m,
  difficulty: [33m5[39m,
  totalSteps: [33m1[39m,
  answerChoices: [33m3[39m,
  table: [90mundefined[39m,
  skipSize: [90mundefined[39m,
  fullConfig: {
    learningMode: [32m'standard'[39m,
    totalSteps: [33m1[39m,
    targetNumber: [33m12[39m,
    targetFlex: [33m0[39m,
    rangeMin: [33m1[39m,
    rangeMax: [33m12[39m,
    answerChoices: [33m3[39m,
    difficultyLevel: [33m5[39m,
    phaseSequence: [ [36m[Object][39m ],
    opsEnabled: { [32m'+'[39m: [33mtrue[39m, [32m'-'[39m: [33mfalse[39m, [32m'ร—'[39m: [33mfalse[39m, [32m'รท'[39m: [33mfalse[39m },
    activeMode: [32m'normal'[39m,
    isMuted: [33mfalse[39m,
    timerOn: [33mfalse[39m,
    quickMindInterval: [33m10[39m,
    darkModeInterval: [33m10[39m,
    modifiersPerStep: [33m1[39m,
    enableVariables: [33mfalse[39m,
    stopwatchSkin: [32m'default'[39m,
    progressionMode: [32m'adaptive'[39m,
    presentationMode: [32m'normal'[39m,
    scriptId: [32m'circuit-climb'[39m
  }
}
[Telemetry][VT:0] GENERATOR_START { startNumber: [33m4[39m, mode: [32m'standard'[39m }
[Telemetry][VT:0] GENERATOR_STEP_CREATED { stepIndex: [33m0[39m, startNumber: [33m4[39m, answer: [33m5[39m }
[STEP TRACE] [
  {
    i: [33m0[39m,
    startNumber: [33m4[39m,
    value: [33m1[39m,
    operation: [32m'+'[39m,
    correctAnswer: [33m5[39m,
    distractors: [ [33m4[39m, [33m5[39m, [33m8[39m ],
    distractorCount: [33m3[39m,
    source: [32m'engine'[39m,
    fallbackUsed: [90mundefined[39m
  }
]
[GEN CONFIG TRACE] {
  mode: [32m'standard'[39m,
  operation: [90mundefined[39m,
  difficulty: [33m5[39m,
  totalSteps: [33m1[39m,
  answerChoices: [33m3[39m,
  table: [90mundefined[39m,
  skipSize: [90mundefined[39m,
  fullConfig: {
    learningMode: [32m'standard'[39m,
    totalSteps: [33m1[39m,
    targetNumber: [33m12[39m,
    targetFlex: [33m0[39m,
    rangeMin: [33m1[39m,
    rangeMax: [33m12[39m,
    answerChoices: [33m3[39m,
    difficultyLevel: [33m5[39m,
    phaseSequence: [ [36m[Object][39m ],
    opsEnabled: { [32m'+'[39m: [33mtrue[39m, [32m'-'[39m: [33mfalse[39m, [32m'ร—'[39m: [33mfalse[39m, [32m'รท'[39m: [33mfalse[39m },
    activeMode: [32m'normal'[39m,
    isMuted: [33mfalse[39m,
    timerOn: [33mfalse[39m,
    quickMindInterval: [33m10[39m,
    darkModeInterval: [33m10[39m,
    modifiersPerStep: [33m1[39m,
    enableVariables: [33mfalse[39m,
    stopwatchSkin: [32m'default'[39m,
    progressionMode: [32m'adaptive'[39m,
    presentationMode: [32m'normal'[39m,
    scriptId: [32m'circuit-climb'[39m
  }
}
[Telemetry][VT:0] GENERATOR_START { startNumber: [33m5[39m, mode: [32m'standard'[39m }
[Telemetry][VT:0] GENERATOR_STEP_CREATED { stepIndex: [33m0[39m, startNumber: [33m5[39m, answer: [33m10[39m }
[STEP TRACE] [
  {
    i: [33m0[39m,
    startNumber: [33m5[39m,
    value: [33m5[39m,
    operation: [32m'+'[39m,
    correctAnswer: [33m10[39m,
    distractors: [ [33m7[39m, [33m9[39m, [33m10[39m ],
    distractorCount: [33m3[39m,
    source: [32m'engine'[39m,
    fallbackUsed: [90mundefined[39m
  }
]
[GEN CONFIG TRACE] {
  mode: [32m'standard'[39m,
  operation: [90mundefined[39m,
  difficulty: [33m5[39m,
  totalSteps: [33m1[39m,
  answerChoices: [33m3[39m,
  table: [90mundefined[39m,
  skipSize: [90mundefined[39m,
  fullConfig: {
    learningMode: [32m'standard'[39m,
    totalSteps: [33m1[39m,
    targetNumber: [33m12[39m,
    targetFlex: [33m0[39m,
    rangeMin: [33m1[39m,
    rangeMax: [33m12[39m,
    answerChoices: [33m3[39m,
    difficultyLevel: [33m5[39m,
    phaseSequence: [ [36m[Object][39m ],
    opsEnabled: { [32m'+'[39m: [33mtrue[39m, [32m'-'[39m: [33mfalse[39m, [32m'ร—'[39m: [33mfalse[39m, [32m'รท'[39m: [33mfalse[39m },
    activeMode: [32m'normal'[39m,
    isMuted: [33mfalse[39m,
    timerOn: [33mfalse[39m,
    quickMindInterval: [33m10[39m,
    darkModeInterval: [33m10[39m,
    modifiersPerStep: [33m1[39m,
    enableVariables: [33mfalse[39m,
    stopwatchSkin: [32m'default'[39m,
    progressionMode: [32m'adaptive'[39m,
    presentationMode: [32m'normal'[39m,
    scriptId: [32m'circuit-climb'[39m
  }
}
[Telemetry][VT:0] GENERATOR_START { startNumber: [33m6[39m, mode: [32m'standard'[39m }
[Telemetry][VT:0] GENERATOR_STEP_CREATED { stepIndex: [33m0[39m, startNumber: [33m6[39m, answer: [33m11[39m }
[STEP TRACE] [
  {
    i: [33m0[39m,
    startNumber: [33m6[39m,
    value: [33m5[39m,
    operation: [32m'+'[39m,
    correctAnswer: [33m11[39m,
    distractors: [ [33m8[39m, [33m14[39m, [33m11[39m ],
    distractorCount: [33m3[39m,
    source: [32m'engine'[39m,
    fallbackUsed: [90mundefined[39m
  }
]
[GEN CONFIG TRACE] {
  mode: [32m'standard'[39m,
  operation: [90mundefined[39m,
  difficulty: [33m5[39m,
  totalSteps: [33m1[39m,
  answerChoices: [33m3[39m,
  table: [90mundefined[39m,
  skipSize: [90mundefined[39m,
  fullConfig: {
    learningMode: [32m'standard'[39m,
    totalSteps: [33m1[39m,
    targetNumber: [33m12[39m,
    targetFlex: [33m0[39m,
    rangeMin: [33m1[39m,
    rangeMax: [33m12[39m,
    answerChoices: [33m3[39m,
    difficultyLevel: [33m5[39m,
    phaseSequence: [ [36m[Object][39m ],
    opsEnabled: { [32m'+'[39m: [33mtrue[39m, [32m'-'[39m: [33mfalse[39m, [32m'ร—'[39m: [33mfalse[39m, [32m'รท'[39m: [33mfalse[39m },
    activeMode: [32m'normal'[39m,
    isMuted: [33mfalse[39m,
    timerOn: [33mfalse[39m,
    quickMindInterval: [33m10[39m,
    darkModeInterval: [33m10[39m,
    modifiersPerStep: [33m1[39m,
    enableVariables: [33mfalse[39m,
    stopwatchSkin: [32m'default'[39m,
    progressionMode: [32m'adaptive'[39m,
    presentationMode: [32m'normal'[39m,
    scriptId: [32m'circuit-climb'[39m
  }
}
[Telemetry][VT:0] GENERATOR_START { startNumber: [33m7[39m, mode: [32m'standard'[39m }
[Telemetry][VT:0] GENERATOR_STEP_CREATED { stepIndex: [33m0[39m, startNumber: [33m7[39m, answer: [33m9[39m }
[STEP TRACE] [
  {
    i: [33m0[39m,
    startNumber: [33m7[39m,
    value: [33m2[39m,
    operation: [32m'+'[39m,
    correctAnswer: [33m9[39m,
    distractors: [ [33m7[39m, [33m11[39m, [33m9[39m ],
    distractorCount: [33m3[39m,
    source: [32m'engine'[39m,
    fallbackUsed: [90mundefined[39m
  }
]
[GEN CONFIG TRACE] {
  mode: [32m'standard'[39m,
  operation: [90mundefined[39m,
  difficulty: [33m5[39m,
  totalSteps: [33m1[39m,
  answerChoices: [33m3[39m,
  table: [90mundefined[39m,
  skipSize: [90mundefined[39m,
  fullConfig: {
    learningMode: [32m'standard'[39m,
    totalSteps: [33m1[39m,
    targetNumber: [33m12[39m,
    targetFlex: [33m0[39m,
    rangeMin: [33m1[39m,
    rangeMax: [33m12[39m,
    answerChoices: [33m3[39m,
    difficultyLevel: [33m5[39m,
    phaseSequence: [ [36m[Object][39m ],
    opsEnabled: { [32m'+'[39m: [33mtrue[39m, [32m'-'[39m: [33mfalse[39m, [32m'ร—'[39m: [33mfalse[39m, [32m'รท'[39m: [33mfalse[39m },
    activeMode: [32m'normal'[39m,
    isMuted: [33mfalse[39m,
    timerOn: [33mfalse[39m,
    quickMindInterval: [33m10[39m,
    darkModeInterval: [33m10[39m,
    modifiersPerStep: [33m1[39m,
    enableVariables: [33mfalse[39m,
    stopwatchSkin: [32m'default'[39m,
    progressionMode: [32m'adaptive'[39m,
    presentationMode: [32m'normal'[39m,
    scriptId: [32m'circuit-climb'[39m
  }
}
[Telemetry][VT:0] GENERATOR_START { startNumber: [33m8[39m, mode: [32m'standard'[39m }
[Telemetry][VT:0] GENERATOR_STEP_CREATED { stepIndex: [33m0[39m, startNumber: [33m8[39m, answer: [33m10[39m }
[STEP TRACE] [
  {
    i: [33m0[39m,
    startNumber: [33m8[39m,
    value: [33m2[39m,
    operation: [32m'+'[39m,
    correctAnswer: [33m10[39m,
    distractors: [ [33m8[39m, [33m10[39m, [33m7[39m ],
    distractorCount: [33m3[39m,
    source: [32m'engine'[39m,
    fallbackUsed: [90mundefined[39m
  }
]
[GEN CONFIG TRACE] {
  mode: [32m'standard'[39m,
  operation: [90mundefined[39m,
  difficulty: [33m5[39m,
  totalSteps: [33m1[39m,
  answerChoices: [33m3[39m,
  table: [90mundefined[39m,
  skipSize: [90mundefined[39m,
  fullConfig: {
    learningMode: [32m'standard'[39m,
    totalSteps: [33m1[39m,
    targetNumber: [33m12[39m,
    targetFlex: [33m0[39m,
    rangeMin: [33m1[39m,
    rangeMax: [33m12[39m,
    answerChoices: [33m3[39m,
    difficultyLevel: [33m5[39m,
    phaseSequence: [ [36m[Object][39m ],
    opsEnabled: { [32m'+'[39m: [33mtrue[39m, [32m'-'[39m: [33mfalse[39m, [32m'ร—'[39m: [33mfalse[39m, [32m'รท'[39m: [33mfalse[39m },
    activeMode: [32m'normal'[39m,
    isMuted: [33mfalse[39m,
    timerOn: [33mfalse[39m,
    quickMindInterval: [33m10[39m,
    darkModeInterval: [33m10[39m,
    modifiersPerStep: [33m1[39m,
    enableVariables: [33mfalse[39m,
    stopwatchSkin: [32m'default'[39m,
    progressionMode: [32m'adaptive'[39m,
    presentationMode: [32m'normal'[39m,
    scriptId: [32m'circuit-climb'[39m
  }
}
[Telemetry][VT:0] GENERATOR_START { startNumber: [33m9[39m, mode: [32m'standard'[39m }
[Telemetry][VT:0] GENERATOR_STEP_CREATED { stepIndex: [33m0[39m, startNumber: [33m9[39m, answer: [33m11[39m }
[STEP TRACE] [
  {
    i: [33m0[39m,
    startNumber: [33m9[39m,
    value: [33m2[39m,
    operation: [32m'+'[39m,
    correctAnswer: [33m11[39m,
    distractors: [ [33m9[39m, [33m14[39m, [33m11[39m ],
    distractorCount: [33m3[39m,
    source: [32m'engine'[39m,
    fallbackUsed: [90mundefined[39m
  }
]
[GEN CONFIG TRACE] {
  mode: [32m'standard'[39m,
  operation: [90mundefined[39m,
  difficulty: [33m5[39m,
  totalSteps: [33m1[39m,
  answerChoices: [33m3[39m,
  table: [90mundefined[39m,
  skipSize: [90mundefined[39m,
  fullConfig: {
    learningMode: [32m'standard'[39m,
    totalSteps: [33m1[39m,
    targetNumber: [33m12[39m,
    targetFlex: [33m0[39m,
    rangeMin: [33m1[39m,
    rangeMax: [33m12[39m,
    answerChoices: [33m3[39m,
    difficultyLevel: [33m5[39m,
    phaseSequence: [ [36m[Object][39m ],
    opsEnabled: { [32m'+'[39m: [33mtrue[39m, [32m'-'[39m: [33mfalse[39m, [32m'ร—'[39m: [33mfalse[39m, [32m'รท'[39m: [33mfalse[39m },
    activeMode: [32m'normal'[39m,
    isMuted: [33mfalse[39m,
    timerOn: [33mfalse[39m,
    quickMindInterval: [33m10[39m,
    darkModeInterval: [33m10[39m,
    modifiersPerStep: [33m1[39m,
    enableVariables: [33mfalse[39m,
    stopwatchSkin: [32m'default'[39m,
    progressionMode: [32m'adaptive'[39m,
    presentationMode: [32m'normal'[39m,
    scriptId: [32m'circuit-climb'[39m
  }
}
[Telemetry][VT:0] GENERATOR_START { startNumber: [33m10[39m, mode: [32m'standard'[39m }
[Telemetry][VT:0] GENERATOR_STEP_CREATED { stepIndex: [33m0[39m, startNumber: [33m10[39m, answer: [33m11[39m }
[STEP TRACE] [
  {
    i: [33m0[39m,
    startNumber: [33m10[39m,
    value: [33m1[39m,
    operation: [32m'+'[39m,
    correctAnswer: [33m11[39m,
    distractors: [ [33m11[39m, [33m9[39m, [33m8[39m ],
    distractorCount: [33m3[39m,
    source: [32m'engine'[39m,
    fallbackUsed: [90mundefined[39m
  }
]
[GEN CONFIG TRACE] {
  mode: [32m'standard'[39m,
  operation: [90mundefined[39m,
  difficulty: [33m5[39m,
  totalSteps: [33m1[39m,
  answerChoices: [33m3[39m,
  table: [90mundefined[39m,
  skipSize: [90mundefined[39m,
  fullConfig: {
    learningMode: [32m'standard'[39m,
    totalSteps: [33m1[39m,
    targetNumber: [33m12[39m,
    targetFlex: [33m0[39m,
    rangeMin: [33m1[39m,
    rangeMax: [33m12[39m,
    answerChoices: [33m3[39m,
    difficultyLevel: [33m5[39m,
    phaseSequence: [ [36m[Object][39m ],
    opsEnabled: { [32m'+'[39m: [33mtrue[39m, [32m'-'[39m: [33mfalse[39m, [32m'ร—'[39m: [33mfalse[39m, [32m'รท'[39m: [33mfalse[39m },
    activeMode: [32m'normal'[39m,
    isMuted: [33mfalse[39m,
    timerOn: [33mfalse[39m,
    quickMindInterval: [33m10[39m,
    darkModeInterval: [33m10[39m,
    modifiersPerStep: [33m1[39m,
    enableVariables: [33mfalse[39m,
    stopwatchSkin: [32m'default'[39m,
    progressionMode: [32m'adaptive'[39m,
    presentationMode: [32m'normal'[39m,
    scriptId: [32m'circuit-climb'[39m
  }
}
[Telemetry][VT:0] GENERATOR_START { startNumber: [33m11[39m, mode: [32m'standard'[39m }
[Telemetry][VT:0] GENERATOR_STEP_CREATED { stepIndex: [33m0[39m, startNumber: [33m11[39m, answer: [33m12[39m }
[STEP TRACE] [
  {
    i: [33m0[39m,
    startNumber: [33m11[39m,
    value: [33m1[39m,
    operation: [32m'+'[39m,
    correctAnswer: [33m12[39m,
    distractors: [ [33m9[39m, [33m12[39m, [33m10[39m ],
    distractorCount: [33m3[39m,
    source: [32m'engine'[39m,
    fallbackUsed: [90mundefined[39m
  }
]
[GEN CONFIG TRACE] {
  mode: [32m'standard'[39m,
  operation: [90mundefined[39m,
  difficulty: [33m5[39m,
  totalSteps: [33m1[39m,
  answerChoices: [33m3[39m,
  table: [90mundefined[39m,
  skipSize: [90mundefined[39m,
  fullConfig: {
    learningMode: [32m'standard'[39m,
    totalSteps: [33m1[39m,
    targetNumber: [33m12[39m,
    targetFlex: [33m0[39m,
    rangeMin: [33m1[39m,
    rangeMax: [33m12[39m,
    answerChoices: [33m3[39m,
    difficultyLevel: [33m5[39m,
    phaseSequence: [ [36m[Object][39m ],
    opsEnabled: { [32m'+'[39m: [33mtrue[39m, [32m'-'[39m: [33mfalse[39m, [32m'ร—'[39m: [33mfalse[39m, [32m'รท'[39m: [33mfalse[39m },
    activeMode: [32m'normal'[39m,
    isMuted: [33mfalse[39m,
    timerOn: [33mfalse[39m,
    quickMindInterval: [33m10[39m,
    darkModeInterval: [33m10[39m,
    modifiersPerStep: [33m1[39m,
    enableVariables: [33mfalse[39m,
    stopwatchSkin: [32m'default'[39m,
    progressionMode: [32m'adaptive'[39m,
    presentationMode: [32m'normal'[39m,
    scriptId: [32m'circuit-climb'[39m
  }
}
[Telemetry][VT:0] GENERATOR_START { startNumber: [33m1[39m, mode: [32m'standard'[39m }
[Telemetry][VT:0] GENERATOR_STEP_CREATED { stepIndex: [33m0[39m, startNumber: [33m1[39m, answer: [33m11[39m }
[STEP TRACE] [
  {
    i: [33m0[39m,
    startNumber: [33m1[39m,
    value: [33m10[39m,
    operation: [32m'+'[39m,
    correctAnswer: [33m11[39m,
    distractors: [ [33m9[39m, [33m10[39m, [33m11[39m ],
    distractorCount: [33m3[39m,
    source: [32m'engine'[39m,
    fallbackUsed: [90mundefined[39m
  }
]
[GEN CONFIG TRACE] {
  mode: [32m'standard'[39m,
  operation: [90mundefined[39m,
  difficulty: [33m5[39m,
  totalSteps: [33m1[39m,
  answerChoices: [33m3[39m,
  table: [90mundefined[39m,
  skipSize: [90mundefined[39m,
  fullConfig: {
    learningMode: [32m'standard'[39m,
    totalSteps: [33m1[39m,
    targetNumber: [33m14[39m,
    targetFlex: [33m0[39m,
    rangeMin: [33m1[39m,
    rangeMax: [33m14[39m,
    answerChoices: [33m3[39m,
    difficultyLevel: [33m5[39m,
    phaseSequence: [ [36m[Object][39m ],
    opsEnabled: { [32m'+'[39m: [33mtrue[39m, [32m'-'[39m: [33mfalse[39m, [32m'ร—'[39m: [33mfalse[39m, [32m'รท'[39m: [33mfalse[39m },
    activeMode: [32m'normal'[39m,
    isMuted: [33mfalse[39m,
    timerOn: [33mfalse[39m,
    quickMindInterval: [33m10[39m,
    darkModeInterval: [33m10[39m,
    modifiersPerStep: [33m1[39m,
    enableVariables: [33mfalse[39m,
    stopwatchSkin: [32m'default'[39m,
    progressionMode: [32m'adaptive'[39m,
    presentationMode: [32m'normal'[39m,
    scriptId: [32m'circuit-climb'[39m
  }
}
[Telemetry][VT:0] GENERATOR_START { startNumber: [33m10[39m, mode: [32m'standard'[39m }
[Telemetry][VT:0] GENERATOR_STEP_CREATED { stepIndex: [33m0[39m, startNumber: [33m10[39m, answer: [33m12[39m }
[STEP TRACE] [
  {
    i: [33m0[39m,
    startNumber: [33m10[39m,
    value: [33m2[39m,
    operation: [32m'+'[39m,
    correctAnswer: [33m12[39m,
    distractors: [ [33m9[39m, [33m15[39m, [33m12[39m ],
    distractorCount: [33m3[39m,
    source: [32m'engine'[39m,
    fallbackUsed: [90mundefined[39m
  }
]
[GEN CONFIG TRACE] {
  mode: [32m'standard'[39m,
  operation: [90mundefined[39m,
  difficulty: [33m5[39m,
  totalSteps: [33m1[39m,
  answerChoices: [33m3[39m,
  table: [90mundefined[39m,
  skipSize: [90mundefined[39m,
  fullConfig: {
    learningMode: [32m'standard'[39m,
    totalSteps: [33m1[39m,
    targetNumber: [33m14[39m,
    targetFlex: [33m0[39m,
    rangeMin: [33m1[39m,
    rangeMax: [33m14[39m,
    answerChoices: [33m3[39m,
    difficultyLevel: [33m5[39m,
    phaseSequence: [ [36m[Object][39m ],
    opsEnabled: { [32m'+'[39m: [33mtrue[39m, [32m'-'[39m: [33mfalse[39m, [32m'ร—'[39m: [33mfalse[39m, [32m'รท'[39m: [33mfalse[39m },
    activeMode: [32m'normal'[39m,
    isMuted: [33mfalse[39m,
    timerOn: [33mfalse[39m,
    quickMindInterval: [33m10[39m,
    darkModeInterval: [33m10[39m,
    modifiersPerStep: [33m1[39m,
    enableVariables: [33mfalse[39m,
    stopwatchSkin: [32m'default'[39m,
    progressionMode: [32m'adaptive'[39m,
    presentationMode: [32m'normal'[39m,
    scriptId: [32m'circuit-climb'[39m
  }
}
[Telemetry][VT:0] GENERATOR_START { startNumber: [33m11[39m, mode: [32m'standard'[39m }
[Telemetry][VT:0] GENERATOR_STEP_CREATED { stepIndex: [33m0[39m, startNumber: [33m11[39m, answer: [33m13[39m }
[STEP TRACE] [
  {
    i: [33m0[39m,
    startNumber: [33m11[39m,
    value: [33m2[39m,
    operation: [32m'+'[39m,
    correctAnswer: [33m13[39m,
    distractors: [ [33m16[39m, [33m10[39m, [33m13[39m ],
    distractorCount: [33m3[39m,
    source: [32m'engine'[39m,
    fallbackUsed: [90mundefined[39m
  }
]
[GEN CONFIG TRACE] {
  mode: [32m'standard'[39m,
  operation: [90mundefined[39m,
  difficulty: [33m5[39m,
  totalSteps: [33m1[39m,
  answerChoices: [33m3[39m,
  table: [90mundefined[39m,
  skipSize: [90mundefined[39m,
  fullConfig: {
    learningMode: [32m'standard'[39m,
    totalSteps: [33m1[39m,
    targetNumber: [33m14[39m,
    targetFlex: [33m0[39m,
    rangeMin: [33m1[39m,
    rangeMax: [33m14[39m,
    answerChoices: [33m3[39m,
    difficultyLevel: [33m5[39m,
    phaseSequence: [ [36m[Object][39m ],
    opsEnabled: { [32m'+'[39m: [33mtrue[39m, [32m'-'[39m: [33mfalse[39m, [32m'ร—'[39m: [33mfalse[39m, [32m'รท'[39m: [33mfalse[39m },
    activeMode: [32m'normal'[39m,
    isMuted: [33mfalse[39m,
    timerOn: [33mfalse[39m,
    quickMindInterval: [33m10[39m,
    darkModeInterval: [33m10[39m,
    modifiersPerStep: [33m1[39m,
    enableVariables: [33mfalse[39m,
    stopwatchSkin: [32m'default'[39m,
    progressionMode: [32m'adaptive'[39m,
    presentationMode: [32m'normal'[39m,
    scriptId: [32m'circuit-climb'[39m
  }
}
[Telemetry][VT:0] GENERATOR_START { startNumber: [33m12[39m, mode: [32m'standard'[39m }
[Telemetry][VT:0] GENERATOR_STEP_CREATED { stepIndex: [33m0[39m, startNumber: [33m12[39m, answer: [33m14[39m }
[STEP TRACE] [
  {
    i: [33m0[39m,
    startNumber: [33m12[39m,
    value: [33m2[39m,
    operation: [32m'+'[39m,
    correctAnswer: [33m14[39m,
    distractors: [ [33m13[39m, [33m15[39m, [33m14[39m ],
    distractorCount: [33m3[39m,
    source: [32m'engine'[39m,
    fallbackUsed: [90mundefined[39m
  }
]
[GEN CONFIG TRACE] {
  mode: [32m'standard'[39m,
  operation: [90mundefined[39m,
  difficulty: [33m5[39m,
  totalSteps: [33m1[39m,
  answerChoices: [33m3[39m,
  table: [90mundefined[39m,
  skipSize: [90mundefined[39m,
  fullConfig: {
    learningMode: [32m'standard'[39m,
    totalSteps: [33m1[39m,
    targetNumber: [33m14[39m,
    targetFlex: [33m0[39m,
    rangeMin: [33m1[39m,
    rangeMax: [33m14[39m,
    answerChoices: [33m3[39m,
    difficultyLevel: [33m5[39m,
    phaseSequence: [ [36m[Object][39m ],
    opsEnabled: { [32m'+'[39m: [33mtrue[39m, [32m'-'[39m: [33mfalse[39m, [32m'ร—'[39m: [33mfalse[39m, [32m'รท'[39m: [33mfalse[39m },
    activeMode: [32m'normal'[39m,
    isMuted: [33mfalse[39m,
    timerOn: [33mfalse[39m,
    quickMindInterval: [33m10[39m,
    darkModeInterval: [33m10[39m,
    modifiersPerStep: [33m1[39m,
    enableVariables: [33mfalse[39m,
    stopwatchSkin: [32m'default'[39m,
    progressionMode: [32m'adaptive'[39m,
    presentationMode: [32m'normal'[39m,
    scriptId: [32m'circuit-climb'[39m
  }
}
[Telemetry][VT:0] GENERATOR_START { startNumber: [33m13[39m, mode: [32m'standard'[39m }
[Telemetry][VT:0] GENERATOR_STEP_CREATED { stepIndex: [33m0[39m, startNumber: [33m13[39m, answer: [33m14[39m }
[STEP TRACE] [
  {
    i: [33m0[39m,
    startNumber: [33m13[39m,
    value: [33m1[39m,
    operation: [32m'+'[39m,
    correctAnswer: [33m14[39m,
    distractors: [ [33m13[39m, [33m14[39m, [33m11[39m ],
    distractorCount: [33m3[39m,
    source: [32m'engine'[39m,
    fallbackUsed: [90mundefined[39m
  }
]
[GEN CONFIG TRACE] {
  mode: [32m'standard'[39m,
  operation: [90mundefined[39m,
  difficulty: [33m5[39m,
  totalSteps: [33m1[39m,
  answerChoices: [33m3[39m,
  table: [90mundefined[39m,
  skipSize: [90mundefined[39m,
  fullConfig: {
    learningMode: [32m'standard'[39m,
    totalSteps: [33m1[39m,
    targetNumber: [33m14[39m,
    targetFlex: [33m0[39m,
    rangeMin: [33m1[39m,
    rangeMax: [33m14[39m,
    answerChoices: [33m3[39m,
    difficultyLevel: [33m5[39m,
    phaseSequence: [ [36m[Object][39m ],
    opsEnabled: { [32m'+'[39m: [33mtrue[39m, [32m'-'[39m: [33mfalse[39m, [32m'ร—'[39m: [33mfalse[39m, [32m'รท'[39m: [33mfalse[39m },
    activeMode: [32m'normal'[39m,
    isMuted: [33mfalse[39m,
    timerOn: [33mfalse[39m,
    quickMindInterval: [33m10[39m,
    darkModeInterval: [33m10[39m,
    modifiersPerStep: [33m1[39m,
    enableVariables: [33mfalse[39m,
    stopwatchSkin: [32m'default'[39m,
    progressionMode: [32m'adaptive'[39m,
    presentationMode: [32m'normal'[39m,
    scriptId: [32m'circuit-climb'[39m
  }
}
[Telemetry][VT:0] GENERATOR_START { startNumber: [33m1[39m, mode: [32m'standard'[39m }
[Telemetry][VT:0] GENERATOR_STEP_CREATED { stepIndex: [33m0[39m, startNumber: [33m1[39m, answer: [33m2[39m }
[STEP TRACE] [
  {
    i: [33m0[39m,
    startNumber: [33m1[39m,
    value: [33m1[39m,
    operation: [32m'+'[39m,
    correctAnswer: [33m2[39m,
    distractors: [ [33m1[39m, [33m2[39m, [33m4[39m ],
    distractorCount: [33m3[39m,
    source: [32m'engine'[39m,
    fallbackUsed: [90mundefined[39m
  }
]
[GEN CONFIG TRACE] {
  mode: [32m'standard'[39m,
  operation: [90mundefined[39m,
  difficulty: [33m5[39m,
  totalSteps: [33m1[39m,
  answerChoices: [33m3[39m,
  table: [90mundefined[39m,
  skipSize: [90mundefined[39m,
  fullConfig: {
    learningMode: [32m'standard'[39m,
    totalSteps: [33m1[39m,
    targetNumber: [33m14[39m,
    targetFlex: [33m0[39m,
    rangeMin: [33m1[39m,
    rangeMax: [33m14[39m,
    answerChoices: [33m3[39m,
    difficultyLevel: [33m5[39m,
    phaseSequence: [ [36m[Object][39m ],
    opsEnabled: { [32m'+'[39m: [33mtrue[39m, [32m'-'[39m: [33mfalse[39m, [32m'ร—'[39m: [33mfalse[39m, [32m'รท'[39m: [33mfalse[39m },
    activeMode: [32m'normal'[39m,
    isMuted: [33mfalse[39m,
    timerOn: [33mfalse[39m,
    quickMindInterval: [33m10[39m,
    darkModeInterval: [33m10[39m,
    modifiersPerStep: [33m1[39m,
    enableVariables: [33mfalse[39m,
    stopwatchSkin: [32m'default'[39m,
    progressionMode: [32m'adaptive'[39m,
    presentationMode: [32m'normal'[39m,
    scriptId: [32m'circuit-climb'[39m
  }
}
[Telemetry][VT:0] GENERATOR_START { startNumber: [33m2[39m, mode: [32m'standard'[39m }
[Telemetry][VT:0] GENERATOR_STEP_CREATED { stepIndex: [33m0[39m, startNumber: [33m2[39m, answer: [33m6[39m }
[STEP TRACE] [
  {
    i: [33m0[39m,
    startNumber: [33m2[39m,
    value: [33m4[39m,
    operation: [32m'+'[39m,
    correctAnswer: [33m6[39m,
    distractors: [ [33m6[39m, [33m3[39m, [33m7[39m ],
    distractorCount: [33m3[39m,
    source: [32m'engine'[39m,
    fallbackUsed: [90mundefined[39m
  }
]
[GEN CONFIG TRACE] {
  mode: [32m'standard'[39m,
  operation: [90mundefined[39m,
  difficulty: [33m5[39m,
  totalSteps: [33m1[39m,
  answerChoices: [33m3[39m,
  table: [90mundefined[39m,
  skipSize: [90mundefined[39m,
  fullConfig: {
    learningMode: [32m'standard'[39m,
    totalSteps: [33m1[39m,
    targetNumber: [33m14[39m,
    targetFlex: [33m0[39m,
    rangeMin: [33m1[39m,
    rangeMax: [33m14[39m,
    answerChoices: [33m3[39m,
    difficultyLevel: [33m5[39m,
    phaseSequence: [ [36m[Object][39m ],
    opsEnabled: { [32m'+'[39m: [33mtrue[39m, [32m'-'[39m: [33mfalse[39m, [32m'ร—'[39m: [33mfalse[39m, [32m'รท'[39m: [33mfalse[39m },
    activeMode: [32m'normal'[39m,
    isMuted: [33mfalse[39m,
    timerOn: [33mfalse[39m,
    quickMindInterval: [33m10[39m,
    darkModeInterval: [33m10[39m,
    modifiersPerStep: [33m1[39m,
    enableVariables: [33mfalse[39m,
    stopwatchSkin: [32m'default'[39m,
    progressionMode: [32m'adaptive'[39m,
    presentationMode: [32m'normal'[39m,
    scriptId: [32m'circuit-climb'[39m
  }
}
[Telemetry][VT:0] GENERATOR_START { startNumber: [33m3[39m, mode: [32m'standard'[39m }
[Telemetry][VT:0] GENERATOR_STEP_CREATED { stepIndex: [33m0[39m, startNumber: [33m3[39m, answer: [33m5[39m }
[STEP TRACE] [
  {
    i: [33m0[39m,
    startNumber: [33m3[39m,
    value: [33m2[39m,
    operation: [32m'+'[39m,
    correctAnswer: [33m5[39m,
    distractors: [ [33m2[39m, [33m5[39m, [33m6[39m ],
    distractorCount: [33m3[39m,
    source: [32m'engine'[39m,
    fallbackUsed: [90mundefined[39m
  }
]
[GEN CONFIG TRACE] {
  mode: [32m'standard'[39m,
  operation: [90mundefined[39m,
  difficulty: [33m5[39m,
  totalSteps: [33m1[39m,
  answerChoices: [33m3[39m,
  table: [90mundefined[39m,
  skipSize: [90mundefined[39m,
  fullConfig: {
    learningMode: [32m'standard'[39m,
    totalSteps: [33m1[39m,
    targetNumber: [33m14[39m,
    targetFlex: [33m0[39m,
    rangeMin: [33m1[39m,
    rangeMax: [33m14[39m,
    answerChoices: [33m3[39m,
    difficultyLevel: [33m5[39m,
    phaseSequence: [ [36m[Object][39m ],
    opsEnabled: { [32m'+'[39m: [33mtrue[39m, [32m'-'[39m: [33mfalse[39m, [32m'ร—'[39m: [33mfalse[39m, [32m'รท'[39m: [33mfalse[39m },
    activeMode: [32m'normal'[39m,
    isMuted: [33mfalse[39m,
    timerOn: [33mfalse[39m,
    quickMindInterval: [33m10[39m,
    darkModeInterval: [33m10[39m,
    modifiersPerStep: [33m1[39m,
    enableVariables: [33mfalse[39m,
    stopwatchSkin: [32m'default'[39m,
    progressionMode: [32m'adaptive'[39m,
    presentationMode: [32m'normal'[39m,
    scriptId: [32m'circuit-climb'[39m
  }
}
[Telemetry][VT:0] GENERATOR_START { startNumber: [33m4[39m, mode: [32m'standard'[39m }
[Telemetry][VT:0] GENERATOR_STEP_CREATED { stepIndex: [33m0[39m, startNumber: [33m4[39m, answer: [33m5[39m }
[STEP TRACE] [
  {
    i: [33m0[39m,
    startNumber: [33m4[39m,
    value: [33m1[39m,
    operation: [32m'+'[39m,
    correctAnswer: [33m5[39m,
    distractors: [ [33m5[39m, [33m2[39m, [33m3[39m ],
    distractorCount: [33m3[39m,
    source: [32m'engine'[39m,
    fallbackUsed: [90mundefined[39m
  }
]
[GEN CONFIG TRACE] {
  mode: [32m'standard'[39m,
  operation: [90mundefined[39m,
  difficulty: [33m5[39m,
  totalSteps: [33m1[39m,
  answerChoices: [33m3[39m,
  table: [90mundefined[39m,
  skipSize: [90mundefined[39m,
  fullConfig: {
    learningMode: [32m'standard'[39m,
    totalSteps: [33m1[39m,
    targetNumber: [33m14[39m,
    targetFlex: [33m0[39m,
    rangeMin: [33m1[39m,
    rangeMax: [33m14[39m,
    answerChoices: [33m3[39m,
    difficultyLevel: [33m5[39m,
    phaseSequence: [ [36m[Object][39m ],
    opsEnabled: { [32m'+'[39m: [33mtrue[39m, [32m'-'[39m: [33mfalse[39m, [32m'ร—'[39m: [33mfalse[39m, [32m'รท'[39m: [33mfalse[39m },
    activeMode: [32m'normal'[39m,
    isMuted: [33mfalse[39m,
    timerOn: [33mfalse[39m,
    quickMindInterval: [33m10[39m,
    darkModeInterval: [33m10[39m,
    modifiersPerStep: [33m1[39m,
    enableVariables: [33mfalse[39m,
    stopwatchSkin: [32m'default'[39m,
    progressionMode: [32m'adaptive'[39m,
    presentationMode: [32m'normal'[39m,
    scriptId: [32m'circuit-climb'[39m
  }
}
[Telemetry][VT:0] GENERATOR_START { startNumber: [33m5[39m, mode: [32m'standard'[39m }
[Telemetry][VT:0] GENERATOR_STEP_CREATED { stepIndex: [33m0[39m, startNumber: [33m5[39m, answer: [33m11[39m }
[STEP TRACE] [
  {
    i: [33m0[39m,
    startNumber: [33m5[39m,
    value: [33m6[39m,
    operation: [32m'+'[39m,
    correctAnswer: [33m11[39m,
    distractors: [ [33m11[39m, [33m13[39m, [33m9[39m ],
    distractorCount: [33m3[39m,
    source: [32m'engine'[39m,
    fallbackUsed: [90mundefined[39m
  }
]
[GEN CONFIG TRACE] {
  mode: [32m'standard'[39m,
  operation: [90mundefined[39m,
  difficulty: [33m5[39m,
  totalSteps: [33m1[39m,
  answerChoices: [33m3[39m,
  table: [90mundefined[39m,
  skipSize: [90mundefined[39m,
  fullConfig: {
    learningMode: [32m'standard'[39m,
    totalSteps: [33m1[39m,
    targetNumber: [33m14[39m,
    targetFlex: [33m0[39m,
    rangeMin: [33m1[39m,
    rangeMax: [33m14[39m,
    answerChoices: [33m3[39m,
    difficultyLevel: [33m5[39m,
    phaseSequence: [ [36m[Object][39m ],
    opsEnabled: { [32m'+'[39m: [33mtrue[39m, [32m'-'[39m: [33mfalse[39m, [32m'ร—'[39m: [33mfalse[39m, [32m'รท'[39m: [33mfalse[39m },
    activeMode: [32m'normal'[39m,
    isMuted: [33mfalse[39m,
    timerOn: [33mfalse[39m,
    quickMindInterval: [33m10[39m,
    darkModeInterval: [33m10[39m,
    modifiersPerStep: [33m1[39m,
    enableVariables: [33mfalse[39m,
    stopwatchSkin: [32m'default'[39m,
    progressionMode: [32m'adaptive'[39m,
    presentationMode: [32m'normal'[39m,
    scriptId: [32m'circuit-climb'[39m
  }
}
[Telemetry][VT:0] GENERATOR_START { startNumber: [33m6[39m, mode: [32m'standard'[39m }
[Telemetry][VT:0] GENERATOR_STEP_CREATED { stepIndex: [33m0[39m, startNumber: [33m6[39m, answer: [33m14[39m }
[STEP TRACE] [
  {
    i: [33m0[39m,
    startNumber: [33m6[39m,
    value: [33m8[39m,
    operation: [32m'+'[39m,
    correctAnswer: [33m14[39m,
    distractors: [ [33m13[39m, [33m14[39m, [33m17[39m ],
    distractorCount: [33m3[39m,
    source: [32m'engine'[39m,
    fallbackUsed: [90mundefined[39m
  }
]
[GEN CONFIG TRACE] {
  mode: [32m'standard'[39m,
  operation: [90mundefined[39m,
  difficulty: [33m5[39m,
  totalSteps: [33m1[39m,
  answerChoices: [33m3[39m,
  table: [90mundefined[39m,
  skipSize: [90mundefined[39m,
  fullConfig: {
    learningMode: [32m'standard'[39m,
    totalSteps: [33m1[39m,
    targetNumber: [33m14[39m,
    targetFlex: [33m0[39m,
    rangeMin: [33m1[39m,
    rangeMax: [33m14[39m,
    answerChoices: [33m3[39m,
    difficultyLevel: [33m5[39m,
    phaseSequence: [ [36m[Object][39m ],
    opsEnabled: { [32m'+'[39m: [33mtrue[39m, [32m'-'[39m: [33mfalse[39m, [32m'ร—'[39m: [33mfalse[39m, [32m'รท'[39m: [33mfalse[39m },
    activeMode: [32m'normal'[39m,
    isMuted: [33mfalse[39m,
    timerOn: [33mfalse[39m,
    quickMindInterval: [33m10[39m,
    darkModeInterval: [33m10[39m,
    modifiersPerStep: [33m1[39m,
    enableVariables: [33mfalse[39m,
    stopwatchSkin: [32m'default'[39m,
    progressionMode: [32m'adaptive'[39m,
    presentationMode: [32m'normal'[39m,
    scriptId: [32m'circuit-climb'[39m
  }
}
[Telemetry][VT:0] GENERATOR_START { startNumber: [33m7[39m, mode: [32m'standard'[39m }
[Telemetry][VT:0] GENERATOR_STEP_CREATED { stepIndex: [33m0[39m, startNumber: [33m7[39m, answer: [33m11[39m }
[STEP TRACE] [
  {
    i: [33m0[39m,
    startNumber: [33m7[39m,
    value: [33m4[39m,
    operation: [32m'+'[39m,
    correctAnswer: [33m11[39m,
    distractors: [ [33m10[39m, [33m11[39m, [33m12[39m ],
    distractorCount: [33m3[39m,
    source: [32m'engine'[39m,
    fallbackUsed: [90mundefined[39m
  }
]
[GEN CONFIG TRACE] {
  mode: [32m'standard'[39m,
  operation: [90mundefined[39m,
  difficulty: [33m5[39m,
  totalSteps: [33m1[39m,
  answerChoices: [33m3[39m,
  table: [90mundefined[39m,
  skipSize: [90mundefined[39m,
  fullConfig: {
    learningMode: [32m'standard'[39m,
    totalSteps: [33m1[39m,
    targetNumber: [33m14[39m,
    targetFlex: [33m0[39m,
    rangeMin: [33m1[39m,
    rangeMax: [33m14[39m,
    answerChoices: [33m3[39m,
    difficultyLevel: [33m5[39m,
    phaseSequence: [ [36m[Object][39m ],
    opsEnabled: { [32m'+'[39m: [33mtrue[39m, [32m'-'[39m: [33mfalse[39m, [32m'ร—'[39m: [33mfalse[39m, [32m'รท'[39m: [33mfalse[39m },
    activeMode: [32m'normal'[39m,
    isMuted: [33mfalse[39m,
    timerOn: [33mfalse[39m,
    quickMindInterval: [33m10[39m,
    darkModeInterval: [33m10[39m,
    modifiersPerStep: [33m1[39m,
    enableVariables: [33mfalse[39m,
    stopwatchSkin: [32m'default'[39m,
    progressionMode: [32m'adaptive'[39m,
    presentationMode: [32m'normal'[39m,
    scriptId: [32m'circuit-climb'[39m
  }
}
[Telemetry][VT:0] GENERATOR_START { startNumber: [33m8[39m, mode: [32m'standard'[39m }
[Telemetry][VT:0] GENERATOR_STEP_CREATED { stepIndex: [33m0[39m, startNumber: [33m8[39m, answer: [33m11[39m }
[STEP TRACE] [
  {
    i: [33m0[39m,
    startNumber: [33m8[39m,
    value: [33m3[39m,
    operation: [32m'+'[39m,
    correctAnswer: [33m11[39m,
    distractors: [ [33m8[39m, [33m10[39m, [33m11[39m ],
    distractorCount: [33m3[39m,
    source: [32m'engine'[39m,
    fallbackUsed: [90mundefined[39m
  }
]
[GEN CONFIG TRACE] {
  mode: [32m'standard'[39m,
  operation: [90mundefined[39m,
  difficulty: [33m5[39m,
  totalSteps: [33m1[39m,
  answerChoices: [33m3[39m,
  table: [90mundefined[39m,
  skipSize: [90mundefined[39m,
  fullConfig: {
    learningMode: [32m'standard'[39m,
    totalSteps: [33m1[39m,
    targetNumber: [33m14[39m,
    targetFlex: [33m0[39m,
    rangeMin: [33m1[39m,
    rangeMax: [33m14[39m,
    answerChoices: [33m3[39m,
    difficultyLevel: [33m5[39m,
    phaseSequence: [ [36m[Object][39m ],
    opsEnabled: { [32m'+'[39m: [33mtrue[39m, [32m'-'[39m: [33mfalse[39m, [32m'ร—'[39m: [33mfalse[39m, [32m'รท'[39m: [33mfalse[39m },
    activeMode: [32m'normal'[39m,
    isMuted: [33mfalse[39m,
    timerOn: [33mfalse[39m,
    quickMindInterval: [33m10[39m,
    darkModeInterval: [33m10[39m,
    modifiersPerStep: [33m1[39m,
    enableVariables: [33mfalse[39m,
    stopwatchSkin: [32m'default'[39m,
    progressionMode: [32m'adaptive'[39m,
    presentationMode: [32m'normal'[39m,
    scriptId: [32m'circuit-climb'[39m
  }
}
[Telemetry][VT:0] GENERATOR_START { startNumber: [33m9[39m, mode: [32m'standard'[39m }
[Telemetry][VT:0] GENERATOR_STEP_CREATED { stepIndex: [33m0[39m, startNumber: [33m9[39m, answer: [33m10[39m }
[STEP TRACE] [
  {
    i: [33m0[39m,
    startNumber: [33m9[39m,
    value: [33m1[39m,
    operation: [32m'+'[39m,
    correctAnswer: [33m10[39m,
    distractors: [ [33m10[39m, [33m13[39m, [33m8[39m ],
    distractorCount: [33m3[39m,
    source: [32m'engine'[39m,
    fallbackUsed: [90mundefined[39m
  }
]
[GEN CONFIG TRACE] {
  mode: [32m'standard'[39m,
  operation: [90mundefined[39m,
  difficulty: [33m5[39m,
  totalSteps: [33m1[39m,
  answerChoices: [33m3[39m,
  table: [90mundefined[39m,
  skipSize: [90mundefined[39m,
  fullConfig: {
    learningMode: [32m'standard'[39m,
    totalSteps: [33m1[39m,
    targetNumber: [33m14[39m,
    targetFlex: [33m0[39m,
    rangeMin: [33m1[39m,
    rangeMax: [33m14[39m,
    answerChoices: [33m3[39m,
    difficultyLevel: [33m5[39m,
    phaseSequence: [ [36m[Object][39m ],
    opsEnabled: { [32m'+'[39m: [33mtrue[39m, [32m'-'[39m: [33mfalse[39m, [32m'ร—'[39m: [33mfalse[39m, [32m'รท'[39m: [33mfalse[39m },
    activeMode: [32m'normal'[39m,
    isMuted: [33mfalse[39m,
    timerOn: [33mfalse[39m,
    quickMindInterval: [33m10[39m,
    darkModeInterval: [33m10[39m,
    modifiersPerStep: [33m1[39m,
    enableVariables: [33mfalse[39m,
    stopwatchSkin: [32m'default'[39m,
    progressionMode: [32m'adaptive'[39m,
    presentationMode: [32m'normal'[39m,
    scriptId: [32m'circuit-climb'[39m
  }
}
[Telemetry][VT:0] GENERATOR_START { startNumber: [33m10[39m, mode: [32m'standard'[39m }
[Telemetry][VT:0] GENERATOR_STEP_CREATED { stepIndex: [33m0[39m, startNumber: [33m10[39m, answer: [33m11[39m }
[STEP TRACE] [
  {
    i: [33m0[39m,
    startNumber: [33m10[39m,
    value: [33m1[39m,
    operation: [32m'+'[39m,
    correctAnswer: [33m11[39m,
    distractors: [ [33m10[39m, [33m11[39m, [33m14[39m ],
    distractorCount: [33m3[39m,
    source: [32m'engine'[39m,
    fallbackUsed: [90mundefined[39m
  }
]
[GEN CONFIG TRACE] {
  mode: [32m'standard'[39m,
  operation: [90mundefined[39m,
  difficulty: [33m5[39m,
  totalSteps: [33m1[39m,
  answerChoices: [33m3[39m,
  table: [90mundefined[39m,
  skipSize: [90mundefined[39m,
  fullConfig: {
    learningMode: [32m'standard'[39m,
    totalSteps: [33m1[39m,
    targetNumber: [33m14[39m,
    targetFlex: [33m0[39m,
    rangeMin: [33m1[39m,
    rangeMax: [33m14[39m,
    answerChoices: [33m3[39m,
    difficultyLevel: [33m5[39m,
    phaseSequence: [ [36m[Object][39m ],
    opsEnabled: { [32m'+'[39m: [33mtrue[39m, [32m'-'[39m: [33mfalse[39m, [32m'ร—'[39m: [33mfalse[39m, [32m'รท'[39m: [33mfalse[39m },
    activeMode: [32m'normal'[39m,
    isMuted: [33mfalse[39m,
    timerOn: [33mfalse[39m,
    quickMindInterval: [33m10[39m,
    darkModeInterval: [33m10[39m,
    modifiersPerStep: [33m1[39m,
    enableVariables: [33mfalse[39m,
    stopwatchSkin: [32m'default'[39m,
    progressionMode: [32m'adaptive'[39m,
    presentationMode: [32m'normal'[39m,
    scriptId: [32m'circuit-climb'[39m
  }
}
[Telemetry][VT:0] GENERATOR_START { startNumber: [33m11[39m, mode: [32m'standard'[39m }
[Telemetry][VT:0] GENERATOR_STEP_CREATED { stepIndex: [33m0[39m, startNumber: [33m11[39m, answer: [33m12[39m }
[STEP TRACE] [
  {
    i: [33m0[39m,
    startNumber: [33m11[39m,
    value: [33m1[39m,
    operation: [32m'+'[39m,
    correctAnswer: [33m12[39m,
    distractors: [ [33m12[39m, [33m15[39m, [33m11[39m ],
    distractorCount: [33m3[39m,
    source: [32m'engine'[39m,
    fallbackUsed: [90mundefined[39m
  }
]
[GEN CONFIG TRACE] {
  mode: [32m'standard'[39m,
  operation: [90mundefined[39m,
  difficulty: [33m5[39m,
  totalSteps: [33m1[39m,
  answerChoices: [33m3[39m,
  table: [90mundefined[39m,
  skipSize: [90mundefined[39m,
  fullConfig: {
    learningMode: [32m'standard'[39m,
    totalSteps: [33m1[39m,
    targetNumber: [33m14[39m,
    targetFlex: [33m0[39m,
    rangeMin: [33m1[39m,
    rangeMax: [33m14[39m,
    answerChoices: [33m3[39m,
    difficultyLevel: [33m5[39m,
    phaseSequence: [ [36m[Object][39m ],
    opsEnabled: { [32m'+'[39m: [33mtrue[39m, [32m'-'[39m: [33mfalse[39m, [32m'ร—'[39m: [33mfalse[39m, [32m'รท'[39m: [33mfalse[39m },
    activeMode: [32m'normal'[39m,
    isMuted: [33mfalse[39m,
    timerOn: [33mfalse[39m,
    quickMindInterval: [33m10[39m,
    darkModeInterval: [33m10[39m,
    modifiersPerStep: [33m1[39m,
    enableVariables: [33mfalse[39m,
    stopwatchSkin: [32m'default'[39m,
    progressionMode: [32m'adaptive'[39m,
    presentationMode: [32m'normal'[39m,
    scriptId: [32m'circuit-climb'[39m
  }
}
[Telemetry][VT:0] GENERATOR_START { startNumber: [33m12[39m, mode: [32m'standard'[39m }
[Telemetry][VT:0] GENERATOR_STEP_CREATED { stepIndex: [33m0[39m, startNumber: [33m12[39m, answer: [33m14[39m }
[STEP TRACE] [
  {
    i: [33m0[39m,
    startNumber: [33m12[39m,
    value: [33m2[39m,
    operation: [32m'+'[39m,
    correctAnswer: [33m14[39m,
    distractors: [ [33m14[39m, [33m15[39m, [33m16[39m ],
    distractorCount: [33m3[39m,
    source: [32m'engine'[39m,
    fallbackUsed: [90mundefined[39m
  }
]
[GEN CONFIG TRACE] {
  mode: [32m'standard'[39m,
  operation: [90mundefined[39m,
  difficulty: [33m5[39m,
  totalSteps: [33m1[39m,
  answerChoices: [33m3[39m,
  table: [90mundefined[39m,
  skipSize: [90mundefined[39m,
  fullConfig: {
    learningMode: [32m'standard'[39m,
    totalSteps: [33m1[39m,
    targetNumber: [33m14[39m,
    targetFlex: [33m0[39m,
    rangeMin: [33m1[39m,
    rangeMax: [33m14[39m,
    answerChoices: [33m3[39m,
    difficultyLevel: [33m5[39m,
    phaseSequence: [ [36m[Object][39m ],
    opsEnabled: { [32m'+'[39m: [33mtrue[39m, [32m'-'[39m: [33mfalse[39m, [32m'ร—'[39m: [33mfalse[39m, [32m'รท'[39m: [33mfalse[39m },
    activeMode: [32m'normal'[39m,
    isMuted: [33mfalse[39m,
    timerOn: [33mfalse[39m,
    quickMindInterval: [33m10[39m,
    darkModeInterval: [33m10[39m,
    modifiersPerStep: [33m1[39m,
    enableVariables: [33mfalse[39m,
    stopwatchSkin: [32m'default'[39m,
    progressionMode: [32m'adaptive'[39m,
    presentationMode: [32m'normal'[39m,
    scriptId: [32m'circuit-climb'[39m
  }
}
[Telemetry][VT:0] GENERATOR_START { startNumber: [33m13[39m, mode: [32m'standard'[39m }
[Telemetry][VT:0] GENERATOR_STEP_CREATED { stepIndex: [33m0[39m, startNumber: [33m13[39m, answer: [33m14[39m }
[STEP TRACE] [
  {
    i: [33m0[39m,
    startNumber: [33m13[39m,
    value: [33m1[39m,
    operation: [32m'+'[39m,
    correctAnswer: [33m14[39m,
    distractors: [ [33m16[39m, [33m14[39m, [33m12[39m ],
    distractorCount: [33m3[39m,
    source: [32m'engine'[39m,
    fallbackUsed: [90mundefined[39m
  }
]
[GEN CONFIG TRACE] {
  mode: [32m'standard'[39m,
  operation: [90mundefined[39m,
  difficulty: [33m5[39m,
  totalSteps: [33m1[39m,
  answerChoices: [33m3[39m,
  table: [90mundefined[39m,
  skipSize: [90mundefined[39m,
  fullConfig: {
    learningMode: [32m'standard'[39m,
    totalSteps: [33m1[39m,
    targetNumber: [33m14[39m,
    targetFlex: [33m0[39m,
    rangeMin: [33m1[39m,
    rangeMax: [33m14[39m,
    answerChoices: [33m3[39m,
    difficultyLevel: [33m5[39m,
    phaseSequence: [ [36m[Object][39m ],
    opsEnabled: { [32m'+'[39m: [33mtrue[39m, [32m'-'[39m: [33mfalse[39m, [32m'ร—'[39m: [33mfalse[39m, [32m'รท'[39m: [33mfalse[39m },
    activeMode: [32m'normal'[39m,
    isMuted: [33mfalse[39m,
    timerOn: [33mfalse[39m,
    quickMindInterval: [33m10[39m,
    darkModeInterval: [33m10[39m,
    modifiersPerStep: [33m1[39m,
    enableVariables: [33mfalse[39m,
    stopwatchSkin: [32m'default'[39m,
    progressionMode: [32m'adaptive'[39m,
    presentationMode: [32m'normal'[39m,
    scriptId: [32m'circuit-climb'[39m
  }
}
[Telemetry][VT:0] GENERATOR_START { startNumber: [33m1[39m, mode: [32m'standard'[39m }
[Telemetry][VT:0] GENERATOR_STEP_CREATED { stepIndex: [33m0[39m, startNumber: [33m1[39m, answer: [33m6[39m }
[STEP TRACE] [
  {
    i: [33m0[39m,
    startNumber: [33m1[39m,
    value: [33m5[39m,
    operation: [32m'+'[39m,
    correctAnswer: [33m6[39m,
    distractors: [ [33m7[39m, [33m6[39m, [33m9[39m ],
    distractorCount: [33m3[39m,
    source: [32m'engine'[39m,
    fallbackUsed: [90mundefined[39m
  }
]
[GEN CONFIG TRACE] {
  mode: [32m'standard'[39m,
  operation: [90mundefined[39m,
  difficulty: [33m5[39m,
  totalSteps: [33m1[39m,
  answerChoices: [33m3[39m,
  table: [90mundefined[39m,
  skipSize: [90mundefined[39m,
  fullConfig: {
    learningMode: [32m'standard'[39m,
    totalSteps: [33m1[39m,
    targetNumber: [33m14[39m,
    targetFlex: [33m0[39m,
    rangeMin: [33m1[39m,
    rangeMax: [33m14[39m,
    answerChoices: [33m3[39m,
    difficultyLevel: [33m5[39m,
    phaseSequence: [ [36m[Object][39m ],
    opsEnabled: { [32m'+'[39m: [33mtrue[39m, [32m'-'[39m: [33mfalse[39m, [32m'ร—'[39m: [33mfalse[39m, [32m'รท'[39m: [33mfalse[39m },
    activeMode: [32m'normal'[39m,
    isMuted: [33mfalse[39m,
    timerOn: [33mfalse[39m,
    quickMindInterval: [33m10[39m,
    darkModeInterval: [33m10[39m,
    modifiersPerStep: [33m1[39m,
    enableVariables: [33mfalse[39m,
    stopwatchSkin: [32m'default'[39m,
    progressionMode: [32m'adaptive'[39m,
    presentationMode: [32m'normal'[39m,
    scriptId: [32m'circuit-climb'[39m
  }
}
[Telemetry][VT:0] GENERATOR_START { startNumber: [33m2[39m, mode: [32m'standard'[39m }
[Telemetry][VT:0] GENERATOR_STEP_CREATED { stepIndex: [33m0[39m, startNumber: [33m2[39m, answer: [33m4[39m }
[STEP TRACE] [
  {
    i: [33m0[39m,
    startNumber: [33m2[39m,
    value: [33m2[39m,
    operation: [32m'+'[39m,
    correctAnswer: [33m4[39m,
    distractors: [ [33m4[39m, [33m7[39m, [33m5[39m ],
    distractorCount: [33m3[39m,
    source: [32m'engine'[39m,
    fallbackUsed: [90mundefined[39m
  }
]
[GEN CONFIG TRACE] {
  mode: [32m'standard'[39m,
  operation: [90mundefined[39m,
  difficulty: [33m5[39m,
  totalSteps: [33m1[39m,
  answerChoices: [33m3[39m,
  table: [90mundefined[39m,
  skipSize: [90mundefined[39m,
  fullConfig: {
    learningMode: [32m'standard'[39m,
    totalSteps: [33m1[39m,
    targetNumber: [33m14[39m,
    targetFlex: [33m0[39m,
    rangeMin: [33m1[39m,
    rangeMax: [33m14[39m,
    answerChoices: [33m3[39m,
    difficultyLevel: [33m5[39m,
    phaseSequence: [ [36m[Object][39m ],
    opsEnabled: { [32m'+'[39m: [33mtrue[39m, [32m'-'[39m: [33mfalse[39m, [32m'ร—'[39m: [33mfalse[39m, [32m'รท'[39m: [33mfalse[39m },
    activeMode: [32m'normal'[39m,
    isMuted: [33mfalse[39m,
    timerOn: [33mfalse[39m,
    quickMindInterval: [33m10[39m,
    darkModeInterval: [33m10[39m,
    modifiersPerStep: [33m1[39m,
    enableVariables: [33mfalse[39m,
    stopwatchSkin: [32m'default'[39m,
    progressionMode: [32m'adaptive'[39m,
    presentationMode: [32m'normal'[39m,
    scriptId: [32m'circuit-climb'[39m
  }
}
[Telemetry][VT:0] GENERATOR_START { startNumber: [33m3[39m, mode: [32m'standard'[39m }
[Telemetry][VT:0] GENERATOR_STEP_CREATED { stepIndex: [33m0[39m, startNumber: [33m3[39m, answer: [33m8[39m }
[STEP TRACE] [
  {
    i: [33m0[39m,
    startNumber: [33m3[39m,
    value: [33m5[39m,
    operation: [32m'+'[39m,
    correctAnswer: [33m8[39m,
    distractors: [ [33m8[39m, [33m9[39m, [33m7[39m ],
    distractorCount: [33m3[39m,
    source: [32m'engine'[39m,
    fallbackUsed: [90mundefined[39m
  }
]
[GEN CONFIG TRACE] {
  mode: [32m'standard'[39m,
  operation: [90mundefined[39m,
  difficulty: [33m5[39m,
  totalSteps: [33m1[39m,
  answerChoices: [33m3[39m,
  table: [90mundefined[39m,
  skipSize: [90mundefined[39m,
  fullConfig: {
    learningMode: [32m'standard'[39m,
    totalSteps: [33m1[39m,
    targetNumber: [33m14[39m,
    targetFlex: [33m0[39m,
    rangeMin: [33m1[39m,
    rangeMax: [33m14[39m,
    answerChoices: [33m3[39m,
    difficultyLevel: [33m5[39m,
    phaseSequence: [ [36m[Object][39m ],
    opsEnabled: { [32m'+'[39m: [33mtrue[39m, [32m'-'[39m: [33mfalse[39m, [32m'ร—'[39m: [33mfalse[39m, [32m'รท'[39m: [33mfalse[39m },
    activeMode: [32m'normal'[39m,
    isMuted: [33mfalse[39m,
    timerOn: [33mfalse[39m,
    quickMindInterval: [33m10[39m,
    darkModeInterval: [33m10[39m,
    modifiersPerStep: [33m1[39m,
    enableVariables: [33mfalse[39m,
    stopwatchSkin: [32m'default'[39m,
    progressionMode: [32m'adaptive'[39m,
    presentationMode: [32m'normal'[39m,
    scriptId: [32m'circuit-climb'[39m
  }
}
[Telemetry][VT:0] GENERATOR_START { startNumber: [33m4[39m, mode: [32m'standard'[39m }
[Telemetry][VT:0] GENERATOR_STEP_CREATED { stepIndex: [33m0[39m, startNumber: [33m4[39m, answer: [33m7[39m }
[STEP TRACE] [
  {
    i: [33m0[39m,
    startNumber: [33m4[39m,
    value: [33m3[39m,
    operation: [32m'+'[39m,
    correctAnswer: [33m7[39m,
    distractors: [ [33m4[39m, [33m7[39m, [33m9[39m ],
    distractorCount: [33m3[39m,
    source: [32m'engine'[39m,
    fallbackUsed: [90mundefined[39m
  }
]
[GEN CONFIG TRACE] {
  mode: [32m'standard'[39m,
  operation: [90mundefined[39m,
  difficulty: [33m5[39m,
  totalSteps: [33m1[39m,
  answerChoices: [33m3[39m,
  table: [90mundefined[39m,
  skipSize: [90mundefined[39m,
  fullConfig: {
    learningMode: [32m'standard'[39m,
    totalSteps: [33m1[39m,
    targetNumber: [33m14[39m,
    targetFlex: [33m0[39m,
    rangeMin: [33m1[39m,
    rangeMax: [33m14[39m,
    answerChoices: [33m3[39m,
    difficultyLevel: [33m5[39m,
    phaseSequence: [ [36m[Object][39m ],
    opsEnabled: { [32m'+'[39m: [33mtrue[39m, [32m'-'[39m: [33mfalse[39m, [32m'ร—'[39m: [33mfalse[39m, [32m'รท'[39m: [33mfalse[39m },
    activeMode: [32m'normal'[39m,
    isMuted: [33mfalse[39m,
    timerOn: [33mfalse[39m,
    quickMindInterval: [33m10[39m,
    darkModeInterval: [33m10[39m,
    modifiersPerStep: [33m1[39m,
    enableVariables: [33mfalse[39m,
    stopwatchSkin: [32m'default'[39m,
    progressionMode: [32m'adaptive'[39m,
    presentationMode: [32m'normal'[39m,
    scriptId: [32m'circuit-climb'[39m
  }
}
[Telemetry][VT:0] GENERATOR_START { startNumber: [33m5[39m, mode: [32m'standard'[39m }
[Telemetry][VT:0] GENERATOR_STEP_CREATED { stepIndex: [33m0[39m, startNumber: [33m5[39m, answer: [33m14[39m }
[STEP TRACE] [
  {
    i: [33m0[39m,
    startNumber: [33m5[39m,
    value: [33m9[39m,
    operation: [32m'+'[39m,
    correctAnswer: [33m14[39m,
    distractors: [ [33m14[39m, [33m12[39m, [33m11[39m ],
    distractorCount: [33m3[39m,
    source: [32m'engine'[39m,
    fallbackUsed: [90mundefined[39m
  }
]
[GEN CONFIG TRACE] {
  mode: [32m'standard'[39m,
  operation: [90mundefined[39m,
  difficulty: [33m5[39m,
  totalSteps: [33m1[39m,
  answerChoices: [33m3[39m,
  table: [90mundefined[39m,
  skipSize: [90mundefined[39m,
  fullConfig: {
    learningMode: [32m'standard'[39m,
    totalSteps: [33m1[39m,
    targetNumber: [33m14[39m,
    targetFlex: [33m0[39m,
    rangeMin: [33m1[39m,
    rangeMax: [33m14[39m,
    answerChoices: [33m3[39m,
    difficultyLevel: [33m5[39m,
    phaseSequence: [ [36m[Object][39m ],
    opsEnabled: { [32m'+'[39m: [33mtrue[39m, [32m'-'[39m: [33mfalse[39m, [32m'ร—'[39m: [33mfalse[39m, [32m'รท'[39m: [33mfalse[39m },
    activeMode: [32m'normal'[39m,
    isMuted: [33mfalse[39m,
    timerOn: [33mfalse[39m,
    quickMindInterval: [33m10[39m,
    darkModeInterval: [33m10[39m,
    modifiersPerStep: [33m1[39m,
    enableVariables: [33mfalse[39m,
    stopwatchSkin: [32m'default'[39m,
    progressionMode: [32m'adaptive'[39m,
    presentationMode: [32m'normal'[39m,
    scriptId: [32m'circuit-climb'[39m
  }
}
[Telemetry][VT:0] GENERATOR_START { startNumber: [33m6[39m, mode: [32m'standard'[39m }
[Telemetry][VT:0] GENERATOR_STEP_CREATED { stepIndex: [33m0[39m, startNumber: [33m6[39m, answer: [33m9[39m }
[STEP TRACE] [
  {
    i: [33m0[39m,
    startNumber: [33m6[39m,
    value: [33m3[39m,
    operation: [32m'+'[39m,
    correctAnswer: [33m9[39m,
    distractors: [ [33m12[39m, [33m7[39m, [33m9[39m ],
    distractorCount: [33m3[39m,
    source: [32m'engine'[39m,
    fallbackUsed: [90mundefined[39m
  }
]
[GEN CONFIG TRACE] {
  mode: [32m'standard'[39m,
  operation: [90mundefined[39m,
  difficulty: [33m5[39m,
  totalSteps: [33m1[39m,
  answerChoices: [33m3[39m,
  table: [90mundefined[39m,
  skipSize: [90mundefined[39m,
  fullConfig: {
    learningMode: [32m'standard'[39m,
    totalSteps: [33m1[39m,
    targetNumber: [33m14[39m,
    targetFlex: [33m0[39m,
    rangeMin: [33m1[39m,
    rangeMax: [33m14[39m,
    answerChoices: [33m3[39m,
    difficultyLevel: [33m5[39m,
    phaseSequence: [ [36m[Object][39m ],
    opsEnabled: { [32m'+'[39m: [33mtrue[39m, [32m'-'[39m: [33mfalse[39m, [32m'ร—'[39m: [33mfalse[39m, [32m'รท'[39m: [33mfalse[39m },
    activeMode: [32m'normal'[39m,
    isMuted: [33mfalse[39m,
    timerOn: [33mfalse[39m,
    quickMindInterval: [33m10[39m,
    darkModeInterval: [33m10[39m,
    modifiersPerStep: [33m1[39m,
    enableVariables: [33mfalse[39m,
    stopwatchSkin: [32m'default'[39m,
    progressionMode: [32m'adaptive'[39m,
    presentationMode: [32m'normal'[39m,
    scriptId: [32m'circuit-climb'[39m
  }
}
[Telemetry][VT:0] GENERATOR_START { startNumber: [33m7[39m, mode: [32m'standard'[39m }
[Telemetry][VT:0] GENERATOR_STEP_CREATED { stepIndex: [33m0[39m, startNumber: [33m7[39m, answer: [33m12[39m }
[STEP TRACE] [
  {
    i: [33m0[39m,
    startNumber: [33m7[39m,
    value: [33m5[39m,
    operation: [32m'+'[39m,
    correctAnswer: [33m12[39m,
    distractors: [ [33m14[39m, [33m10[39m, [33m12[39m ],
    distractorCount: [33m3[39m,
    source: [32m'engine'[39m,
    fallbackUsed: [90mundefined[39m
  }
]
[GEN CONFIG TRACE] {
  mode: [32m'standard'[39m,
  operation: [90mundefined[39m,
  difficulty: [33m5[39m,
  totalSteps: [33m1[39m,
  answerChoices: [33m3[39m,
  table: [90mundefined[39m,
  skipSize: [90mundefined[39m,
  fullConfig: {
    learningMode: [32m'standard'[39m,
    totalSteps: [33m1[39m,
    targetNumber: [33m14[39m,
    targetFlex: [33m0[39m,
    rangeMin: [33m1[39m,
    rangeMax: [33m14[39m,
    answerChoices: [33m3[39m,
    difficultyLevel: [33m5[39m,
    phaseSequence: [ [36m[Object][39m ],
    opsEnabled: { [32m'+'[39m: [33mtrue[39m, [32m'-'[39m: [33mfalse[39m, [32m'ร—'[39m: [33mfalse[39m, [32m'รท'[39m: [33mfalse[39m },
    activeMode: [32m'normal'[39m,
    isMuted: [33mfalse[39m,
    timerOn: [33mfalse[39m,
    quickMindInterval: [33m10[39m,
    darkModeInterval: [33m10[39m,
    modifiersPerStep: [33m1[39m,
    enableVariables: [33mfalse[39m,
    stopwatchSkin: [32m'default'[39m,
    progressionMode: [32m'adaptive'[39m,
    presentationMode: [32m'normal'[39m,
    scriptId: [32m'circuit-climb'[39m
  }
}
[Telemetry][VT:0] GENERATOR_START { startNumber: [33m8[39m, mode: [32m'standard'[39m }
[Telemetry][VT:0] GENERATOR_STEP_CREATED { stepIndex: [33m0[39m, startNumber: [33m8[39m, answer: [33m12[39m }
[STEP TRACE] [
  {
    i: [33m0[39m,
    startNumber: [33m8[39m,
    value: [33m4[39m,
    operation: [32m'+'[39m,
    correctAnswer: [33m12[39m,
    distractors: [ [33m12[39m, [33m15[39m, [33m10[39m ],
    distractorCount: [33m3[39m,
    source: [32m'engine'[39m,
    fallbackUsed: [90mundefined[39m
  }
]
[GEN CONFIG TRACE] {
  mode: [32m'standard'[39m,
  operation: [90mundefined[39m,
  difficulty: [33m5[39m,
  totalSteps: [33m1[39m,
  answerChoices: [33m3[39m,
  table: [90mundefined[39m,
  skipSize: [90mundefined[39m,
  fullConfig: {
    learningMode: [32m'standard'[39m,
    totalSteps: [33m1[39m,
    targetNumber: [33m14[39m,
    targetFlex: [33m0[39m,
    rangeMin: [33m1[39m,
    rangeMax: [33m14[39m,
    answerChoices: [33m3[39m,
    difficultyLevel: [33m5[39m,
    phaseSequence: [ [36m[Object][39m ],
    opsEnabled: { [32m'+'[39m: [33mtrue[39m, [32m'-'[39m: [33mfalse[39m, [32m'ร—'[39m: [33mfalse[39m, [32m'รท'[39m: [33mfalse[39m },
    activeMode: [32m'normal'[39m,
    isMuted: [33mfalse[39m,
    timerOn: [33mfalse[39m,
    quickMindInterval: [33m10[39m,
    darkModeInterval: [33m10[39m,
    modifiersPerStep: [33m1[39m,
    enableVariables: [33mfalse[39m,
    stopwatchSkin: [32m'default'[39m,
    progressionMode: [32m'adaptive'[39m,
    presentationMode: [32m'normal'[39m,
    scriptId: [32m'circuit-climb'[39m
  }
}
[Telemetry][VT:0] GENERATOR_START { startNumber: [33m9[39m, mode: [32m'standard'[39m }
[Telemetry][VT:0] GENERATOR_STEP_CREATED { stepIndex: [33m0[39m, startNumber: [33m9[39m, answer: [33m13[39m }
[STEP TRACE] [
  {
    i: [33m0[39m,
    startNumber: [33m9[39m,
    value: [33m4[39m,
    operation: [32m'+'[39m,
    correctAnswer: [33m13[39m,
    distractors: [ [33m10[39m, [33m15[39m, [33m13[39m ],
    distractorCount: [33m3[39m,
    source: [32m'engine'[39m,
    fallbackUsed: [90mundefined[39m
  }
]
[GEN CONFIG TRACE] {
  mode: [32m'standard'[39m,
  operation: [90mundefined[39m,
  difficulty: [33m5[39m,
  totalSteps: [33m1[39m,
  answerChoices: [33m3[39m,
  table: [90mundefined[39m,
  skipSize: [90mundefined[39m,
  fullConfig: {
    learningMode: [32m'standard'[39m,
    totalSteps: [33m1[39m,
    targetNumber: [33m14[39m,
    targetFlex: [33m0[39m,
    rangeMin: [33m1[39m,
    rangeMax: [33m14[39m,
    answerChoices: [33m3[39m,
    difficultyLevel: [33m5[39m,
    phaseSequence: [ [36m[Object][39m ],
    opsEnabled: { [32m'+'[39m: [33mtrue[39m, [32m'-'[39m: [33mfalse[39m, [32m'ร—'[39m: [33mfalse[39m, [32m'รท'[39m: [33mfalse[39m },
    activeMode: [32m'normal'[39m,
    isMuted: [33mfalse[39m,
    timerOn: [33mfalse[39m,
    quickMindInterval: [33m10[39m,
    darkModeInterval: [33m10[39m,
    modifiersPerStep: [33m1[39m,
    enableVariables: [33mfalse[39m,
    stopwatchSkin: [32m'default'[39m,
    progressionMode: [32m'adaptive'[39m,
    presentationMode: [32m'normal'[39m,
    scriptId: [32m'circuit-climb'[39m
  }
}
[Telemetry][VT:0] GENERATOR_START { startNumber: [33m10[39m, mode: [32m'standard'[39m }
[Telemetry][VT:0] GENERATOR_STEP_CREATED { stepIndex: [33m0[39m, startNumber: [33m10[39m, answer: [33m13[39m }
[STEP TRACE] [
  {
    i: [33m0[39m,
    startNumber: [33m10[39m,
    value: [33m3[39m,
    operation: [32m'+'[39m,
    correctAnswer: [33m13[39m,
    distractors: [ [33m12[39m, [33m13[39m, [33m11[39m ],
    distractorCount: [33m3[39m,
    source: [32m'engine'[39m,
    fallbackUsed: [90mundefined[39m
  }
]
[GEN CONFIG TRACE] {
  mode: [32m'standard'[39m,
  operation: [90mundefined[39m,
  difficulty: [33m5[39m,
  totalSteps: [33m1[39m,
  answerChoices: [33m3[39m,
  table: [90mundefined[39m,
  skipSize: [90mundefined[39m,
  fullConfig: {
    learningMode: [32m'standard'[39m,
    totalSteps: [33m1[39m,
    targetNumber: [33m14[39m,
    targetFlex: [33m0[39m,
    rangeMin: [33m1[39m,
    rangeMax: [33m14[39m,
    answerChoices: [33m3[39m,
    difficultyLevel: [33m5[39m,
    phaseSequence: [ [36m[Object][39m ],
    opsEnabled: { [32m'+'[39m: [33mtrue[39m, [32m'-'[39m: [33mfalse[39m, [32m'ร—'[39m: [33mfalse[39m, [32m'รท'[39m: [33mfalse[39m },
    activeMode: [32m'normal'[39m,
    isMuted: [33mfalse[39m,
    timerOn: [33mfalse[39m,
    quickMindInterval: [33m10[39m,
    darkModeInterval: [33m10[39m,
    modifiersPerStep: [33m1[39m,
    enableVariables: [33mfalse[39m,
    stopwatchSkin: [32m'default'[39m,
    progressionMode: [32m'adaptive'[39m,
    presentationMode: [32m'normal'[39m,
    scriptId: [32m'circuit-climb'[39m
  }
}
[Telemetry][VT:0] GENERATOR_START { startNumber: [33m11[39m, mode: [32m'standard'[39m }
[Telemetry][VT:0] GENERATOR_STEP_CREATED { stepIndex: [33m0[39m, startNumber: [33m11[39m, answer: [33m13[39m }
[STEP TRACE] [
  {
    i: [33m0[39m,
    startNumber: [33m11[39m,
    value: [33m2[39m,
    operation: [32m'+'[39m,
    correctAnswer: [33m13[39m,
    distractors: [ [33m16[39m, [33m13[39m, [33m14[39m ],
    distractorCount: [33m3[39m,
    source: [32m'engine'[39m,
    fallbackUsed: [90mundefined[39m
  }
]
[GEN CONFIG TRACE] {
  mode: [32m'standard'[39m,
  operation: [90mundefined[39m,
  difficulty: [33m5[39m,
  totalSteps: [33m1[39m,
  answerChoices: [33m3[39m,
  table: [90mundefined[39m,
  skipSize: [90mundefined[39m,
  fullConfig: {
    learningMode: [32m'standard'[39m,
    totalSteps: [33m1[39m,
    targetNumber: [33m14[39m,
    targetFlex: [33m0[39m,
    rangeMin: [33m1[39m,
    rangeMax: [33m14[39m,
    answerChoices: [33m3[39m,
    difficultyLevel: [33m5[39m,
    phaseSequence: [ [36m[Object][39m ],
    opsEnabled: { [32m'+'[39m: [33mtrue[39m, [32m'-'[39m: [33mfalse[39m, [32m'ร—'[39m: [33mfalse[39m, [32m'รท'[39m: [33mfalse[39m },
    activeMode: [32m'normal'[39m,
    isMuted: [33mfalse[39m,
    timerOn: [33mfalse[39m,
    quickMindInterval: [33m10[39m,
    darkModeInterval: [33m10[39m,
    modifiersPerStep: [33m1[39m,
    enableVariables: [33mfalse[39m,
    stopwatchSkin: [32m'default'[39m,
    progressionMode: [32m'adaptive'[39m,
    presentationMode: [32m'normal'[39m,
    scriptId: [32m'circuit-climb'[39m
  }
}
[Telemetry][VT:0] GENERATOR_START { startNumber: [33m12[39m, mode: [32m'standard'[39m }
[Telemetry][VT:0] GENERATOR_STEP_CREATED { stepIndex: [33m0[39m, startNumber: [33m12[39m, answer: [33m14[39m }
[STEP TRACE] [
  {
    i: [33m0[39m,
    startNumber: [33m12[39m,
    value: [33m2[39m,
    operation: [32m'+'[39m,
    correctAnswer: [33m14[39m,
    distractors: [ [33m15[39m, [33m14[39m, [33m13[39m ],
    distractorCount: [33m3[39m,
    source: [32m'engine'[39m,
    fallbackUsed: [90mundefined[39m
  }
]
[GEN CONFIG TRACE] {
  mode: [32m'standard'[39m,
  operation: [90mundefined[39m,
  difficulty: [33m5[39m,
  totalSteps: [33m1[39m,
  answerChoices: [33m3[39m,
  table: [90mundefined[39m,
  skipSize: [90mundefined[39m,
  fullConfig: {
    learningMode: [32m'standard'[39m,
    totalSteps: [33m1[39m,
    targetNumber: [33m14[39m,
    targetFlex: [33m0[39m,
    rangeMin: [33m1[39m,
    rangeMax: [33m14[39m,
    answerChoices: [33m3[39m,
    difficultyLevel: [33m5[39m,
    phaseSequence: [ [36m[Object][39m ],
    opsEnabled: { [32m'+'[39m: [33mtrue[39m, [32m'-'[39m: [33mfalse[39m, [32m'ร—'[39m: [33mfalse[39m, [32m'รท'[39m: [33mfalse[39m },
    activeMode: [32m'normal'[39m,
    isMuted: [33mfalse[39m,
    timerOn: [33mfalse[39m,
    quickMindInterval: [33m10[39m,
    darkModeInterval: [33m10[39m,
    modifiersPerStep: [33m1[39m,
    enableVariables: [33mfalse[39m,
    stopwatchSkin: [32m'default'[39m,
    progressionMode: [32m'adaptive'[39m,
    presentationMode: [32m'normal'[39m,
    scriptId: [32m'circuit-climb'[39m
  }
}
[Telemetry][VT:0] GENERATOR_START { startNumber: [33m13[39m, mode: [32m'standard'[39m }
[Telemetry][VT:0] GENERATOR_STEP_CREATED { stepIndex: [33m0[39m, startNumber: [33m13[39m, answer: [33m14[39m }
[STEP TRACE] [
  {
    i: [33m0[39m,
    startNumber: [33m13[39m,
    value: [33m1[39m,
    operation: [32m'+'[39m,
    correctAnswer: [33m14[39m,
    distractors: [ [33m14[39m, [33m17[39m, [33m12[39m ],
    distractorCount: [33m3[39m,
    source: [32m'engine'[39m,
    fallbackUsed: [90mundefined[39m
  }
]
[GEN CONFIG TRACE] {
  mode: [32m'standard'[39m,
  operation: [90mundefined[39m,
  difficulty: [33m5[39m,
  totalSteps: [33m1[39m,
  answerChoices: [33m3[39m,
  table: [90mundefined[39m,
  skipSize: [90mundefined[39m,
  fullConfig: {
    learningMode: [32m'standard'[39m,
    totalSteps: [33m1[39m,
    targetNumber: [33m14[39m,
    targetFlex: [33m0[39m,
    rangeMin: [33m1[39m,
    rangeMax: [33m14[39m,
    answerChoices: [33m3[39m,
    difficultyLevel: [33m5[39m,
    phaseSequence: [ [36m[Object][39m ],
    opsEnabled: { [32m'+'[39m: [33mtrue[39m, [32m'-'[39m: [33mfalse[39m, [32m'ร—'[39m: [33mfalse[39m, [32m'รท'[39m: [33mfalse[39m },
    activeMode: [32m'normal'[39m,
    isMuted: [33mfalse[39m,
    timerOn: [33mfalse[39m,
    quickMindInterval: [33m10[39m,
    darkModeInterval: [33m10[39m,
    modifiersPerStep: [33m1[39m,
    enableVariables: [33mfalse[39m,
    stopwatchSkin: [32m'default'[39m,
    progressionMode: [32m'adaptive'[39m,
    presentationMode: [32m'normal'[39m,
    scriptId: [32m'circuit-climb'[39m
  }
}
[Telemetry][VT:0] GENERATOR_START { startNumber: [33m1[39m, mode: [32m'standard'[39m }
[Telemetry][VT:0] GENERATOR_STEP_CREATED { stepIndex: [33m0[39m, startNumber: [33m1[39m, answer: [33m5[39m }
[STEP TRACE] [
  {
    i: [33m0[39m,
    startNumber: [33m1[39m,
    value: [33m4[39m,
    operation: [32m'+'[39m,
    correctAnswer: [33m5[39m,
    distractors: [ [33m5[39m, [33m2[39m, [33m3[39m ],
    distractorCount: [33m3[39m,
    source: [32m'engine'[39m,
    fallbackUsed: [90mundefined[39m
  }
]
[GEN CONFIG TRACE] {
  mode: [32m'standard'[39m,
  operation: [90mundefined[39m,
  difficulty: [33m5[39m,
  totalSteps: [33m1[39m,
  answerChoices: [33m3[39m,
  table: [90mundefined[39m,
  skipSize: [90mundefined[39m,
  fullConfig: {
    learningMode: [32m'standard'[39m,
    totalSteps: [33m1[39m,
    targetNumber: [33m14[39m,
    targetFlex: [33m0[39m,
    rangeMin: [33m1[39m,
    rangeMax: [33m14[39m,
    answerChoices: [33m3[39m,
    difficultyLevel: [33m5[39m,
    phaseSequence: [ [36m[Object][39m ],
    opsEnabled: { [32m'+'[39m: [33mtrue[39m, [32m'-'[39m: [33mfalse[39m, [32m'ร—'[39m: [33mfalse[39m, [32m'รท'[39m: [33mfalse[39m },
    activeMode: [32m'normal'[39m,
    isMuted: [33mfalse[39m,
    timerOn: [33mfalse[39m,
    quickMindInterval: [33m10[39m,
    darkModeInterval: [33m10[39m,
    modifiersPerStep: [33m1[39m,
    enableVariables: [33mfalse[39m,
    stopwatchSkin: [32m'default'[39m,
    progressionMode: [32m'adaptive'[39m,
    presentationMode: [32m'normal'[39m,
    scriptId: [32m'circuit-climb'[39m
  }
}
[Telemetry][VT:0] GENERATOR_START { startNumber: [33m2[39m, mode: [32m'standard'[39m }
[Telemetry][VT:0] GENERATOR_STEP_CREATED { stepIndex: [33m0[39m, startNumber: [33m2[39m, answer: [33m14[39m }
[STEP TRACE] [
  {
    i: [33m0[39m,
    startNumber: [33m2[39m,
    value: [33m12[39m,
    operation: [32m'+'[39m,
    correctAnswer: [33m14[39m,
    distractors: [ [33m17[39m, [33m12[39m, [33m14[39m ],
    distractorCount: [33m3[39m,
    source: [32m'engine'[39m,
    fallbackUsed: [90mundefined[39m
  }
]
[GEN CONFIG TRACE] {
  mode: [32m'standard'[39m,
  operation: [90mundefined[39m,
  difficulty: [33m5[39m,
  totalSteps: [33m1[39m,
  answerChoices: [33m3[39m,
  table: [90mundefined[39m,
  skipSize: [90mundefined[39m,
  fullConfig: {
    learningMode: [32m'standard'[39m,
    totalSteps: [33m1[39m,
    targetNumber: [33m14[39m,
    targetFlex: [33m0[39m,
    rangeMin: [33m1[39m,
    rangeMax: [33m14[39m,
    answerChoices: [33m3[39m,
    difficultyLevel: [33m5[39m,
    phaseSequence: [ [36m[Object][39m ],
    opsEnabled: { [32m'+'[39m: [33mtrue[39m, [32m'-'[39m: [33mfalse[39m, [32m'ร—'[39m: [33mfalse[39m, [32m'รท'[39m: [33mfalse[39m },
    activeMode: [32m'normal'[39m,
    isMuted: [33mfalse[39m,
    timerOn: [33mfalse[39m,
    quickMindInterval: [33m10[39m,
    darkModeInterval: [33m10[39m,
    modifiersPerStep: [33m1[39m,
    enableVariables: [33mfalse[39m,
    stopwatchSkin: [32m'default'[39m,
    progressionMode: [32m'adaptive'[39m,
    presentationMode: [32m'normal'[39m,
    scriptId: [32m'circuit-climb'[39m
  }
}
[Telemetry][VT:0] GENERATOR_START { startNumber: [33m3[39m, mode: [32m'standard'[39m }
[Telemetry][VT:0] GENERATOR_STEP_CREATED { stepIndex: [33m0[39m, startNumber: [33m3[39m, answer: [33m6[39m }
[STEP TRACE] [
  {
    i: [33m0[39m,
    startNumber: [33m3[39m,
    value: [33m3[39m,
    operation: [32m'+'[39m,
    correctAnswer: [33m6[39m,
    distractors: [ [33m3[39m, [33m4[39m, [33m6[39m ],
    distractorCount: [33m3[39m,
    source: [32m'engine'[39m,
    fallbackUsed: [90mundefined[39m
  }
]
[GEN CONFIG TRACE] {
  mode: [32m'standard'[39m,
  operation: [90mundefined[39m,
  difficulty: [33m5[39m,
  totalSteps: [33m1[39m,
  answerChoices: [33m3[39m,
  table: [90mundefined[39m,
  skipSize: [90mundefined[39m,
  fullConfig: {
    learningMode: [32m'standard'[39m,
    totalSteps: [33m1[39m,
    targetNumber: [33m14[39m,
    targetFlex: [33m0[39m,
    rangeMin: [33m1[39m,
    rangeMax: [33m14[39m,
    answerChoices: [33m3[39m,
    difficultyLevel: [33m5[39m,
    phaseSequence: [ [36m[Object][39m ],
    opsEnabled: { [32m'+'[39m: [33mtrue[39m, [32m'-'[39m: [33mfalse[39m, [32m'ร—'[39m: [33mfalse[39m, [32m'รท'[39m: [33mfalse[39m },
    activeMode: [32m'normal'[39m,
    isMuted: [33mfalse[39m,
    timerOn: [33mfalse[39m,
    quickMindInterval: [33m10[39m,
    darkModeInterval: [33m10[39m,
    modifiersPerStep: [33m1[39m,
    enableVariables: [33mfalse[39m,
    stopwatchSkin: [32m'default'[39m,
    progressionMode: [32m'adaptive'[39m,
    presentationMode: [32m'normal'[39m,
    scriptId: [32m'circuit-climb'[39m
  }
}
[Telemetry][VT:0] GENERATOR_START { startNumber: [33m4[39m, mode: [32m'standard'[39m }
[Telemetry][VT:0] GENERATOR_STEP_CREATED { stepIndex: [33m0[39m, startNumber: [33m4[39m, answer: [33m9[39m }
[STEP TRACE] [
  {
    i: [33m0[39m,
    startNumber: [33m4[39m,
    value: [33m5[39m,
    operation: [32m'+'[39m,
    correctAnswer: [33m9[39m,
    distractors: [ [33m7[39m, [33m6[39m, [33m9[39m ],
    distractorCount: [33m3[39m,
    source: [32m'engine'[39m,
    fallbackUsed: [90mundefined[39m
  }
]
[GEN CONFIG TRACE] {
  mode: [32m'standard'[39m,
  operation: [90mundefined[39m,
  difficulty: [33m5[39m,
  totalSteps: [33m1[39m,
  answerChoices: [33m3[39m,
  table: [90mundefined[39m,
  skipSize: [90mundefined[39m,
  fullConfig: {
    learningMode: [32m'standard'[39m,
    totalSteps: [33m1[39m,
    targetNumber: [33m14[39m,
    targetFlex: [33m0[39m,
    rangeMin: [33m1[39m,
    rangeMax: [33m14[39m,
    answerChoices: [33m3[39m,
    difficultyLevel: [33m5[39m,
    phaseSequence: [ [36m[Object][39m ],
    opsEnabled: { [32m'+'[39m: [33mtrue[39m, [32m'-'[39m: [33mfalse[39m, [32m'ร—'[39m: [33mfalse[39m, [32m'รท'[39m: [33mfalse[39m },
    activeMode: [32m'normal'[39m,
    isMuted: [33mfalse[39m,
    timerOn: [33mfalse[39m,
    quickMindInterval: [33m10[39m,
    darkModeInterval: [33m10[39m,
    modifiersPerStep: [33m1[39m,
    enableVariables: [33mfalse[39m,
    stopwatchSkin: [32m'default'[39m,
    progressionMode: [32m'adaptive'[39m,
    presentationMode: [32m'normal'[39m,
    scriptId: [32m'circuit-climb'[39m
  }
}
[Telemetry][VT:0] GENERATOR_START { startNumber: [33m5[39m, mode: [32m'standard'[39m }
[Telemetry][VT:0] GENERATOR_STEP_CREATED { stepIndex: [33m0[39m, startNumber: [33m5[39m, answer: [33m9[39m }
[STEP TRACE] [
  {
    i: [33m0[39m,
    startNumber: [33m5[39m,
    value: [33m4[39m,
    operation: [32m'+'[39m,
    correctAnswer: [33m9[39m,
    distractors: [ [33m6[39m, [33m9[39m, [33m12[39m ],
    distractorCount: [33m3[39m,
    source: [32m'engine'[39m,
    fallbackUsed: [90mundefined[39m
  }
]
[GEN CONFIG TRACE] {
  mode: [32m'standard'[39m,
  operation: [90mundefined[39m,
  difficulty: [33m5[39m,
  totalSteps: [33m1[39m,
  answerChoices: [33m3[39m,
  table: [90mundefined[39m,
  skipSize: [90mundefined[39m,
  fullConfig: {
    learningMode: [32m'standard'[39m,
    totalSteps: [33m1[39m,
    targetNumber: [33m14[39m,
    targetFlex: [33m0[39m,
    rangeMin: [33m1[39m,
    rangeMax: [33m14[39m,
    answerChoices: [33m3[39m,
    difficultyLevel: [33m5[39m,
    phaseSequence: [ [36m[Object][39m ],
    opsEnabled: { [32m'+'[39m: [33mtrue[39m, [32m'-'[39m: [33mfalse[39m, [32m'ร—'[39m: [33mfalse[39m, [32m'รท'[39m: [33mfalse[39m },
    activeMode: [32m'normal'[39m,
    isMuted: [33mfalse[39m,
    timerOn: [33mfalse[39m,
    quickMindInterval: [33m10[39m,
    darkModeInterval: [33m10[39m,
    modifiersPerStep: [33m1[39m,
    enableVariables: [33mfalse[39m,
    stopwatchSkin: [32m'default'[39m,
    progressionMode: [32m'adaptive'[39m,
    presentationMode: [32m'normal'[39m,
    scriptId: [32m'circuit-climb'[39m
  }
}
[Telemetry][VT:0] GENERATOR_START { startNumber: [33m6[39m, mode: [32m'standard'[39m }
[Telemetry][VT:0] GENERATOR_STEP_CREATED { stepIndex: [33m0[39m, startNumber: [33m6[39m, answer: [33m13[39m }
[STEP TRACE] [
  {
    i: [33m0[39m,
    startNumber: [33m6[39m,
    value: [33m7[39m,
    operation: [32m'+'[39m,
    correctAnswer: [33m13[39m,
    distractors: [ [33m13[39m, [33m10[39m, [33m11[39m ],
    distractorCount: [33m3[39m,
    source: [32m'engine'[39m,
    fallbackUsed: [90mundefined[39m
  }
]
[GEN CONFIG TRACE] {
  mode: [32m'standard'[39m,
  operation: [90mundefined[39m,
  difficulty: [33m5[39m,
  totalSteps: [33m1[39m,
  answerChoices: [33m3[39m,
  table: [90mundefined[39m,
  skipSize: [90mundefined[39m,
  fullConfig: {
    learningMode: [32m'standard'[39m,
    totalSteps: [33m1[39m,
    targetNumber: [33m14[39m,
    targetFlex: [33m0[39m,
    rangeMin: [33m1[39m,
    rangeMax: [33m14[39m,
    answerChoices: [33m3[39m,
    difficultyLevel: [33m5[39m,
    phaseSequence: [ [36m[Object][39m ],
    opsEnabled: { [32m'+'[39m: [33mtrue[39m, [32m'-'[39m: [33mfalse[39m, [32m'ร—'[39m: [33mfalse[39m, [32m'รท'[39m: [33mfalse[39m },
    activeMode: [32m'normal'[39m,
    isMuted: [33mfalse[39m,
    timerOn: [33mfalse[39m,
    quickMindInterval: [33m10[39m,
    darkModeInterval: [33m10[39m,
    modifiersPerStep: [33m1[39m,
    enableVariables: [33mfalse[39m,
    stopwatchSkin: [32m'default'[39m,
    progressionMode: [32m'adaptive'[39m,
    presentationMode: [32m'normal'[39m,
    scriptId: [32m'circuit-climb'[39m
  }
}
[Telemetry][VT:0] GENERATOR_START { startNumber: [33m7[39m, mode: [32m'standard'[39m }
[Telemetry][VT:0] GENERATOR_STEP_CREATED { stepIndex: [33m0[39m, startNumber: [33m7[39m, answer: [33m14[39m }
[STEP TRACE] [
  {
    i: [33m0[39m,
    startNumber: [33m7[39m,
    value: [33m7[39m,
    operation: [32m'+'[39m,
    correctAnswer: [33m14[39m,
    distractors: [ [33m12[39m, [33m14[39m, [33m16[39m ],
    distractorCount: [33m3[39m,
    source: [32m'engine'[39m,
    fallbackUsed: [90mundefined[39m
  }
]
[GEN CONFIG TRACE] {
  mode: [32m'standard'[39m,
  operation: [90mundefined[39m,
  difficulty: [33m5[39m,
  totalSteps: [33m1[39m,
  answerChoices: [33m3[39m,
  table: [90mundefined[39m,
  skipSize: [90mundefined[39m,
  fullConfig: {
    learningMode: [32m'standard'[39m,
    totalSteps: [33m1[39m,
    targetNumber: [33m14[39m,
    targetFlex: [33m0[39m,
    rangeMin: [33m1[39m,
    rangeMax: [33m14[39m,
    answerChoices: [33m3[39m,
    difficultyLevel: [33m5[39m,
    phaseSequence: [ [36m[Object][39m ],
    opsEnabled: { [32m'+'[39m: [33mtrue[39m, [32m'-'[39m: [33mfalse[39m, [32m'ร—'[39m: [33mfalse[39m, [32m'รท'[39m: [33mfalse[39m },
    activeMode: [32m'normal'[39m,
    isMuted: [33mfalse[39m,
    timerOn: [33mfalse[39m,
    quickMindInterval: [33m10[39m,
    darkModeInterval: [33m10[39m,
    modifiersPerStep: [33m1[39m,
    enableVariables: [33mfalse[39m,
    stopwatchSkin: [32m'default'[39m,
    progressionMode: [32m'adaptive'[39m,
    presentationMode: [32m'normal'[39m,
    scriptId: [32m'circuit-climb'[39m
  }
}
[Telemetry][VT:0] GENERATOR_START { startNumber: [33m8[39m, mode: [32m'standard'[39m }
[Telemetry][VT:0] GENERATOR_STEP_CREATED { stepIndex: [33m0[39m, startNumber: [33m8[39m, answer: [33m11[39m }
[STEP TRACE] [
  {
    i: [33m0[39m,
    startNumber: [33m8[39m,
    value: [33m3[39m,
    operation: [32m'+'[39m,
    correctAnswer: [33m11[39m,
    distractors: [ [33m14[39m, [33m8[39m, [33m11[39m ],
    distractorCount: [33m3[39m,
    source: [32m'engine'[39m,
    fallbackUsed: [90mundefined[39m
  }
]
[GEN CONFIG TRACE] {
  mode: [32m'standard'[39m,
  operation: [90mundefined[39m,
  difficulty: [33m5[39m,
  totalSteps: [33m1[39m,
  answerChoices: [33m3[39m,
  table: [90mundefined[39m,
  skipSize: [90mundefined[39m,
  fullConfig: {
    learningMode: [32m'standard'[39m,
    totalSteps: [33m1[39m,
    targetNumber: [33m14[39m,
    targetFlex: [33m0[39m,
    rangeMin: [33m1[39m,
    rangeMax: [33m14[39m,
    answerChoices: [33m3[39m,
    difficultyLevel: [33m5[39m,
    phaseSequence: [ [36m[Object][39m ],
    opsEnabled: { [32m'+'[39m: [33mtrue[39m, [32m'-'[39m: [33mfalse[39m, [32m'ร—'[39m: [33mfalse[39m, [32m'รท'[39m: [33mfalse[39m },
    activeMode: [32m'normal'[39m,
    isMuted: [33mfalse[39m,
    timerOn: [33mfalse[39m,
    quickMindInterval: [33m10[39m,
    darkModeInterval: [33m10[39m,
    modifiersPerStep: [33m1[39m,
    enableVariables: [33mfalse[39m,
    stopwatchSkin: [32m'default'[39m,
    progressionMode: [32m'adaptive'[39m,
    presentationMode: [32m'normal'[39m,
    scriptId: [32m'circuit-climb'[39m
  }
}
[Telemetry][VT:0] GENERATOR_START { startNumber: [33m9[39m, mode: [32m'standard'[39m }
[Telemetry][VT:0] GENERATOR_STEP_CREATED { stepIndex: [33m0[39m, startNumber: [33m9[39m, answer: [33m11[39m }
[STEP TRACE] [
  {
    i: [33m0[39m,
    startNumber: [33m9[39m,
    value: [33m2[39m,
    operation: [32m'+'[39m,
    correctAnswer: [33m11[39m,
    distractors: [ [33m14[39m, [33m8[39m, [33m11[39m ],
    distractorCount: [33m3[39m,
    source: [32m'engine'[39m,
    fallbackUsed: [90mundefined[39m
  }
]
[GEN CONFIG TRACE] {
  mode: [32m'standard'[39m,
  operation: [90mundefined[39m,
  difficulty: [33m5[39m,
  totalSteps: [33m1[39m,
  answerChoices: [33m3[39m,
  table: [90mundefined[39m,
  skipSize: [90mundefined[39m,
  fullConfig: {
    learningMode: [32m'standard'[39m,
    totalSteps: [33m1[39m,
    targetNumber: [33m14[39m,
    targetFlex: [33m0[39m,
    rangeMin: [33m1[39m,
    rangeMax: [33m14[39m,
    answerChoices: [33m3[39m,
    difficultyLevel: [33m5[39m,
    phaseSequence: [ [36m[Object][39m ],
    opsEnabled: { [32m'+'[39m: [33mtrue[39m, [32m'-'[39m: [33mfalse[39m, [32m'ร—'[39m: [33mfalse[39m, [32m'รท'[39m: [33mfalse[39m },
    activeMode: [32m'normal'[39m,
    isMuted: [33mfalse[39m,
    timerOn: [33mfalse[39m,
    quickMindInterval: [33m10[39m,
    darkModeInterval: [33m10[39m,
    modifiersPerStep: [33m1[39m,
    enableVariables: [33mfalse[39m,
    stopwatchSkin: [32m'default'[39m,
    progressionMode: [32m'adaptive'[39m,
    presentationMode: [32m'normal'[39m,
    scriptId: [32m'circuit-climb'[39m
  }
}
[Telemetry][VT:0] GENERATOR_START { startNumber: [33m10[39m, mode: [32m'standard'[39m }
[Telemetry][VT:0] GENERATOR_STEP_CREATED { stepIndex: [33m0[39m, startNumber: [33m10[39m, answer: [33m13[39m }
[STEP TRACE] [
  {
    i: [33m0[39m,
    startNumber: [33m10[39m,
    value: [33m3[39m,
    operation: [32m'+'[39m,
    correctAnswer: [33m13[39m,
    distractors: [ [33m10[39m, [33m13[39m, [33m16[39m ],
    distractorCount: [33m3[39m,
    source: [32m'engine'[39m,
    fallbackUsed: [90mundefined[39m
  }
]
[GEN CONFIG TRACE] {
  mode: [32m'standard'[39m,
  operation: [90mundefined[39m,
  difficulty: [33m5[39m,
  totalSteps: [33m1[39m,
  answerChoices: [33m3[39m,
  table: [90mundefined[39m,
  skipSize: [90mundefined[39m,
  fullConfig: {
    learningMode: [32m'standard'[39m,
    totalSteps: [33m1[39m,
    targetNumber: [33m14[39m,
    targetFlex: [33m0[39m,
    rangeMin: [33m1[39m,
    rangeMax: [33m14[39m,
    answerChoices: [33m3[39m,
    difficultyLevel: [33m5[39m,
    phaseSequence: [ [36m[Object][39m ],
    opsEnabled: { [32m'+'[39m: [33mtrue[39m, [32m'-'[39m: [33mfalse[39m, [32m'ร—'[39m: [33mfalse[39m, [32m'รท'[39m: [33mfalse[39m },
    activeMode: [32m'normal'[39m,
    isMuted: [33mfalse[39m,
    timerOn: [33mfalse[39m,
    quickMindInterval: [33m10[39m,
    darkModeInterval: [33m10[39m,
    modifiersPerStep: [33m1[39m,
    enableVariables: [33mfalse[39m,
    stopwatchSkin: [32m'default'[39m,
    progressionMode: [32m'adaptive'[39m,
    presentationMode: [32m'normal'[39m,
    scriptId: [32m'circuit-climb'[39m
  }
}
[Telemetry][VT:0] GENERATOR_START { startNumber: [33m11[39m, mode: [32m'standard'[39m }
[Telemetry][VT:0] GENERATOR_STEP_CREATED { stepIndex: [33m0[39m, startNumber: [33m11[39m, answer: [33m12[39m }
[STEP TRACE] [
  {
    i: [33m0[39m,
    startNumber: [33m11[39m,
    value: [33m1[39m,
    operation: [32m'+'[39m,
    correctAnswer: [33m12[39m,
    distractors: [ [33m15[39m, [33m14[39m, [33m12[39m ],
    distractorCount: [33m3[39m,
    source: [32m'engine'[39m,
    fallbackUsed: [90mundefined[39m
  }
]
[GEN CONFIG TRACE] {
  mode: [32m'standard'[39m,
  operation: [90mundefined[39m,
  difficulty: [33m5[39m,
  totalSteps: [33m1[39m,
  answerChoices: [33m3[39m,
  table: [90mundefined[39m,
  skipSize: [90mundefined[39m,
  fullConfig: {
    learningMode: [32m'standard'[39m,
    totalSteps: [33m1[39m,
    targetNumber: [33m14[39m,
    targetFlex: [33m0[39m,
    rangeMin: [33m1[39m,
    rangeMax: [33m14[39m,
    answerChoices: [33m3[39m,
    difficultyLevel: [33m5[39m,
    phaseSequence: [ [36m[Object][39m ],
    opsEnabled: { [32m'+'[39m: [33mtrue[39m, [32m'-'[39m: [33mfalse[39m, [32m'ร—'[39m: [33mfalse[39m, [32m'รท'[39m: [33mfalse[39m },
    activeMode: [32m'normal'[39m,
    isMuted: [33mfalse[39m,
    timerOn: [33mfalse[39m,
    quickMindInterval: [33m10[39m,
    darkModeInterval: [33m10[39m,
    modifiersPerStep: [33m1[39m,
    enableVariables: [33mfalse[39m,
    stopwatchSkin: [32m'default'[39m,
    progressionMode: [32m'adaptive'[39m,
    presentationMode: [32m'normal'[39m,
    scriptId: [32m'circuit-climb'[39m
  }
}
[Telemetry][VT:0] GENERATOR_START { startNumber: [33m12[39m, mode: [32m'standard'[39m }
[Telemetry][VT:0] GENERATOR_STEP_CREATED { stepIndex: [33m0[39m, startNumber: [33m12[39m, answer: [33m13[39m }
[STEP TRACE] [
  {
    i: [33m0[39m,
    startNumber: [33m12[39m,
    value: [33m1[39m,
    operation: [32m'+'[39m,
    correctAnswer: [33m13[39m,
    distractors: [ [33m11[39m, [33m15[39m, [33m13[39m ],
    distractorCount: [33m3[39m,
    source: [32m'engine'[39m,
    fallbackUsed: [90mundefined[39m
  }
]
[GEN CONFIG TRACE] {
  mode: [32m'standard'[39m,
  operation: [90mundefined[39m,
  difficulty: [33m5[39m,
  totalSteps: [33m1[39m,
  answerChoices: [33m3[39m,
  table: [90mundefined[39m,
  skipSize: [90mundefined[39m,
  fullConfig: {
    learningMode: [32m'standard'[39m,
    totalSteps: [33m1[39m,
    targetNumber: [33m14[39m,
    targetFlex: [33m0[39m,
    rangeMin: [33m1[39m,
    rangeMax: [33m14[39m,
    answerChoices: [33m3[39m,
    difficultyLevel: [33m5[39m,
    phaseSequence: [ [36m[Object][39m ],
    opsEnabled: { [32m'+'[39m: [33mtrue[39m, [32m'-'[39m: [33mfalse[39m, [32m'ร—'[39m: [33mfalse[39m, [32m'รท'[39m: [33mfalse[39m },
    activeMode: [32m'normal'[39m,
    isMuted: [33mfalse[39m,
    timerOn: [33mfalse[39m,
    quickMindInterval: [33m10[39m,
    darkModeInterval: [33m10[39m,
    modifiersPerStep: [33m1[39m,
    enableVariables: [33mfalse[39m,
    stopwatchSkin: [32m'default'[39m,
    progressionMode: [32m'adaptive'[39m,
    presentationMode: [32m'normal'[39m,
    scriptId: [32m'circuit-climb'[39m
  }
}
[Telemetry][VT:0] GENERATOR_START { startNumber: [33m13[39m, mode: [32m'standard'[39m }
[Telemetry][VT:0] GENERATOR_STEP_CREATED { stepIndex: [33m0[39m, startNumber: [33m13[39m, answer: [33m14[39m }
[STEP TRACE] [
  {
    i: [33m0[39m,
    startNumber: [33m13[39m,
    value: [33m1[39m,
    operation: [32m'+'[39m,
    correctAnswer: [33m14[39m,
    distractors: [ [33m17[39m, [33m11[39m, [33m14[39m ],
    distractorCount: [33m3[39m,
    source: [32m'engine'[39m,
    fallbackUsed: [90mundefined[39m
  }
]
[GEN CONFIG TRACE] {
  mode: [32m'standard'[39m,
  operation: [90mundefined[39m,
  difficulty: [33m5[39m,
  totalSteps: [33m1[39m,
  answerChoices: [33m3[39m,
  table: [90mundefined[39m,
  skipSize: [90mundefined[39m,
  fullConfig: {
    learningMode: [32m'standard'[39m,
    totalSteps: [33m1[39m,
    targetNumber: [33m14[39m,
    targetFlex: [33m0[39m,
    rangeMin: [33m1[39m,
    rangeMax: [33m14[39m,
    answerChoices: [33m3[39m,
    difficultyLevel: [33m5[39m,
    phaseSequence: [ [36m[Object][39m ],
    opsEnabled: { [32m'+'[39m: [33mtrue[39m, [32m'-'[39m: [33mfalse[39m, [32m'ร—'[39m: [33mfalse[39m, [32m'รท'[39m: [33mfalse[39m },
    activeMode: [32m'normal'[39m,
    isMuted: [33mfalse[39m,
    timerOn: [33mfalse[39m,
    quickMindInterval: [33m10[39m,
    darkModeInterval: [33m10[39m,
    modifiersPerStep: [33m1[39m,
    enableVariables: [33mfalse[39m,
    stopwatchSkin: [32m'default'[39m,
    progressionMode: [32m'adaptive'[39m,
    presentationMode: [32m'normal'[39m,
    scriptId: [32m'circuit-climb'[39m
  }
}
[Telemetry][VT:0] GENERATOR_START { startNumber: [33m1[39m, mode: [32m'standard'[39m }
[Telemetry][VT:0] GENERATOR_STEP_CREATED { stepIndex: [33m0[39m, startNumber: [33m1[39m, answer: [33m14[39m }
[STEP TRACE] [
  {
    i: [33m0[39m,
    startNumber: [33m1[39m,
    value: [33m13[39m,
    operation: [32m'+'[39m,
    correctAnswer: [33m14[39m,
    distractors: [ [33m16[39m, [33m11[39m, [33m14[39m ],
    distractorCount: [33m3[39m,
    source: [32m'engine'[39m,
    fallbackUsed: [90mundefined[39m
  }
]
[GEN CONFIG TRACE] {
  mode: [32m'standard'[39m,
  operation: [90mundefined[39m,
  difficulty: [33m5[39m,
  totalSteps: [33m1[39m,
  answerChoices: [33m3[39m,
  table: [90mundefined[39m,
  skipSize: [90mundefined[39m,
  fullConfig: {
    learningMode: [32m'standard'[39m,
    totalSteps: [33m1[39m,
    targetNumber: [33m14[39m,
    targetFlex: [33m0[39m,
    rangeMin: [33m1[39m,
    rangeMax: [33m14[39m,
    answerChoices: [33m3[39m,
    difficultyLevel: [33m5[39m,
    phaseSequence: [ [36m[Object][39m ],
    opsEnabled: { [32m'+'[39m: [33mtrue[39m, [32m'-'[39m: [33mfalse[39m, [32m'ร—'[39m: [33mfalse[39m, [32m'รท'[39m: [33mfalse[39m },
    activeMode: [32m'normal'[39m,
    isMuted: [33mfalse[39m,
    timerOn: [33mfalse[39m,
    quickMindInterval: [33m10[39m,
    darkModeInterval: [33m10[39m,
    modifiersPerStep: [33m1[39m,
    enableVariables: [33mfalse[39m,
    stopwatchSkin: [32m'default'[39m,
    progressionMode: [32m'adaptive'[39m,
    presentationMode: [32m'normal'[39m,
    scriptId: [32m'circuit-climb'[39m
  }
}
[Telemetry][VT:0] GENERATOR_START { startNumber: [33m2[39m, mode: [32m'standard'[39m }
[Telemetry][VT:0] GENERATOR_STEP_CREATED { stepIndex: [33m0[39m, startNumber: [33m2[39m, answer: [33m6[39m }
[STEP TRACE] [
  {
    i: [33m0[39m,
    startNumber: [33m2[39m,
    value: [33m4[39m,
    operation: [32m'+'[39m,
    correctAnswer: [33m6[39m,
    distractors: [ [33m9[39m, [33m6[39m, [33m5[39m ],
    distractorCount: [33m3[39m,
    source: [32m'engine'[39m,
    fallbackUsed: [90mundefined[39m
  }
]
[GEN CONFIG TRACE] {
  mode: [32m'standard'[39m,
  operation: [90mundefined[39m,
  difficulty: [33m5[39m,
  totalSteps: [33m1[39m,
  answerChoices: [33m3[39m,
  table: [90mundefined[39m,
  skipSize: [90mundefined[39m,
  fullConfig: {
    learningMode: [32m'standard'[39m,
    totalSteps: [33m1[39m,
    targetNumber: [33m14[39m,
    targetFlex: [33m0[39m,
    rangeMin: [33m1[39m,
    rangeMax: [33m14[39m,
    answerChoices: [33m3[39m,
    difficultyLevel: [33m5[39m,
    phaseSequence: [ [36m[Object][39m ],
    opsEnabled: { [32m'+'[39m: [33mtrue[39m, [32m'-'[39m: [33mfalse[39m, [32m'ร—'[39m: [33mfalse[39m, [32m'รท'[39m: [33mfalse[39m },
    activeMode: [32m'normal'[39m,
    isMuted: [33mfalse[39m,
    timerOn: [33mfalse[39m,
    quickMindInterval: [33m10[39m,
    darkModeInterval: [33m10[39m,
    modifiersPerStep: [33m1[39m,
    enableVariables: [33mfalse[39m,
    stopwatchSkin: [32m'default'[39m,
    progressionMode: [32m'adaptive'[39m,
    presentationMode: [32m'normal'[39m,
    scriptId: [32m'circuit-climb'[39m
  }
}
[Telemetry][VT:0] GENERATOR_START { startNumber: [33m3[39m, mode: [32m'standard'[39m }
[Telemetry][VT:0] GENERATOR_STEP_CREATED { stepIndex: [33m0[39m, startNumber: [33m3[39m, answer: [33m4[39m }
[STEP TRACE] [
  {
    i: [33m0[39m,
    startNumber: [33m3[39m,
    value: [33m1[39m,
    operation: [32m'+'[39m,
    correctAnswer: [33m4[39m,
    distractors: [ [33m6[39m, [33m2[39m, [33m4[39m ],
    distractorCount: [33m3[39m,
    source: [32m'engine'[39m,
    fallbackUsed: [90mundefined[39m
  }
]
[GEN CONFIG TRACE] {
  mode: [32m'standard'[39m,
  operation: [90mundefined[39m,
  difficulty: [33m5[39m,
  totalSteps: [33m1[39m,
  answerChoices: [33m3[39m,
  table: [90mundefined[39m,
  skipSize: [90mundefined[39m,
  fullConfig: {
    learningMode: [32m'standard'[39m,
    totalSteps: [33m1[39m,
    targetNumber: [33m14[39m,
    targetFlex: [33m0[39m,
    rangeMin: [33m1[39m,
    rangeMax: [33m14[39m,
    answerChoices: [33m3[39m,
    difficultyLevel: [33m5[39m,
    phaseSequence: [ [36m[Object][39m ],
    opsEnabled: { [32m'+'[39m: [33mtrue[39m, [32m'-'[39m: [33mfalse[39m, [32m'ร—'[39m: [33mfalse[39m, [32m'รท'[39m: [33mfalse[39m },
    activeMode: [32m'normal'[39m,
    isMuted: [33mfalse[39m,
    timerOn: [33mfalse[39m,
    quickMindInterval: [33m10[39m,
    darkModeInterval: [33m10[39m,
    modifiersPerStep: [33m1[39m,
    enableVariables: [33mfalse[39m,
    stopwatchSkin: [32m'default'[39m,
    progressionMode: [32m'adaptive'[39m,
    presentationMode: [32m'normal'[39m,
    scriptId: [32m'circuit-climb'[39m
  }
}
[Telemetry][VT:0] GENERATOR_START { startNumber: [33m4[39m, mode: [32m'standard'[39m }
[Telemetry][VT:0] GENERATOR_STEP_CREATED { stepIndex: [33m0[39m, startNumber: [33m4[39m, answer: [33m8[39m }
[STEP TRACE] [
  {
    i: [33m0[39m,
    startNumber: [33m4[39m,
    value: [33m4[39m,
    operation: [32m'+'[39m,
    correctAnswer: [33m8[39m,
    distractors: [ [33m6[39m, [33m9[39m, [33m8[39m ],
    distractorCount: [33m3[39m,
    source: [32m'engine'[39m,
    fallbackUsed: [90mundefined[39m
  }
]
[GEN CONFIG TRACE] {
  mode: [32m'standard'[39m,
  operation: [90mundefined[39m,
  difficulty: [33m5[39m,
  totalSteps: [33m1[39m,
  answerChoices: [33m3[39m,
  table: [90mundefined[39m,
  skipSize: [90mundefined[39m,
  fullConfig: {
    learningMode: [32m'standard'[39m,
    totalSteps: [33m1[39m,
    targetNumber: [33m14[39m,
    targetFlex: [33m0[39m,
    rangeMin: [33m1[39m,
    rangeMax: [33m14[39m,
    answerChoices: [33m3[39m,
    difficultyLevel: [33m5[39m,
    phaseSequence: [ [36m[Object][39m ],
    opsEnabled: { [32m'+'[39m: [33mtrue[39m, [32m'-'[39m: [33mfalse[39m, [32m'ร—'[39m: [33mfalse[39m, [32m'รท'[39m: [33mfalse[39m },
    activeMode: [32m'normal'[39m,
    isMuted: [33mfalse[39m,
    timerOn: [33mfalse[39m,
    quickMindInterval: [33m10[39m,
    darkModeInterval: [33m10[39m,
    modifiersPerStep: [33m1[39m,
    enableVariables: [33mfalse[39m,
    stopwatchSkin: [32m'default'[39m,
    progressionMode: [32m'adaptive'[39m,
    presentationMode: [32m'normal'[39m,
    scriptId: [32m'circuit-climb'[39m
  }
}
[Telemetry][VT:0] GENERATOR_START { startNumber: [33m5[39m, mode: [32m'standard'[39m }
[Telemetry][VT:0] GENERATOR_STEP_CREATED { stepIndex: [33m0[39m, startNumber: [33m5[39m, answer: [33m13[39m }
[STEP TRACE] [
  {
    i: [33m0[39m,
    startNumber: [33m5[39m,
    value: [33m8[39m,
    operation: [32m'+'[39m,
    correctAnswer: [33m13[39m,
    distractors: [ [33m13[39m, [33m12[39m, [33m14[39m ],
    distractorCount: [33m3[39m,
    source: [32m'engine'[39m,
    fallbackUsed: [90mundefined[39m
  }
]
[GEN CONFIG TRACE] {
  mode: [32m'standard'[39m,
  operation: [90mundefined[39m,
  difficulty: [33m5[39m,
  totalSteps: [33m1[39m,
  answerChoices: [33m3[39m,
  table: [90mundefined[39m,
  skipSize: [90mundefined[39m,
  fullConfig: {
    learningMode: [32m'standard'[39m,
    totalSteps: [33m1[39m,
    targetNumber: [33m14[39m,
    targetFlex: [33m0[39m,
    rangeMin: [33m1[39m,
    rangeMax: [33m14[39m,
    answerChoices: [33m3[39m,
    difficultyLevel: [33m5[39m,
    phaseSequence: [ [36m[Object][39m ],
    opsEnabled: { [32m'+'[39m: [33mtrue[39m, [32m'-'[39m: [33mfalse[39m, [32m'ร—'[39m: [33mfalse[39m, [32m'รท'[39m: [33mfalse[39m },
    activeMode: [32m'normal'[39m,
    isMuted: [33mfalse[39m,
    timerOn: [33mfalse[39m,
    quickMindInterval: [33m10[39m,
    darkModeInterval: [33m10[39m,
    modifiersPerStep: [33m1[39m,
    enableVariables: [33mfalse[39m,
    stopwatchSkin: [32m'default'[39m,
    progressionMode: [32m'adaptive'[39m,
    presentationMode: [32m'normal'[39m,
    scriptId: [32m'circuit-climb'[39m
  }
}
[Telemetry][VT:0] GENERATOR_START { startNumber: [33m6[39m, mode: [32m'standard'[39m }
[Telemetry][VT:0] GENERATOR_STEP_CREATED { stepIndex: [33m0[39m, startNumber: [33m6[39m, answer: [33m10[39m }
[STEP TRACE] [
  {
    i: [33m0[39m,
    startNumber: [33m6[39m,
    value: [33m4[39m,
    operation: [32m'+'[39m,
    correctAnswer: [33m10[39m,
    distractors: [ [33m13[39m, [33m10[39m, [33m12[39m ],
    distractorCount: [33m3[39m,
    source: [32m'engine'[39m,
    fallbackUsed: [90mundefined[39m
  }
]
[GEN CONFIG TRACE] {
  mode: [32m'standard'[39m,
  operation: [90mundefined[39m,
  difficulty: [33m5[39m,
  totalSteps: [33m1[39m,
  answerChoices: [33m3[39m,
  table: [90mundefined[39m,
  skipSize: [90mundefined[39m,
  fullConfig: {
    learningMode: [32m'standard'[39m,
    totalSteps: [33m1[39m,
    targetNumber: [33m14[39m,
    targetFlex: [33m0[39m,
    rangeMin: [33m1[39m,
    rangeMax: [33m14[39m,
    answerChoices: [33m3[39m,
    difficultyLevel: [33m5[39m,
    phaseSequence: [ [36m[Object][39m ],
    opsEnabled: { [32m'+'[39m: [33mtrue[39m, [32m'-'[39m: [33mfalse[39m, [32m'ร—'[39m: [33mfalse[39m, [32m'รท'[39m: [33mfalse[39m },
    activeMode: [32m'normal'[39m,
    isMuted: [33mfalse[39m,
    timerOn: [33mfalse[39m,
    quickMindInterval: [33m10[39m,
    darkModeInterval: [33m10[39m,
    modifiersPerStep: [33m1[39m,
    enableVariables: [33mfalse[39m,
    stopwatchSkin: [32m'default'[39m,
    progressionMode: [32m'adaptive'[39m,
    presentationMode: [32m'normal'[39m,
    scriptId: [32m'circuit-climb'[39m
  }
}
[Telemetry][VT:0] GENERATOR_START { startNumber: [33m7[39m, mode: [32m'standard'[39m }
[Telemetry][VT:0] GENERATOR_STEP_CREATED { stepIndex: [33m0[39m, startNumber: [33m7[39m, answer: [33m8[39m }
[STEP TRACE] [
  {
    i: [33m0[39m,
    startNumber: [33m7[39m,
    value: [33m1[39m,
    operation: [32m'+'[39m,
    correctAnswer: [33m8[39m,
    distractors: [ [33m8[39m, [33m11[39m, [33m6[39m ],
    distractorCount: [33m3[39m,
    source: [32m'engine'[39m,
    fallbackUsed: [90mundefined[39m
  }
]
[GEN CONFIG TRACE] {
  mode: [32m'standard'[39m,
  operation: [90mundefined[39m,
  difficulty: [33m5[39m,
  totalSteps: [33m1[39m,
  answerChoices: [33m3[39m,
  table: [90mundefined[39m,
  skipSize: [90mundefined[39m,
  fullConfig: {
    learningMode: [32m'standard'[39m,
    totalSteps: [33m1[39m,
    targetNumber: [33m16[39m,
    targetFlex: [33m0[39m,
    rangeMin: [33m1[39m,
    rangeMax: [33m16[39m,
    answerChoices: [33m3[39m,
    difficultyLevel: [33m5[39m,
    phaseSequence: [ [36m[Object][39m ],
    opsEnabled: { [32m'+'[39m: [33mtrue[39m, [32m'-'[39m: [33mfalse[39m, [32m'ร—'[39m: [33mfalse[39m, [32m'รท'[39m: [33mfalse[39m },
    activeMode: [32m'normal'[39m,
    isMuted: [33mfalse[39m,
    timerOn: [33mfalse[39m,
    quickMindInterval: [33m10[39m,
    darkModeInterval: [33m10[39m,
    modifiersPerStep: [33m1[39m,
    enableVariables: [33mfalse[39m,
    stopwatchSkin: [32m'default'[39m,
    progressionMode: [32m'adaptive'[39m,
    presentationMode: [32m'normal'[39m,
    scriptId: [32m'circuit-climb'[39m
  }
}
[Telemetry][VT:0] GENERATOR_START { startNumber: [33m1[39m, mode: [32m'standard'[39m }
[Telemetry][VT:0] GENERATOR_STEP_CREATED { stepIndex: [33m0[39m, startNumber: [33m1[39m, answer: [33m6[39m }
[STEP TRACE] [
  {
    i: [33m0[39m,
    startNumber: [33m1[39m,
    value: [33m5[39m,
    operation: [32m'+'[39m,
    correctAnswer: [33m6[39m,
    distractors: [ [33m3[39m, [33m6[39m, [33m8[39m ],
    distractorCount: [33m3[39m,
    source: [32m'engine'[39m,
    fallbackUsed: [90mundefined[39m
  }
]
[GEN CONFIG TRACE] {
  mode: [32m'standard'[39m,
  operation: [90mundefined[39m,
  difficulty: [33m5[39m,
  totalSteps: [33m1[39m,
  answerChoices: [33m3[39m,
  table: [90mundefined[39m,
  skipSize: [90mundefined[39m,
  fullConfig: {
    learningMode: [32m'standard'[39m,
    totalSteps: [33m1[39m,
    targetNumber: [33m16[39m,
    targetFlex: [33m0[39m,
    rangeMin: [33m1[39m,
    rangeMax: [33m16[39m,
    answerChoices: [33m3[39m,
    difficultyLevel: [33m5[39m,
    phaseSequence: [ [36m[Object][39m ],
    opsEnabled: { [32m'+'[39m: [33mtrue[39m, [32m'-'[39m: [33mfalse[39m, [32m'ร—'[39m: [33mfalse[39m, [32m'รท'[39m: [33mfalse[39m },
    activeMode: [32m'normal'[39m,
    isMuted: [33mfalse[39m,
    timerOn: [33mfalse[39m,
    quickMindInterval: [33m10[39m,
    darkModeInterval: [33m10[39m,
    modifiersPerStep: [33m1[39m,
    enableVariables: [33mfalse[39m,
    stopwatchSkin: [32m'default'[39m,
    progressionMode: [32m'adaptive'[39m,
    presentationMode: [32m'normal'[39m,
    scriptId: [32m'circuit-climb'[39m
  }
}
[Telemetry][VT:0] GENERATOR_START { startNumber: [33m2[39m, mode: [32m'standard'[39m }
[Telemetry][VT:0] GENERATOR_STEP_CREATED { stepIndex: [33m0[39m, startNumber: [33m2[39m, answer: [33m7[39m }
[STEP TRACE] [
  {
    i: [33m0[39m,
    startNumber: [33m2[39m,
    value: [33m5[39m,
    operation: [32m'+'[39m,
    correctAnswer: [33m7[39m,
    distractors: [ [33m6[39m, [33m7[39m, [33m9[39m ],
    distractorCount: [33m3[39m,
    source: [32m'engine'[39m,
    fallbackUsed: [90mundefined[39m
  }
]
[GEN CONFIG TRACE] {
  mode: [32m'standard'[39m,
  operation: [90mundefined[39m,
  difficulty: [33m5[39m,
  totalSteps: [33m1[39m,
  answerChoices: [33m3[39m,
  table: [90mundefined[39m,
  skipSize: [90mundefined[39m,
  fullConfig: {
    learningMode: [32m'standard'[39m,
    totalSteps: [33m1[39m,
    targetNumber: [33m16[39m,
    targetFlex: [33m0[39m,
    rangeMin: [33m1[39m,
    rangeMax: [33m16[39m,
    answerChoices: [33m3[39m,
    difficultyLevel: [33m5[39m,
    phaseSequence: [ [36m[Object][39m ],
    opsEnabled: { [32m'+'[39m: [33mtrue[39m, [32m'-'[39m: [33mfalse[39m, [32m'ร—'[39m: [33mfalse[39m, [32m'รท'[39m: [33mfalse[39m },
    activeMode: [32m'normal'[39m,
    isMuted: [33mfalse[39m,
    timerOn: [33mfalse[39m,
    quickMindInterval: [33m10[39m,
    darkModeInterval: [33m10[39m,
    modifiersPerStep: [33m1[39m,
    enableVariables: [33mfalse[39m,
    stopwatchSkin: [32m'default'[39m,
    progressionMode: [32m'adaptive'[39m,
    presentationMode: [32m'normal'[39m,
    scriptId: [32m'circuit-climb'[39m
  }
}
[Telemetry][VT:0] GENERATOR_START { startNumber: [33m3[39m, mode: [32m'standard'[39m }
[Telemetry][VT:0] GENERATOR_STEP_CREATED { stepIndex: [33m0[39m, startNumber: [33m3[39m, answer: [33m15[39m }
[STEP TRACE] [
  {
    i: [33m0[39m,
    startNumber: [33m3[39m,
    value: [33m12[39m,
    operation: [32m'+'[39m,
    correctAnswer: [33m15[39m,
    distractors: [ [33m18[39m, [33m15[39m, [33m16[39m ],
    distractorCount: [33m3[39m,
    source: [32m'engine'[39m,
    fallbackUsed: [90mundefined[39m
  }
]
[GEN CONFIG TRACE] {
  mode: [32m'standard'[39m,
  operation: [90mundefined[39m,
  difficulty: [33m5[39m,
  totalSteps: [33m1[39m,
  answerChoices: [33m3[39m,
  table: [90mundefined[39m,
  skipSize: [90mundefined[39m,
  fullConfig: {
    learningMode: [32m'standard'[39m,
    totalSteps: [33m1[39m,
    targetNumber: [33m16[39m,
    targetFlex: [33m0[39m,
    rangeMin: [33m1[39m,
    rangeMax: [33m16[39m,
    answerChoices: [33m3[39m,
    difficultyLevel: [33m5[39m,
    phaseSequence: [ [36m[Object][39m ],
    opsEnabled: { [32m'+'[39m: [33mtrue[39m, [32m'-'[39m: [33mfalse[39m, [32m'ร—'[39m: [33mfalse[39m, [32m'รท'[39m: [33mfalse[39m },
    activeMode: [32m'normal'[39m,
    isMuted: [33mfalse[39m,
    timerOn: [33mfalse[39m,
    quickMindInterval: [33m10[39m,
    darkModeInterval: [33m10[39m,
    modifiersPerStep: [33m1[39m,
    enableVariables: [33mfalse[39m,
    stopwatchSkin: [32m'default'[39m,
    progressionMode: [32m'adaptive'[39m,
    presentationMode: [32m'normal'[39m,
    scriptId: [32m'circuit-climb'[39m
  }
}
[Telemetry][VT:0] GENERATOR_START { startNumber: [33m4[39m, mode: [32m'standard'[39m }
[Telemetry][VT:0] GENERATOR_STEP_CREATED { stepIndex: [33m0[39m, startNumber: [33m4[39m, answer: [33m6[39m }
[STEP TRACE] [
  {
    i: [33m0[39m,
    startNumber: [33m4[39m,
    value: [33m2[39m,
    operation: [32m'+'[39m,
    correctAnswer: [33m6[39m,
    distractors: [ [33m6[39m, [33m8[39m, [33m7[39m ],
    distractorCount: [33m3[39m,
    source: [32m'engine'[39m,
    fallbackUsed: [90mundefined[39m
  }
]
[GEN CONFIG TRACE] {
  mode: [32m'standard'[39m,
  operation: [90mundefined[39m,
  difficulty: [33m5[39m,
  totalSteps: [33m1[39m,
  answerChoices: [33m3[39m,
  table: [90mundefined[39m,
  skipSize: [90mundefined[39m,
  fullConfig: {
    learningMode: [32m'standard'[39m,
    totalSteps: [33m1[39m,
    targetNumber: [33m16[39m,
    targetFlex: [33m0[39m,
    rangeMin: [33m1[39m,
    rangeMax: [33m16[39m,
    answerChoices: [33m3[39m,
    difficultyLevel: [33m5[39m,
    phaseSequence: [ [36m[Object][39m ],
    opsEnabled: { [32m'+'[39m: [33mtrue[39m, [32m'-'[39m: [33mfalse[39m, [32m'ร—'[39m: [33mfalse[39m, [32m'รท'[39m: [33mfalse[39m },
    activeMode: [32m'normal'[39m,
    isMuted: [33mfalse[39m,
    timerOn: [33mfalse[39m,
    quickMindInterval: [33m10[39m,
    darkModeInterval: [33m10[39m,
    modifiersPerStep: [33m1[39m,
    enableVariables: [33mfalse[39m,
    stopwatchSkin: [32m'default'[39m,
    progressionMode: [32m'adaptive'[39m,
    presentationMode: [32m'normal'[39m,
    scriptId: [32m'circuit-climb'[39m
  }
}
[Telemetry][VT:0] GENERATOR_START { startNumber: [33m5[39m, mode: [32m'standard'[39m }
[Telemetry][VT:0] GENERATOR_STEP_CREATED { stepIndex: [33m0[39m, startNumber: [33m5[39m, answer: [33m7[39m }
[STEP TRACE] [
  {
    i: [33m0[39m,
    startNumber: [33m5[39m,
    value: [33m2[39m,
    operation: [32m'+'[39m,
    correctAnswer: [33m7[39m,
    distractors: [ [33m9[39m, [33m7[39m, [33m6[39m ],
    distractorCount: [33m3[39m,
    source: [32m'engine'[39m,
    fallbackUsed: [90mundefined[39m
  }
]
[GEN CONFIG TRACE] {
  mode: [32m'standard'[39m,
  operation: [90mundefined[39m,
  difficulty: [33m5[39m,
  totalSteps: [33m1[39m,
  answerChoices: [33m3[39m,
  table: [90mundefined[39m,
  skipSize: [90mundefined[39m,
  fullConfig: {
    learningMode: [32m'standard'[39m,
    totalSteps: [33m1[39m,
    targetNumber: [33m16[39m,
    targetFlex: [33m0[39m,
    rangeMin: [33m1[39m,
    rangeMax: [33m16[39m,
    answerChoices: [33m3[39m,
    difficultyLevel: [33m5[39m,
    phaseSequence: [ [36m[Object][39m ],
    opsEnabled: { [32m'+'[39m: [33mtrue[39m, [32m'-'[39m: [33mfalse[39m, [32m'ร—'[39m: [33mfalse[39m, [32m'รท'[39m: [33mfalse[39m },
    activeMode: [32m'normal'[39m,
    isMuted: [33mfalse[39m,
    timerOn: [33mfalse[39m,
    quickMindInterval: [33m10[39m,
    darkModeInterval: [33m10[39m,
    modifiersPerStep: [33m1[39m,
    enableVariables: [33mfalse[39m,
    stopwatchSkin: [32m'default'[39m,
    progressionMode: [32m'adaptive'[39m,
    presentationMode: [32m'normal'[39m,
    scriptId: [32m'circuit-climb'[39m
  }
}
[Telemetry][VT:0] GENERATOR_START { startNumber: [33m6[39m, mode: [32m'standard'[39m }
[Telemetry][VT:0] GENERATOR_STEP_CREATED { stepIndex: [33m0[39m, startNumber: [33m6[39m, answer: [33m14[39m }
[STEP TRACE] [
  {
    i: [33m0[39m,
    startNumber: [33m6[39m,
    value: [33m8[39m,
    operation: [32m'+'[39m,
    correctAnswer: [33m14[39m,
    distractors: [ [33m15[39m, [33m14[39m, [33m13[39m ],
    distractorCount: [33m3[39m,
    source: [32m'engine'[39m,
    fallbackUsed: [90mundefined[39m
  }
]
[GEN CONFIG TRACE] {
  mode: [32m'standard'[39m,
  operation: [90mundefined[39m,
  difficulty: [33m5[39m,
  totalSteps: [33m1[39m,
  answerChoices: [33m3[39m,
  table: [90mundefined[39m,
  skipSize: [90mundefined[39m,
  fullConfig: {
    learningMode: [32m'standard'[39m,
    totalSteps: [33m1[39m,
    targetNumber: [33m16[39m,
    targetFlex: [33m0[39m,
    rangeMin: [33m1[39m,
    rangeMax: [33m16[39m,
    answerChoices: [33m3[39m,
    difficultyLevel: [33m5[39m,
    phaseSequence: [ [36m[Object][39m ],
    opsEnabled: { [32m'+'[39m: [33mtrue[39m, [32m'-'[39m: [33mfalse[39m, [32m'ร—'[39m: [33mfalse[39m, [32m'รท'[39m: [33mfalse[39m },
    activeMode: [32m'normal'[39m,
    isMuted: [33mfalse[39m,
    timerOn: [33mfalse[39m,
    quickMindInterval: [33m10[39m,
    darkModeInterval: [33m10[39m,
    modifiersPerStep: [33m1[39m,
    enableVariables: [33mfalse[39m,
    stopwatchSkin: [32m'default'[39m,
    progressionMode: [32m'adaptive'[39m,
    presentationMode: [32m'normal'[39m,
    scriptId: [32m'circuit-climb'[39m
  }
}
[Telemetry][VT:0] GENERATOR_START { startNumber: [33m7[39m, mode: [32m'standard'[39m }
[Telemetry][VT:0] GENERATOR_STEP_CREATED { stepIndex: [33m0[39m, startNumber: [33m7[39m, answer: [33m9[39m }
[STEP TRACE] [
  {
    i: [33m0[39m,
    startNumber: [33m7[39m,
    value: [33m2[39m,
    operation: [32m'+'[39m,
    correctAnswer: [33m9[39m,
    distractors: [ [33m11[39m, [33m6[39m, [33m9[39m ],
    distractorCount: [33m3[39m,
    source: [32m'engine'[39m,
    fallbackUsed: [90mundefined[39m
  }
]
[GEN CONFIG TRACE] {
  mode: [32m'standard'[39m,
  operation: [90mundefined[39m,
  difficulty: [33m5[39m,
  totalSteps: [33m1[39m,
  answerChoices: [33m3[39m,
  table: [90mundefined[39m,
  skipSize: [90mundefined[39m,
  fullConfig: {
    learningMode: [32m'standard'[39m,
    totalSteps: [33m1[39m,
    targetNumber: [33m16[39m,
    targetFlex: [33m0[39m,
    rangeMin: [33m1[39m,
    rangeMax: [33m16[39m,
    answerChoices: [33m3[39m,
    difficultyLevel: [33m5[39m,
    phaseSequence: [ [36m[Object][39m ],
    opsEnabled: { [32m'+'[39m: [33mtrue[39m, [32m'-'[39m: [33mfalse[39m, [32m'ร—'[39m: [33mfalse[39m, [32m'รท'[39m: [33mfalse[39m },
    activeMode: [32m'normal'[39m,
    isMuted: [33mfalse[39m,
    timerOn: [33mfalse[39m,
    quickMindInterval: [33m10[39m,
    darkModeInterval: [33m10[39m,
    modifiersPerStep: [33m1[39m,
    enableVariables: [33mfalse[39m,
    stopwatchSkin: [32m'default'[39m,
    progressionMode: [32m'adaptive'[39m,
    presentationMode: [32m'normal'[39m,
    scriptId: [32m'circuit-climb'[39m
  }
}
[Telemetry][VT:0] GENERATOR_START { startNumber: [33m8[39m, mode: [32m'standard'[39m }
[Telemetry][VT:0] GENERATOR_STEP_CREATED { stepIndex: [33m0[39m, startNumber: [33m8[39m, answer: [33m15[39m }
[STEP TRACE] [
  {
    i: [33m0[39m,
    startNumber: [33m8[39m,
    value: [33m7[39m,
    operation: [32m'+'[39m,
    correctAnswer: [33m15[39m,
    distractors: [ [33m15[39m, [33m12[39m, [33m14[39m ],
    distractorCount: [33m3[39m,
    source: [32m'engine'[39m,
    fallbackUsed: [90mundefined[39m
  }
]
[GEN CONFIG TRACE] {
  mode: [32m'standard'[39m,
  operation: [90mundefined[39m,
  difficulty: [33m5[39m,
  totalSteps: [33m1[39m,
  answerChoices: [33m3[39m,
  table: [90mundefined[39m,
  skipSize: [90mundefined[39m,
  fullConfig: {
    learningMode: [32m'standard'[39m,
    totalSteps: [33m1[39m,
    targetNumber: [33m16[39m,
    targetFlex: [33m0[39m,
    rangeMin: [33m1[39m,
    rangeMax: [33m16[39m,
    answerChoices: [33m3[39m,
    difficultyLevel: [33m5[39m,
    phaseSequence: [ [36m[Object][39m ],
    opsEnabled: { [32m'+'[39m: [33mtrue[39m, [32m'-'[39m: [33mfalse[39m, [32m'ร—'[39m: [33mfalse[39m, [32m'รท'[39m: [33mfalse[39m },
    activeMode: [32m'normal'[39m,
    isMuted: [33mfalse[39m,
    timerOn: [33mfalse[39m,
    quickMindInterval: [33m10[39m,
    darkModeInterval: [33m10[39m,
    modifiersPerStep: [33m1[39m,
    enableVariables: [33mfalse[39m,
    stopwatchSkin: [32m'default'[39m,
    progressionMode: [32m'adaptive'[39m,
    presentationMode: [32m'normal'[39m,
    scriptId: [32m'circuit-climb'[39m
  }
}
[Telemetry][VT:0] GENERATOR_START { startNumber: [33m9[39m, mode: [32m'standard'[39m }
[Telemetry][VT:0] GENERATOR_STEP_CREATED { stepIndex: [33m0[39m, startNumber: [33m9[39m, answer: [33m16[39m }
[STEP TRACE] [
  {
    i: [33m0[39m,
    startNumber: [33m9[39m,
    value: [33m7[39m,
    operation: [32m'+'[39m,
    correctAnswer: [33m16[39m,
    distractors: [ [33m16[39m, [33m19[39m, [33m18[39m ],
    distractorCount: [33m3[39m,
    source: [32m'engine'[39m,
    fallbackUsed: [90mundefined[39m
  }
]
[GEN CONFIG TRACE] {
  mode: [32m'standard'[39m,
  operation: [90mundefined[39m,
  difficulty: [33m5[39m,
  totalSteps: [33m1[39m,
  answerChoices: [33m3[39m,
  table: [90mundefined[39m,
  skipSize: [90mundefined[39m,
  fullConfig: {
    learningMode: [32m'standard'[39m,
    totalSteps: [33m1[39m,
    targetNumber: [33m16[39m,
    targetFlex: [33m0[39m,
    rangeMin: [33m1[39m,
    rangeMax: [33m16[39m,
    answerChoices: [33m3[39m,
    difficultyLevel: [33m5[39m,
    phaseSequence: [ [36m[Object][39m ],
    opsEnabled: { [32m'+'[39m: [33mtrue[39m, [32m'-'[39m: [33mfalse[39m, [32m'ร—'[39m: [33mfalse[39m, [32m'รท'[39m: [33mfalse[39m },
    activeMode: [32m'normal'[39m,
    isMuted: [33mfalse[39m,
    timerOn: [33mfalse[39m,
    quickMindInterval: [33m10[39m,
    darkModeInterval: [33m10[39m,
    modifiersPerStep: [33m1[39m,
    enableVariables: [33mfalse[39m,
    stopwatchSkin: [32m'default'[39m,
    progressionMode: [32m'adaptive'[39m,
    presentationMode: [32m'normal'[39m,
    scriptId: [32m'circuit-climb'[39m
  }
}
[Telemetry][VT:0] GENERATOR_START { startNumber: [33m10[39m, mode: [32m'standard'[39m }
[Telemetry][VT:0] GENERATOR_STEP_CREATED { stepIndex: [33m0[39m, startNumber: [33m10[39m, answer: [33m11[39m }
[STEP TRACE] [
  {
    i: [33m0[39m,
    startNumber: [33m10[39m,
    value: [33m1[39m,
    operation: [32m'+'[39m,
    correctAnswer: [33m11[39m,
    distractors: [ [33m11[39m, [33m12[39m, [33m14[39m ],
    distractorCount: [33m3[39m,
    source: [32m'engine'[39m,
    fallbackUsed: [90mundefined[39m
  }
]
[GEN CONFIG TRACE] {
  mode: [32m'standard'[39m,
  operation: [90mundefined[39m,
  difficulty: [33m5[39m,
  totalSteps: [33m1[39m,
  answerChoices: [33m3[39m,
  table: [90mundefined[39m,
  skipSize: [90mundefined[39m,
  fullConfig: {
    learningMode: [32m'standard'[39m,
    totalSteps: [33m1[39m,
    targetNumber: [33m16[39m,
    targetFlex: [33m0[39m,
    rangeMin: [33m1[39m,
    rangeMax: [33m16[39m,
    answerChoices: [33m3[39m,
    difficultyLevel: [33m5[39m,
    phaseSequence: [ [36m[Object][39m ],
    opsEnabled: { [32m'+'[39m: [33mtrue[39m, [32m'-'[39m: [33mfalse[39m, [32m'ร—'[39m: [33mfalse[39m, [32m'รท'[39m: [33mfalse[39m },
    activeMode: [32m'normal'[39m,
    isMuted: [33mfalse[39m,
    timerOn: [33mfalse[39m,
    quickMindInterval: [33m10[39m,
    darkModeInterval: [33m10[39m,
    modifiersPerStep: [33m1[39m,
    enableVariables: [33mfalse[39m,
    stopwatchSkin: [32m'default'[39m,
    progressionMode: [32m'adaptive'[39m,
    presentationMode: [32m'normal'[39m,
    scriptId: [32m'circuit-climb'[39m
  }
}
[Telemetry][VT:0] GENERATOR_START { startNumber: [33m11[39m, mode: [32m'standard'[39m }
[Telemetry][VT:0] GENERATOR_STEP_CREATED { stepIndex: [33m0[39m, startNumber: [33m11[39m, answer: [33m15[39m }
[STEP TRACE] [
  {
    i: [33m0[39m,
    startNumber: [33m11[39m,
    value: [33m4[39m,
    operation: [32m'+'[39m,
    correctAnswer: [33m15[39m,
    distractors: [ [33m13[39m, [33m18[39m, [33m15[39m ],
    distractorCount: [33m3[39m,
    source: [32m'engine'[39m,
    fallbackUsed: [90mundefined[39m
  }
]
[GEN CONFIG TRACE] {
  mode: [32m'standard'[39m,
  operation: [90mundefined[39m,
  difficulty: [33m5[39m,
  totalSteps: [33m1[39m,
  answerChoices: [33m3[39m,
  table: [90mundefined[39m,
  skipSize: [90mundefined[39m,
  fullConfig: {
    learningMode: [32m'standard'[39m,
    totalSteps: [33m1[39m,
    targetNumber: [33m16[39m,
    targetFlex: [33m0[39m,
    rangeMin: [33m1[39m,
    rangeMax: [33m16[39m,
    answerChoices: [33m3[39m,
    difficultyLevel: [33m5[39m,
    phaseSequence: [ [36m[Object][39m ],
    opsEnabled: { [32m'+'[39m: [33mtrue[39m, [32m'-'[39m: [33mfalse[39m, [32m'ร—'[39m: [33mfalse[39m, [32m'รท'[39m: [33mfalse[39m },
    activeMode: [32m'normal'[39m,
    isMuted: [33mfalse[39m,
    timerOn: [33mfalse[39m,
    quickMindInterval: [33m10[39m,
    darkModeInterval: [33m10[39m,
    modifiersPerStep: [33m1[39m,
    enableVariables: [33mfalse[39m,
    stopwatchSkin: [32m'default'[39m,
    progressionMode: [32m'adaptive'[39m,
    presentationMode: [32m'normal'[39m,
    scriptId: [32m'circuit-climb'[39m
  }
}
[Telemetry][VT:0] GENERATOR_START { startNumber: [33m12[39m, mode: [32m'standard'[39m }
[Telemetry][VT:0] GENERATOR_STEP_CREATED { stepIndex: [33m0[39m, startNumber: [33m12[39m, answer: [33m16[39m }
[STEP TRACE] [
  {
    i: [33m0[39m,
    startNumber: [33m12[39m,
    value: [33m4[39m,
    operation: [32m'+'[39m,
    correctAnswer: [33m16[39m,
    distractors: [ [33m19[39m, [33m16[39m, [33m13[39m ],
    distractorCount: [33m3[39m,
    source: [32m'engine'[39m,
    fallbackUsed: [90mundefined[39m
  }
]
[GEN CONFIG TRACE] {
  mode: [32m'standard'[39m,
  operation: [90mundefined[39m,
  difficulty: [33m5[39m,
  totalSteps: [33m1[39m,
  answerChoices: [33m3[39m,
  table: [90mundefined[39m,
  skipSize: [90mundefined[39m,
  fullConfig: {
    learningMode: [32m'standard'[39m,
    totalSteps: [33m1[39m,
    targetNumber: [33m16[39m,
    targetFlex: [33m0[39m,
    rangeMin: [33m1[39m,
    rangeMax: [33m16[39m,
    answerChoices: [33m3[39m,
    difficultyLevel: [33m5[39m,
    phaseSequence: [ [36m[Object][39m ],
    opsEnabled: { [32m'+'[39m: [33mtrue[39m, [32m'-'[39m: [33mfalse[39m, [32m'ร—'[39m: [33mfalse[39m, [32m'รท'[39m: [33mfalse[39m },
    activeMode: [32m'normal'[39m,
    isMuted: [33mfalse[39m,
    timerOn: [33mfalse[39m,
    quickMindInterval: [33m10[39m,
    darkModeInterval: [33m10[39m,
    modifiersPerStep: [33m1[39m,
    enableVariables: [33mfalse[39m,
    stopwatchSkin: [32m'default'[39m,
    progressionMode: [32m'adaptive'[39m,
    presentationMode: [32m'normal'[39m,
    scriptId: [32m'circuit-climb'[39m
  }
}
[Telemetry][VT:0] GENERATOR_START { startNumber: [33m13[39m, mode: [32m'standard'[39m }
[Telemetry][VT:0] GENERATOR_STEP_CREATED { stepIndex: [33m0[39m, startNumber: [33m13[39m, answer: [33m16[39m }
[STEP TRACE] [
  {
    i: [33m0[39m,
    startNumber: [33m13[39m,
    value: [33m3[39m,
    operation: [32m'+'[39m,
    correctAnswer: [33m16[39m,
    distractors: [ [33m13[39m, [33m16[39m, [33m17[39m ],
    distractorCount: [33m3[39m,
    source: [32m'engine'[39m,
    fallbackUsed: [90mundefined[39m
  }
]
[GEN CONFIG TRACE] {
  mode: [32m'standard'[39m,
  operation: [90mundefined[39m,
  difficulty: [33m5[39m,
  totalSteps: [33m1[39m,
  answerChoices: [33m3[39m,
  table: [90mundefined[39m,
  skipSize: [90mundefined[39m,
  fullConfig: {
    learningMode: [32m'standard'[39m,
    totalSteps: [33m1[39m,
    targetNumber: [33m16[39m,
    targetFlex: [33m0[39m,
    rangeMin: [33m1[39m,
    rangeMax: [33m16[39m,
    answerChoices: [33m3[39m,
    difficultyLevel: [33m5[39m,
    phaseSequence: [ [36m[Object][39m ],
    opsEnabled: { [32m'+'[39m: [33mtrue[39m, [32m'-'[39m: [33mfalse[39m, [32m'ร—'[39m: [33mfalse[39m, [32m'รท'[39m: [33mfalse[39m },
    activeMode: [32m'normal'[39m,
    isMuted: [33mfalse[39m,
    timerOn: [33mfalse[39m,
    quickMindInterval: [33m10[39m,
    darkModeInterval: [33m10[39m,
    modifiersPerStep: [33m1[39m,
    enableVariables: [33mfalse[39m,
    stopwatchSkin: [32m'default'[39m,
    progressionMode: [32m'adaptive'[39m,
    presentationMode: [32m'normal'[39m,
    scriptId: [32m'circuit-climb'[39m
  }
}
[Telemetry][VT:0] GENERATOR_START { startNumber: [33m14[39m, mode: [32m'standard'[39m }
[Telemetry][VT:0] GENERATOR_STEP_CREATED { stepIndex: [33m0[39m, startNumber: [33m14[39m, answer: [33m15[39m }
[STEP TRACE] [
  {
    i: [33m0[39m,
    startNumber: [33m14[39m,
    value: [33m1[39m,
    operation: [32m'+'[39m,
    correctAnswer: [33m15[39m,
    distractors: [ [33m18[39m, [33m15[39m, [33m17[39m ],
    distractorCount: [33m3[39m,
    source: [32m'engine'[39m,
    fallbackUsed: [90mundefined[39m
  }
]
[GEN CONFIG TRACE] {
  mode: [32m'standard'[39m,
  operation: [90mundefined[39m,
  difficulty: [33m5[39m,
  totalSteps: [33m1[39m,
  answerChoices: [33m3[39m,
  table: [90mundefined[39m,
  skipSize: [90mundefined[39m,
  fullConfig: {
    learningMode: [32m'standard'[39m,
    totalSteps: [33m1[39m,
    targetNumber: [33m16[39m,
    targetFlex: [33m0[39m,
    rangeMin: [33m1[39m,
    rangeMax: [33m16[39m,
    answerChoices: [33m3[39m,
    difficultyLevel: [33m5[39m,
    phaseSequence: [ [36m[Object][39m ],
    opsEnabled: { [32m'+'[39m: [33mtrue[39m, [32m'-'[39m: [33mfalse[39m, [32m'ร—'[39m: [33mfalse[39m, [32m'รท'[39m: [33mfalse[39m },
    activeMode: [32m'normal'[39m,
    isMuted: [33mfalse[39m,
    timerOn: [33mfalse[39m,
    quickMindInterval: [33m10[39m,
    darkModeInterval: [33m10[39m,
    modifiersPerStep: [33m1[39m,
    enableVariables: [33mfalse[39m,
    stopwatchSkin: [32m'default'[39m,
    progressionMode: [32m'adaptive'[39m,
    presentationMode: [32m'normal'[39m,
    scriptId: [32m'circuit-climb'[39m
  }
}
[Telemetry][VT:0] GENERATOR_START { startNumber: [33m15[39m, mode: [32m'standard'[39m }
[Telemetry][VT:0] GENERATOR_STEP_CREATED { stepIndex: [33m0[39m, startNumber: [33m15[39m, answer: [33m16[39m }
[STEP TRACE] [
  {
    i: [33m0[39m,
    startNumber: [33m15[39m,
    value: [33m1[39m,
    operation: [32m'+'[39m,
    correctAnswer: [33m16[39m,
    distractors: [ [33m13[39m, [33m16[39m, [33m17[39m ],
    distractorCount: [33m3[39m,
    source: [32m'engine'[39m,
    fallbackUsed: [90mundefined[39m
  }
]
[GEN CONFIG TRACE] {
  mode: [32m'standard'[39m,
  operation: [90mundefined[39m,
  difficulty: [33m5[39m,
  totalSteps: [33m1[39m,
  answerChoices: [33m3[39m,
  table: [90mundefined[39m,
  skipSize: [90mundefined[39m,
  fullConfig: {
    learningMode: [32m'standard'[39m,
    totalSteps: [33m1[39m,
    targetNumber: [33m16[39m,
    targetFlex: [33m0[39m,
    rangeMin: [33m1[39m,
    rangeMax: [33m16[39m,
    answerChoices: [33m3[39m,
    difficultyLevel: [33m5[39m,
    phaseSequence: [ [36m[Object][39m ],
    opsEnabled: { [32m'+'[39m: [33mtrue[39m, [32m'-'[39m: [33mfalse[39m, [32m'ร—'[39m: [33mfalse[39m, [32m'รท'[39m: [33mfalse[39m },
    activeMode: [32m'normal'[39m,
    isMuted: [33mfalse[39m,
    timerOn: [33mfalse[39m,
    quickMindInterval: [33m10[39m,
    darkModeInterval: [33m10[39m,
    modifiersPerStep: [33m1[39m,
    enableVariables: [33mfalse[39m,
    stopwatchSkin: [32m'default'[39m,
    progressionMode: [32m'adaptive'[39m,
    presentationMode: [32m'normal'[39m,
    scriptId: [32m'circuit-climb'[39m
  }
}
[Telemetry][VT:0] GENERATOR_START { startNumber: [33m1[39m, mode: [32m'standard'[39m }
[Telemetry][VT:0] GENERATOR_STEP_CREATED { stepIndex: [33m0[39m, startNumber: [33m1[39m, answer: [33m14[39m }
[STEP TRACE] [
  {
    i: [33m0[39m,
    startNumber: [33m1[39m,
    value: [33m13[39m,
    operation: [32m'+'[39m,
    correctAnswer: [33m14[39m,
    distractors: [ [33m15[39m, [33m14[39m, [33m12[39m ],
    distractorCount: [33m3[39m,
    source: [32m'engine'[39m,
    fallbackUsed: [90mundefined[39m
  }
]
[GEN CONFIG TRACE] {
  mode: [32m'standard'[39m,
  operation: [90mundefined[39m,
  difficulty: [33m5[39m,
  totalSteps: [33m1[39m,
  answerChoices: [33m3[39m,
  table: [90mundefined[39m,
  skipSize: [90mundefined[39m,
  fullConfig: {
    learningMode: [32m'standard'[39m,
    totalSteps: [33m1[39m,
    targetNumber: [33m16[39m,
    targetFlex: [33m0[39m,
    rangeMin: [33m1[39m,
    rangeMax: [33m16[39m,
    answerChoices: [33m3[39m,
    difficultyLevel: [33m5[39m,
    phaseSequence: [ [36m[Object][39m ],
    opsEnabled: { [32m'+'[39m: [33mtrue[39m, [32m'-'[39m: [33mfalse[39m, [32m'ร—'[39m: [33mfalse[39m, [32m'รท'[39m: [33mfalse[39m },
    activeMode: [32m'normal'[39m,
    isMuted: [33mfalse[39m,
    timerOn: [33mfalse[39m,
    quickMindInterval: [33m10[39m,
    darkModeInterval: [33m10[39m,
    modifiersPerStep: [33m1[39m,
    enableVariables: [33mfalse[39m,
    stopwatchSkin: [32m'default'[39m,
    progressionMode: [32m'adaptive'[39m,
    presentationMode: [32m'normal'[39m,
    scriptId: [32m'circuit-climb'[39m
  }
}
[Telemetry][VT:0] GENERATOR_START { startNumber: [33m2[39m, mode: [32m'standard'[39m }
[Telemetry][VT:0] GENERATOR_STEP_CREATED { stepIndex: [33m0[39m, startNumber: [33m2[39m, answer: [33m5[39m }
[STEP TRACE] [
  {
    i: [33m0[39m,
    startNumber: [33m2[39m,
    value: [33m3[39m,
    operation: [32m'+'[39m,
    correctAnswer: [33m5[39m,
    distractors: [ [33m7[39m, [33m5[39m, [33m6[39m ],
    distractorCount: [33m3[39m,
    source: [32m'engine'[39m,
    fallbackUsed: [90mundefined[39m
  }
]
[GEN CONFIG TRACE] {
  mode: [32m'standard'[39m,
  operation: [90mundefined[39m,
  difficulty: [33m5[39m,
  totalSteps: [33m1[39m,
  answerChoices: [33m3[39m,
  table: [90mundefined[39m,
  skipSize: [90mundefined[39m,
  fullConfig: {
    learningMode: [32m'standard'[39m,
    totalSteps: [33m1[39m,
    targetNumber: [33m16[39m,
    targetFlex: [33m0[39m,
    rangeMin: [33m1[39m,
    rangeMax: [33m16[39m,
    answerChoices: [33m3[39m,
    difficultyLevel: [33m5[39m,
    phaseSequence: [ [36m[Object][39m ],
    opsEnabled: { [32m'+'[39m: [33mtrue[39m, [32m'-'[39m: [33mfalse[39m, [32m'ร—'[39m: [33mfalse[39m, [32m'รท'[39m: [33mfalse[39m },
    activeMode: [32m'normal'[39m,
    isMuted: [33mfalse[39m,
    timerOn: [33mfalse[39m,
    quickMindInterval: [33m10[39m,
    darkModeInterval: [33m10[39m,
    modifiersPerStep: [33m1[39m,
    enableVariables: [33mfalse[39m,
    stopwatchSkin: [32m'default'[39m,
    progressionMode: [32m'adaptive'[39m,
    presentationMode: [32m'normal'[39m,
    scriptId: [32m'circuit-climb'[39m
  }
}
[Telemetry][VT:0] GENERATOR_START { startNumber: [33m3[39m, mode: [32m'standard'[39m }
[Telemetry][VT:0] GENERATOR_STEP_CREATED { stepIndex: [33m0[39m, startNumber: [33m3[39m, answer: [33m7[39m }
[STEP TRACE] [
  {
    i: [33m0[39m,
    startNumber: [33m3[39m,
    value: [33m4[39m,
    operation: [32m'+'[39m,
    correctAnswer: [33m7[39m,
    distractors: [ [33m5[39m, [33m8[39m, [33m7[39m ],
    distractorCount: [33m3[39m,
    source: [32m'engine'[39m,
    fallbackUsed: [90mundefined[39m
  }
]
[GEN CONFIG TRACE] {
  mode: [32m'standard'[39m,
  operation: [90mundefined[39m,
  difficulty: [33m5[39m,
  totalSteps: [33m1[39m,
  answerChoices: [33m3[39m,
  table: [90mundefined[39m,
  skipSize: [90mundefined[39m,
  fullConfig: {
    learningMode: [32m'standard'[39m,
    totalSteps: [33m1[39m,
    targetNumber: [33m16[39m,
    targetFlex: [33m0[39m,
    rangeMin: [33m1[39m,
    rangeMax: [33m16[39m,
    answerChoices: [33m3[39m,
    difficultyLevel: [33m5[39m,
    phaseSequence: [ [36m[Object][39m ],
    opsEnabled: { [32m'+'[39m: [33mtrue[39m, [32m'-'[39m: [33mfalse[39m, [32m'ร—'[39m: [33mfalse[39m, [32m'รท'[39m: [33mfalse[39m },
    activeMode: [32m'normal'[39m,
    isMuted: [33mfalse[39m,
    timerOn: [33mfalse[39m,
    quickMindInterval: [33m10[39m,
    darkModeInterval: [33m10[39m,
    modifiersPerStep: [33m1[39m,
    enableVariables: [33mfalse[39m,
    stopwatchSkin: [32m'default'[39m,
    progressionMode: [32m'adaptive'[39m,
    presentationMode: [32m'normal'[39m,
    scriptId: [32m'circuit-climb'[39m
  }
}
[Telemetry][VT:0] GENERATOR_START { startNumber: [33m4[39m, mode: [32m'standard'[39m }
[Telemetry][VT:0] GENERATOR_STEP_CREATED { stepIndex: [33m0[39m, startNumber: [33m4[39m, answer: [33m9[39m }
[STEP TRACE] [
  {
    i: [33m0[39m,
    startNumber: [33m4[39m,
    value: [33m5[39m,
    operation: [32m'+'[39m,
    correctAnswer: [33m9[39m,
    distractors: [ [33m6[39m, [33m11[39m, [33m9[39m ],
    distractorCount: [33m3[39m,
    source: [32m'engine'[39m,
    fallbackUsed: [90mundefined[39m
  }
]
[GEN CONFIG TRACE] {
  mode: [32m'standard'[39m,
  operation: [90mundefined[39m,
  difficulty: [33m5[39m,
  totalSteps: [33m1[39m,
  answerChoices: [33m3[39m,
  table: [90mundefined[39m,
  skipSize: [90mundefined[39m,
  fullConfig: {
    learningMode: [32m'standard'[39m,
    totalSteps: [33m1[39m,
    targetNumber: [33m16[39m,
    targetFlex: [33m0[39m,
    rangeMin: [33m1[39m,
    rangeMax: [33m16[39m,
    answerChoices: [33m3[39m,
    difficultyLevel: [33m5[39m,
    phaseSequence: [ [36m[Object][39m ],
    opsEnabled: { [32m'+'[39m: [33mtrue[39m, [32m'-'[39m: [33mfalse[39m, [32m'ร—'[39m: [33mfalse[39m, [32m'รท'[39m: [33mfalse[39m },
    activeMode: [32m'normal'[39m,
    isMuted: [33mfalse[39m,
    timerOn: [33mfalse[39m,
    quickMindInterval: [33m10[39m,
    darkModeInterval: [33m10[39m,
    modifiersPerStep: [33m1[39m,
    enableVariables: [33mfalse[39m,
    stopwatchSkin: [32m'default'[39m,
    progressionMode: [32m'adaptive'[39m,
    presentationMode: [32m'normal'[39m,
    scriptId: [32m'circuit-climb'[39m
  }
}
[Telemetry][VT:0] GENERATOR_START { startNumber: [33m5[39m, mode: [32m'standard'[39m }
[Telemetry][VT:0] GENERATOR_STEP_CREATED { stepIndex: [33m0[39m, startNumber: [33m5[39m, answer: [33m9[39m }
[STEP TRACE] [
  {
    i: [33m0[39m,
    startNumber: [33m5[39m,
    value: [33m4[39m,
    operation: [32m'+'[39m,
    correctAnswer: [33m9[39m,
    distractors: [ [33m9[39m, [33m10[39m, [33m7[39m ],
    distractorCount: [33m3[39m,
    source: [32m'engine'[39m,
    fallbackUsed: [90mundefined[39m
  }
]
[GEN CONFIG TRACE] {
  mode: [32m'standard'[39m,
  operation: [90mundefined[39m,
  difficulty: [33m5[39m,
  totalSteps: [33m1[39m,
  answerChoices: [33m3[39m,
  table: [90mundefined[39m,
  skipSize: [90mundefined[39m,
  fullConfig: {
    learningMode: [32m'standard'[39m,
    totalSteps: [33m1[39m,
    targetNumber: [33m16[39m,
    targetFlex: [33m0[39m,
    rangeMin: [33m1[39m,
    rangeMax: [33m16[39m,
    answerChoices: [33m3[39m,
    difficultyLevel: [33m5[39m,
    phaseSequence: [ [36m[Object][39m ],
    opsEnabled: { [32m'+'[39m: [33mtrue[39m, [32m'-'[39m: [33mfalse[39m, [32m'ร—'[39m: [33mfalse[39m, [32m'รท'[39m: [33mfalse[39m },
    activeMode: [32m'normal'[39m,
    isMuted: [33mfalse[39m,
    timerOn: [33mfalse[39m,
    quickMindInterval: [33m10[39m,
    darkModeInterval: [33m10[39m,
    modifiersPerStep: [33m1[39m,
    enableVariables: [33mfalse[39m,
    stopwatchSkin: [32m'default'[39m,
    progressionMode: [32m'adaptive'[39m,
    presentationMode: [32m'normal'[39m,
    scriptId: [32m'circuit-climb'[39m
  }
}
[Telemetry][VT:0] GENERATOR_START { startNumber: [33m6[39m, mode: [32m'standard'[39m }
[Telemetry][VT:0] GENERATOR_STEP_CREATED { stepIndex: [33m0[39m, startNumber: [33m6[39m, answer: [33m9[39m }
[STEP TRACE] [
  {
    i: [33m0[39m,
    startNumber: [33m6[39m,
    value: [33m3[39m,
    operation: [32m'+'[39m,
    correctAnswer: [33m9[39m,
    distractors: [ [33m9[39m, [33m7[39m, [33m10[39m ],
    distractorCount: [33m3[39m,
    source: [32m'engine'[39m,
    fallbackUsed: [90mundefined[39m
  }
]
[GEN CONFIG TRACE] {
  mode: [32m'standard'[39m,
  operation: [90mundefined[39m,
  difficulty: [33m5[39m,
  totalSteps: [33m1[39m,
  answerChoices: [33m3[39m,
  table: [90mundefined[39m,
  skipSize: [90mundefined[39m,
  fullConfig: {
    learningMode: [32m'standard'[39m,
    totalSteps: [33m1[39m,
    targetNumber: [33m16[39m,
    targetFlex: [33m0[39m,
    rangeMin: [33m1[39m,
    rangeMax: [33m16[39m,
    answerChoices: [33m3[39m,
    difficultyLevel: [33m5[39m,
    phaseSequence: [ [36m[Object][39m ],
    opsEnabled: { [32m'+'[39m: [33mtrue[39m, [32m'-'[39m: [33mfalse[39m, [32m'ร—'[39m: [33mfalse[39m, [32m'รท'[39m: [33mfalse[39m },
    activeMode: [32m'normal'[39m,
    isMuted: [33mfalse[39m,
    timerOn: [33mfalse[39m,
    quickMindInterval: [33m10[39m,
    darkModeInterval: [33m10[39m,
    modifiersPerStep: [33m1[39m,
    enableVariables: [33mfalse[39m,
    stopwatchSkin: [32m'default'[39m,
    progressionMode: [32m'adaptive'[39m,
    presentationMode: [32m'normal'[39m,
    scriptId: [32m'circuit-climb'[39m
  }
}
[Telemetry][VT:0] GENERATOR_START { startNumber: [33m7[39m, mode: [32m'standard'[39m }
[Telemetry][VT:0] GENERATOR_STEP_CREATED { stepIndex: [33m0[39m, startNumber: [33m7[39m, answer: [33m10[39m }
[STEP TRACE] [
  {
    i: [33m0[39m,
    startNumber: [33m7[39m,
    value: [33m3[39m,
    operation: [32m'+'[39m,
    correctAnswer: [33m10[39m,
    distractors: [ [33m10[39m, [33m12[39m, [33m8[39m ],
    distractorCount: [33m3[39m,
    source: [32m'engine'[39m,
    fallbackUsed: [90mundefined[39m
  }
]
[GEN CONFIG TRACE] {
  mode: [32m'standard'[39m,
  operation: [90mundefined[39m,
  difficulty: [33m5[39m,
  totalSteps: [33m1[39m,
  answerChoices: [33m3[39m,
  table: [90mundefined[39m,
  skipSize: [90mundefined[39m,
  fullConfig: {
    learningMode: [32m'standard'[39m,
    totalSteps: [33m1[39m,
    targetNumber: [33m16[39m,
    targetFlex: [33m0[39m,
    rangeMin: [33m1[39m,
    rangeMax: [33m16[39m,
    answerChoices: [33m3[39m,
    difficultyLevel: [33m5[39m,
    phaseSequence: [ [36m[Object][39m ],
    opsEnabled: { [32m'+'[39m: [33mtrue[39m, [32m'-'[39m: [33mfalse[39m, [32m'ร—'[39m: [33mfalse[39m, [32m'รท'[39m: [33mfalse[39m },
    activeMode: [32m'normal'[39m,
    isMuted: [33mfalse[39m,
    timerOn: [33mfalse[39m,
    quickMindInterval: [33m10[39m,
    darkModeInterval: [33m10[39m,
    modifiersPerStep: [33m1[39m,
    enableVariables: [33mfalse[39m,
    stopwatchSkin: [32m'default'[39m,
    progressionMode: [32m'adaptive'[39m,
    presentationMode: [32m'normal'[39m,
    scriptId: [32m'circuit-climb'[39m
  }
}
[Telemetry][VT:0] GENERATOR_START { startNumber: [33m8[39m, mode: [32m'standard'[39m }
[Telemetry][VT:0] GENERATOR_STEP_CREATED { stepIndex: [33m0[39m, startNumber: [33m8[39m, answer: [33m12[39m }
[STEP TRACE] [
  {
    i: [33m0[39m,
    startNumber: [33m8[39m,
    value: [33m4[39m,
    operation: [32m'+'[39m,
    correctAnswer: [33m12[39m,
    distractors: [ [33m11[39m, [33m13[39m, [33m12[39m ],
    distractorCount: [33m3[39m,
    source: [32m'engine'[39m,
    fallbackUsed: [90mundefined[39m
  }
]
[GEN CONFIG TRACE] {
  mode: [32m'standard'[39m,
  operation: [90mundefined[39m,
  difficulty: [33m5[39m,
  totalSteps: [33m1[39m,
  answerChoices: [33m3[39m,
  table: [90mundefined[39m,
  skipSize: [90mundefined[39m,
  fullConfig: {
    learningMode: [32m'standard'[39m,
    totalSteps: [33m1[39m,
    targetNumber: [33m16[39m,
    targetFlex: [33m0[39m,
    rangeMin: [33m1[39m,
    rangeMax: [33m16[39m,
    answerChoices: [33m3[39m,
    difficultyLevel: [33m5[39m,
    phaseSequence: [ [36m[Object][39m ],
    opsEnabled: { [32m'+'[39m: [33mtrue[39m, [32m'-'[39m: [33mfalse[39m, [32m'ร—'[39m: [33mfalse[39m, [32m'รท'[39m: [33mfalse[39m },
    activeMode: [32m'normal'[39m,
    isMuted: [33mfalse[39m,
    timerOn: [33mfalse[39m,
    quickMindInterval: [33m10[39m,
    darkModeInterval: [33m10[39m,
    modifiersPerStep: [33m1[39m,
    enableVariables: [33mfalse[39m,
    stopwatchSkin: [32m'default'[39m,
    progressionMode: [32m'adaptive'[39m,
    presentationMode: [32m'normal'[39m,
    scriptId: [32m'circuit-climb'[39m
  }
}
[Telemetry][VT:0] GENERATOR_START { startNumber: [33m9[39m, mode: [32m'standard'[39m }
[Telemetry][VT:0] GENERATOR_STEP_CREATED { stepIndex: [33m0[39m, startNumber: [33m9[39m, answer: [33m13[39m }
[STEP TRACE] [
  {
    i: [33m0[39m,
    startNumber: [33m9[39m,
    value: [33m4[39m,
    operation: [32m'+'[39m,
    correctAnswer: [33m13[39m,
    distractors: [ [33m13[39m, [33m14[39m, [33m12[39m ],
    distractorCount: [33m3[39m,
    source: [32m'engine'[39m,
    fallbackUsed: [90mundefined[39m
  }
]
[GEN CONFIG TRACE] {
  mode: [32m'standard'[39m,
  operation: [90mundefined[39m,
  difficulty: [33m5[39m,
  totalSteps: [33m1[39m,
  answerChoices: [33m3[39m,
  table: [90mundefined[39m,
  skipSize: [90mundefined[39m,
  fullConfig: {
    learningMode: [32m'standard'[39m,
    totalSteps: [33m1[39m,
    targetNumber: [33m16[39m,
    targetFlex: [33m0[39m,
    rangeMin: [33m1[39m,
    rangeMax: [33m16[39m,
    answerChoices: [33m3[39m,
    difficultyLevel: [33m5[39m,
    phaseSequence: [ [36m[Object][39m ],
    opsEnabled: { [32m'+'[39m: [33mtrue[39m, [32m'-'[39m: [33mfalse[39m, [32m'ร—'[39m: [33mfalse[39m, [32m'รท'[39m: [33mfalse[39m },
    activeMode: [32m'normal'[39m,
    isMuted: [33mfalse[39m,
    timerOn: [33mfalse[39m,
    quickMindInterval: [33m10[39m,
    darkModeInterval: [33m10[39m,
    modifiersPerStep: [33m1[39m,
    enableVariables: [33mfalse[39m,
    stopwatchSkin: [32m'default'[39m,
    progressionMode: [32m'adaptive'[39m,
    presentationMode: [32m'normal'[39m,
    scriptId: [32m'circuit-climb'[39m
  }
}
[Telemetry][VT:0] GENERATOR_START { startNumber: [33m10[39m, mode: [32m'standard'[39m }
[Telemetry][VT:0] GENERATOR_STEP_CREATED { stepIndex: [33m0[39m, startNumber: [33m10[39m, answer: [33m13[39m }
[STEP TRACE] [
  {
    i: [33m0[39m,
    startNumber: [33m10[39m,
    value: [33m3[39m,
    operation: [32m'+'[39m,
    correctAnswer: [33m13[39m,
    distractors: [ [33m15[39m, [33m13[39m, [33m14[39m ],
    distractorCount: [33m3[39m,
    source: [32m'engine'[39m,
    fallbackUsed: [90mundefined[39m
  }
]
[GEN CONFIG TRACE] {
  mode: [32m'standard'[39m,
  operation: [90mundefined[39m,
  difficulty: [33m5[39m,
  totalSteps: [33m1[39m,
  answerChoices: [33m3[39m,
  table: [90mundefined[39m,
  skipSize: [90mundefined[39m,
  fullConfig: {
    learningMode: [32m'standard'[39m,
    totalSteps: [33m1[39m,
    targetNumber: [33m16[39m,
    targetFlex: [33m0[39m,
    rangeMin: [33m1[39m,
    rangeMax: [33m16[39m,
    answerChoices: [33m3[39m,
    difficultyLevel: [33m5[39m,
    phaseSequence: [ [36m[Object][39m ],
    opsEnabled: { [32m'+'[39m: [33mtrue[39m, [32m'-'[39m: [33mfalse[39m, [32m'ร—'[39m: [33mfalse[39m, [32m'รท'[39m: [33mfalse[39m },
    activeMode: [32m'normal'[39m,
    isMuted: [33mfalse[39m,
    timerOn: [33mfalse[39m,
    quickMindInterval: [33m10[39m,
    darkModeInterval: [33m10[39m,
    modifiersPerStep: [33m1[39m,
    enableVariables: [33mfalse[39m,
    stopwatchSkin: [32m'default'[39m,
    progressionMode: [32m'adaptive'[39m,
    presentationMode: [32m'normal'[39m,
    scriptId: [32m'circuit-climb'[39m
  }
}
[Telemetry][VT:0] GENERATOR_START { startNumber: [33m11[39m, mode: [32m'standard'[39m }
[Telemetry][VT:0] GENERATOR_STEP_CREATED { stepIndex: [33m0[39m, startNumber: [33m11[39m, answer: [33m15[39m }
[STEP TRACE] [
  {
    i: [33m0[39m,
    startNumber: [33m11[39m,
    value: [33m4[39m,
    operation: [32m'+'[39m,
    correctAnswer: [33m15[39m,
    distractors: [ [33m17[39m, [33m15[39m, [33m13[39m ],
    distractorCount: [33m3[39m,
    source: [32m'engine'[39m,
    fallbackUsed: [90mundefined[39m
  }
]
[GEN CONFIG TRACE] {
  mode: [32m'standard'[39m,
  operation: [90mundefined[39m,
  difficulty: [33m5[39m,
  totalSteps: [33m1[39m,
  answerChoices: [33m3[39m,
  table: [90mundefined[39m,
  skipSize: [90mundefined[39m,
  fullConfig: {
    learningMode: [32m'standard'[39m,
    totalSteps: [33m1[39m,
    targetNumber: [33m16[39m,
    targetFlex: [33m0[39m,
    rangeMin: [33m1[39m,
    rangeMax: [33m16[39m,
    answerChoices: [33m3[39m,
    difficultyLevel: [33m5[39m,
    phaseSequence: [ [36m[Object][39m ],
    opsEnabled: { [32m'+'[39m: [33mtrue[39m, [32m'-'[39m: [33mfalse[39m, [32m'ร—'[39m: [33mfalse[39m, [32m'รท'[39m: [33mfalse[39m },
    activeMode: [32m'normal'[39m,
    isMuted: [33mfalse[39m,
    timerOn: [33mfalse[39m,
    quickMindInterval: [33m10[39m,
    darkModeInterval: [33m10[39m,
    modifiersPerStep: [33m1[39m,
    enableVariables: [33mfalse[39m,
    stopwatchSkin: [32m'default'[39m,
    progressionMode: [32m'adaptive'[39m,
    presentationMode: [32m'normal'[39m,
    scriptId: [32m'circuit-climb'[39m
  }
}
[Telemetry][VT:0] GENERATOR_START { startNumber: [33m12[39m, mode: [32m'standard'[39m }
[Telemetry][VT:0] GENERATOR_STEP_CREATED { stepIndex: [33m0[39m, startNumber: [33m12[39m, answer: [33m14[39m }
[STEP TRACE] [
  {
    i: [33m0[39m,
    startNumber: [33m12[39m,
    value: [33m2[39m,
    operation: [32m'+'[39m,
    correctAnswer: [33m14[39m,
    distractors: [ [33m16[39m, [33m17[39m, [33m14[39m ],
    distractorCount: [33m3[39m,
    source: [32m'engine'[39m,
    fallbackUsed: [90mundefined[39m
  }
]
[GEN CONFIG TRACE] {
  mode: [32m'standard'[39m,
  operation: [90mundefined[39m,
  difficulty: [33m5[39m,
  totalSteps: [33m1[39m,
  answerChoices: [33m3[39m,
  table: [90mundefined[39m,
  skipSize: [90mundefined[39m,
  fullConfig: {
    learningMode: [32m'standard'[39m,
    totalSteps: [33m1[39m,
    targetNumber: [33m16[39m,
    targetFlex: [33m0[39m,
    rangeMin: [33m1[39m,
    rangeMax: [33m16[39m,
    answerChoices: [33m3[39m,
    difficultyLevel: [33m5[39m,
    phaseSequence: [ [36m[Object][39m ],
    opsEnabled: { [32m'+'[39m: [33mtrue[39m, [32m'-'[39m: [33mfalse[39m, [32m'ร—'[39m: [33mfalse[39m, [32m'รท'[39m: [33mfalse[39m },
    activeMode: [32m'normal'[39m,
    isMuted: [33mfalse[39m,
    timerOn: [33mfalse[39m,
    quickMindInterval: [33m10[39m,
    darkModeInterval: [33m10[39m,
    modifiersPerStep: [33m1[39m,
    enableVariables: [33mfalse[39m,
    stopwatchSkin: [32m'default'[39m,
    progressionMode: [32m'adaptive'[39m,
    presentationMode: [32m'normal'[39m,
    scriptId: [32m'circuit-climb'[39m
  }
}
[Telemetry][VT:0] GENERATOR_START { startNumber: [33m13[39m, mode: [32m'standard'[39m }
[Telemetry][VT:0] GENERATOR_STEP_CREATED { stepIndex: [33m0[39m, startNumber: [33m13[39m, answer: [33m14[39m }
[STEP TRACE] [
  {
    i: [33m0[39m,
    startNumber: [33m13[39m,
    value: [33m1[39m,
    operation: [32m'+'[39m,
    correctAnswer: [33m14[39m,
    distractors: [ [33m13[39m, [33m14[39m, [33m11[39m ],
    distractorCount: [33m3[39m,
    source: [32m'engine'[39m,
    fallbackUsed: [90mundefined[39m
  }
]
[GEN CONFIG TRACE] {
  mode: [32m'standard'[39m,
  operation: [90mundefined[39m,
  difficulty: [33m5[39m,
  totalSteps: [33m1[39m,
  answerChoices: [33m3[39m,
  table: [90mundefined[39m,
  skipSize: [90mundefined[39m,
  fullConfig: {
    learningMode: [32m'standard'[39m,
    totalSteps: [33m1[39m,
    targetNumber: [33m16[39m,
    targetFlex: [33m0[39m,
    rangeMin: [33m1[39m,
    rangeMax: [33m16[39m,
    answerChoices: [33m3[39m,
    difficultyLevel: [33m5[39m,
    phaseSequence: [ [36m[Object][39m ],
    opsEnabled: { [32m'+'[39m: [33mtrue[39m, [32m'-'[39m: [33mfalse[39m, [32m'ร—'[39m: [33mfalse[39m, [32m'รท'[39m: [33mfalse[39m },
    activeMode: [32m'normal'[39m,
    isMuted: [33mfalse[39m,
    timerOn: [33mfalse[39m,
    quickMindInterval: [33m10[39m,
    darkModeInterval: [33m10[39m,
    modifiersPerStep: [33m1[39m,
    enableVariables: [33mfalse[39m,
    stopwatchSkin: [32m'default'[39m,
    progressionMode: [32m'adaptive'[39m,
    presentationMode: [32m'normal'[39m,
    scriptId: [32m'circuit-climb'[39m
  }
}
[Telemetry][VT:0] GENERATOR_START { startNumber: [33m14[39m, mode: [32m'standard'[39m }
[Telemetry][VT:0] GENERATOR_STEP_CREATED { stepIndex: [33m0[39m, startNumber: [33m14[39m, answer: [33m15[39m }
[STEP TRACE] [
  {
    i: [33m0[39m,
    startNumber: [33m14[39m,
    value: [33m1[39m,
    operation: [32m'+'[39m,
    correctAnswer: [33m15[39m,
    distractors: [ [33m18[39m, [33m15[39m, [33m16[39m ],
    distractorCount: [33m3[39m,
    source: [32m'engine'[39m,
    fallbackUsed: [90mundefined[39m
  }
]
[GEN CONFIG TRACE] {
  mode: [32m'standard'[39m,
  operation: [90mundefined[39m,
  difficulty: [33m5[39m,
  totalSteps: [33m1[39m,
  answerChoices: [33m3[39m,
  table: [90mundefined[39m,
  skipSize: [90mundefined[39m,
  fullConfig: {
    learningMode: [32m'standard'[39m,
    totalSteps: [33m1[39m,
    targetNumber: [33m16[39m,
    targetFlex: [33m0[39m,
    rangeMin: [33m1[39m,
    rangeMax: [33m16[39m,
    answerChoices: [33m3[39m,
    difficultyLevel: [33m5[39m,
    phaseSequence: [ [36m[Object][39m ],
    opsEnabled: { [32m'+'[39m: [33mtrue[39m, [32m'-'[39m: [33mfalse[39m, [32m'ร—'[39m: [33mfalse[39m, [32m'รท'[39m: [33mfalse[39m },
    activeMode: [32m'normal'[39m,
    isMuted: [33mfalse[39m,
    timerOn: [33mfalse[39m,
    quickMindInterval: [33m10[39m,
    darkModeInterval: [33m10[39m,
    modifiersPerStep: [33m1[39m,
    enableVariables: [33mfalse[39m,
    stopwatchSkin: [32m'default'[39m,
    progressionMode: [32m'adaptive'[39m,
    presentationMode: [32m'normal'[39m,
    scriptId: [32m'circuit-climb'[39m
  }
}
[Telemetry][VT:0] GENERATOR_START { startNumber: [33m15[39m, mode: [32m'standard'[39m }
[Telemetry][VT:0] GENERATOR_STEP_CREATED { stepIndex: [33m0[39m, startNumber: [33m15[39m, answer: [33m16[39m }
[STEP TRACE] [
  {
    i: [33m0[39m,
    startNumber: [33m15[39m,
    value: [33m1[39m,
    operation: [32m'+'[39m,
    correctAnswer: [33m16[39m,
    distractors: [ [33m16[39m, [33m18[39m, [33m19[39m ],
    distractorCount: [33m3[39m,
    source: [32m'engine'[39m,
    fallbackUsed: [90mundefined[39m
  }
]
[GEN CONFIG TRACE] {
  mode: [32m'standard'[39m,
  operation: [90mundefined[39m,
  difficulty: [33m5[39m,
  totalSteps: [33m1[39m,
  answerChoices: [33m3[39m,
  table: [90mundefined[39m,
  skipSize: [90mundefined[39m,
  fullConfig: {
    learningMode: [32m'standard'[39m,
    totalSteps: [33m1[39m,
    targetNumber: [33m16[39m,
    targetFlex: [33m0[39m,
    rangeMin: [33m1[39m,
    rangeMax: [33m16[39m,
    answerChoices: [33m3[39m,
    difficultyLevel: [33m5[39m,
    phaseSequence: [ [36m[Object][39m ],
    opsEnabled: { [32m'+'[39m: [33mtrue[39m, [32m'-'[39m: [33mfalse[39m, [32m'ร—'[39m: [33mfalse[39m, [32m'รท'[39m: [33mfalse[39m },
    activeMode: [32m'normal'[39m,
    isMuted: [33mfalse[39m,
    timerOn: [33mfalse[39m,
    quickMindInterval: [33m10[39m,
    darkModeInterval: [33m10[39m,
    modifiersPerStep: [33m1[39m,
    enableVariables: [33mfalse[39m,
    stopwatchSkin: [32m'default'[39m,
    progressionMode: [32m'adaptive'[39m,
    presentationMode: [32m'normal'[39m,
    scriptId: [32m'circuit-climb'[39m
  }
}
[Telemetry][VT:0] GENERATOR_START { startNumber: [33m1[39m, mode: [32m'standard'[39m }
[Telemetry][VT:0] GENERATOR_STEP_CREATED { stepIndex: [33m0[39m, startNumber: [33m1[39m, answer: [33m11[39m }
[STEP TRACE] [
  {
    i: [33m0[39m,
    startNumber: [33m1[39m,
    value: [33m10[39m,
    operation: [32m'+'[39m,
    correctAnswer: [33m11[39m,
    distractors: [ [33m9[39m, [33m12[39m, [33m11[39m ],
    distractorCount: [33m3[39m,
    source: [32m'engine'[39m,
    fallbackUsed: [90mundefined[39m
  }
]
[GEN CONFIG TRACE] {
  mode: [32m'standard'[39m,
  operation: [90mundefined[39m,
  difficulty: [33m5[39m,
  totalSteps: [33m1[39m,
  answerChoices: [33m3[39m,
  table: [90mundefined[39m,
  skipSize: [90mundefined[39m,
  fullConfig: {
    learningMode: [32m'standard'[39m,
    totalSteps: [33m1[39m,
    targetNumber: [33m16[39m,
    targetFlex: [33m0[39m,
    rangeMin: [33m1[39m,
    rangeMax: [33m16[39m,
    answerChoices: [33m3[39m,
    difficultyLevel: [33m5[39m,
    phaseSequence: [ [36m[Object][39m ],
    opsEnabled: { [32m'+'[39m: [33mtrue[39m, [32m'-'[39m: [33mfalse[39m, [32m'ร—'[39m: [33mfalse[39m, [32m'รท'[39m: [33mfalse[39m },
    activeMode: [32m'normal'[39m,
    isMuted: [33mfalse[39m,
    timerOn: [33mfalse[39m,
    quickMindInterval: [33m10[39m,
    darkModeInterval: [33m10[39m,
    modifiersPerStep: [33m1[39m,
    enableVariables: [33mfalse[39m,
    stopwatchSkin: [32m'default'[39m,
    progressionMode: [32m'adaptive'[39m,
    presentationMode: [32m'normal'[39m,
    scriptId: [32m'circuit-climb'[39m
  }
}
[Telemetry][VT:0] GENERATOR_START { startNumber: [33m2[39m, mode: [32m'standard'[39m }
[Telemetry][VT:0] GENERATOR_STEP_CREATED { stepIndex: [33m0[39m, startNumber: [33m2[39m, answer: [33m4[39m }
[STEP TRACE] [
  {
    i: [33m0[39m,
    startNumber: [33m2[39m,
    value: [33m2[39m,
    operation: [32m'+'[39m,
    correctAnswer: [33m4[39m,
    distractors: [ [33m5[39m, [33m4[39m, [33m2[39m ],
    distractorCount: [33m3[39m,
    source: [32m'engine'[39m,
    fallbackUsed: [90mundefined[39m
  }
]
[GEN CONFIG TRACE] {
  mode: [32m'standard'[39m,
  operation: [90mundefined[39m,
  difficulty: [33m5[39m,
  totalSteps: [33m1[39m,
  answerChoices: [33m3[39m,
  table: [90mundefined[39m,
  skipSize: [90mundefined[39m,
  fullConfig: {
    learningMode: [32m'standard'[39m,
    totalSteps: [33m1[39m,
    targetNumber: [33m16[39m,
    targetFlex: [33m0[39m,
    rangeMin: [33m1[39m,
    rangeMax: [33m16[39m,
    answerChoices: [33m3[39m,
    difficultyLevel: [33m5[39m,
    phaseSequence: [ [36m[Object][39m ],
    opsEnabled: { [32m'+'[39m: [33mtrue[39m, [32m'-'[39m: [33mfalse[39m, [32m'ร—'[39m: [33mfalse[39m, [32m'รท'[39m: [33mfalse[39m },
    activeMode: [32m'normal'[39m,
    isMuted: [33mfalse[39m,
    timerOn: [33mfalse[39m,
    quickMindInterval: [33m10[39m,
    darkModeInterval: [33m10[39m,
    modifiersPerStep: [33m1[39m,
    enableVariables: [33mfalse[39m,
    stopwatchSkin: [32m'default'[39m,
    progressionMode: [32m'adaptive'[39m,
    presentationMode: [32m'normal'[39m,
    scriptId: [32m'circuit-climb'[39m
  }
}
[Telemetry][VT:0] GENERATOR_START { startNumber: [33m3[39m, mode: [32m'standard'[39m }
[Telemetry][VT:0] GENERATOR_STEP_CREATED { stepIndex: [33m0[39m, startNumber: [33m3[39m, answer: [33m8[39m }
[STEP TRACE] [
  {
    i: [33m0[39m,
    startNumber: [33m3[39m,
    value: [33m5[39m,
    operation: [32m'+'[39m,
    correctAnswer: [33m8[39m,
    distractors: [ [33m5[39m, [33m8[39m, [33m10[39m ],
    distractorCount: [33m3[39m,
    source: [32m'engine'[39m,
    fallbackUsed: [90mundefined[39m
  }
]
[GEN CONFIG TRACE] {
  mode: [32m'standard'[39m,
  operation: [90mundefined[39m,
  difficulty: [33m5[39m,
  totalSteps: [33m1[39m,
  answerChoices: [33m3[39m,
  table: [90mundefined[39m,
  skipSize: [90mundefined[39m,
  fullConfig: {
    learningMode: [32m'standard'[39m,
    totalSteps: [33m1[39m,
    targetNumber: [33m16[39m,
    targetFlex: [33m0[39m,
    rangeMin: [33m1[39m,
    rangeMax: [33m16[39m,
    answerChoices: [33m3[39m,
    difficultyLevel: [33m5[39m,
    phaseSequence: [ [36m[Object][39m ],
    opsEnabled: { [32m'+'[39m: [33mtrue[39m, [32m'-'[39m: [33mfalse[39m, [32m'ร—'[39m: [33mfalse[39m, [32m'รท'[39m: [33mfalse[39m },
    activeMode: [32m'normal'[39m,
    isMuted: [33mfalse[39m,
    timerOn: [33mfalse[39m,
    quickMindInterval: [33m10[39m,
    darkModeInterval: [33m10[39m,
    modifiersPerStep: [33m1[39m,
    enableVariables: [33mfalse[39m,
    stopwatchSkin: [32m'default'[39m,
    progressionMode: [32m'adaptive'[39m,
    presentationMode: [32m'normal'[39m,
    scriptId: [32m'circuit-climb'[39m
  }
}
[Telemetry][VT:0] GENERATOR_START { startNumber: [33m4[39m, mode: [32m'standard'[39m }
[Telemetry][VT:0] GENERATOR_STEP_CREATED { stepIndex: [33m0[39m, startNumber: [33m4[39m, answer: [33m8[39m }
[STEP TRACE] [
  {
    i: [33m0[39m,
    startNumber: [33m4[39m,
    value: [33m4[39m,
    operation: [32m'+'[39m,
    correctAnswer: [33m8[39m,
    distractors: [ [33m8[39m, [33m11[39m, [33m10[39m ],
    distractorCount: [33m3[39m,
    source: [32m'engine'[39m,
    fallbackUsed: [90mundefined[39m
  }
]
[GEN CONFIG TRACE] {
  mode: [32m'standard'[39m,
  operation: [90mundefined[39m,
  difficulty: [33m5[39m,
  totalSteps: [33m1[39m,
  answerChoices: [33m3[39m,
  table: [90mundefined[39m,
  skipSize: [90mundefined[39m,
  fullConfig: {
    learningMode: [32m'standard'[39m,
    totalSteps: [33m1[39m,
    targetNumber: [33m16[39m,
    targetFlex: [33m0[39m,
    rangeMin: [33m1[39m,
    rangeMax: [33m16[39m,
    answerChoices: [33m3[39m,
    difficultyLevel: [33m5[39m,
    phaseSequence: [ [36m[Object][39m ],
    opsEnabled: { [32m'+'[39m: [33mtrue[39m, [32m'-'[39m: [33mfalse[39m, [32m'ร—'[39m: [33mfalse[39m, [32m'รท'[39m: [33mfalse[39m },
    activeMode: [32m'normal'[39m,
    isMuted: [33mfalse[39m,
    timerOn: [33mfalse[39m,
    quickMindInterval: [33m10[39m,
    darkModeInterval: [33m10[39m,
    modifiersPerStep: [33m1[39m,
    enableVariables: [33mfalse[39m,
    stopwatchSkin: [32m'default'[39m,
    progressionMode: [32m'adaptive'[39m,
    presentationMode: [32m'normal'[39m,
    scriptId: [32m'circuit-climb'[39m
  }
}
[Telemetry][VT:0] GENERATOR_START { startNumber: [33m5[39m, mode: [32m'standard'[39m }
[Telemetry][VT:0] GENERATOR_STEP_CREATED { stepIndex: [33m0[39m, startNumber: [33m5[39m, answer: [33m13[39m }
[STEP TRACE] [
  {
    i: [33m0[39m,
    startNumber: [33m5[39m,
    value: [33m8[39m,
    operation: [32m'+'[39m,
    correctAnswer: [33m13[39m,
    distractors: [ [33m13[39m, [33m15[39m, [33m12[39m ],
    distractorCount: [33m3[39m,
    source: [32m'engine'[39m,
    fallbackUsed: [90mundefined[39m
  }
]
[GEN CONFIG TRACE] {
  mode: [32m'standard'[39m,
  operation: [90mundefined[39m,
  difficulty: [33m5[39m,
  totalSteps: [33m1[39m,
  answerChoices: [33m3[39m,
  table: [90mundefined[39m,
  skipSize: [90mundefined[39m,
  fullConfig: {
    learningMode: [32m'standard'[39m,
    totalSteps: [33m1[39m,
    targetNumber: [33m16[39m,
    targetFlex: [33m0[39m,
    rangeMin: [33m1[39m,
    rangeMax: [33m16[39m,
    answerChoices: [33m3[39m,
    difficultyLevel: [33m5[39m,
    phaseSequence: [ [36m[Object][39m ],
    opsEnabled: { [32m'+'[39m: [33mtrue[39m, [32m'-'[39m: [33mfalse[39m, [32m'ร—'[39m: [33mfalse[39m, [32m'รท'[39m: [33mfalse[39m },
    activeMode: [32m'normal'[39m,
    isMuted: [33mfalse[39m,
    timerOn: [33mfalse[39m,
    quickMindInterval: [33m10[39m,
    darkModeInterval: [33m10[39m,
    modifiersPerStep: [33m1[39m,
    enableVariables: [33mfalse[39m,
    stopwatchSkin: [32m'default'[39m,
    progressionMode: [32m'adaptive'[39m,
    presentationMode: [32m'normal'[39m,
    scriptId: [32m'circuit-climb'[39m
  }
}
[Telemetry][VT:0] GENERATOR_START { startNumber: [33m6[39m, mode: [32m'standard'[39m }
[Telemetry][VT:0] GENERATOR_STEP_CREATED { stepIndex: [33m0[39m, startNumber: [33m6[39m, answer: [33m15[39m }
[STEP TRACE] [
  {
    i: [33m0[39m,
    startNumber: [33m6[39m,
    value: [33m9[39m,
    operation: [32m'+'[39m,
    correctAnswer: [33m15[39m,
    distractors: [ [33m14[39m, [33m15[39m, [33m18[39m ],
    distractorCount: [33m3[39m,
    source: [32m'engine'[39m,
    fallbackUsed: [90mundefined[39m
  }
]
[GEN CONFIG TRACE] {
  mode: [32m'standard'[39m,
  operation: [90mundefined[39m,
  difficulty: [33m5[39m,
  totalSteps: [33m1[39m,
  answerChoices: [33m3[39m,
  table: [90mundefined[39m,
  skipSize: [90mundefined[39m,
  fullConfig: {
    learningMode: [32m'standard'[39m,
    totalSteps: [33m1[39m,
    targetNumber: [33m16[39m,
    targetFlex: [33m0[39m,
    rangeMin: [33m1[39m,
    rangeMax: [33m16[39m,
    answerChoices: [33m3[39m,
    difficultyLevel: [33m5[39m,
    phaseSequence: [ [36m[Object][39m ],
    opsEnabled: { [32m'+'[39m: [33mtrue[39m, [32m'-'[39m: [33mfalse[39m, [32m'ร—'[39m: [33mfalse[39m, [32m'รท'[39m: [33mfalse[39m },
    activeMode: [32m'normal'[39m,
    isMuted: [33mfalse[39m,
    timerOn: [33mfalse[39m,
    quickMindInterval: [33m10[39m,
    darkModeInterval: [33m10[39m,
    modifiersPerStep: [33m1[39m,
    enableVariables: [33mfalse[39m,
    stopwatchSkin: [32m'default'[39m,
    progressionMode: [32m'adaptive'[39m,
    presentationMode: [32m'normal'[39m,
    scriptId: [32m'circuit-climb'[39m
  }
}
[Telemetry][VT:0] GENERATOR_START { startNumber: [33m7[39m, mode: [32m'standard'[39m }
[Telemetry][VT:0] GENERATOR_STEP_CREATED { stepIndex: [33m0[39m, startNumber: [33m7[39m, answer: [33m15[39m }
[STEP TRACE] [
  {
    i: [33m0[39m,
    startNumber: [33m7[39m,
    value: [33m8[39m,
    operation: [32m'+'[39m,
    correctAnswer: [33m15[39m,
    distractors: [ [33m15[39m, [33m13[39m, [33m16[39m ],
    distractorCount: [33m3[39m,
    source: [32m'engine'[39m,
    fallbackUsed: [90mundefined[39m
  }
]
[GEN CONFIG TRACE] {
  mode: [32m'standard'[39m,
  operation: [90mundefined[39m,
  difficulty: [33m5[39m,
  totalSteps: [33m1[39m,
  answerChoices: [33m3[39m,
  table: [90mundefined[39m,
  skipSize: [90mundefined[39m,
  fullConfig: {
    learningMode: [32m'standard'[39m,
    totalSteps: [33m1[39m,
    targetNumber: [33m16[39m,
    targetFlex: [33m0[39m,
    rangeMin: [33m1[39m,
    rangeMax: [33m16[39m,
    answerChoices: [33m3[39m,
    difficultyLevel: [33m5[39m,
    phaseSequence: [ [36m[Object][39m ],
    opsEnabled: { [32m'+'[39m: [33mtrue[39m, [32m'-'[39m: [33mfalse[39m, [32m'ร—'[39m: [33mfalse[39m, [32m'รท'[39m: [33mfalse[39m },
    activeMode: [32m'normal'[39m,
    isMuted: [33mfalse[39m,
    timerOn: [33mfalse[39m,
    quickMindInterval: [33m10[39m,
    darkModeInterval: [33m10[39m,
    modifiersPerStep: [33m1[39m,
    enableVariables: [33mfalse[39m,
    stopwatchSkin: [32m'default'[39m,
    progressionMode: [32m'adaptive'[39m,
    presentationMode: [32m'normal'[39m,
    scriptId: [32m'circuit-climb'[39m
  }
}
[Telemetry][VT:0] GENERATOR_START { startNumber: [33m8[39m, mode: [32m'standard'[39m }
[Telemetry][VT:0] GENERATOR_STEP_CREATED { stepIndex: [33m0[39m, startNumber: [33m8[39m, answer: [33m9[39m }
[STEP TRACE] [
  {
    i: [33m0[39m,
    startNumber: [33m8[39m,
    value: [33m1[39m,
    operation: [32m'+'[39m,
    correctAnswer: [33m9[39m,
    distractors: [ [33m6[39m, [33m11[39m, [33m9[39m ],
    distractorCount: [33m3[39m,
    source: [32m'engine'[39m,
    fallbackUsed: [90mundefined[39m
  }
]
[GEN CONFIG TRACE] {
  mode: [32m'standard'[39m,
  operation: [90mundefined[39m,
  difficulty: [33m5[39m,
  totalSteps: [33m1[39m,
  answerChoices: [33m3[39m,
  table: [90mundefined[39m,
  skipSize: [90mundefined[39m,
  fullConfig: {
    learningMode: [32m'standard'[39m,
    totalSteps: [33m1[39m,
    targetNumber: [33m16[39m,
    targetFlex: [33m0[39m,
    rangeMin: [33m1[39m,
    rangeMax: [33m16[39m,
    answerChoices: [33m3[39m,
    difficultyLevel: [33m5[39m,
    phaseSequence: [ [36m[Object][39m ],
    opsEnabled: { [32m'+'[39m: [33mtrue[39m, [32m'-'[39m: [33mfalse[39m, [32m'ร—'[39m: [33mfalse[39m, [32m'รท'[39m: [33mfalse[39m },
    activeMode: [32m'normal'[39m,
    isMuted: [33mfalse[39m,
    timerOn: [33mfalse[39m,
    quickMindInterval: [33m10[39m,
    darkModeInterval: [33m10[39m,
    modifiersPerStep: [33m1[39m,
    enableVariables: [33mfalse[39m,
    stopwatchSkin: [32m'default'[39m,
    progressionMode: [32m'adaptive'[39m,
    presentationMode: [32m'normal'[39m,
    scriptId: [32m'circuit-climb'[39m
  }
}
[Telemetry][VT:0] GENERATOR_START { startNumber: [33m9[39m, mode: [32m'standard'[39m }
[Telemetry][VT:0] GENERATOR_STEP_CREATED { stepIndex: [33m0[39m, startNumber: [33m9[39m, answer: [33m13[39m }
[STEP TRACE] [
  {
    i: [33m0[39m,
    startNumber: [33m9[39m,
    value: [33m4[39m,
    operation: [32m'+'[39m,
    correctAnswer: [33m13[39m,
    distractors: [ [33m13[39m, [33m12[39m, [33m16[39m ],
    distractorCount: [33m3[39m,
    source: [32m'engine'[39m,
    fallbackUsed: [90mundefined[39m
  }
]
[GEN CONFIG TRACE] {
  mode: [32m'standard'[39m,
  operation: [90mundefined[39m,
  difficulty: [33m5[39m,
  totalSteps: [33m1[39m,
  answerChoices: [33m3[39m,
  table: [90mundefined[39m,
  skipSize: [90mundefined[39m,
  fullConfig: {
    learningMode: [32m'standard'[39m,
    totalSteps: [33m1[39m,
    targetNumber: [33m16[39m,
    targetFlex: [33m0[39m,
    rangeMin: [33m1[39m,
    rangeMax: [33m16[39m,
    answerChoices: [33m3[39m,
    difficultyLevel: [33m5[39m,
    phaseSequence: [ [36m[Object][39m ],
    opsEnabled: { [32m'+'[39m: [33mtrue[39m, [32m'-'[39m: [33mfalse[39m, [32m'ร—'[39m: [33mfalse[39m, [32m'รท'[39m: [33mfalse[39m },
    activeMode: [32m'normal'[39m,
    isMuted: [33mfalse[39m,
    timerOn: [33mfalse[39m,
    quickMindInterval: [33m10[39m,
    darkModeInterval: [33m10[39m,
    modifiersPerStep: [33m1[39m,
    enableVariables: [33mfalse[39m,
    stopwatchSkin: [32m'default'[39m,
    progressionMode: [32m'adaptive'[39m,
    presentationMode: [32m'normal'[39m,
    scriptId: [32m'circuit-climb'[39m
  }
}
[Telemetry][VT:0] GENERATOR_START { startNumber: [33m10[39m, mode: [32m'standard'[39m }
[Telemetry][VT:0] GENERATOR_STEP_CREATED { stepIndex: [33m0[39m, startNumber: [33m10[39m, answer: [33m13[39m }
[STEP TRACE] [
  {
    i: [33m0[39m,
    startNumber: [33m10[39m,
    value: [33m3[39m,
    operation: [32m'+'[39m,
    correctAnswer: [33m13[39m,
    distractors: [ [33m15[39m, [33m12[39m, [33m13[39m ],
    distractorCount: [33m3[39m,
    source: [32m'engine'[39m,
    fallbackUsed: [90mundefined[39m
  }
]
[GEN CONFIG TRACE] {
  mode: [32m'standard'[39m,
  operation: [90mundefined[39m,
  difficulty: [33m5[39m,
  totalSteps: [33m1[39m,
  answerChoices: [33m3[39m,
  table: [90mundefined[39m,
  skipSize: [90mundefined[39m,
  fullConfig: {
    learningMode: [32m'standard'[39m,
    totalSteps: [33m1[39m,
    targetNumber: [33m16[39m,
    targetFlex: [33m0[39m,
    rangeMin: [33m1[39m,
    rangeMax: [33m16[39m,
    answerChoices: [33m3[39m,
    difficultyLevel: [33m5[39m,
    phaseSequence: [ [36m[Object][39m ],
    opsEnabled: { [32m'+'[39m: [33mtrue[39m, [32m'-'[39m: [33mfalse[39m, [32m'ร—'[39m: [33mfalse[39m, [32m'รท'[39m: [33mfalse[39m },
    activeMode: [32m'normal'[39m,
    isMuted: [33mfalse[39m,
    timerOn: [33mfalse[39m,
    quickMindInterval: [33m10[39m,
    darkModeInterval: [33m10[39m,
    modifiersPerStep: [33m1[39m,
    enableVariables: [33mfalse[39m,
    stopwatchSkin: [32m'default'[39m,
    progressionMode: [32m'adaptive'[39m,
    presentationMode: [32m'normal'[39m,
    scriptId: [32m'circuit-climb'[39m
  }
}
[Telemetry][VT:0] GENERATOR_START { startNumber: [33m11[39m, mode: [32m'standard'[39m }
[Telemetry][VT:0] GENERATOR_STEP_CREATED { stepIndex: [33m0[39m, startNumber: [33m11[39m, answer: [33m16[39m }
[STEP TRACE] [
  {
    i: [33m0[39m,
    startNumber: [33m11[39m,
    value: [33m5[39m,
    operation: [32m'+'[39m,
    correctAnswer: [33m16[39m,
    distractors: [ [33m18[39m, [33m16[39m, [33m13[39m ],
    distractorCount: [33m3[39m,
    source: [32m'engine'[39m,
    fallbackUsed: [90mundefined[39m
  }
]
[GEN CONFIG TRACE] {
  mode: [32m'standard'[39m,
  operation: [90mundefined[39m,
  difficulty: [33m5[39m,
  totalSteps: [33m1[39m,
  answerChoices: [33m3[39m,
  table: [90mundefined[39m,
  skipSize: [90mundefined[39m,
  fullConfig: {
    learningMode: [32m'standard'[39m,
    totalSteps: [33m1[39m,
    targetNumber: [33m16[39m,
    targetFlex: [33m0[39m,
    rangeMin: [33m1[39m,
    rangeMax: [33m16[39m,
    answerChoices: [33m3[39m,
    difficultyLevel: [33m5[39m,
    phaseSequence: [ [36m[Object][39m ],
    opsEnabled: { [32m'+'[39m: [33mtrue[39m, [32m'-'[39m: [33mfalse[39m, [32m'ร—'[39m: [33mfalse[39m, [32m'รท'[39m: [33mfalse[39m },
    activeMode: [32m'normal'[39m,
    isMuted: [33mfalse[39m,
    timerOn: [33mfalse[39m,
    quickMindInterval: [33m10[39m,
    darkModeInterval: [33m10[39m,
    modifiersPerStep: [33m1[39m,
    enableVariables: [33mfalse[39m,
    stopwatchSkin: [32m'default'[39m,
    progressionMode: [32m'adaptive'[39m,
    presentationMode: [32m'normal'[39m,
    scriptId: [32m'circuit-climb'[39m
  }
}
[Telemetry][VT:0] GENERATOR_START { startNumber: [33m12[39m, mode: [32m'standard'[39m }
[Telemetry][VT:0] GENERATOR_STEP_CREATED { stepIndex: [33m0[39m, startNumber: [33m12[39m, answer: [33m15[39m }
[STEP TRACE] [
  {
    i: [33m0[39m,
    startNumber: [33m12[39m,
    value: [33m3[39m,
    operation: [32m'+'[39m,
    correctAnswer: [33m15[39m,
    distractors: [ [33m15[39m, [33m12[39m, [33m14[39m ],
    distractorCount: [33m3[39m,
    source: [32m'engine'[39m,
    fallbackUsed: [90mundefined[39m
  }
]
[GEN CONFIG TRACE] {
  mode: [32m'standard'[39m,
  operation: [90mundefined[39m,
  difficulty: [33m5[39m,
  totalSteps: [33m1[39m,
  answerChoices: [33m3[39m,
  table: [90mundefined[39m,
  skipSize: [90mundefined[39m,
  fullConfig: {
    learningMode: [32m'standard'[39m,
    totalSteps: [33m1[39m,
    targetNumber: [33m16[39m,
    targetFlex: [33m0[39m,
    rangeMin: [33m1[39m,
    rangeMax: [33m16[39m,
    answerChoices: [33m3[39m,
    difficultyLevel: [33m5[39m,
    phaseSequence: [ [36m[Object][39m ],
    opsEnabled: { [32m'+'[39m: [33mtrue[39m, [32m'-'[39m: [33mfalse[39m, [32m'ร—'[39m: [33mfalse[39m, [32m'รท'[39m: [33mfalse[39m },
    activeMode: [32m'normal'[39m,
    isMuted: [33mfalse[39m,
    timerOn: [33mfalse[39m,
    quickMindInterval: [33m10[39m,
    darkModeInterval: [33m10[39m,
    modifiersPerStep: [33m1[39m,
    enableVariables: [33mfalse[39m,
    stopwatchSkin: [32m'default'[39m,
    progressionMode: [32m'adaptive'[39m,
    presentationMode: [32m'normal'[39m,
    scriptId: [32m'circuit-climb'[39m
  }
}
[Telemetry][VT:0] GENERATOR_START { startNumber: [33m13[39m, mode: [32m'standard'[39m }
[Telemetry][VT:0] GENERATOR_STEP_CREATED { stepIndex: [33m0[39m, startNumber: [33m13[39m, answer: [33m16[39m }
[STEP TRACE] [
  {
    i: [33m0[39m,
    startNumber: [33m13[39m,
    value: [33m3[39m,
    operation: [32m'+'[39m,
    correctAnswer: [33m16[39m,
    distractors: [ [33m15[39m, [33m16[39m, [33m13[39m ],
    distractorCount: [33m3[39m,
    source: [32m'engine'[39m,
    fallbackUsed: [90mundefined[39m
  }
]
[GEN CONFIG TRACE] {
  mode: [32m'standard'[39m,
  operation: [90mundefined[39m,
  difficulty: [33m5[39m,
  totalSteps: [33m1[39m,
  answerChoices: [33m3[39m,
  table: [90mundefined[39m,
  skipSize: [90mundefined[39m,
  fullConfig: {
    learningMode: [32m'standard'[39m,
    totalSteps: [33m1[39m,
    targetNumber: [33m16[39m,
    targetFlex: [33m0[39m,
    rangeMin: [33m1[39m,
    rangeMax: [33m16[39m,
    answerChoices: [33m3[39m,
    difficultyLevel: [33m5[39m,
    phaseSequence: [ [36m[Object][39m ],
    opsEnabled: { [32m'+'[39m: [33mtrue[39m, [32m'-'[39m: [33mfalse[39m, [32m'ร—'[39m: [33mfalse[39m, [32m'รท'[39m: [33mfalse[39m },
    activeMode: [32m'normal'[39m,
    isMuted: [33mfalse[39m,
    timerOn: [33mfalse[39m,
    quickMindInterval: [33m10[39m,
    darkModeInterval: [33m10[39m,
    modifiersPerStep: [33m1[39m,
    enableVariables: [33mfalse[39m,
    stopwatchSkin: [32m'default'[39m,
    progressionMode: [32m'adaptive'[39m,
    presentationMode: [32m'normal'[39m,
    scriptId: [32m'circuit-climb'[39m
  }
}
[Telemetry][VT:0] GENERATOR_START { startNumber: [33m14[39m, mode: [32m'standard'[39m }
[Telemetry][VT:0] GENERATOR_STEP_CREATED { stepIndex: [33m0[39m, startNumber: [33m14[39m, answer: [33m16[39m }
[STEP TRACE] [
  {
    i: [33m0[39m,
    startNumber: [33m14[39m,
    value: [33m2[39m,
    operation: [32m'+'[39m,
    correctAnswer: [33m16[39m,
    distractors: [ [33m17[39m, [33m13[39m, [33m16[39m ],
    distractorCount: [33m3[39m,
    source: [32m'engine'[39m,
    fallbackUsed: [90mundefined[39m
  }
]
[GEN CONFIG TRACE] {
  mode: [32m'standard'[39m,
  operation: [90mundefined[39m,
  difficulty: [33m5[39m,
  totalSteps: [33m1[39m,
  answerChoices: [33m3[39m,
  table: [90mundefined[39m,
  skipSize: [90mundefined[39m,
  fullConfig: {
    learningMode: [32m'standard'[39m,
    totalSteps: [33m1[39m,
    targetNumber: [33m16[39m,
    targetFlex: [33m0[39m,
    rangeMin: [33m1[39m,
    rangeMax: [33m16[39m,
    answerChoices: [33m3[39m,
    difficultyLevel: [33m5[39m,
    phaseSequence: [ [36m[Object][39m ],
    opsEnabled: { [32m'+'[39m: [33mtrue[39m, [32m'-'[39m: [33mfalse[39m, [32m'ร—'[39m: [33mfalse[39m, [32m'รท'[39m: [33mfalse[39m },
    activeMode: [32m'normal'[39m,
    isMuted: [33mfalse[39m,
    timerOn: [33mfalse[39m,
    quickMindInterval: [33m10[39m,
    darkModeInterval: [33m10[39m,
    modifiersPerStep: [33m1[39m,
    enableVariables: [33mfalse[39m,
    stopwatchSkin: [32m'default'[39m,
    progressionMode: [32m'adaptive'[39m,
    presentationMode: [32m'normal'[39m,
    scriptId: [32m'circuit-climb'[39m
  }
}
[Telemetry][VT:0] GENERATOR_START { startNumber: [33m15[39m, mode: [32m'standard'[39m }
[Telemetry][VT:0] GENERATOR_STEP_CREATED { stepIndex: [33m0[39m, startNumber: [33m15[39m, answer: [33m16[39m }
[STEP TRACE] [
  {
    i: [33m0[39m,
    startNumber: [33m15[39m,
    value: [33m1[39m,
    operation: [32m'+'[39m,
    correctAnswer: [33m16[39m,
    distractors: [ [33m16[39m, [33m15[39m, [33m18[39m ],
    distractorCount: [33m3[39m,
    source: [32m'engine'[39m,
    fallbackUsed: [90mundefined[39m
  }
]
[GEN CONFIG TRACE] {
  mode: [32m'standard'[39m,
  operation: [90mundefined[39m,
  difficulty: [33m5[39m,
  totalSteps: [33m1[39m,
  answerChoices: [33m3[39m,
  table: [90mundefined[39m,
  skipSize: [90mundefined[39m,
  fullConfig: {
    learningMode: [32m'standard'[39m,
    totalSteps: [33m1[39m,
    targetNumber: [33m16[39m,
    targetFlex: [33m0[39m,
    rangeMin: [33m1[39m,
    rangeMax: [33m16[39m,
    answerChoices: [33m3[39m,
    difficultyLevel: [33m5[39m,
    phaseSequence: [ [36m[Object][39m ],
    opsEnabled: { [32m'+'[39m: [33mtrue[39m, [32m'-'[39m: [33mfalse[39m, [32m'ร—'[39m: [33mfalse[39m, [32m'รท'[39m: [33mfalse[39m },
    activeMode: [32m'normal'[39m,
    isMuted: [33mfalse[39m,
    timerOn: [33mfalse[39m,
    quickMindInterval: [33m10[39m,
    darkModeInterval: [33m10[39m,
    modifiersPerStep: [33m1[39m,
    enableVariables: [33mfalse[39m,
    stopwatchSkin: [32m'default'[39m,
    progressionMode: [32m'adaptive'[39m,
    presentationMode: [32m'normal'[39m,
    scriptId: [32m'circuit-climb'[39m
  }
}
[Telemetry][VT:0] GENERATOR_START { startNumber: [33m1[39m, mode: [32m'standard'[39m }
[Telemetry][VT:0] GENERATOR_STEP_CREATED { stepIndex: [33m0[39m, startNumber: [33m1[39m, answer: [33m15[39m }
[STEP TRACE] [
  {
    i: [33m0[39m,
    startNumber: [33m1[39m,
    value: [33m14[39m,
    operation: [32m'+'[39m,
    correctAnswer: [33m15[39m,
    distractors: [ [33m15[39m, [33m18[39m, [33m13[39m ],
    distractorCount: [33m3[39m,
    source: [32m'engine'[39m,
    fallbackUsed: [90mundefined[39m
  }
]
[GEN CONFIG TRACE] {
  mode: [32m'standard'[39m,
  operation: [90mundefined[39m,
  difficulty: [33m5[39m,
  totalSteps: [33m1[39m,
  answerChoices: [33m3[39m,
  table: [90mundefined[39m,
  skipSize: [90mundefined[39m,
  fullConfig: {
    learningMode: [32m'standard'[39m,
    totalSteps: [33m1[39m,
    targetNumber: [33m16[39m,
    targetFlex: [33m0[39m,
    rangeMin: [33m1[39m,
    rangeMax: [33m16[39m,
    answerChoices: [33m3[39m,
    difficultyLevel: [33m5[39m,
    phaseSequence: [ [36m[Object][39m ],
    opsEnabled: { [32m'+'[39m: [33mtrue[39m, [32m'-'[39m: [33mfalse[39m, [32m'ร—'[39m: [33mfalse[39m, [32m'รท'[39m: [33mfalse[39m },
    activeMode: [32m'normal'[39m,
    isMuted: [33mfalse[39m,
    timerOn: [33mfalse[39m,
    quickMindInterval: [33m10[39m,
    darkModeInterval: [33m10[39m,
    modifiersPerStep: [33m1[39m,
    enableVariables: [33mfalse[39m,
    stopwatchSkin: [32m'default'[39m,
    progressionMode: [32m'adaptive'[39m,
    presentationMode: [32m'normal'[39m,
    scriptId: [32m'circuit-climb'[39m
  }
}
[Telemetry][VT:0] GENERATOR_START { startNumber: [33m2[39m, mode: [32m'standard'[39m }
[Telemetry][VT:0] GENERATOR_STEP_CREATED { stepIndex: [33m0[39m, startNumber: [33m2[39m, answer: [33m4[39m }
[STEP TRACE] [
  {
    i: [33m0[39m,
    startNumber: [33m2[39m,
    value: [33m2[39m,
    operation: [32m'+'[39m,
    correctAnswer: [33m4[39m,
    distractors: [ [33m4[39m, [33m6[39m, [33m5[39m ],
    distractorCount: [33m3[39m,
    source: [32m'engine'[39m,
    fallbackUsed: [90mundefined[39m
  }
]
[GEN CONFIG TRACE] {
  mode: [32m'standard'[39m,
  operation: [90mundefined[39m,
  difficulty: [33m5[39m,
  totalSteps: [33m1[39m,
  answerChoices: [33m3[39m,
  table: [90mundefined[39m,
  skipSize: [90mundefined[39m,
  fullConfig: {
    learningMode: [32m'standard'[39m,
    totalSteps: [33m1[39m,
    targetNumber: [33m16[39m,
    targetFlex: [33m0[39m,
    rangeMin: [33m1[39m,
    rangeMax: [33m16[39m,
    answerChoices: [33m3[39m,
    difficultyLevel: [33m5[39m,
    phaseSequence: [ [36m[Object][39m ],
    opsEnabled: { [32m'+'[39m: [33mtrue[39m, [32m'-'[39m: [33mfalse[39m, [32m'ร—'[39m: [33mfalse[39m, [32m'รท'[39m: [33mfalse[39m },
    activeMode: [32m'normal'[39m,
    isMuted: [33mfalse[39m,
    timerOn: [33mfalse[39m,
    quickMindInterval: [33m10[39m,
    darkModeInterval: [33m10[39m,
    modifiersPerStep: [33m1[39m,
    enableVariables: [33mfalse[39m,
    stopwatchSkin: [32m'default'[39m,
    progressionMode: [32m'adaptive'[39m,
    presentationMode: [32m'normal'[39m,
    scriptId: [32m'circuit-climb'[39m
  }
}
[Telemetry][VT:0] GENERATOR_START { startNumber: [33m3[39m, mode: [32m'standard'[39m }
[Telemetry][VT:0] GENERATOR_STEP_CREATED { stepIndex: [33m0[39m, startNumber: [33m3[39m, answer: [33m11[39m }
[STEP TRACE] [
  {
    i: [33m0[39m,
    startNumber: [33m3[39m,
    value: [33m8[39m,
    operation: [32m'+'[39m,
    correctAnswer: [33m11[39m,
    distractors: [ [33m10[39m, [33m14[39m, [33m11[39m ],
    distractorCount: [33m3[39m,
    source: [32m'engine'[39m,
    fallbackUsed: [90mundefined[39m
  }
]
[GEN CONFIG TRACE] {
  mode: [32m'standard'[39m,
  operation: [90mundefined[39m,
  difficulty: [33m5[39m,
  totalSteps: [33m1[39m,
  answerChoices: [33m3[39m,
  table: [90mundefined[39m,
  skipSize: [90mundefined[39m,
  fullConfig: {
    learningMode: [32m'standard'[39m,
    totalSteps: [33m1[39m,
    targetNumber: [33m16[39m,
    targetFlex: [33m0[39m,
    rangeMin: [33m1[39m,
    rangeMax: [33m16[39m,
    answerChoices: [33m3[39m,
    difficultyLevel: [33m5[39m,
    phaseSequence: [ [36m[Object][39m ],
    opsEnabled: { [32m'+'[39m: [33mtrue[39m, [32m'-'[39m: [33mfalse[39m, [32m'ร—'[39m: [33mfalse[39m, [32m'รท'[39m: [33mfalse[39m },
    activeMode: [32m'normal'[39m,
    isMuted: [33mfalse[39m,
    timerOn: [33mfalse[39m,
    quickMindInterval: [33m10[39m,
    darkModeInterval: [33m10[39m,
    modifiersPerStep: [33m1[39m,
    enableVariables: [33mfalse[39m,
    stopwatchSkin: [32m'default'[39m,
    progressionMode: [32m'adaptive'[39m,
    presentationMode: [32m'normal'[39m,
    scriptId: [32m'circuit-climb'[39m
  }
}
[Telemetry][VT:0] GENERATOR_START { startNumber: [33m4[39m, mode: [32m'standard'[39m }
[Telemetry][VT:0] GENERATOR_STEP_CREATED { stepIndex: [33m0[39m, startNumber: [33m4[39m, answer: [33m5[39m }
[STEP TRACE] [
  {
    i: [33m0[39m,
    startNumber: [33m4[39m,
    value: [33m1[39m,
    operation: [32m'+'[39m,
    correctAnswer: [33m5[39m,
    distractors: [ [33m5[39m, [33m7[39m, [33m3[39m ],
    distractorCount: [33m3[39m,
    source: [32m'engine'[39m,
    fallbackUsed: [90mundefined[39m
  }
]
[GEN CONFIG TRACE] {
  mode: [32m'standard'[39m,
  operation: [90mundefined[39m,
  difficulty: [33m5[39m,
  totalSteps: [33m1[39m,
  answerChoices: [33m3[39m,
  table: [90mundefined[39m,
  skipSize: [90mundefined[39m,
  fullConfig: {
    learningMode: [32m'standard'[39m,
    totalSteps: [33m1[39m,
    targetNumber: [33m16[39m,
    targetFlex: [33m0[39m,
    rangeMin: [33m1[39m,
    rangeMax: [33m16[39m,
    answerChoices: [33m3[39m,
    difficultyLevel: [33m5[39m,
    phaseSequence: [ [36m[Object][39m ],
    opsEnabled: { [32m'+'[39m: [33mtrue[39m, [32m'-'[39m: [33mfalse[39m, [32m'ร—'[39m: [33mfalse[39m, [32m'รท'[39m: [33mfalse[39m },
    activeMode: [32m'normal'[39m,
    isMuted: [33mfalse[39m,
    timerOn: [33mfalse[39m,
    quickMindInterval: [33m10[39m,
    darkModeInterval: [33m10[39m,
    modifiersPerStep: [33m1[39m,
    enableVariables: [33mfalse[39m,
    stopwatchSkin: [32m'default'[39m,
    progressionMode: [32m'adaptive'[39m,
    presentationMode: [32m'normal'[39m,
    scriptId: [32m'circuit-climb'[39m
  }
}
[Telemetry][VT:0] GENERATOR_START { startNumber: [33m5[39m, mode: [32m'standard'[39m }
[Telemetry][VT:0] GENERATOR_STEP_CREATED { stepIndex: [33m0[39m, startNumber: [33m5[39m, answer: [33m9[39m }
[STEP TRACE] [
  {
    i: [33m0[39m,
    startNumber: [33m5[39m,
    value: [33m4[39m,
    operation: [32m'+'[39m,
    correctAnswer: [33m9[39m,
    distractors: [ [33m10[39m, [33m9[39m, [33m11[39m ],
    distractorCount: [33m3[39m,
    source: [32m'engine'[39m,
    fallbackUsed: [90mundefined[39m
  }
]
[GEN CONFIG TRACE] {
  mode: [32m'standard'[39m,
  operation: [90mundefined[39m,
  difficulty: [33m5[39m,
  totalSteps: [33m1[39m,
  answerChoices: [33m3[39m,
  table: [90mundefined[39m,
  skipSize: [90mundefined[39m,
  fullConfig: {
    learningMode: [32m'standard'[39m,
    totalSteps: [33m1[39m,
    targetNumber: [33m18[39m,
    targetFlex: [33m0[39m,
    rangeMin: [33m1[39m,
    rangeMax: [33m18[39m,
    answerChoices: [33m3[39m,
    difficultyLevel: [33m5[39m,
    phaseSequence: [ [36m[Object][39m ],
    opsEnabled: { [32m'+'[39m: [33mtrue[39m, [32m'-'[39m: [33mfalse[39m, [32m'ร—'[39m: [33mfalse[39m, [32m'รท'[39m: [33mfalse[39m },
    activeMode: [32m'normal'[39m,
    isMuted: [33mfalse[39m,
    timerOn: [33mfalse[39m,
    quickMindInterval: [33m10[39m,
    darkModeInterval: [33m10[39m,
    modifiersPerStep: [33m1[39m,
    enableVariables: [33mfalse[39m,
    stopwatchSkin: [32m'default'[39m,
    progressionMode: [32m'adaptive'[39m,
    presentationMode: [32m'normal'[39m,
    scriptId: [32m'circuit-climb'[39m
  }
}
[Telemetry][VT:0] GENERATOR_START { startNumber: [33m14[39m, mode: [32m'standard'[39m }
[Telemetry][VT:0] GENERATOR_STEP_CREATED { stepIndex: [33m0[39m, startNumber: [33m14[39m, answer: [33m15[39m }
[STEP TRACE] [
  {
    i: [33m0[39m,
    startNumber: [33m14[39m,
    value: [33m1[39m,
    operation: [32m'+'[39m,
    correctAnswer: [33m15[39m,
    distractors: [ [33m15[39m, [33m12[39m, [33m14[39m ],
    distractorCount: [33m3[39m,
    source: [32m'engine'[39m,
    fallbackUsed: [90mundefined[39m
  }
]
[GEN CONFIG TRACE] {
  mode: [32m'standard'[39m,
  operation: [90mundefined[39m,
  difficulty: [33m5[39m,
  totalSteps: [33m1[39m,
  answerChoices: [33m3[39m,
  table: [90mundefined[39m,
  skipSize: [90mundefined[39m,
  fullConfig: {
    learningMode: [32m'standard'[39m,
    totalSteps: [33m1[39m,
    targetNumber: [33m18[39m,
    targetFlex: [33m0[39m,
    rangeMin: [33m1[39m,
    rangeMax: [33m18[39m,
    answerChoices: [33m3[39m,
    difficultyLevel: [33m5[39m,
    phaseSequence: [ [36m[Object][39m ],
    opsEnabled: { [32m'+'[39m: [33mtrue[39m, [32m'-'[39m: [33mfalse[39m, [32m'ร—'[39m: [33mfalse[39m, [32m'รท'[39m: [33mfalse[39m },
    activeMode: [32m'normal'[39m,
    isMuted: [33mfalse[39m,
    timerOn: [33mfalse[39m,
    quickMindInterval: [33m10[39m,
    darkModeInterval: [33m10[39m,
    modifiersPerStep: [33m1[39m,
    enableVariables: [33mfalse[39m,
    stopwatchSkin: [32m'default'[39m,
    progressionMode: [32m'adaptive'[39m,
    presentationMode: [32m'normal'[39m,
    scriptId: [32m'circuit-climb'[39m
  }
}
[Telemetry][VT:0] GENERATOR_START { startNumber: [33m15[39m, mode: [32m'standard'[39m }
[Telemetry][VT:0] GENERATOR_STEP_CREATED { stepIndex: [33m0[39m, startNumber: [33m15[39m, answer: [33m17[39m }
[STEP TRACE] [
  {
    i: [33m0[39m,
    startNumber: [33m15[39m,
    value: [33m2[39m,
    operation: [32m'+'[39m,
    correctAnswer: [33m17[39m,
    distractors: [ [33m17[39m, [33m14[39m, [33m16[39m ],
    distractorCount: [33m3[39m,
    source: [32m'engine'[39m,
    fallbackUsed: [90mundefined[39m
  }
]
[GEN CONFIG TRACE] {
  mode: [32m'standard'[39m,
  operation: [90mundefined[39m,
  difficulty: [33m5[39m,
  totalSteps: [33m1[39m,
  answerChoices: [33m3[39m,
  table: [90mundefined[39m,
  skipSize: [90mundefined[39m,
  fullConfig: {
    learningMode: [32m'standard'[39m,
    totalSteps: [33m1[39m,
    targetNumber: [33m18[39m,
    targetFlex: [33m0[39m,
    rangeMin: [33m1[39m,
    rangeMax: [33m18[39m,
    answerChoices: [33m3[39m,
    difficultyLevel: [33m5[39m,
    phaseSequence: [ [36m[Object][39m ],
    opsEnabled: { [32m'+'[39m: [33mtrue[39m, [32m'-'[39m: [33mfalse[39m, [32m'ร—'[39m: [33mfalse[39m, [32m'รท'[39m: [33mfalse[39m },
    activeMode: [32m'normal'[39m,
    isMuted: [33mfalse[39m,
    timerOn: [33mfalse[39m,
    quickMindInterval: [33m10[39m,
    darkModeInterval: [33m10[39m,
    modifiersPerStep: [33m1[39m,
    enableVariables: [33mfalse[39m,
    stopwatchSkin: [32m'default'[39m,
    progressionMode: [32m'adaptive'[39m,
    presentationMode: [32m'normal'[39m,
    scriptId: [32m'circuit-climb'[39m
  }
}
[Telemetry][VT:0] GENERATOR_START { startNumber: [33m16[39m, mode: [32m'standard'[39m }
[Telemetry][VT:0] GENERATOR_STEP_CREATED { stepIndex: [33m0[39m, startNumber: [33m16[39m, answer: [33m17[39m }
[STEP TRACE] [
  {
    i: [33m0[39m,
    startNumber: [33m16[39m,
    value: [33m1[39m,
    operation: [32m'+'[39m,
    correctAnswer: [33m17[39m,
    distractors: [ [33m17[39m, [33m20[39m, [33m16[39m ],
    distractorCount: [33m3[39m,
    source: [32m'engine'[39m,
    fallbackUsed: [90mundefined[39m
  }
]
[GEN CONFIG TRACE] {
  mode: [32m'standard'[39m,
  operation: [90mundefined[39m,
  difficulty: [33m5[39m,
  totalSteps: [33m1[39m,
  answerChoices: [33m3[39m,
  table: [90mundefined[39m,
  skipSize: [90mundefined[39m,
  fullConfig: {
    learningMode: [32m'standard'[39m,
    totalSteps: [33m1[39m,
    targetNumber: [33m18[39m,
    targetFlex: [33m0[39m,
    rangeMin: [33m1[39m,
    rangeMax: [33m18[39m,
    answerChoices: [33m3[39m,
    difficultyLevel: [33m5[39m,
    phaseSequence: [ [36m[Object][39m ],
    opsEnabled: { [32m'+'[39m: [33mtrue[39m, [32m'-'[39m: [33mfalse[39m, [32m'ร—'[39m: [33mfalse[39m, [32m'รท'[39m: [33mfalse[39m },
    activeMode: [32m'normal'[39m,
    isMuted: [33mfalse[39m,
    timerOn: [33mfalse[39m,
    quickMindInterval: [33m10[39m,
    darkModeInterval: [33m10[39m,
    modifiersPerStep: [33m1[39m,
    enableVariables: [33mfalse[39m,
    stopwatchSkin: [32m'default'[39m,
    progressionMode: [32m'adaptive'[39m,
    presentationMode: [32m'normal'[39m,
    scriptId: [32m'circuit-climb'[39m
  }
}
[Telemetry][VT:0] GENERATOR_START { startNumber: [33m17[39m, mode: [32m'standard'[39m }
[Telemetry][VT:0] GENERATOR_STEP_CREATED { stepIndex: [33m0[39m, startNumber: [33m17[39m, answer: [33m18[39m }
[STEP TRACE] [
  {
    i: [33m0[39m,
    startNumber: [33m17[39m,
    value: [33m1[39m,
    operation: [32m'+'[39m,
    correctAnswer: [33m18[39m,
    distractors: [ [33m20[39m, [33m15[39m, [33m18[39m ],
    distractorCount: [33m3[39m,
    source: [32m'engine'[39m,
    fallbackUsed: [90mundefined[39m
  }
]
[GEN CONFIG TRACE] {
  mode: [32m'standard'[39m,
  operation: [90mundefined[39m,
  difficulty: [33m5[39m,
  totalSteps: [33m1[39m,
  answerChoices: [33m3[39m,
  table: [90mundefined[39m,
  skipSize: [90mundefined[39m,
  fullConfig: {
    learningMode: [32m'standard'[39m,
    totalSteps: [33m1[39m,
    targetNumber: [33m18[39m,
    targetFlex: [33m0[39m,
    rangeMin: [33m1[39m,
    rangeMax: [33m18[39m,
    answerChoices: [33m3[39m,
    difficultyLevel: [33m5[39m,
    phaseSequence: [ [36m[Object][39m ],
    opsEnabled: { [32m'+'[39m: [33mtrue[39m, [32m'-'[39m: [33mfalse[39m, [32m'ร—'[39m: [33mfalse[39m, [32m'รท'[39m: [33mfalse[39m },
    activeMode: [32m'normal'[39m,
    isMuted: [33mfalse[39m,
    timerOn: [33mfalse[39m,
    quickMindInterval: [33m10[39m,
    darkModeInterval: [33m10[39m,
    modifiersPerStep: [33m1[39m,
    enableVariables: [33mfalse[39m,
    stopwatchSkin: [32m'default'[39m,
    progressionMode: [32m'adaptive'[39m,
    presentationMode: [32m'normal'[39m,
    scriptId: [32m'circuit-climb'[39m
  }
}
[Telemetry][VT:0] GENERATOR_START { startNumber: [33m1[39m, mode: [32m'standard'[39m }
[Telemetry][VT:0] GENERATOR_STEP_CREATED { stepIndex: [33m0[39m, startNumber: [33m1[39m, answer: [33m4[39m }
[STEP TRACE] [
  {
    i: [33m0[39m,
    startNumber: [33m1[39m,
    value: [33m3[39m,
    operation: [32m'+'[39m,
    correctAnswer: [33m4[39m,
    distractors: [ [33m5[39m, [33m4[39m, [33m2[39m ],
    distractorCount: [33m3[39m,
    source: [32m'engine'[39m,
    fallbackUsed: [90mundefined[39m
  }
]
[GEN CONFIG TRACE] {
  mode: [32m'standard'[39m,
  operation: [90mundefined[39m,
  difficulty: [33m5[39m,
  totalSteps: [33m1[39m,
  answerChoices: [33m3[39m,
  table: [90mundefined[39m,
  skipSize: [90mundefined[39m,
  fullConfig: {
    learningMode: [32m'standard'[39m,
    totalSteps: [33m1[39m,
    targetNumber: [33m18[39m,
    targetFlex: [33m0[39m,
    rangeMin: [33m1[39m,
    rangeMax: [33m18[39m,
    answerChoices: [33m3[39m,
    difficultyLevel: [33m5[39m,
    phaseSequence: [ [36m[Object][39m ],
    opsEnabled: { [32m'+'[39m: [33mtrue[39m, [32m'-'[39m: [33mfalse[39m, [32m'ร—'[39m: [33mfalse[39m, [32m'รท'[39m: [33mfalse[39m },
    activeMode: [32m'normal'[39m,
    isMuted: [33mfalse[39m,
    timerOn: [33mfalse[39m,
    quickMindInterval: [33m10[39m,
    darkModeInterval: [33m10[39m,
    modifiersPerStep: [33m1[39m,
    enableVariables: [33mfalse[39m,
    stopwatchSkin: [32m'default'[39m,
    progressionMode: [32m'adaptive'[39m,
    presentationMode: [32m'normal'[39m,
    scriptId: [32m'circuit-climb'[39m
  }
}
[Telemetry][VT:0] GENERATOR_START { startNumber: [33m2[39m, mode: [32m'standard'[39m }
[Telemetry][VT:0] GENERATOR_STEP_CREATED { stepIndex: [33m0[39m, startNumber: [33m2[39m, answer: [33m5[39m }
[STEP TRACE] [
  {
    i: [33m0[39m,
    startNumber: [33m2[39m,
    value: [33m3[39m,
    operation: [32m'+'[39m,
    correctAnswer: [33m5[39m,
    distractors: [ [33m4[39m, [33m5[39m, [33m2[39m ],
    distractorCount: [33m3[39m,
    source: [32m'engine'[39m,
    fallbackUsed: [90mundefined[39m
  }
]
[GEN CONFIG TRACE] {
  mode: [32m'standard'[39m,
  operation: [90mundefined[39m,
  difficulty: [33m5[39m,
  totalSteps: [33m1[39m,
  answerChoices: [33m3[39m,
  table: [90mundefined[39m,
  skipSize: [90mundefined[39m,
  fullConfig: {
    learningMode: [32m'standard'[39m,
    totalSteps: [33m1[39m,
    targetNumber: [33m18[39m,
    targetFlex: [33m0[39m,
    rangeMin: [33m1[39m,
    rangeMax: [33m18[39m,
    answerChoices: [33m3[39m,
    difficultyLevel: [33m5[39m,
    phaseSequence: [ [36m[Object][39m ],
    opsEnabled: { [32m'+'[39m: [33mtrue[39m, [32m'-'[39m: [33mfalse[39m, [32m'ร—'[39m: [33mfalse[39m, [32m'รท'[39m: [33mfalse[39m },
    activeMode: [32m'normal'[39m,
    isMuted: [33mfalse[39m,
    timerOn: [33mfalse[39m,
    quickMindInterval: [33m10[39m,
    darkModeInterval: [33m10[39m,
    modifiersPerStep: [33m1[39m,
    enableVariables: [33mfalse[39m,
    stopwatchSkin: [32m'default'[39m,
    progressionMode: [32m'adaptive'[39m,
    presentationMode: [32m'normal'[39m,
    scriptId: [32m'circuit-climb'[39m
  }
}
[Telemetry][VT:0] GENERATOR_START { startNumber: [33m3[39m, mode: [32m'standard'[39m }
[Telemetry][VT:0] GENERATOR_STEP_CREATED { stepIndex: [33m0[39m, startNumber: [33m3[39m, answer: [33m16[39m }
[STEP TRACE] [
  {
    i: [33m0[39m,
    startNumber: [33m3[39m,
    value: [33m13[39m,
    operation: [32m'+'[39m,
    correctAnswer: [33m16[39m,
    distractors: [ [33m14[39m, [33m16[39m, [33m19[39m ],
    distractorCount: [33m3[39m,
    source: [32m'engine'[39m,
    fallbackUsed: [90mundefined[39m
  }
]
[GEN CONFIG TRACE] {
  mode: [32m'standard'[39m,
  operation: [90mundefined[39m,
  difficulty: [33m5[39m,
  totalSteps: [33m1[39m,
  answerChoices: [33m3[39m,
  table: [90mundefined[39m,
  skipSize: [90mundefined[39m,
  fullConfig: {
    learningMode: [32m'standard'[39m,
    totalSteps: [33m1[39m,
    targetNumber: [33m18[39m,
    targetFlex: [33m0[39m,
    rangeMin: [33m1[39m,
    rangeMax: [33m18[39m,
    answerChoices: [33m3[39m,
    difficultyLevel: [33m5[39m,
    phaseSequence: [ [36m[Object][39m ],
    opsEnabled: { [32m'+'[39m: [33mtrue[39m, [32m'-'[39m: [33mfalse[39m, [32m'ร—'[39m: [33mfalse[39m, [32m'รท'[39m: [33mfalse[39m },
    activeMode: [32m'normal'[39m,
    isMuted: [33mfalse[39m,
    timerOn: [33mfalse[39m,
    quickMindInterval: [33m10[39m,
    darkModeInterval: [33m10[39m,
    modifiersPerStep: [33m1[39m,
    enableVariables: [33mfalse[39m,
    stopwatchSkin: [32m'default'[39m,
    progressionMode: [32m'adaptive'[39m,
    presentationMode: [32m'normal'[39m,
    scriptId: [32m'circuit-climb'[39m
  }
}
[Telemetry][VT:0] GENERATOR_START { startNumber: [33m4[39m, mode: [32m'standard'[39m }
[Telemetry][VT:0] GENERATOR_STEP_CREATED { stepIndex: [33m0[39m, startNumber: [33m4[39m, answer: [33m6[39m }
[STEP TRACE] [
  {
    i: [33m0[39m,
    startNumber: [33m4[39m,
    value: [33m2[39m,
    operation: [32m'+'[39m,
    correctAnswer: [33m6[39m,
    distractors: [ [33m7[39m, [33m4[39m, [33m6[39m ],
    distractorCount: [33m3[39m,
    source: [32m'engine'[39m,
    fallbackUsed: [90mundefined[39m
  }
]
[GEN CONFIG TRACE] {
  mode: [32m'standard'[39m,
  operation: [90mundefined[39m,
  difficulty: [33m5[39m,
  totalSteps: [33m1[39m,
  answerChoices: [33m3[39m,
  table: [90mundefined[39m,
  skipSize: [90mundefined[39m,
  fullConfig: {
    learningMode: [32m'standard'[39m,
    totalSteps: [33m1[39m,
    targetNumber: [33m18[39m,
    targetFlex: [33m0[39m,
    rangeMin: [33m1[39m,
    rangeMax: [33m18[39m,
    answerChoices: [33m3[39m,
    difficultyLevel: [33m5[39m,
    phaseSequence: [ [36m[Object][39m ],
    opsEnabled: { [32m'+'[39m: [33mtrue[39m, [32m'-'[39m: [33mfalse[39m, [32m'ร—'[39m: [33mfalse[39m, [32m'รท'[39m: [33mfalse[39m },
    activeMode: [32m'normal'[39m,
    isMuted: [33mfalse[39m,
    timerOn: [33mfalse[39m,
    quickMindInterval: [33m10[39m,
    darkModeInterval: [33m10[39m,
    modifiersPerStep: [33m1[39m,
    enableVariables: [33mfalse[39m,
    stopwatchSkin: [32m'default'[39m,
    progressionMode: [32m'adaptive'[39m,
    presentationMode: [32m'normal'[39m,
    scriptId: [32m'circuit-climb'[39m
  }
}
[Telemetry][VT:0] GENERATOR_START { startNumber: [33m5[39m, mode: [32m'standard'[39m }
[Telemetry][VT:0] GENERATOR_STEP_CREATED { stepIndex: [33m0[39m, startNumber: [33m5[39m, answer: [33m8[39m }
[STEP TRACE] [
  {
    i: [33m0[39m,
    startNumber: [33m5[39m,
    value: [33m3[39m,
    operation: [32m'+'[39m,
    correctAnswer: [33m8[39m,
    distractors: [ [33m11[39m, [33m9[39m, [33m8[39m ],
    distractorCount: [33m3[39m,
    source: [32m'engine'[39m,
    fallbackUsed: [90mundefined[39m
  }
]
[GEN CONFIG TRACE] {
  mode: [32m'standard'[39m,
  operation: [90mundefined[39m,
  difficulty: [33m5[39m,
  totalSteps: [33m1[39m,
  answerChoices: [33m3[39m,
  table: [90mundefined[39m,
  skipSize: [90mundefined[39m,
  fullConfig: {
    learningMode: [32m'standard'[39m,
    totalSteps: [33m1[39m,
    targetNumber: [33m18[39m,
    targetFlex: [33m0[39m,
    rangeMin: [33m1[39m,
    rangeMax: [33m18[39m,
    answerChoices: [33m3[39m,
    difficultyLevel: [33m5[39m,
    phaseSequence: [ [36m[Object][39m ],
    opsEnabled: { [32m'+'[39m: [33mtrue[39m, [32m'-'[39m: [33mfalse[39m, [32m'ร—'[39m: [33mfalse[39m, [32m'รท'[39m: [33mfalse[39m },
    activeMode: [32m'normal'[39m,
    isMuted: [33mfalse[39m,
    timerOn: [33mfalse[39m,
    quickMindInterval: [33m10[39m,
    darkModeInterval: [33m10[39m,
    modifiersPerStep: [33m1[39m,
    enableVariables: [33mfalse[39m,
    stopwatchSkin: [32m'default'[39m,
    progressionMode: [32m'adaptive'[39m,
    presentationMode: [32m'normal'[39m,
    scriptId: [32m'circuit-climb'[39m
  }
}
[Telemetry][VT:0] GENERATOR_START { startNumber: [33m6[39m, mode: [32m'standard'[39m }
[Telemetry][VT:0] GENERATOR_STEP_CREATED { stepIndex: [33m0[39m, startNumber: [33m6[39m, answer: [33m10[39m }
[STEP TRACE] [
  {
    i: [33m0[39m,
    startNumber: [33m6[39m,
    value: [33m4[39m,
    operation: [32m'+'[39m,
    correctAnswer: [33m10[39m,
    distractors: [ [33m12[39m, [33m10[39m, [33m7[39m ],
    distractorCount: [33m3[39m,
    source: [32m'engine'[39m,
    fallbackUsed: [90mundefined[39m
  }
]
[GEN CONFIG TRACE] {
  mode: [32m'standard'[39m,
  operation: [90mundefined[39m,
  difficulty: [33m5[39m,
  totalSteps: [33m1[39m,
  answerChoices: [33m3[39m,
  table: [90mundefined[39m,
  skipSize: [90mundefined[39m,
  fullConfig: {
    learningMode: [32m'standard'[39m,
    totalSteps: [33m1[39m,
    targetNumber: [33m18[39m,
    targetFlex: [33m0[39m,
    rangeMin: [33m1[39m,
    rangeMax: [33m18[39m,
    answerChoices: [33m3[39m,
    difficultyLevel: [33m5[39m,
    phaseSequence: [ [36m[Object][39m ],
    opsEnabled: { [32m'+'[39m: [33mtrue[39m, [32m'-'[39m: [33mfalse[39m, [32m'ร—'[39m: [33mfalse[39m, [32m'รท'[39m: [33mfalse[39m },
    activeMode: [32m'normal'[39m,
    isMuted: [33mfalse[39m,
    timerOn: [33mfalse[39m,
    quickMindInterval: [33m10[39m,
    darkModeInterval: [33m10[39m,
    modifiersPerStep: [33m1[39m,
    enableVariables: [33mfalse[39m,
    stopwatchSkin: [32m'default'[39m,
    progressionMode: [32m'adaptive'[39m,
    presentationMode: [32m'normal'[39m,
    scriptId: [32m'circuit-climb'[39m
  }
}
[Telemetry][VT:0] GENERATOR_START { startNumber: [33m7[39m, mode: [32m'standard'[39m }
[Telemetry][VT:0] GENERATOR_STEP_CREATED { stepIndex: [33m0[39m, startNumber: [33m7[39m, answer: [33m9[39m }
[STEP TRACE] [
  {
    i: [33m0[39m,
    startNumber: [33m7[39m,
    value: [33m2[39m,
    operation: [32m'+'[39m,
    correctAnswer: [33m9[39m,
    distractors: [ [33m10[39m, [33m8[39m, [33m9[39m ],
    distractorCount: [33m3[39m,
    source: [32m'engine'[39m,
    fallbackUsed: [90mundefined[39m
  }
]
[GEN CONFIG TRACE] {
  mode: [32m'standard'[39m,
  operation: [90mundefined[39m,
  difficulty: [33m5[39m,
  totalSteps: [33m1[39m,
  answerChoices: [33m3[39m,
  table: [90mundefined[39m,
  skipSize: [90mundefined[39m,
  fullConfig: {
    learningMode: [32m'standard'[39m,
    totalSteps: [33m1[39m,
    targetNumber: [33m18[39m,
    targetFlex: [33m0[39m,
    rangeMin: [33m1[39m,
    rangeMax: [33m18[39m,
    answerChoices: [33m3[39m,
    difficultyLevel: [33m5[39m,
    phaseSequence: [ [36m[Object][39m ],
    opsEnabled: { [32m'+'[39m: [33mtrue[39m, [32m'-'[39m: [33mfalse[39m, [32m'ร—'[39m: [33mfalse[39m, [32m'รท'[39m: [33mfalse[39m },
    activeMode: [32m'normal'[39m,
    isMuted: [33mfalse[39m,
    timerOn: [33mfalse[39m,
    quickMindInterval: [33m10[39m,
    darkModeInterval: [33m10[39m,
    modifiersPerStep: [33m1[39m,
    enableVariables: [33mfalse[39m,
    stopwatchSkin: [32m'default'[39m,
    progressionMode: [32m'adaptive'[39m,
    presentationMode: [32m'normal'[39m,
    scriptId: [32m'circuit-climb'[39m
  }
}
[Telemetry][VT:0] GENERATOR_START { startNumber: [33m8[39m, mode: [32m'standard'[39m }
[Telemetry][VT:0] GENERATOR_STEP_CREATED { stepIndex: [33m0[39m, startNumber: [33m8[39m, answer: [33m15[39m }
[STEP TRACE] [
  {
    i: [33m0[39m,
    startNumber: [33m8[39m,
    value: [33m7[39m,
    operation: [32m'+'[39m,
    correctAnswer: [33m15[39m,
    distractors: [ [33m17[39m, [33m16[39m, [33m15[39m ],
    distractorCount: [33m3[39m,
    source: [32m'engine'[39m,
    fallbackUsed: [90mundefined[39m
  }
]
[GEN CONFIG TRACE] {
  mode: [32m'standard'[39m,
  operation: [90mundefined[39m,
  difficulty: [33m5[39m,
  totalSteps: [33m1[39m,
  answerChoices: [33m3[39m,
  table: [90mundefined[39m,
  skipSize: [90mundefined[39m,
  fullConfig: {
    learningMode: [32m'standard'[39m,
    totalSteps: [33m1[39m,
    targetNumber: [33m18[39m,
    targetFlex: [33m0[39m,
    rangeMin: [33m1[39m,
    rangeMax: [33m18[39m,
    answerChoices: [33m3[39m,
    difficultyLevel: [33m5[39m,
    phaseSequence: [ [36m[Object][39m ],
    opsEnabled: { [32m'+'[39m: [33mtrue[39m, [32m'-'[39m: [33mfalse[39m, [32m'ร—'[39m: [33mfalse[39m, [32m'รท'[39m: [33mfalse[39m },
    activeMode: [32m'normal'[39m,
    isMuted: [33mfalse[39m,
    timerOn: [33mfalse[39m,
    quickMindInterval: [33m10[39m,
    darkModeInterval: [33m10[39m,
    modifiersPerStep: [33m1[39m,
    enableVariables: [33mfalse[39m,
    stopwatchSkin: [32m'default'[39m,
    progressionMode: [32m'adaptive'[39m,
    presentationMode: [32m'normal'[39m,
    scriptId: [32m'circuit-climb'[39m
  }
}
[Telemetry][VT:0] GENERATOR_START { startNumber: [33m9[39m, mode: [32m'standard'[39m }
[Telemetry][VT:0] GENERATOR_STEP_CREATED { stepIndex: [33m0[39m, startNumber: [33m9[39m, answer: [33m17[39m }
[STEP TRACE] [
  {
    i: [33m0[39m,
    startNumber: [33m9[39m,
    value: [33m8[39m,
    operation: [32m'+'[39m,
    correctAnswer: [33m17[39m,
    distractors: [ [33m17[39m, [33m14[39m, [33m19[39m ],
    distractorCount: [33m3[39m,
    source: [32m'engine'[39m,
    fallbackUsed: [90mundefined[39m
  }
]
[GEN CONFIG TRACE] {
  mode: [32m'standard'[39m,
  operation: [90mundefined[39m,
  difficulty: [33m5[39m,
  totalSteps: [33m1[39m,
  answerChoices: [33m3[39m,
  table: [90mundefined[39m,
  skipSize: [90mundefined[39m,
  fullConfig: {
    learningMode: [32m'standard'[39m,
    totalSteps: [33m1[39m,
    targetNumber: [33m18[39m,
    targetFlex: [33m0[39m,
    rangeMin: [33m1[39m,
    rangeMax: [33m18[39m,
    answerChoices: [33m3[39m,
    difficultyLevel: [33m5[39m,
    phaseSequence: [ [36m[Object][39m ],
    opsEnabled: { [32m'+'[39m: [33mtrue[39m, [32m'-'[39m: [33mfalse[39m, [32m'ร—'[39m: [33mfalse[39m, [32m'รท'[39m: [33mfalse[39m },
    activeMode: [32m'normal'[39m,
    isMuted: [33mfalse[39m,
    timerOn: [33mfalse[39m,
    quickMindInterval: [33m10[39m,
    darkModeInterval: [33m10[39m,
    modifiersPerStep: [33m1[39m,
    enableVariables: [33mfalse[39m,
    stopwatchSkin: [32m'default'[39m,
    progressionMode: [32m'adaptive'[39m,
    presentationMode: [32m'normal'[39m,
    scriptId: [32m'circuit-climb'[39m
  }
}
[Telemetry][VT:0] GENERATOR_START { startNumber: [33m10[39m, mode: [32m'standard'[39m }
[Telemetry][VT:0] GENERATOR_STEP_CREATED { stepIndex: [33m0[39m, startNumber: [33m10[39m, answer: [33m15[39m }
[STEP TRACE] [
  {
    i: [33m0[39m,
    startNumber: [33m10[39m,
    value: [33m5[39m,
    operation: [32m'+'[39m,
    correctAnswer: [33m15[39m,
    distractors: [ [33m15[39m, [33m12[39m, [33m17[39m ],
    distractorCount: [33m3[39m,
    source: [32m'engine'[39m,
    fallbackUsed: [90mundefined[39m
  }
]
[GEN CONFIG TRACE] {
  mode: [32m'standard'[39m,
  operation: [90mundefined[39m,
  difficulty: [33m5[39m,
  totalSteps: [33m1[39m,
  answerChoices: [33m3[39m,
  table: [90mundefined[39m,
  skipSize: [90mundefined[39m,
  fullConfig: {
    learningMode: [32m'standard'[39m,
    totalSteps: [33m1[39m,
    targetNumber: [33m18[39m,
    targetFlex: [33m0[39m,
    rangeMin: [33m1[39m,
    rangeMax: [33m18[39m,
    answerChoices: [33m3[39m,
    difficultyLevel: [33m5[39m,
    phaseSequence: [ [36m[Object][39m ],
    opsEnabled: { [32m'+'[39m: [33mtrue[39m, [32m'-'[39m: [33mfalse[39m, [32m'ร—'[39m: [33mfalse[39m, [32m'รท'[39m: [33mfalse[39m },
    activeMode: [32m'normal'[39m,
    isMuted: [33mfalse[39m,
    timerOn: [33mfalse[39m,
    quickMindInterval: [33m10[39m,
    darkModeInterval: [33m10[39m,
    modifiersPerStep: [33m1[39m,
    enableVariables: [33mfalse[39m,
    stopwatchSkin: [32m'default'[39m,
    progressionMode: [32m'adaptive'[39m,
    presentationMode: [32m'normal'[39m,
    scriptId: [32m'circuit-climb'[39m
  }
}
[Telemetry][VT:0] GENERATOR_START { startNumber: [33m11[39m, mode: [32m'standard'[39m }
[Telemetry][VT:0] GENERATOR_STEP_CREATED { stepIndex: [33m0[39m, startNumber: [33m11[39m, answer: [33m12[39m }
[STEP TRACE] [
  {
    i: [33m0[39m,
    startNumber: [33m11[39m,
    value: [33m1[39m,
    operation: [32m'+'[39m,
    correctAnswer: [33m12[39m,
    distractors: [ [33m14[39m, [33m12[39m, [33m9[39m ],
    distractorCount: [33m3[39m,
    source: [32m'engine'[39m,
    fallbackUsed: [90mundefined[39m
  }
]
[GEN CONFIG TRACE] {
  mode: [32m'standard'[39m,
  operation: [90mundefined[39m,
  difficulty: [33m5[39m,
  totalSteps: [33m1[39m,
  answerChoices: [33m3[39m,
  table: [90mundefined[39m,
  skipSize: [90mundefined[39m,
  fullConfig: {
    learningMode: [32m'standard'[39m,
    totalSteps: [33m1[39m,
    targetNumber: [33m18[39m,
    targetFlex: [33m0[39m,
    rangeMin: [33m1[39m,
    rangeMax: [33m18[39m,
    answerChoices: [33m3[39m,
    difficultyLevel: [33m5[39m,
    phaseSequence: [ [36m[Object][39m ],
    opsEnabled: { [32m'+'[39m: [33mtrue[39m, [32m'-'[39m: [33mfalse[39m, [32m'ร—'[39m: [33mfalse[39m, [32m'รท'[39m: [33mfalse[39m },
    activeMode: [32m'normal'[39m,
    isMuted: [33mfalse[39m,
    timerOn: [33mfalse[39m,
    quickMindInterval: [33m10[39m,
    darkModeInterval: [33m10[39m,
    modifiersPerStep: [33m1[39m,
    enableVariables: [33mfalse[39m,
    stopwatchSkin: [32m'default'[39m,
    progressionMode: [32m'adaptive'[39m,
    presentationMode: [32m'normal'[39m,
    scriptId: [32m'circuit-climb'[39m
  }
}
[Telemetry][VT:0] GENERATOR_START { startNumber: [33m12[39m, mode: [32m'standard'[39m }
[Telemetry][VT:0] GENERATOR_STEP_CREATED { stepIndex: [33m0[39m, startNumber: [33m12[39m, answer: [33m14[39m }
[STEP TRACE] [
  {
    i: [33m0[39m,
    startNumber: [33m12[39m,
    value: [33m2[39m,
    operation: [32m'+'[39m,
    correctAnswer: [33m14[39m,
    distractors: [ [33m14[39m, [33m15[39m, [33m13[39m ],
    distractorCount: [33m3[39m,
    source: [32m'engine'[39m,
    fallbackUsed: [90mundefined[39m
  }
]
[GEN CONFIG TRACE] {
  mode: [32m'standard'[39m,
  operation: [90mundefined[39m,
  difficulty: [33m5[39m,
  totalSteps: [33m1[39m,
  answerChoices: [33m3[39m,
  table: [90mundefined[39m,
  skipSize: [90mundefined[39m,
  fullConfig: {
    learningMode: [32m'standard'[39m,
    totalSteps: [33m1[39m,
    targetNumber: [33m18[39m,
    targetFlex: [33m0[39m,
    rangeMin: [33m1[39m,
    rangeMax: [33m18[39m,
    answerChoices: [33m3[39m,
    difficultyLevel: [33m5[39m,
    phaseSequence: [ [36m[Object][39m ],
    opsEnabled: { [32m'+'[39m: [33mtrue[39m, [32m'-'[39m: [33mfalse[39m, [32m'ร—'[39m: [33mfalse[39m, [32m'รท'[39m: [33mfalse[39m },
    activeMode: [32m'normal'[39m,
    isMuted: [33mfalse[39m,
    timerOn: [33mfalse[39m,
    quickMindInterval: [33m10[39m,
    darkModeInterval: [33m10[39m,
    modifiersPerStep: [33m1[39m,
    enableVariables: [33mfalse[39m,
    stopwatchSkin: [32m'default'[39m,
    progressionMode: [32m'adaptive'[39m,
    presentationMode: [32m'normal'[39m,
    scriptId: [32m'circuit-climb'[39m
  }
}
[Telemetry][VT:0] GENERATOR_START { startNumber: [33m13[39m, mode: [32m'standard'[39m }
[Telemetry][VT:0] GENERATOR_STEP_CREATED { stepIndex: [33m0[39m, startNumber: [33m13[39m, answer: [33m15[39m }
[STEP TRACE] [
  {
    i: [33m0[39m,
    startNumber: [33m13[39m,
    value: [33m2[39m,
    operation: [32m'+'[39m,
    correctAnswer: [33m15[39m,
    distractors: [ [33m17[39m, [33m15[39m, [33m14[39m ],
    distractorCount: [33m3[39m,
    source: [32m'engine'[39m,
    fallbackUsed: [90mundefined[39m
  }
]
[GEN CONFIG TRACE] {
  mode: [32m'standard'[39m,
  operation: [90mundefined[39m,
  difficulty: [33m5[39m,
  totalSteps: [33m1[39m,
  answerChoices: [33m3[39m,
  table: [90mundefined[39m,
  skipSize: [90mundefined[39m,
  fullConfig: {
    learningMode: [32m'standard'[39m,
    totalSteps: [33m1[39m,
    targetNumber: [33m18[39m,
    targetFlex: [33m0[39m,
    rangeMin: [33m1[39m,
    rangeMax: [33m18[39m,
    answerChoices: [33m3[39m,
    difficultyLevel: [33m5[39m,
    phaseSequence: [ [36m[Object][39m ],
    opsEnabled: { [32m'+'[39m: [33mtrue[39m, [32m'-'[39m: [33mfalse[39m, [32m'ร—'[39m: [33mfalse[39m, [32m'รท'[39m: [33mfalse[39m },
    activeMode: [32m'normal'[39m,
    isMuted: [33mfalse[39m,
    timerOn: [33mfalse[39m,
    quickMindInterval: [33m10[39m,
    darkModeInterval: [33m10[39m,
    modifiersPerStep: [33m1[39m,
    enableVariables: [33mfalse[39m,
    stopwatchSkin: [32m'default'[39m,
    progressionMode: [32m'adaptive'[39m,
    presentationMode: [32m'normal'[39m,
    scriptId: [32m'circuit-climb'[39m
  }
}
[Telemetry][VT:0] GENERATOR_START { startNumber: [33m14[39m, mode: [32m'standard'[39m }
[Telemetry][VT:0] GENERATOR_STEP_CREATED { stepIndex: [33m0[39m, startNumber: [33m14[39m, answer: [33m17[39m }
[STEP TRACE] [
  {
    i: [33m0[39m,
    startNumber: [33m14[39m,
    value: [33m3[39m,
    operation: [32m'+'[39m,
    correctAnswer: [33m17[39m,
    distractors: [ [33m17[39m, [33m16[39m, [33m18[39m ],
    distractorCount: [33m3[39m,
    source: [32m'engine'[39m,
    fallbackUsed: [90mundefined[39m
  }
]
[GEN CONFIG TRACE] {
  mode: [32m'standard'[39m,
  operation: [90mundefined[39m,
  difficulty: [33m5[39m,
  totalSteps: [33m1[39m,
  answerChoices: [33m3[39m,
  table: [90mundefined[39m,
  skipSize: [90mundefined[39m,
  fullConfig: {
    learningMode: [32m'standard'[39m,
    totalSteps: [33m1[39m,
    targetNumber: [33m18[39m,
    targetFlex: [33m0[39m,
    rangeMin: [33m1[39m,
    rangeMax: [33m18[39m,
    answerChoices: [33m3[39m,
    difficultyLevel: [33m5[39m,
    phaseSequence: [ [36m[Object][39m ],
    opsEnabled: { [32m'+'[39m: [33mtrue[39m, [32m'-'[39m: [33mfalse[39m, [32m'ร—'[39m: [33mfalse[39m, [32m'รท'[39m: [33mfalse[39m },
    activeMode: [32m'normal'[39m,
    isMuted: [33mfalse[39m,
    timerOn: [33mfalse[39m,
    quickMindInterval: [33m10[39m,
    darkModeInterval: [33m10[39m,
    modifiersPerStep: [33m1[39m,
    enableVariables: [33mfalse[39m,
    stopwatchSkin: [32m'default'[39m,
    progressionMode: [32m'adaptive'[39m,
    presentationMode: [32m'normal'[39m,
    scriptId: [32m'circuit-climb'[39m
  }
}
[Telemetry][VT:0] GENERATOR_START { startNumber: [33m15[39m, mode: [32m'standard'[39m }
[Telemetry][VT:0] GENERATOR_STEP_CREATED { stepIndex: [33m0[39m, startNumber: [33m15[39m, answer: [33m17[39m }
[STEP TRACE] [
  {
    i: [33m0[39m,
    startNumber: [33m15[39m,
    value: [33m2[39m,
    operation: [32m'+'[39m,
    correctAnswer: [33m17[39m,
    distractors: [ [33m16[39m, [33m17[39m, [33m20[39m ],
    distractorCount: [33m3[39m,
    source: [32m'engine'[39m,
    fallbackUsed: [90mundefined[39m
  }
]
[GEN CONFIG TRACE] {
  mode: [32m'standard'[39m,
  operation: [90mundefined[39m,
  difficulty: [33m5[39m,
  totalSteps: [33m1[39m,
  answerChoices: [33m3[39m,
  table: [90mundefined[39m,
  skipSize: [90mundefined[39m,
  fullConfig: {
    learningMode: [32m'standard'[39m,
    totalSteps: [33m1[39m,
    targetNumber: [33m18[39m,
    targetFlex: [33m0[39m,
    rangeMin: [33m1[39m,
    rangeMax: [33m18[39m,
    answerChoices: [33m3[39m,
    difficultyLevel: [33m5[39m,
    phaseSequence: [ [36m[Object][39m ],
    opsEnabled: { [32m'+'[39m: [33mtrue[39m, [32m'-'[39m: [33mfalse[39m, [32m'ร—'[39m: [33mfalse[39m, [32m'รท'[39m: [33mfalse[39m },
    activeMode: [32m'normal'[39m,
    isMuted: [33mfalse[39m,
    timerOn: [33mfalse[39m,
    quickMindInterval: [33m10[39m,
    darkModeInterval: [33m10[39m,
    modifiersPerStep: [33m1[39m,
    enableVariables: [33mfalse[39m,
    stopwatchSkin: [32m'default'[39m,
    progressionMode: [32m'adaptive'[39m,
    presentationMode: [32m'normal'[39m,
    scriptId: [32m'circuit-climb'[39m
  }
}
[Telemetry][VT:0] GENERATOR_START { startNumber: [33m16[39m, mode: [32m'standard'[39m }
[Telemetry][VT:0] GENERATOR_STEP_CREATED { stepIndex: [33m0[39m, startNumber: [33m16[39m, answer: [33m17[39m }
[STEP TRACE] [
  {
    i: [33m0[39m,
    startNumber: [33m16[39m,
    value: [33m1[39m,
    operation: [32m'+'[39m,
    correctAnswer: [33m17[39m,
    distractors: [ [33m15[39m, [33m17[39m, [33m16[39m ],
    distractorCount: [33m3[39m,
    source: [32m'engine'[39m,
    fallbackUsed: [90mundefined[39m
  }
]
[GEN CONFIG TRACE] {
  mode: [32m'standard'[39m,
  operation: [90mundefined[39m,
  difficulty: [33m5[39m,
  totalSteps: [33m1[39m,
  answerChoices: [33m3[39m,
  table: [90mundefined[39m,
  skipSize: [90mundefined[39m,
  fullConfig: {
    learningMode: [32m'standard'[39m,
    totalSteps: [33m1[39m,
    targetNumber: [33m18[39m,
    targetFlex: [33m0[39m,
    rangeMin: [33m1[39m,
    rangeMax: [33m18[39m,
    answerChoices: [33m3[39m,
    difficultyLevel: [33m5[39m,
    phaseSequence: [ [36m[Object][39m ],
    opsEnabled: { [32m'+'[39m: [33mtrue[39m, [32m'-'[39m: [33mfalse[39m, [32m'ร—'[39m: [33mfalse[39m, [32m'รท'[39m: [33mfalse[39m },
    activeMode: [32m'normal'[39m,
    isMuted: [33mfalse[39m,
    timerOn: [33mfalse[39m,
    quickMindInterval: [33m10[39m,
    darkModeInterval: [33m10[39m,
    modifiersPerStep: [33m1[39m,
    enableVariables: [33mfalse[39m,
    stopwatchSkin: [32m'default'[39m,
    progressionMode: [32m'adaptive'[39m,
    presentationMode: [32m'normal'[39m,
    scriptId: [32m'circuit-climb'[39m
  }
}
[Telemetry][VT:0] GENERATOR_START { startNumber: [33m17[39m, mode: [32m'standard'[39m }
[Telemetry][VT:0] GENERATOR_STEP_CREATED { stepIndex: [33m0[39m, startNumber: [33m17[39m, answer: [33m18[39m }
[STEP TRACE] [
  {
    i: [33m0[39m,
    startNumber: [33m17[39m,
    value: [33m1[39m,
    operation: [32m'+'[39m,
    correctAnswer: [33m18[39m,
    distractors: [ [33m20[39m, [33m15[39m, [33m18[39m ],
    distractorCount: [33m3[39m,
    source: [32m'engine'[39m,
    fallbackUsed: [90mundefined[39m
  }
]
[GEN CONFIG TRACE] {
  mode: [32m'standard'[39m,
  operation: [90mundefined[39m,
  difficulty: [33m5[39m,
  totalSteps: [33m1[39m,
  answerChoices: [33m3[39m,
  table: [90mundefined[39m,
  skipSize: [90mundefined[39m,
  fullConfig: {
    learningMode: [32m'standard'[39m,
    totalSteps: [33m1[39m,
    targetNumber: [33m18[39m,
    targetFlex: [33m0[39m,
    rangeMin: [33m1[39m,
    rangeMax: [33m18[39m,
    answerChoices: [33m3[39m,
    difficultyLevel: [33m5[39m,
    phaseSequence: [ [36m[Object][39m ],
    opsEnabled: { [32m'+'[39m: [33mtrue[39m, [32m'-'[39m: [33mfalse[39m, [32m'ร—'[39m: [33mfalse[39m, [32m'รท'[39m: [33mfalse[39m },
    activeMode: [32m'normal'[39m,
    isMuted: [33mfalse[39m,
    timerOn: [33mfalse[39m,
    quickMindInterval: [33m10[39m,
    darkModeInterval: [33m10[39m,
    modifiersPerStep: [33m1[39m,
    enableVariables: [33mfalse[39m,
    stopwatchSkin: [32m'default'[39m,
    progressionMode: [32m'adaptive'[39m,
    presentationMode: [32m'normal'[39m,
    scriptId: [32m'circuit-climb'[39m
  }
}
[Telemetry][VT:0] GENERATOR_START { startNumber: [33m1[39m, mode: [32m'standard'[39m }
[Telemetry][VT:0] GENERATOR_STEP_CREATED { stepIndex: [33m0[39m, startNumber: [33m1[39m, answer: [33m11[39m }
[STEP TRACE] [
  {
    i: [33m0[39m,
    startNumber: [33m1[39m,
    value: [33m10[39m,
    operation: [32m'+'[39m,
    correctAnswer: [33m11[39m,
    distractors: [ [33m8[39m, [33m10[39m, [33m11[39m ],
    distractorCount: [33m3[39m,
    source: [32m'engine'[39m,
    fallbackUsed: [90mundefined[39m
  }
]
[GEN CONFIG TRACE] {
  mode: [32m'standard'[39m,
  operation: [90mundefined[39m,
  difficulty: [33m5[39m,
  totalSteps: [33m1[39m,
  answerChoices: [33m3[39m,
  table: [90mundefined[39m,
  skipSize: [90mundefined[39m,
  fullConfig: {
    learningMode: [32m'standard'[39m,
    totalSteps: [33m1[39m,
    targetNumber: [33m18[39m,
    targetFlex: [33m0[39m,
    rangeMin: [33m1[39m,
    rangeMax: [33m18[39m,
    answerChoices: [33m3[39m,
    difficultyLevel: [33m5[39m,
    phaseSequence: [ [36m[Object][39m ],
    opsEnabled: { [32m'+'[39m: [33mtrue[39m, [32m'-'[39m: [33mfalse[39m, [32m'ร—'[39m: [33mfalse[39m, [32m'รท'[39m: [33mfalse[39m },
    activeMode: [32m'normal'[39m,
    isMuted: [33mfalse[39m,
    timerOn: [33mfalse[39m,
    quickMindInterval: [33m10[39m,
    darkModeInterval: [33m10[39m,
    modifiersPerStep: [33m1[39m,
    enableVariables: [33mfalse[39m,
    stopwatchSkin: [32m'default'[39m,
    progressionMode: [32m'adaptive'[39m,
    presentationMode: [32m'normal'[39m,
    scriptId: [32m'circuit-climb'[39m
  }
}
[Telemetry][VT:0] GENERATOR_START { startNumber: [33m2[39m, mode: [32m'standard'[39m }
[Telemetry][VT:0] GENERATOR_STEP_CREATED { stepIndex: [33m0[39m, startNumber: [33m2[39m, answer: [33m3[39m }
[STEP TRACE] [
  {
    i: [33m0[39m,
    startNumber: [33m2[39m,
    value: [33m1[39m,
    operation: [32m'+'[39m,
    correctAnswer: [33m3[39m,
    distractors: [ [33m2[39m, [33m1[39m, [33m3[39m ],
    distractorCount: [33m3[39m,
    source: [32m'engine'[39m,
    fallbackUsed: [90mundefined[39m
  }
]
[GEN CONFIG TRACE] {
  mode: [32m'standard'[39m,
  operation: [90mundefined[39m,
  difficulty: [33m5[39m,
  totalSteps: [33m1[39m,
  answerChoices: [33m3[39m,
  table: [90mundefined[39m,
  skipSize: [90mundefined[39m,
  fullConfig: {
    learningMode: [32m'standard'[39m,
    totalSteps: [33m1[39m,
    targetNumber: [33m18[39m,
    targetFlex: [33m0[39m,
    rangeMin: [33m1[39m,
    rangeMax: [33m18[39m,
    answerChoices: [33m3[39m,
    difficultyLevel: [33m5[39m,
    phaseSequence: [ [36m[Object][39m ],
    opsEnabled: { [32m'+'[39m: [33mtrue[39m, [32m'-'[39m: [33mfalse[39m, [32m'ร—'[39m: [33mfalse[39m, [32m'รท'[39m: [33mfalse[39m },
    activeMode: [32m'normal'[39m,
    isMuted: [33mfalse[39m,
    timerOn: [33mfalse[39m,
    quickMindInterval: [33m10[39m,
    darkModeInterval: [33m10[39m,
    modifiersPerStep: [33m1[39m,
    enableVariables: [33mfalse[39m,
    stopwatchSkin: [32m'default'[39m,
    progressionMode: [32m'adaptive'[39m,
    presentationMode: [32m'normal'[39m,
    scriptId: [32m'circuit-climb'[39m
  }
}
[Telemetry][VT:0] GENERATOR_START { startNumber: [33m3[39m, mode: [32m'standard'[39m }
[Telemetry][VT:0] GENERATOR_STEP_CREATED { stepIndex: [33m0[39m, startNumber: [33m3[39m, answer: [33m4[39m }
[STEP TRACE] [
  {
    i: [33m0[39m,
    startNumber: [33m3[39m,
    value: [33m1[39m,
    operation: [32m'+'[39m,
    correctAnswer: [33m4[39m,
    distractors: [ [33m4[39m, [33m5[39m, [33m6[39m ],
    distractorCount: [33m3[39m,
    source: [32m'engine'[39m,
    fallbackUsed: [90mundefined[39m
  }
]
[GEN CONFIG TRACE] {
  mode: [32m'standard'[39m,
  operation: [90mundefined[39m,
  difficulty: [33m5[39m,
  totalSteps: [33m1[39m,
  answerChoices: [33m3[39m,
  table: [90mundefined[39m,
  skipSize: [90mundefined[39m,
  fullConfig: {
    learningMode: [32m'standard'[39m,
    totalSteps: [33m1[39m,
    targetNumber: [33m18[39m,
    targetFlex: [33m0[39m,
    rangeMin: [33m1[39m,
    rangeMax: [33m18[39m,
    answerChoices: [33m3[39m,
    difficultyLevel: [33m5[39m,
    phaseSequence: [ [36m[Object][39m ],
    opsEnabled: { [32m'+'[39m: [33mtrue[39m, [32m'-'[39m: [33mfalse[39m, [32m'ร—'[39m: [33mfalse[39m, [32m'รท'[39m: [33mfalse[39m },
    activeMode: [32m'normal'[39m,
    isMuted: [33mfalse[39m,
    timerOn: [33mfalse[39m,
    quickMindInterval: [33m10[39m,
    darkModeInterval: [33m10[39m,
    modifiersPerStep: [33m1[39m,
    enableVariables: [33mfalse[39m,
    stopwatchSkin: [32m'default'[39m,
    progressionMode: [32m'adaptive'[39m,
    presentationMode: [32m'normal'[39m,
    scriptId: [32m'circuit-climb'[39m
  }
}
[Telemetry][VT:0] GENERATOR_START { startNumber: [33m4[39m, mode: [32m'standard'[39m }
[Telemetry][VT:0] GENERATOR_STEP_CREATED { stepIndex: [33m0[39m, startNumber: [33m4[39m, answer: [33m13[39m }
[STEP TRACE] [
  {
    i: [33m0[39m,
    startNumber: [33m4[39m,
    value: [33m9[39m,
    operation: [32m'+'[39m,
    correctAnswer: [33m13[39m,
    distractors: [ [33m14[39m, [33m13[39m, [33m12[39m ],
    distractorCount: [33m3[39m,
    source: [32m'engine'[39m,
    fallbackUsed: [90mundefined[39m
  }
]
[GEN CONFIG TRACE] {
  mode: [32m'standard'[39m,
  operation: [90mundefined[39m,
  difficulty: [33m5[39m,
  totalSteps: [33m1[39m,
  answerChoices: [33m3[39m,
  table: [90mundefined[39m,
  skipSize: [90mundefined[39m,
  fullConfig: {
    learningMode: [32m'standard'[39m,
    totalSteps: [33m1[39m,
    targetNumber: [33m18[39m,
    targetFlex: [33m0[39m,
    rangeMin: [33m1[39m,
    rangeMax: [33m18[39m,
    answerChoices: [33m3[39m,
    difficultyLevel: [33m5[39m,
    phaseSequence: [ [36m[Object][39m ],
    opsEnabled: { [32m'+'[39m: [33mtrue[39m, [32m'-'[39m: [33mfalse[39m, [32m'ร—'[39m: [33mfalse[39m, [32m'รท'[39m: [33mfalse[39m },
    activeMode: [32m'normal'[39m,
    isMuted: [33mfalse[39m,
    timerOn: [33mfalse[39m,
    quickMindInterval: [33m10[39m,
    darkModeInterval: [33m10[39m,
    modifiersPerStep: [33m1[39m,
    enableVariables: [33mfalse[39m,
    stopwatchSkin: [32m'default'[39m,
    progressionMode: [32m'adaptive'[39m,
    presentationMode: [32m'normal'[39m,
    scriptId: [32m'circuit-climb'[39m
  }
}
[Telemetry][VT:0] GENERATOR_START { startNumber: [33m5[39m, mode: [32m'standard'[39m }
[Telemetry][VT:0] GENERATOR_STEP_CREATED { stepIndex: [33m0[39m, startNumber: [33m5[39m, answer: [33m8[39m }
[STEP TRACE] [
  {
    i: [33m0[39m,
    startNumber: [33m5[39m,
    value: [33m3[39m,
    operation: [32m'+'[39m,
    correctAnswer: [33m8[39m,
    distractors: [ [33m6[39m, [33m10[39m, [33m8[39m ],
    distractorCount: [33m3[39m,
    source: [32m'engine'[39m,
    fallbackUsed: [90mundefined[39m
  }
]
[GEN CONFIG TRACE] {
  mode: [32m'standard'[39m,
  operation: [90mundefined[39m,
  difficulty: [33m5[39m,
  totalSteps: [33m1[39m,
  answerChoices: [33m3[39m,
  table: [90mundefined[39m,
  skipSize: [90mundefined[39m,
  fullConfig: {
    learningMode: [32m'standard'[39m,
    totalSteps: [33m1[39m,
    targetNumber: [33m18[39m,
    targetFlex: [33m0[39m,
    rangeMin: [33m1[39m,
    rangeMax: [33m18[39m,
    answerChoices: [33m3[39m,
    difficultyLevel: [33m5[39m,
    phaseSequence: [ [36m[Object][39m ],
    opsEnabled: { [32m'+'[39m: [33mtrue[39m, [32m'-'[39m: [33mfalse[39m, [32m'ร—'[39m: [33mfalse[39m, [32m'รท'[39m: [33mfalse[39m },
    activeMode: [32m'normal'[39m,
    isMuted: [33mfalse[39m,
    timerOn: [33mfalse[39m,
    quickMindInterval: [33m10[39m,
    darkModeInterval: [33m10[39m,
    modifiersPerStep: [33m1[39m,
    enableVariables: [33mfalse[39m,
    stopwatchSkin: [32m'default'[39m,
    progressionMode: [32m'adaptive'[39m,
    presentationMode: [32m'normal'[39m,
    scriptId: [32m'circuit-climb'[39m
  }
}
[Telemetry][VT:0] GENERATOR_START { startNumber: [33m6[39m, mode: [32m'standard'[39m }
[Telemetry][VT:0] GENERATOR_STEP_CREATED { stepIndex: [33m0[39m, startNumber: [33m6[39m, answer: [33m10[39m }
[STEP TRACE] [
  {
    i: [33m0[39m,
    startNumber: [33m6[39m,
    value: [33m4[39m,
    operation: [32m'+'[39m,
    correctAnswer: [33m10[39m,
    distractors: [ [33m13[39m, [33m10[39m, [33m9[39m ],
    distractorCount: [33m3[39m,
    source: [32m'engine'[39m,
    fallbackUsed: [90mundefined[39m
  }
]
[GEN CONFIG TRACE] {
  mode: [32m'standard'[39m,
  operation: [90mundefined[39m,
  difficulty: [33m5[39m,
  totalSteps: [33m1[39m,
  answerChoices: [33m3[39m,
  table: [90mundefined[39m,
  skipSize: [90mundefined[39m,
  fullConfig: {
    learningMode: [32m'standard'[39m,
    totalSteps: [33m1[39m,
    targetNumber: [33m18[39m,
    targetFlex: [33m0[39m,
    rangeMin: [33m1[39m,
    rangeMax: [33m18[39m,
    answerChoices: [33m3[39m,
    difficultyLevel: [33m5[39m,
    phaseSequence: [ [36m[Object][39m ],
    opsEnabled: { [32m'+'[39m: [33mtrue[39m, [32m'-'[39m: [33mfalse[39m, [32m'ร—'[39m: [33mfalse[39m, [32m'รท'[39m: [33mfalse[39m },
    activeMode: [32m'normal'[39m,
    isMuted: [33mfalse[39m,
    timerOn: [33mfalse[39m,
    quickMindInterval: [33m10[39m,
    darkModeInterval: [33m10[39m,
    modifiersPerStep: [33m1[39m,
    enableVariables: [33mfalse[39m,
    stopwatchSkin: [32m'default'[39m,
    progressionMode: [32m'adaptive'[39m,
    presentationMode: [32m'normal'[39m,
    scriptId: [32m'circuit-climb'[39m
  }
}
[Telemetry][VT:0] GENERATOR_START { startNumber: [33m7[39m, mode: [32m'standard'[39m }
[Telemetry][VT:0] GENERATOR_STEP_CREATED { stepIndex: [33m0[39m, startNumber: [33m7[39m, answer: [33m8[39m }
[STEP TRACE] [
  {
    i: [33m0[39m,
    startNumber: [33m7[39m,
    value: [33m1[39m,
    operation: [32m'+'[39m,
    correctAnswer: [33m8[39m,
    distractors: [ [33m6[39m, [33m8[39m, [33m11[39m ],
    distractorCount: [33m3[39m,
    source: [32m'engine'[39m,
    fallbackUsed: [90mundefined[39m
  }
]
[GEN CONFIG TRACE] {
  mode: [32m'standard'[39m,
  operation: [90mundefined[39m,
  difficulty: [33m5[39m,
  totalSteps: [33m1[39m,
  answerChoices: [33m3[39m,
  table: [90mundefined[39m,
  skipSize: [90mundefined[39m,
  fullConfig: {
    learningMode: [32m'standard'[39m,
    totalSteps: [33m1[39m,
    targetNumber: [33m18[39m,
    targetFlex: [33m0[39m,
    rangeMin: [33m1[39m,
    rangeMax: [33m18[39m,
    answerChoices: [33m3[39m,
    difficultyLevel: [33m5[39m,
    phaseSequence: [ [36m[Object][39m ],
    opsEnabled: { [32m'+'[39m: [33mtrue[39m, [32m'-'[39m: [33mfalse[39m, [32m'ร—'[39m: [33mfalse[39m, [32m'รท'[39m: [33mfalse[39m },
    activeMode: [32m'normal'[39m,
    isMuted: [33mfalse[39m,
    timerOn: [33mfalse[39m,
    quickMindInterval: [33m10[39m,
    darkModeInterval: [33m10[39m,
    modifiersPerStep: [33m1[39m,
    enableVariables: [33mfalse[39m,
    stopwatchSkin: [32m'default'[39m,
    progressionMode: [32m'adaptive'[39m,
    presentationMode: [32m'normal'[39m,
    scriptId: [32m'circuit-climb'[39m
  }
}
[Telemetry][VT:0] GENERATOR_START { startNumber: [33m8[39m, mode: [32m'standard'[39m }
[Telemetry][VT:0] GENERATOR_STEP_CREATED { stepIndex: [33m0[39m, startNumber: [33m8[39m, answer: [33m10[39m }
[STEP TRACE] [
  {
    i: [33m0[39m,
    startNumber: [33m8[39m,
    value: [33m2[39m,
    operation: [32m'+'[39m,
    correctAnswer: [33m10[39m,
    distractors: [ [33m12[39m, [33m10[39m, [33m11[39m ],
    distractorCount: [33m3[39m,
    source: [32m'engine'[39m,
    fallbackUsed: [90mundefined[39m
  }
]
[GEN CONFIG TRACE] {
  mode: [32m'standard'[39m,
  operation: [90mundefined[39m,
  difficulty: [33m5[39m,
  totalSteps: [33m1[39m,
  answerChoices: [33m3[39m,
  table: [90mundefined[39m,
  skipSize: [90mundefined[39m,
  fullConfig: {
    learningMode: [32m'standard'[39m,
    totalSteps: [33m1[39m,
    targetNumber: [33m18[39m,
    targetFlex: [33m0[39m,
    rangeMin: [33m1[39m,
    rangeMax: [33m18[39m,
    answerChoices: [33m3[39m,
    difficultyLevel: [33m5[39m,
    phaseSequence: [ [36m[Object][39m ],
    opsEnabled: { [32m'+'[39m: [33mtrue[39m, [32m'-'[39m: [33mfalse[39m, [32m'ร—'[39m: [33mfalse[39m, [32m'รท'[39m: [33mfalse[39m },
    activeMode: [32m'normal'[39m,
    isMuted: [33mfalse[39m,
    timerOn: [33mfalse[39m,
    quickMindInterval: [33m10[39m,
    darkModeInterval: [33m10[39m,
    modifiersPerStep: [33m1[39m,
    enableVariables: [33mfalse[39m,
    stopwatchSkin: [32m'default'[39m,
    progressionMode: [32m'adaptive'[39m,
    presentationMode: [32m'normal'[39m,
    scriptId: [32m'circuit-climb'[39m
  }
}
[Telemetry][VT:0] GENERATOR_START { startNumber: [33m9[39m, mode: [32m'standard'[39m }
[Telemetry][VT:0] GENERATOR_STEP_CREATED { stepIndex: [33m0[39m, startNumber: [33m9[39m, answer: [33m13[39m }
[STEP TRACE] [
  {
    i: [33m0[39m,
    startNumber: [33m9[39m,
    value: [33m4[39m,
    operation: [32m'+'[39m,
    correctAnswer: [33m13[39m,
    distractors: [ [33m12[39m, [33m14[39m, [33m13[39m ],
    distractorCount: [33m3[39m,
    source: [32m'engine'[39m,
    fallbackUsed: [90mundefined[39m
  }
]
[GEN CONFIG TRACE] {
  mode: [32m'standard'[39m,
  operation: [90mundefined[39m,
  difficulty: [33m5[39m,
  totalSteps: [33m1[39m,
  answerChoices: [33m3[39m,
  table: [90mundefined[39m,
  skipSize: [90mundefined[39m,
  fullConfig: {
    learningMode: [32m'standard'[39m,
    totalSteps: [33m1[39m,
    targetNumber: [33m18[39m,
    targetFlex: [33m0[39m,
    rangeMin: [33m1[39m,
    rangeMax: [33m18[39m,
    answerChoices: [33m3[39m,
    difficultyLevel: [33m5[39m,
    phaseSequence: [ [36m[Object][39m ],
    opsEnabled: { [32m'+'[39m: [33mtrue[39m, [32m'-'[39m: [33mfalse[39m, [32m'ร—'[39m: [33mfalse[39m, [32m'รท'[39m: [33mfalse[39m },
    activeMode: [32m'normal'[39m,
    isMuted: [33mfalse[39m,
    timerOn: [33mfalse[39m,
    quickMindInterval: [33m10[39m,
    darkModeInterval: [33m10[39m,
    modifiersPerStep: [33m1[39m,
    enableVariables: [33mfalse[39m,
    stopwatchSkin: [32m'default'[39m,
    progressionMode: [32m'adaptive'[39m,
    presentationMode: [32m'normal'[39m,
    scriptId: [32m'circuit-climb'[39m
  }
}
[Telemetry][VT:0] GENERATOR_START { startNumber: [33m10[39m, mode: [32m'standard'[39m }
[Telemetry][VT:0] GENERATOR_STEP_CREATED { stepIndex: [33m0[39m, startNumber: [33m10[39m, answer: [33m12[39m }
[STEP TRACE] [
  {
    i: [33m0[39m,
    startNumber: [33m10[39m,
    value: [33m2[39m,
    operation: [32m'+'[39m,
    correctAnswer: [33m12[39m,
    distractors: [ [33m10[39m, [33m11[39m, [33m12[39m ],
    distractorCount: [33m3[39m,
    source: [32m'engine'[39m,
    fallbackUsed: [90mundefined[39m
  }
]
[GEN CONFIG TRACE] {
  mode: [32m'standard'[39m,
  operation: [90mundefined[39m,
  difficulty: [33m5[39m,
  totalSteps: [33m1[39m,
  answerChoices: [33m3[39m,
  table: [90mundefined[39m,
  skipSize: [90mundefined[39m,
  fullConfig: {
    learningMode: [32m'standard'[39m,
    totalSteps: [33m1[39m,
    targetNumber: [33m18[39m,
    targetFlex: [33m0[39m,
    rangeMin: [33m1[39m,
    rangeMax: [33m18[39m,
    answerChoices: [33m3[39m,
    difficultyLevel: [33m5[39m,
    phaseSequence: [ [36m[Object][39m ],
    opsEnabled: { [32m'+'[39m: [33mtrue[39m, [32m'-'[39m: [33mfalse[39m, [32m'ร—'[39m: [33mfalse[39m, [32m'รท'[39m: [33mfalse[39m },
    activeMode: [32m'normal'[39m,
    isMuted: [33mfalse[39m,
    timerOn: [33mfalse[39m,
    quickMindInterval: [33m10[39m,
    darkModeInterval: [33m10[39m,
    modifiersPerStep: [33m1[39m,
    enableVariables: [33mfalse[39m,
    stopwatchSkin: [32m'default'[39m,
    progressionMode: [32m'adaptive'[39m,
    presentationMode: [32m'normal'[39m,
    scriptId: [32m'circuit-climb'[39m
  }
}
[Telemetry][VT:0] GENERATOR_START { startNumber: [33m11[39m, mode: [32m'standard'[39m }
[Telemetry][VT:0] GENERATOR_STEP_CREATED { stepIndex: [33m0[39m, startNumber: [33m11[39m, answer: [33m14[39m }
[STEP TRACE] [
  {
    i: [33m0[39m,
    startNumber: [33m11[39m,
    value: [33m3[39m,
    operation: [32m'+'[39m,
    correctAnswer: [33m14[39m,
    distractors: [ [33m14[39m, [33m13[39m, [33m17[39m ],
    distractorCount: [33m3[39m,
    source: [32m'engine'[39m,
    fallbackUsed: [90mundefined[39m
  }
]
[GEN CONFIG TRACE] {
  mode: [32m'standard'[39m,
  operation: [90mundefined[39m,
  difficulty: [33m5[39m,
  totalSteps: [33m1[39m,
  answerChoices: [33m3[39m,
  table: [90mundefined[39m,
  skipSize: [90mundefined[39m,
  fullConfig: {
    learningMode: [32m'standard'[39m,
    totalSteps: [33m1[39m,
    targetNumber: [33m18[39m,
    targetFlex: [33m0[39m,
    rangeMin: [33m1[39m,
    rangeMax: [33m18[39m,
    answerChoices: [33m3[39m,
    difficultyLevel: [33m5[39m,
    phaseSequence: [ [36m[Object][39m ],
    opsEnabled: { [32m'+'[39m: [33mtrue[39m, [32m'-'[39m: [33mfalse[39m, [32m'ร—'[39m: [33mfalse[39m, [32m'รท'[39m: [33mfalse[39m },
    activeMode: [32m'normal'[39m,
    isMuted: [33mfalse[39m,
    timerOn: [33mfalse[39m,
    quickMindInterval: [33m10[39m,
    darkModeInterval: [33m10[39m,
    modifiersPerStep: [33m1[39m,
    enableVariables: [33mfalse[39m,
    stopwatchSkin: [32m'default'[39m,
    progressionMode: [32m'adaptive'[39m,
    presentationMode: [32m'normal'[39m,
    scriptId: [32m'circuit-climb'[39m
  }
}
[Telemetry][VT:0] GENERATOR_START { startNumber: [33m12[39m, mode: [32m'standard'[39m }
[Telemetry][VT:0] GENERATOR_STEP_CREATED { stepIndex: [33m0[39m, startNumber: [33m12[39m, answer: [33m17[39m }
[STEP TRACE] [
  {
    i: [33m0[39m,
    startNumber: [33m12[39m,
    value: [33m5[39m,
    operation: [32m'+'[39m,
    correctAnswer: [33m17[39m,
    distractors: [ [33m14[39m, [33m17[39m, [33m19[39m ],
    distractorCount: [33m3[39m,
    source: [32m'engine'[39m,
    fallbackUsed: [90mundefined[39m
  }
]
[GEN CONFIG TRACE] {
  mode: [32m'standard'[39m,
  operation: [90mundefined[39m,
  difficulty: [33m5[39m,
  totalSteps: [33m1[39m,
  answerChoices: [33m3[39m,
  table: [90mundefined[39m,
  skipSize: [90mundefined[39m,
  fullConfig: {
    learningMode: [32m'standard'[39m,
    totalSteps: [33m1[39m,
    targetNumber: [33m18[39m,
    targetFlex: [33m0[39m,
    rangeMin: [33m1[39m,
    rangeMax: [33m18[39m,
    answerChoices: [33m3[39m,
    difficultyLevel: [33m5[39m,
    phaseSequence: [ [36m[Object][39m ],
    opsEnabled: { [32m'+'[39m: [33mtrue[39m, [32m'-'[39m: [33mfalse[39m, [32m'ร—'[39m: [33mfalse[39m, [32m'รท'[39m: [33mfalse[39m },
    activeMode: [32m'normal'[39m,
    isMuted: [33mfalse[39m,
    timerOn: [33mfalse[39m,
    quickMindInterval: [33m10[39m,
    darkModeInterval: [33m10[39m,
    modifiersPerStep: [33m1[39m,
    enableVariables: [33mfalse[39m,
    stopwatchSkin: [32m'default'[39m,
    progressionMode: [32m'adaptive'[39m,
    presentationMode: [32m'normal'[39m,
    scriptId: [32m'circuit-climb'[39m
  }
}
[Telemetry][VT:0] GENERATOR_START { startNumber: [33m13[39m, mode: [32m'standard'[39m }
[Telemetry][VT:0] GENERATOR_STEP_CREATED { stepIndex: [33m0[39m, startNumber: [33m13[39m, answer: [33m14[39m }
[STEP TRACE] [
  {
    i: [33m0[39m,
    startNumber: [33m13[39m,
    value: [33m1[39m,
    operation: [32m'+'[39m,
    correctAnswer: [33m14[39m,
    distractors: [ [33m12[39m, [33m17[39m, [33m14[39m ],
    distractorCount: [33m3[39m,
    source: [32m'engine'[39m,
    fallbackUsed: [90mundefined[39m
  }
]
[GEN CONFIG TRACE] {
  mode: [32m'standard'[39m,
  operation: [90mundefined[39m,
  difficulty: [33m5[39m,
  totalSteps: [33m1[39m,
  answerChoices: [33m3[39m,
  table: [90mundefined[39m,
  skipSize: [90mundefined[39m,
  fullConfig: {
    learningMode: [32m'standard'[39m,
    totalSteps: [33m1[39m,
    targetNumber: [33m18[39m,
    targetFlex: [33m0[39m,
    rangeMin: [33m1[39m,
    rangeMax: [33m18[39m,
    answerChoices: [33m3[39m,
    difficultyLevel: [33m5[39m,
    phaseSequence: [ [36m[Object][39m ],
    opsEnabled: { [32m'+'[39m: [33mtrue[39m, [32m'-'[39m: [33mfalse[39m, [32m'ร—'[39m: [33mfalse[39m, [32m'รท'[39m: [33mfalse[39m },
    activeMode: [32m'normal'[39m,
    isMuted: [33mfalse[39m,
    timerOn: [33mfalse[39m,
    quickMindInterval: [33m10[39m,
    darkModeInterval: [33m10[39m,
    modifiersPerStep: [33m1[39m,
    enableVariables: [33mfalse[39m,
    stopwatchSkin: [32m'default'[39m,
    progressionMode: [32m'adaptive'[39m,
    presentationMode: [32m'normal'[39m,
    scriptId: [32m'circuit-climb'[39m
  }
}
[Telemetry][VT:0] GENERATOR_START { startNumber: [33m14[39m, mode: [32m'standard'[39m }
[Telemetry][VT:0] GENERATOR_STEP_CREATED { stepIndex: [33m0[39m, startNumber: [33m14[39m, answer: [33m16[39m }
[STEP TRACE] [
  {
    i: [33m0[39m,
    startNumber: [33m14[39m,
    value: [33m2[39m,
    operation: [32m'+'[39m,
    correctAnswer: [33m16[39m,
    distractors: [ [33m13[39m, [33m18[39m, [33m16[39m ],
    distractorCount: [33m3[39m,
    source: [32m'engine'[39m,
    fallbackUsed: [90mundefined[39m
  }
]
[GEN CONFIG TRACE] {
  mode: [32m'standard'[39m,
  operation: [90mundefined[39m,
  difficulty: [33m5[39m,
  totalSteps: [33m1[39m,
  answerChoices: [33m3[39m,
  table: [90mundefined[39m,
  skipSize: [90mundefined[39m,
  fullConfig: {
    learningMode: [32m'standard'[39m,
    totalSteps: [33m1[39m,
    targetNumber: [33m18[39m,
    targetFlex: [33m0[39m,
    rangeMin: [33m1[39m,
    rangeMax: [33m18[39m,
    answerChoices: [33m3[39m,
    difficultyLevel: [33m5[39m,
    phaseSequence: [ [36m[Object][39m ],
    opsEnabled: { [32m'+'[39m: [33mtrue[39m, [32m'-'[39m: [33mfalse[39m, [32m'ร—'[39m: [33mfalse[39m, [32m'รท'[39m: [33mfalse[39m },
    activeMode: [32m'normal'[39m,
    isMuted: [33mfalse[39m,
    timerOn: [33mfalse[39m,
    quickMindInterval: [33m10[39m,
    darkModeInterval: [33m10[39m,
    modifiersPerStep: [33m1[39m,
    enableVariables: [33mfalse[39m,
    stopwatchSkin: [32m'default'[39m,
    progressionMode: [32m'adaptive'[39m,
    presentationMode: [32m'normal'[39m,
    scriptId: [32m'circuit-climb'[39m
  }
}
[Telemetry][VT:0] GENERATOR_START { startNumber: [33m15[39m, mode: [32m'standard'[39m }
[Telemetry][VT:0] GENERATOR_STEP_CREATED { stepIndex: [33m0[39m, startNumber: [33m15[39m, answer: [33m17[39m }
[STEP TRACE] [
  {
    i: [33m0[39m,
    startNumber: [33m15[39m,
    value: [33m2[39m,
    operation: [32m'+'[39m,
    correctAnswer: [33m17[39m,
    distractors: [ [33m20[39m, [33m19[39m, [33m17[39m ],
    distractorCount: [33m3[39m,
    source: [32m'engine'[39m,
    fallbackUsed: [90mundefined[39m
  }
]
[GEN CONFIG TRACE] {
  mode: [32m'standard'[39m,
  operation: [90mundefined[39m,
  difficulty: [33m5[39m,
  totalSteps: [33m1[39m,
  answerChoices: [33m3[39m,
  table: [90mundefined[39m,
  skipSize: [90mundefined[39m,
  fullConfig: {
    learningMode: [32m'standard'[39m,
    totalSteps: [33m1[39m,
    targetNumber: [33m18[39m,
    targetFlex: [33m0[39m,
    rangeMin: [33m1[39m,
    rangeMax: [33m18[39m,
    answerChoices: [33m3[39m,
    difficultyLevel: [33m5[39m,
    phaseSequence: [ [36m[Object][39m ],
    opsEnabled: { [32m'+'[39m: [33mtrue[39m, [32m'-'[39m: [33mfalse[39m, [32m'ร—'[39m: [33mfalse[39m, [32m'รท'[39m: [33mfalse[39m },
    activeMode: [32m'normal'[39m,
    isMuted: [33mfalse[39m,
    timerOn: [33mfalse[39m,
    quickMindInterval: [33m10[39m,
    darkModeInterval: [33m10[39m,
    modifiersPerStep: [33m1[39m,
    enableVariables: [33mfalse[39m,
    stopwatchSkin: [32m'default'[39m,
    progressionMode: [32m'adaptive'[39m,
    presentationMode: [32m'normal'[39m,
    scriptId: [32m'circuit-climb'[39m
  }
}
[Telemetry][VT:0] GENERATOR_START { startNumber: [33m16[39m, mode: [32m'standard'[39m }
[Telemetry][VT:0] GENERATOR_STEP_CREATED { stepIndex: [33m0[39m, startNumber: [33m16[39m, answer: [33m18[39m }
[STEP TRACE] [
  {
    i: [33m0[39m,
    startNumber: [33m16[39m,
    value: [33m2[39m,
    operation: [32m'+'[39m,
    correctAnswer: [33m18[39m,
    distractors: [ [33m21[39m, [33m18[39m, [33m20[39m ],
    distractorCount: [33m3[39m,
    source: [32m'engine'[39m,
    fallbackUsed: [90mundefined[39m
  }
]
[GEN CONFIG TRACE] {
  mode: [32m'standard'[39m,
  operation: [90mundefined[39m,
  difficulty: [33m5[39m,
  totalSteps: [33m1[39m,
  answerChoices: [33m3[39m,
  table: [90mundefined[39m,
  skipSize: [90mundefined[39m,
  fullConfig: {
    learningMode: [32m'standard'[39m,
    totalSteps: [33m1[39m,
    targetNumber: [33m18[39m,
    targetFlex: [33m0[39m,
    rangeMin: [33m1[39m,
    rangeMax: [33m18[39m,
    answerChoices: [33m3[39m,
    difficultyLevel: [33m5[39m,
    phaseSequence: [ [36m[Object][39m ],
    opsEnabled: { [32m'+'[39m: [33mtrue[39m, [32m'-'[39m: [33mfalse[39m, [32m'ร—'[39m: [33mfalse[39m, [32m'รท'[39m: [33mfalse[39m },
    activeMode: [32m'normal'[39m,
    isMuted: [33mfalse[39m,
    timerOn: [33mfalse[39m,
    quickMindInterval: [33m10[39m,
    darkModeInterval: [33m10[39m,
    modifiersPerStep: [33m1[39m,
    enableVariables: [33mfalse[39m,
    stopwatchSkin: [32m'default'[39m,
    progressionMode: [32m'adaptive'[39m,
    presentationMode: [32m'normal'[39m,
    scriptId: [32m'circuit-climb'[39m
  }
}
[Telemetry][VT:0] GENERATOR_START { startNumber: [33m17[39m, mode: [32m'standard'[39m }
[Telemetry][VT:0] GENERATOR_STEP_CREATED { stepIndex: [33m0[39m, startNumber: [33m17[39m, answer: [33m18[39m }
[STEP TRACE] [
  {
    i: [33m0[39m,
    startNumber: [33m17[39m,
    value: [33m1[39m,
    operation: [32m'+'[39m,
    correctAnswer: [33m18[39m,
    distractors: [ [33m17[39m, [33m16[39m, [33m18[39m ],
    distractorCount: [33m3[39m,
    source: [32m'engine'[39m,
    fallbackUsed: [90mundefined[39m
  }
]
[GEN CONFIG TRACE] {
  mode: [32m'standard'[39m,
  operation: [90mundefined[39m,
  difficulty: [33m5[39m,
  totalSteps: [33m1[39m,
  answerChoices: [33m3[39m,
  table: [90mundefined[39m,
  skipSize: [90mundefined[39m,
  fullConfig: {
    learningMode: [32m'standard'[39m,
    totalSteps: [33m1[39m,
    targetNumber: [33m18[39m,
    targetFlex: [33m0[39m,
    rangeMin: [33m1[39m,
    rangeMax: [33m18[39m,
    answerChoices: [33m3[39m,
    difficultyLevel: [33m5[39m,
    phaseSequence: [ [36m[Object][39m ],
    opsEnabled: { [32m'+'[39m: [33mtrue[39m, [32m'-'[39m: [33mfalse[39m, [32m'ร—'[39m: [33mfalse[39m, [32m'รท'[39m: [33mfalse[39m },
    activeMode: [32m'normal'[39m,
    isMuted: [33mfalse[39m,
    timerOn: [33mfalse[39m,
    quickMindInterval: [33m10[39m,
    darkModeInterval: [33m10[39m,
    modifiersPerStep: [33m1[39m,
    enableVariables: [33mfalse[39m,
    stopwatchSkin: [32m'default'[39m,
    progressionMode: [32m'adaptive'[39m,
    presentationMode: [32m'normal'[39m,
    scriptId: [32m'circuit-climb'[39m
  }
}
[Telemetry][VT:0] GENERATOR_START { startNumber: [33m1[39m, mode: [32m'standard'[39m }
[Telemetry][VT:0] GENERATOR_STEP_CREATED { stepIndex: [33m0[39m, startNumber: [33m1[39m, answer: [33m11[39m }
[STEP TRACE] [
  {
    i: [33m0[39m,
    startNumber: [33m1[39m,
    value: [33m10[39m,
    operation: [32m'+'[39m,
    correctAnswer: [33m11[39m,
    distractors: [ [33m11[39m, [33m12[39m, [33m10[39m ],
    distractorCount: [33m3[39m,
    source: [32m'engine'[39m,
    fallbackUsed: [90mundefined[39m
  }
]
[GEN CONFIG TRACE] {
  mode: [32m'standard'[39m,
  operation: [90mundefined[39m,
  difficulty: [33m5[39m,
  totalSteps: [33m1[39m,
  answerChoices: [33m3[39m,
  table: [90mundefined[39m,
  skipSize: [90mundefined[39m,
  fullConfig: {
    learningMode: [32m'standard'[39m,
    totalSteps: [33m1[39m,
    targetNumber: [33m18[39m,
    targetFlex: [33m0[39m,
    rangeMin: [33m1[39m,
    rangeMax: [33m18[39m,
    answerChoices: [33m3[39m,
    difficultyLevel: [33m5[39m,
    phaseSequence: [ [36m[Object][39m ],
    opsEnabled: { [32m'+'[39m: [33mtrue[39m, [32m'-'[39m: [33mfalse[39m, [32m'ร—'[39m: [33mfalse[39m, [32m'รท'[39m: [33mfalse[39m },
    activeMode: [32m'normal'[39m,
    isMuted: [33mfalse[39m,
    timerOn: [33mfalse[39m,
    quickMindInterval: [33m10[39m,
    darkModeInterval: [33m10[39m,
    modifiersPerStep: [33m1[39m,
    enableVariables: [33mfalse[39m,
    stopwatchSkin: [32m'default'[39m,
    progressionMode: [32m'adaptive'[39m,
    presentationMode: [32m'normal'[39m,
    scriptId: [32m'circuit-climb'[39m
  }
}
[Telemetry][VT:0] GENERATOR_START { startNumber: [33m2[39m, mode: [32m'standard'[39m }
[Telemetry][VT:0] GENERATOR_STEP_CREATED { stepIndex: [33m0[39m, startNumber: [33m2[39m, answer: [33m11[39m }
[STEP TRACE] [
  {
    i: [33m0[39m,
    startNumber: [33m2[39m,
    value: [33m9[39m,
    operation: [32m'+'[39m,
    correctAnswer: [33m11[39m,
    distractors: [ [33m11[39m, [33m13[39m, [33m10[39m ],
    distractorCount: [33m3[39m,
    source: [32m'engine'[39m,
    fallbackUsed: [90mundefined[39m
  }
]
[GEN CONFIG TRACE] {
  mode: [32m'standard'[39m,
  operation: [90mundefined[39m,
  difficulty: [33m5[39m,
  totalSteps: [33m1[39m,
  answerChoices: [33m3[39m,
  table: [90mundefined[39m,
  skipSize: [90mundefined[39m,
  fullConfig: {
    learningMode: [32m'standard'[39m,
    totalSteps: [33m1[39m,
    targetNumber: [33m18[39m,
    targetFlex: [33m0[39m,
    rangeMin: [33m1[39m,
    rangeMax: [33m18[39m,
    answerChoices: [33m3[39m,
    difficultyLevel: [33m5[39m,
    phaseSequence: [ [36m[Object][39m ],
    opsEnabled: { [32m'+'[39m: [33mtrue[39m, [32m'-'[39m: [33mfalse[39m, [32m'ร—'[39m: [33mfalse[39m, [32m'รท'[39m: [33mfalse[39m },
    activeMode: [32m'normal'[39m,
    isMuted: [33mfalse[39m,
    timerOn: [33mfalse[39m,
    quickMindInterval: [33m10[39m,
    darkModeInterval: [33m10[39m,
    modifiersPerStep: [33m1[39m,
    enableVariables: [33mfalse[39m,
    stopwatchSkin: [32m'default'[39m,
    progressionMode: [32m'adaptive'[39m,
    presentationMode: [32m'normal'[39m,
    scriptId: [32m'circuit-climb'[39m
  }
}
[Telemetry][VT:0] GENERATOR_START { startNumber: [33m3[39m, mode: [32m'standard'[39m }
[Telemetry][VT:0] GENERATOR_STEP_CREATED { stepIndex: [33m0[39m, startNumber: [33m3[39m, answer: [33m7[39m }
[STEP TRACE] [
  {
    i: [33m0[39m,
    startNumber: [33m3[39m,
    value: [33m4[39m,
    operation: [32m'+'[39m,
    correctAnswer: [33m7[39m,
    distractors: [ [33m6[39m, [33m7[39m, [33m9[39m ],
    distractorCount: [33m3[39m,
    source: [32m'engine'[39m,
    fallbackUsed: [90mundefined[39m
  }
]
[GEN CONFIG TRACE] {
  mode: [32m'standard'[39m,
  operation: [90mundefined[39m,
  difficulty: [33m5[39m,
  totalSteps: [33m1[39m,
  answerChoices: [33m3[39m,
  table: [90mundefined[39m,
  skipSize: [90mundefined[39m,
  fullConfig: {
    learningMode: [32m'standard'[39m,
    totalSteps: [33m1[39m,
    targetNumber: [33m18[39m,
    targetFlex: [33m0[39m,
    rangeMin: [33m1[39m,
    rangeMax: [33m18[39m,
    answerChoices: [33m3[39m,
    difficultyLevel: [33m5[39m,
    phaseSequence: [ [36m[Object][39m ],
    opsEnabled: { [32m'+'[39m: [33mtrue[39m, [32m'-'[39m: [33mfalse[39m, [32m'ร—'[39m: [33mfalse[39m, [32m'รท'[39m: [33mfalse[39m },
    activeMode: [32m'normal'[39m,
    isMuted: [33mfalse[39m,
    timerOn: [33mfalse[39m,
    quickMindInterval: [33m10[39m,
    darkModeInterval: [33m10[39m,
    modifiersPerStep: [33m1[39m,
    enableVariables: [33mfalse[39m,
    stopwatchSkin: [32m'default'[39m,
    progressionMode: [32m'adaptive'[39m,
    presentationMode: [32m'normal'[39m,
    scriptId: [32m'circuit-climb'[39m
  }
}
[Telemetry][VT:0] GENERATOR_START { startNumber: [33m4[39m, mode: [32m'standard'[39m }
[Telemetry][VT:0] GENERATOR_STEP_CREATED { stepIndex: [33m0[39m, startNumber: [33m4[39m, answer: [33m7[39m }
[STEP TRACE] [
  {
    i: [33m0[39m,
    startNumber: [33m4[39m,
    value: [33m3[39m,
    operation: [32m'+'[39m,
    correctAnswer: [33m7[39m,
    distractors: [ [33m6[39m, [33m7[39m, [33m5[39m ],
    distractorCount: [33m3[39m,
    source: [32m'engine'[39m,
    fallbackUsed: [90mundefined[39m
  }
]
[GEN CONFIG TRACE] {
  mode: [32m'standard'[39m,
  operation: [90mundefined[39m,
  difficulty: [33m5[39m,
  totalSteps: [33m1[39m,
  answerChoices: [33m3[39m,
  table: [90mundefined[39m,
  skipSize: [90mundefined[39m,
  fullConfig: {
    learningMode: [32m'standard'[39m,
    totalSteps: [33m1[39m,
    targetNumber: [33m18[39m,
    targetFlex: [33m0[39m,
    rangeMin: [33m1[39m,
    rangeMax: [33m18[39m,
    answerChoices: [33m3[39m,
    difficultyLevel: [33m5[39m,
    phaseSequence: [ [36m[Object][39m ],
    opsEnabled: { [32m'+'[39m: [33mtrue[39m, [32m'-'[39m: [33mfalse[39m, [32m'ร—'[39m: [33mfalse[39m, [32m'รท'[39m: [33mfalse[39m },
    activeMode: [32m'normal'[39m,
    isMuted: [33mfalse[39m,
    timerOn: [33mfalse[39m,
    quickMindInterval: [33m10[39m,
    darkModeInterval: [33m10[39m,
    modifiersPerStep: [33m1[39m,
    enableVariables: [33mfalse[39m,
    stopwatchSkin: [32m'default'[39m,
    progressionMode: [32m'adaptive'[39m,
    presentationMode: [32m'normal'[39m,
    scriptId: [32m'circuit-climb'[39m
  }
}
[Telemetry][VT:0] GENERATOR_START { startNumber: [33m5[39m, mode: [32m'standard'[39m }
[Telemetry][VT:0] GENERATOR_STEP_CREATED { stepIndex: [33m0[39m, startNumber: [33m5[39m, answer: [33m7[39m }
[STEP TRACE] [
  {
    i: [33m0[39m,
    startNumber: [33m5[39m,
    value: [33m2[39m,
    operation: [32m'+'[39m,
    correctAnswer: [33m7[39m,
    distractors: [ [33m10[39m, [33m9[39m, [33m7[39m ],
    distractorCount: [33m3[39m,
    source: [32m'engine'[39m,
    fallbackUsed: [90mundefined[39m
  }
]
[GEN CONFIG TRACE] {
  mode: [32m'standard'[39m,
  operation: [90mundefined[39m,
  difficulty: [33m5[39m,
  totalSteps: [33m1[39m,
  answerChoices: [33m3[39m,
  table: [90mundefined[39m,
  skipSize: [90mundefined[39m,
  fullConfig: {
    learningMode: [32m'standard'[39m,
    totalSteps: [33m1[39m,
    targetNumber: [33m18[39m,
    targetFlex: [33m0[39m,
    rangeMin: [33m1[39m,
    rangeMax: [33m18[39m,
    answerChoices: [33m3[39m,
    difficultyLevel: [33m5[39m,
    phaseSequence: [ [36m[Object][39m ],
    opsEnabled: { [32m'+'[39m: [33mtrue[39m, [32m'-'[39m: [33mfalse[39m, [32m'ร—'[39m: [33mfalse[39m, [32m'รท'[39m: [33mfalse[39m },
    activeMode: [32m'normal'[39m,
    isMuted: [33mfalse[39m,
    timerOn: [33mfalse[39m,
    quickMindInterval: [33m10[39m,
    darkModeInterval: [33m10[39m,
    modifiersPerStep: [33m1[39m,
    enableVariables: [33mfalse[39m,
    stopwatchSkin: [32m'default'[39m,
    progressionMode: [32m'adaptive'[39m,
    presentationMode: [32m'normal'[39m,
    scriptId: [32m'circuit-climb'[39m
  }
}
[Telemetry][VT:0] GENERATOR_START { startNumber: [33m6[39m, mode: [32m'standard'[39m }
[Telemetry][VT:0] GENERATOR_STEP_CREATED { stepIndex: [33m0[39m, startNumber: [33m6[39m, answer: [33m7[39m }
[STEP TRACE] [
  {
    i: [33m0[39m,
    startNumber: [33m6[39m,
    value: [33m1[39m,
    operation: [32m'+'[39m,
    correctAnswer: [33m7[39m,
    distractors: [ [33m4[39m, [33m7[39m, [33m6[39m ],
    distractorCount: [33m3[39m,
    source: [32m'engine'[39m,
    fallbackUsed: [90mundefined[39m
  }
]
[GEN CONFIG TRACE] {
  mode: [32m'standard'[39m,
  operation: [90mundefined[39m,
  difficulty: [33m5[39m,
  totalSteps: [33m1[39m,
  answerChoices: [33m3[39m,
  table: [90mundefined[39m,
  skipSize: [90mundefined[39m,
  fullConfig: {
    learningMode: [32m'standard'[39m,
    totalSteps: [33m1[39m,
    targetNumber: [33m18[39m,
    targetFlex: [33m0[39m,
    rangeMin: [33m1[39m,
    rangeMax: [33m18[39m,
    answerChoices: [33m3[39m,
    difficultyLevel: [33m5[39m,
    phaseSequence: [ [36m[Object][39m ],
    opsEnabled: { [32m'+'[39m: [33mtrue[39m, [32m'-'[39m: [33mfalse[39m, [32m'ร—'[39m: [33mfalse[39m, [32m'รท'[39m: [33mfalse[39m },
    activeMode: [32m'normal'[39m,
    isMuted: [33mfalse[39m,
    timerOn: [33mfalse[39m,
    quickMindInterval: [33m10[39m,
    darkModeInterval: [33m10[39m,
    modifiersPerStep: [33m1[39m,
    enableVariables: [33mfalse[39m,
    stopwatchSkin: [32m'default'[39m,
    progressionMode: [32m'adaptive'[39m,
    presentationMode: [32m'normal'[39m,
    scriptId: [32m'circuit-climb'[39m
  }
}
[Telemetry][VT:0] GENERATOR_START { startNumber: [33m7[39m, mode: [32m'standard'[39m }
[Telemetry][VT:0] GENERATOR_STEP_CREATED { stepIndex: [33m0[39m, startNumber: [33m7[39m, answer: [33m11[39m }
[STEP TRACE] [
  {
    i: [33m0[39m,
    startNumber: [33m7[39m,
    value: [33m4[39m,
    operation: [32m'+'[39m,
    correctAnswer: [33m11[39m,
    distractors: [ [33m11[39m, [33m14[39m, [33m13[39m ],
    distractorCount: [33m3[39m,
    source: [32m'engine'[39m,
    fallbackUsed: [90mundefined[39m
  }
]
[GEN CONFIG TRACE] {
  mode: [32m'standard'[39m,
  operation: [90mundefined[39m,
  difficulty: [33m5[39m,
  totalSteps: [33m1[39m,
  answerChoices: [33m3[39m,
  table: [90mundefined[39m,
  skipSize: [90mundefined[39m,
  fullConfig: {
    learningMode: [32m'standard'[39m,
    totalSteps: [33m1[39m,
    targetNumber: [33m18[39m,
    targetFlex: [33m0[39m,
    rangeMin: [33m1[39m,
    rangeMax: [33m18[39m,
    answerChoices: [33m3[39m,
    difficultyLevel: [33m5[39m,
    phaseSequence: [ [36m[Object][39m ],
    opsEnabled: { [32m'+'[39m: [33mtrue[39m, [32m'-'[39m: [33mfalse[39m, [32m'ร—'[39m: [33mfalse[39m, [32m'รท'[39m: [33mfalse[39m },
    activeMode: [32m'normal'[39m,
    isMuted: [33mfalse[39m,
    timerOn: [33mfalse[39m,
    quickMindInterval: [33m10[39m,
    darkModeInterval: [33m10[39m,
    modifiersPerStep: [33m1[39m,
    enableVariables: [33mfalse[39m,
    stopwatchSkin: [32m'default'[39m,
    progressionMode: [32m'adaptive'[39m,
    presentationMode: [32m'normal'[39m,
    scriptId: [32m'circuit-climb'[39m
  }
}
[Telemetry][VT:0] GENERATOR_START { startNumber: [33m8[39m, mode: [32m'standard'[39m }
[Telemetry][VT:0] GENERATOR_STEP_CREATED { stepIndex: [33m0[39m, startNumber: [33m8[39m, answer: [33m13[39m }
[STEP TRACE] [
  {
    i: [33m0[39m,
    startNumber: [33m8[39m,
    value: [33m5[39m,
    operation: [32m'+'[39m,
    correctAnswer: [33m13[39m,
    distractors: [ [33m10[39m, [33m13[39m, [33m11[39m ],
    distractorCount: [33m3[39m,
    source: [32m'engine'[39m,
    fallbackUsed: [90mundefined[39m
  }
]
[GEN CONFIG TRACE] {
  mode: [32m'standard'[39m,
  operation: [90mundefined[39m,
  difficulty: [33m5[39m,
  totalSteps: [33m1[39m,
  answerChoices: [33m3[39m,
  table: [90mundefined[39m,
  skipSize: [90mundefined[39m,
  fullConfig: {
    learningMode: [32m'standard'[39m,
    totalSteps: [33m1[39m,
    targetNumber: [33m18[39m,
    targetFlex: [33m0[39m,
    rangeMin: [33m1[39m,
    rangeMax: [33m18[39m,
    answerChoices: [33m3[39m,
    difficultyLevel: [33m5[39m,
    phaseSequence: [ [36m[Object][39m ],
    opsEnabled: { [32m'+'[39m: [33mtrue[39m, [32m'-'[39m: [33mfalse[39m, [32m'ร—'[39m: [33mfalse[39m, [32m'รท'[39m: [33mfalse[39m },
    activeMode: [32m'normal'[39m,
    isMuted: [33mfalse[39m,
    timerOn: [33mfalse[39m,
    quickMindInterval: [33m10[39m,
    darkModeInterval: [33m10[39m,
    modifiersPerStep: [33m1[39m,
    enableVariables: [33mfalse[39m,
    stopwatchSkin: [32m'default'[39m,
    progressionMode: [32m'adaptive'[39m,
    presentationMode: [32m'normal'[39m,
    scriptId: [32m'circuit-climb'[39m
  }
}
[Telemetry][VT:0] GENERATOR_START { startNumber: [33m9[39m, mode: [32m'standard'[39m }
[Telemetry][VT:0] GENERATOR_STEP_CREATED { stepIndex: [33m0[39m, startNumber: [33m9[39m, answer: [33m10[39m }
[STEP TRACE] [
  {
    i: [33m0[39m,
    startNumber: [33m9[39m,
    value: [33m1[39m,
    operation: [32m'+'[39m,
    correctAnswer: [33m10[39m,
    distractors: [ [33m9[39m, [33m10[39m, [33m12[39m ],
    distractorCount: [33m3[39m,
    source: [32m'engine'[39m,
    fallbackUsed: [90mundefined[39m
  }
]
[GEN CONFIG TRACE] {
  mode: [32m'standard'[39m,
  operation: [90mundefined[39m,
  difficulty: [33m5[39m,
  totalSteps: [33m1[39m,
  answerChoices: [33m3[39m,
  table: [90mundefined[39m,
  skipSize: [90mundefined[39m,
  fullConfig: {
    learningMode: [32m'standard'[39m,
    totalSteps: [33m1[39m,
    targetNumber: [33m18[39m,
    targetFlex: [33m0[39m,
    rangeMin: [33m1[39m,
    rangeMax: [33m18[39m,
    answerChoices: [33m3[39m,
    difficultyLevel: [33m5[39m,
    phaseSequence: [ [36m[Object][39m ],
    opsEnabled: { [32m'+'[39m: [33mtrue[39m, [32m'-'[39m: [33mfalse[39m, [32m'ร—'[39m: [33mfalse[39m, [32m'รท'[39m: [33mfalse[39m },
    activeMode: [32m'normal'[39m,
    isMuted: [33mfalse[39m,
    timerOn: [33mfalse[39m,
    quickMindInterval: [33m10[39m,
    darkModeInterval: [33m10[39m,
    modifiersPerStep: [33m1[39m,
    enableVariables: [33mfalse[39m,
    stopwatchSkin: [32m'default'[39m,
    progressionMode: [32m'adaptive'[39m,
    presentationMode: [32m'normal'[39m,
    scriptId: [32m'circuit-climb'[39m
  }
}
[Telemetry][VT:0] GENERATOR_START { startNumber: [33m10[39m, mode: [32m'standard'[39m }
[Telemetry][VT:0] GENERATOR_STEP_CREATED { stepIndex: [33m0[39m, startNumber: [33m10[39m, answer: [33m12[39m }
[STEP TRACE] [
  {
    i: [33m0[39m,
    startNumber: [33m10[39m,
    value: [33m2[39m,
    operation: [32m'+'[39m,
    correctAnswer: [33m12[39m,
    distractors: [ [33m12[39m, [33m10[39m, [33m15[39m ],
    distractorCount: [33m3[39m,
    source: [32m'engine'[39m,
    fallbackUsed: [90mundefined[39m
  }
]
[GEN CONFIG TRACE] {
  mode: [32m'standard'[39m,
  operation: [90mundefined[39m,
  difficulty: [33m5[39m,
  totalSteps: [33m1[39m,
  answerChoices: [33m3[39m,
  table: [90mundefined[39m,
  skipSize: [90mundefined[39m,
  fullConfig: {
    learningMode: [32m'standard'[39m,
    totalSteps: [33m1[39m,
    targetNumber: [33m18[39m,
    targetFlex: [33m0[39m,
    rangeMin: [33m1[39m,
    rangeMax: [33m18[39m,
    answerChoices: [33m3[39m,
    difficultyLevel: [33m5[39m,
    phaseSequence: [ [36m[Object][39m ],
    opsEnabled: { [32m'+'[39m: [33mtrue[39m, [32m'-'[39m: [33mfalse[39m, [32m'ร—'[39m: [33mfalse[39m, [32m'รท'[39m: [33mfalse[39m },
    activeMode: [32m'normal'[39m,
    isMuted: [33mfalse[39m,
    timerOn: [33mfalse[39m,
    quickMindInterval: [33m10[39m,
    darkModeInterval: [33m10[39m,
    modifiersPerStep: [33m1[39m,
    enableVariables: [33mfalse[39m,
    stopwatchSkin: [32m'default'[39m,
    progressionMode: [32m'adaptive'[39m,
    presentationMode: [32m'normal'[39m,
    scriptId: [32m'circuit-climb'[39m
  }
}
[Telemetry][VT:0] GENERATOR_START { startNumber: [33m11[39m, mode: [32m'standard'[39m }
[Telemetry][VT:0] GENERATOR_STEP_CREATED { stepIndex: [33m0[39m, startNumber: [33m11[39m, answer: [33m15[39m }
[STEP TRACE] [
  {
    i: [33m0[39m,
    startNumber: [33m11[39m,
    value: [33m4[39m,
    operation: [32m'+'[39m,
    correctAnswer: [33m15[39m,
    distractors: [ [33m15[39m, [33m12[39m, [33m18[39m ],
    distractorCount: [33m3[39m,
    source: [32m'engine'[39m,
    fallbackUsed: [90mundefined[39m
  }
]
[GEN CONFIG TRACE] {
  mode: [32m'standard'[39m,
  operation: [90mundefined[39m,
  difficulty: [33m5[39m,
  totalSteps: [33m1[39m,
  answerChoices: [33m3[39m,
  table: [90mundefined[39m,
  skipSize: [90mundefined[39m,
  fullConfig: {
    learningMode: [32m'standard'[39m,
    totalSteps: [33m1[39m,
    targetNumber: [33m18[39m,
    targetFlex: [33m0[39m,
    rangeMin: [33m1[39m,
    rangeMax: [33m18[39m,
    answerChoices: [33m3[39m,
    difficultyLevel: [33m5[39m,
    phaseSequence: [ [36m[Object][39m ],
    opsEnabled: { [32m'+'[39m: [33mtrue[39m, [32m'-'[39m: [33mfalse[39m, [32m'ร—'[39m: [33mfalse[39m, [32m'รท'[39m: [33mfalse[39m },
    activeMode: [32m'normal'[39m,
    isMuted: [33mfalse[39m,
    timerOn: [33mfalse[39m,
    quickMindInterval: [33m10[39m,
    darkModeInterval: [33m10[39m,
    modifiersPerStep: [33m1[39m,
    enableVariables: [33mfalse[39m,
    stopwatchSkin: [32m'default'[39m,
    progressionMode: [32m'adaptive'[39m,
    presentationMode: [32m'normal'[39m,
    scriptId: [32m'circuit-climb'[39m
  }
}
[Telemetry][VT:0] GENERATOR_START { startNumber: [33m12[39m, mode: [32m'standard'[39m }
[Telemetry][VT:0] GENERATOR_STEP_CREATED { stepIndex: [33m0[39m, startNumber: [33m12[39m, answer: [33m18[39m }
[STEP TRACE] [
  {
    i: [33m0[39m,
    startNumber: [33m12[39m,
    value: [33m6[39m,
    operation: [32m'+'[39m,
    correctAnswer: [33m18[39m,
    distractors: [ [33m19[39m, [33m18[39m, [33m20[39m ],
    distractorCount: [33m3[39m,
    source: [32m'engine'[39m,
    fallbackUsed: [90mundefined[39m
  }
]
[GEN CONFIG TRACE] {
  mode: [32m'standard'[39m,
  operation: [90mundefined[39m,
  difficulty: [33m5[39m,
  totalSteps: [33m1[39m,
  answerChoices: [33m3[39m,
  table: [90mundefined[39m,
  skipSize: [90mundefined[39m,
  fullConfig: {
    learningMode: [32m'standard'[39m,
    totalSteps: [33m1[39m,
    targetNumber: [33m20[39m,
    targetFlex: [33m0[39m,
    rangeMin: [33m1[39m,
    rangeMax: [33m20[39m,
    answerChoices: [33m3[39m,
    difficultyLevel: [33m5[39m,
    phaseSequence: [ [36m[Object][39m ],
    opsEnabled: { [32m'+'[39m: [33mtrue[39m, [32m'-'[39m: [33mfalse[39m, [32m'ร—'[39m: [33mfalse[39m, [32m'รท'[39m: [33mfalse[39m },
    activeMode: [32m'normal'[39m,
    isMuted: [33mfalse[39m,
    timerOn: [33mfalse[39m,
    quickMindInterval: [33m10[39m,
    darkModeInterval: [33m10[39m,
    modifiersPerStep: [33m1[39m,
    enableVariables: [33mfalse[39m,
    stopwatchSkin: [32m'default'[39m,
    progressionMode: [32m'adaptive'[39m,
    presentationMode: [32m'normal'[39m,
    scriptId: [32m'circuit-climb'[39m
  }
}
[Telemetry][VT:0] GENERATOR_START { startNumber: [33m4[39m, mode: [32m'standard'[39m }
[Telemetry][VT:0] GENERATOR_STEP_CREATED { stepIndex: [33m0[39m, startNumber: [33m4[39m, answer: [33m6[39m }
[STEP TRACE] [
  {
    i: [33m0[39m,
    startNumber: [33m4[39m,
    value: [33m2[39m,
    operation: [32m'+'[39m,
    correctAnswer: [33m6[39m,
    distractors: [ [33m8[39m, [33m7[39m, [33m6[39m ],
    distractorCount: [33m3[39m,
    source: [32m'engine'[39m,
    fallbackUsed: [90mundefined[39m
  }
]
[GEN CONFIG TRACE] {
  mode: [32m'standard'[39m,
  operation: [90mundefined[39m,
  difficulty: [33m5[39m,
  totalSteps: [33m1[39m,
  answerChoices: [33m3[39m,
  table: [90mundefined[39m,
  skipSize: [90mundefined[39m,
  fullConfig: {
    learningMode: [32m'standard'[39m,
    totalSteps: [33m1[39m,
    targetNumber: [33m20[39m,
    targetFlex: [33m0[39m,
    rangeMin: [33m1[39m,
    rangeMax: [33m20[39m,
    answerChoices: [33m3[39m,
    difficultyLevel: [33m5[39m,
    phaseSequence: [ [36m[Object][39m ],
    opsEnabled: { [32m'+'[39m: [33mtrue[39m, [32m'-'[39m: [33mfalse[39m, [32m'ร—'[39m: [33mfalse[39m, [32m'รท'[39m: [33mfalse[39m },
    activeMode: [32m'normal'[39m,
    isMuted: [33mfalse[39m,
    timerOn: [33mfalse[39m,
    quickMindInterval: [33m10[39m,
    darkModeInterval: [33m10[39m,
    modifiersPerStep: [33m1[39m,
    enableVariables: [33mfalse[39m,
    stopwatchSkin: [32m'default'[39m,
    progressionMode: [32m'adaptive'[39m,
    presentationMode: [32m'normal'[39m,
    scriptId: [32m'circuit-climb'[39m
  }
}
[Telemetry][VT:0] GENERATOR_START { startNumber: [33m5[39m, mode: [32m'standard'[39m }
[Telemetry][VT:0] GENERATOR_STEP_CREATED { stepIndex: [33m0[39m, startNumber: [33m5[39m, answer: [33m7[39m }
[STEP TRACE] [
  {
    i: [33m0[39m,
    startNumber: [33m5[39m,
    value: [33m2[39m,
    operation: [32m'+'[39m,
    correctAnswer: [33m7[39m,
    distractors: [ [33m10[39m, [33m7[39m, [33m5[39m ],
    distractorCount: [33m3[39m,
    source: [32m'engine'[39m,
    fallbackUsed: [90mundefined[39m
  }
]
[GEN CONFIG TRACE] {
  mode: [32m'standard'[39m,
  operation: [90mundefined[39m,
  difficulty: [33m5[39m,
  totalSteps: [33m1[39m,
  answerChoices: [33m3[39m,
  table: [90mundefined[39m,
  skipSize: [90mundefined[39m,
  fullConfig: {
    learningMode: [32m'standard'[39m,
    totalSteps: [33m1[39m,
    targetNumber: [33m20[39m,
    targetFlex: [33m0[39m,
    rangeMin: [33m1[39m,
    rangeMax: [33m20[39m,
    answerChoices: [33m3[39m,
    difficultyLevel: [33m5[39m,
    phaseSequence: [ [36m[Object][39m ],
    opsEnabled: { [32m'+'[39m: [33mtrue[39m, [32m'-'[39m: [33mfalse[39m, [32m'ร—'[39m: [33mfalse[39m, [32m'รท'[39m: [33mfalse[39m },
    activeMode: [32m'normal'[39m,
    isMuted: [33mfalse[39m,
    timerOn: [33mfalse[39m,
    quickMindInterval: [33m10[39m,
    darkModeInterval: [33m10[39m,
    modifiersPerStep: [33m1[39m,
    enableVariables: [33mfalse[39m,
    stopwatchSkin: [32m'default'[39m,
    progressionMode: [32m'adaptive'[39m,
    presentationMode: [32m'normal'[39m,
    scriptId: [32m'circuit-climb'[39m
  }
}
[Telemetry][VT:0] GENERATOR_START { startNumber: [33m6[39m, mode: [32m'standard'[39m }
[Telemetry][VT:0] GENERATOR_STEP_CREATED { stepIndex: [33m0[39m, startNumber: [33m6[39m, answer: [33m10[39m }
[STEP TRACE] [
  {
    i: [33m0[39m,
    startNumber: [33m6[39m,
    value: [33m4[39m,
    operation: [32m'+'[39m,
    correctAnswer: [33m10[39m,
    distractors: [ [33m11[39m, [33m10[39m, [33m7[39m ],
    distractorCount: [33m3[39m,
    source: [32m'engine'[39m,
    fallbackUsed: [90mundefined[39m
  }
]
[GEN CONFIG TRACE] {
  mode: [32m'standard'[39m,
  operation: [90mundefined[39m,
  difficulty: [33m5[39m,
  totalSteps: [33m1[39m,
  answerChoices: [33m3[39m,
  table: [90mundefined[39m,
  skipSize: [90mundefined[39m,
  fullConfig: {
    learningMode: [32m'standard'[39m,
    totalSteps: [33m1[39m,
    targetNumber: [33m20[39m,
    targetFlex: [33m0[39m,
    rangeMin: [33m1[39m,
    rangeMax: [33m20[39m,
    answerChoices: [33m3[39m,
    difficultyLevel: [33m5[39m,
    phaseSequence: [ [36m[Object][39m ],
    opsEnabled: { [32m'+'[39m: [33mtrue[39m, [32m'-'[39m: [33mfalse[39m, [32m'ร—'[39m: [33mfalse[39m, [32m'รท'[39m: [33mfalse[39m },
    activeMode: [32m'normal'[39m,
    isMuted: [33mfalse[39m,
    timerOn: [33mfalse[39m,
    quickMindInterval: [33m10[39m,
    darkModeInterval: [33m10[39m,
    modifiersPerStep: [33m1[39m,
    enableVariables: [33mfalse[39m,
    stopwatchSkin: [32m'default'[39m,
    progressionMode: [32m'adaptive'[39m,
    presentationMode: [32m'normal'[39m,
    scriptId: [32m'circuit-climb'[39m
  }
}
[Telemetry][VT:0] GENERATOR_START { startNumber: [33m7[39m, mode: [32m'standard'[39m }
[Telemetry][VT:0] GENERATOR_STEP_CREATED { stepIndex: [33m0[39m, startNumber: [33m7[39m, answer: [33m9[39m }
[STEP TRACE] [
  {
    i: [33m0[39m,
    startNumber: [33m7[39m,
    value: [33m2[39m,
    operation: [32m'+'[39m,
    correctAnswer: [33m9[39m,
    distractors: [ [33m7[39m, [33m9[39m, [33m6[39m ],
    distractorCount: [33m3[39m,
    source: [32m'engine'[39m,
    fallbackUsed: [90mundefined[39m
  }
]
[GEN CONFIG TRACE] {
  mode: [32m'standard'[39m,
  operation: [90mundefined[39m,
  difficulty: [33m5[39m,
  totalSteps: [33m1[39m,
  answerChoices: [33m3[39m,
  table: [90mundefined[39m,
  skipSize: [90mundefined[39m,
  fullConfig: {
    learningMode: [32m'standard'[39m,
    totalSteps: [33m1[39m,
    targetNumber: [33m20[39m,
    targetFlex: [33m0[39m,
    rangeMin: [33m1[39m,
    rangeMax: [33m20[39m,
    answerChoices: [33m3[39m,
    difficultyLevel: [33m5[39m,
    phaseSequence: [ [36m[Object][39m ],
    opsEnabled: { [32m'+'[39m: [33mtrue[39m, [32m'-'[39m: [33mfalse[39m, [32m'ร—'[39m: [33mfalse[39m, [32m'รท'[39m: [33mfalse[39m },
    activeMode: [32m'normal'[39m,
    isMuted: [33mfalse[39m,
    timerOn: [33mfalse[39m,
    quickMindInterval: [33m10[39m,
    darkModeInterval: [33m10[39m,
    modifiersPerStep: [33m1[39m,
    enableVariables: [33mfalse[39m,
    stopwatchSkin: [32m'default'[39m,
    progressionMode: [32m'adaptive'[39m,
    presentationMode: [32m'normal'[39m,
    scriptId: [32m'circuit-climb'[39m
  }
}
[Telemetry][VT:0] GENERATOR_START { startNumber: [33m8[39m, mode: [32m'standard'[39m }
[Telemetry][VT:0] GENERATOR_STEP_CREATED { stepIndex: [33m0[39m, startNumber: [33m8[39m, answer: [33m9[39m }
[STEP TRACE] [
  {
    i: [33m0[39m,
    startNumber: [33m8[39m,
    value: [33m1[39m,
    operation: [32m'+'[39m,
    correctAnswer: [33m9[39m,
    distractors: [ [33m9[39m, [33m11[39m, [33m12[39m ],
    distractorCount: [33m3[39m,
    source: [32m'engine'[39m,
    fallbackUsed: [90mundefined[39m
  }
]
[GEN CONFIG TRACE] {
  mode: [32m'standard'[39m,
  operation: [90mundefined[39m,
  difficulty: [33m5[39m,
  totalSteps: [33m1[39m,
  answerChoices: [33m3[39m,
  table: [90mundefined[39m,
  skipSize: [90mundefined[39m,
  fullConfig: {
    learningMode: [32m'standard'[39m,
    totalSteps: [33m1[39m,
    targetNumber: [33m20[39m,
    targetFlex: [33m0[39m,
    rangeMin: [33m1[39m,
    rangeMax: [33m20[39m,
    answerChoices: [33m3[39m,
    difficultyLevel: [33m5[39m,
    phaseSequence: [ [36m[Object][39m ],
    opsEnabled: { [32m'+'[39m: [33mtrue[39m, [32m'-'[39m: [33mfalse[39m, [32m'ร—'[39m: [33mfalse[39m, [32m'รท'[39m: [33mfalse[39m },
    activeMode: [32m'normal'[39m,
    isMuted: [33mfalse[39m,
    timerOn: [33mfalse[39m,
    quickMindInterval: [33m10[39m,
    darkModeInterval: [33m10[39m,
    modifiersPerStep: [33m1[39m,
    enableVariables: [33mfalse[39m,
    stopwatchSkin: [32m'default'[39m,
    progressionMode: [32m'adaptive'[39m,
    presentationMode: [32m'normal'[39m,
    scriptId: [32m'circuit-climb'[39m
  }
}
[Telemetry][VT:0] GENERATOR_START { startNumber: [33m9[39m, mode: [32m'standard'[39m }
[Telemetry][VT:0] GENERATOR_STEP_CREATED { stepIndex: [33m0[39m, startNumber: [33m9[39m, answer: [33m20[39m }
[STEP TRACE] [
  {
    i: [33m0[39m,
    startNumber: [33m9[39m,
    value: [33m11[39m,
    operation: [32m'+'[39m,
    correctAnswer: [33m20[39m,
    distractors: [ [33m20[39m, [33m22[39m, [33m17[39m ],
    distractorCount: [33m3[39m,
    source: [32m'engine'[39m,
    fallbackUsed: [90mundefined[39m
  }
]
[GEN CONFIG TRACE] {
  mode: [32m'standard'[39m,
  operation: [90mundefined[39m,
  difficulty: [33m5[39m,
  totalSteps: [33m1[39m,
  answerChoices: [33m3[39m,
  table: [90mundefined[39m,
  skipSize: [90mundefined[39m,
  fullConfig: {
    learningMode: [32m'standard'[39m,
    totalSteps: [33m1[39m,
    targetNumber: [33m20[39m,
    targetFlex: [33m0[39m,
    rangeMin: [33m1[39m,
    rangeMax: [33m20[39m,
    answerChoices: [33m3[39m,
    difficultyLevel: [33m5[39m,
    phaseSequence: [ [36m[Object][39m ],
    opsEnabled: { [32m'+'[39m: [33mtrue[39m, [32m'-'[39m: [33mfalse[39m, [32m'ร—'[39m: [33mfalse[39m, [32m'รท'[39m: [33mfalse[39m },
    activeMode: [32m'normal'[39m,
    isMuted: [33mfalse[39m,
    timerOn: [33mfalse[39m,
    quickMindInterval: [33m10[39m,
    darkModeInterval: [33m10[39m,
    modifiersPerStep: [33m1[39m,
    enableVariables: [33mfalse[39m,
    stopwatchSkin: [32m'default'[39m,
    progressionMode: [32m'adaptive'[39m,
    presentationMode: [32m'normal'[39m,
    scriptId: [32m'circuit-climb'[39m
  }
}
[Telemetry][VT:0] GENERATOR_START { startNumber: [33m10[39m, mode: [32m'standard'[39m }
[Telemetry][VT:0] GENERATOR_STEP_CREATED { stepIndex: [33m0[39m, startNumber: [33m10[39m, answer: [33m20[39m }
[STEP TRACE] [
  {
    i: [33m0[39m,
    startNumber: [33m10[39m,
    value: [33m10[39m,
    operation: [32m'+'[39m,
    correctAnswer: [33m20[39m,
    distractors: [ [33m20[39m, [33m22[39m, [33m18[39m ],
    distractorCount: [33m3[39m,
    source: [32m'engine'[39m,
    fallbackUsed: [90mundefined[39m
  }
]
[GEN CONFIG TRACE] {
  mode: [32m'standard'[39m,
  operation: [90mundefined[39m,
  difficulty: [33m5[39m,
  totalSteps: [33m1[39m,
  answerChoices: [33m3[39m,
  table: [90mundefined[39m,
  skipSize: [90mundefined[39m,
  fullConfig: {
    learningMode: [32m'standard'[39m,
    totalSteps: [33m1[39m,
    targetNumber: [33m20[39m,
    targetFlex: [33m0[39m,
    rangeMin: [33m1[39m,
    rangeMax: [33m20[39m,
    answerChoices: [33m3[39m,
    difficultyLevel: [33m5[39m,
    phaseSequence: [ [36m[Object][39m ],
    opsEnabled: { [32m'+'[39m: [33mtrue[39m, [32m'-'[39m: [33mfalse[39m, [32m'ร—'[39m: [33mfalse[39m, [32m'รท'[39m: [33mfalse[39m },
    activeMode: [32m'normal'[39m,
    isMuted: [33mfalse[39m,
    timerOn: [33mfalse[39m,
    quickMindInterval: [33m10[39m,
    darkModeInterval: [33m10[39m,
    modifiersPerStep: [33m1[39m,
    enableVariables: [33mfalse[39m,
    stopwatchSkin: [32m'default'[39m,
    progressionMode: [32m'adaptive'[39m,
    presentationMode: [32m'normal'[39m,
    scriptId: [32m'circuit-climb'[39m
  }
}
[Telemetry][VT:0] GENERATOR_START { startNumber: [33m11[39m, mode: [32m'standard'[39m }
[Telemetry][VT:0] GENERATOR_STEP_CREATED { stepIndex: [33m0[39m, startNumber: [33m11[39m, answer: [33m15[39m }
[STEP TRACE] [
  {
    i: [33m0[39m,
    startNumber: [33m11[39m,
    value: [33m4[39m,
    operation: [32m'+'[39m,
    correctAnswer: [33m15[39m,
    distractors: [ [33m18[39m, [33m15[39m, [33m14[39m ],
    distractorCount: [33m3[39m,
    source: [32m'engine'[39m,
    fallbackUsed: [90mundefined[39m
  }
]
[GEN CONFIG TRACE] {
  mode: [32m'standard'[39m,
  operation: [90mundefined[39m,
  difficulty: [33m5[39m,
  totalSteps: [33m1[39m,
  answerChoices: [33m3[39m,
  table: [90mundefined[39m,
  skipSize: [90mundefined[39m,
  fullConfig: {
    learningMode: [32m'standard'[39m,
    totalSteps: [33m1[39m,
    targetNumber: [33m20[39m,
    targetFlex: [33m0[39m,
    rangeMin: [33m1[39m,
    rangeMax: [33m20[39m,
    answerChoices: [33m3[39m,
    difficultyLevel: [33m5[39m,
    phaseSequence: [ [36m[Object][39m ],
    opsEnabled: { [32m'+'[39m: [33mtrue[39m, [32m'-'[39m: [33mfalse[39m, [32m'ร—'[39m: [33mfalse[39m, [32m'รท'[39m: [33mfalse[39m },
    activeMode: [32m'normal'[39m,
    isMuted: [33mfalse[39m,
    timerOn: [33mfalse[39m,
    quickMindInterval: [33m10[39m,
    darkModeInterval: [33m10[39m,
    modifiersPerStep: [33m1[39m,
    enableVariables: [33mfalse[39m,
    stopwatchSkin: [32m'default'[39m,
    progressionMode: [32m'adaptive'[39m,
    presentationMode: [32m'normal'[39m,
    scriptId: [32m'circuit-climb'[39m
  }
}
[Telemetry][VT:0] GENERATOR_START { startNumber: [33m12[39m, mode: [32m'standard'[39m }
[Telemetry][VT:0] GENERATOR_STEP_CREATED { stepIndex: [33m0[39m, startNumber: [33m12[39m, answer: [33m19[39m }
[STEP TRACE] [
  {
    i: [33m0[39m,
    startNumber: [33m12[39m,
    value: [33m7[39m,
    operation: [32m'+'[39m,
    correctAnswer: [33m19[39m,
    distractors: [ [33m18[39m, [33m16[39m, [33m19[39m ],
    distractorCount: [33m3[39m,
    source: [32m'engine'[39m,
    fallbackUsed: [90mundefined[39m
  }
]
[GEN CONFIG TRACE] {
  mode: [32m'standard'[39m,
  operation: [90mundefined[39m,
  difficulty: [33m5[39m,
  totalSteps: [33m1[39m,
  answerChoices: [33m3[39m,
  table: [90mundefined[39m,
  skipSize: [90mundefined[39m,
  fullConfig: {
    learningMode: [32m'standard'[39m,
    totalSteps: [33m1[39m,
    targetNumber: [33m20[39m,
    targetFlex: [33m0[39m,
    rangeMin: [33m1[39m,
    rangeMax: [33m20[39m,
    answerChoices: [33m3[39m,
    difficultyLevel: [33m5[39m,
    phaseSequence: [ [36m[Object][39m ],
    opsEnabled: { [32m'+'[39m: [33mtrue[39m, [32m'-'[39m: [33mfalse[39m, [32m'ร—'[39m: [33mfalse[39m, [32m'รท'[39m: [33mfalse[39m },
    activeMode: [32m'normal'[39m,
    isMuted: [33mfalse[39m,
    timerOn: [33mfalse[39m,
    quickMindInterval: [33m10[39m,
    darkModeInterval: [33m10[39m,
    modifiersPerStep: [33m1[39m,
    enableVariables: [33mfalse[39m,
    stopwatchSkin: [32m'default'[39m,
    progressionMode: [32m'adaptive'[39m,
    presentationMode: [32m'normal'[39m,
    scriptId: [32m'circuit-climb'[39m
  }
}
[Telemetry][VT:0] GENERATOR_START { startNumber: [33m13[39m, mode: [32m'standard'[39m }
[Telemetry][VT:0] GENERATOR_STEP_CREATED { stepIndex: [33m0[39m, startNumber: [33m13[39m, answer: [33m14[39m }
[STEP TRACE] [
  {
    i: [33m0[39m,
    startNumber: [33m13[39m,
    value: [33m1[39m,
    operation: [32m'+'[39m,
    correctAnswer: [33m14[39m,
    distractors: [ [33m14[39m, [33m15[39m, [33m12[39m ],
    distractorCount: [33m3[39m,
    source: [32m'engine'[39m,
    fallbackUsed: [90mundefined[39m
  }
]
[GEN CONFIG TRACE] {
  mode: [32m'standard'[39m,
  operation: [90mundefined[39m,
  difficulty: [33m5[39m,
  totalSteps: [33m1[39m,
  answerChoices: [33m3[39m,
  table: [90mundefined[39m,
  skipSize: [90mundefined[39m,
  fullConfig: {
    learningMode: [32m'standard'[39m,
    totalSteps: [33m1[39m,
    targetNumber: [33m20[39m,
    targetFlex: [33m0[39m,
    rangeMin: [33m1[39m,
    rangeMax: [33m20[39m,
    answerChoices: [33m3[39m,
    difficultyLevel: [33m5[39m,
    phaseSequence: [ [36m[Object][39m ],
    opsEnabled: { [32m'+'[39m: [33mtrue[39m, [32m'-'[39m: [33mfalse[39m, [32m'ร—'[39m: [33mfalse[39m, [32m'รท'[39m: [33mfalse[39m },
    activeMode: [32m'normal'[39m,
    isMuted: [33mfalse[39m,
    timerOn: [33mfalse[39m,
    quickMindInterval: [33m10[39m,
    darkModeInterval: [33m10[39m,
    modifiersPerStep: [33m1[39m,
    enableVariables: [33mfalse[39m,
    stopwatchSkin: [32m'default'[39m,
    progressionMode: [32m'adaptive'[39m,
    presentationMode: [32m'normal'[39m,
    scriptId: [32m'circuit-climb'[39m
  }
}
[Telemetry][VT:0] GENERATOR_START { startNumber: [33m14[39m, mode: [32m'standard'[39m }
[Telemetry][VT:0] GENERATOR_STEP_CREATED { stepIndex: [33m0[39m, startNumber: [33m14[39m, answer: [33m18[39m }
[STEP TRACE] [
  {
    i: [33m0[39m,
    startNumber: [33m14[39m,
    value: [33m4[39m,
    operation: [32m'+'[39m,
    correctAnswer: [33m18[39m,
    distractors: [ [33m18[39m, [33m17[39m, [33m15[39m ],
    distractorCount: [33m3[39m,
    source: [32m'engine'[39m,
    fallbackUsed: [90mundefined[39m
  }
]
[GEN CONFIG TRACE] {
  mode: [32m'standard'[39m,
  operation: [90mundefined[39m,
  difficulty: [33m5[39m,
  totalSteps: [33m1[39m,
  answerChoices: [33m3[39m,
  table: [90mundefined[39m,
  skipSize: [90mundefined[39m,
  fullConfig: {
    learningMode: [32m'standard'[39m,
    totalSteps: [33m1[39m,
    targetNumber: [33m20[39m,
    targetFlex: [33m0[39m,
    rangeMin: [33m1[39m,
    rangeMax: [33m20[39m,
    answerChoices: [33m3[39m,
    difficultyLevel: [33m5[39m,
    phaseSequence: [ [36m[Object][39m ],
    opsEnabled: { [32m'+'[39m: [33mtrue[39m, [32m'-'[39m: [33mfalse[39m, [32m'ร—'[39m: [33mfalse[39m, [32m'รท'[39m: [33mfalse[39m },
    activeMode: [32m'normal'[39m,
    isMuted: [33mfalse[39m,
    timerOn: [33mfalse[39m,
    quickMindInterval: [33m10[39m,
    darkModeInterval: [33m10[39m,
    modifiersPerStep: [33m1[39m,
    enableVariables: [33mfalse[39m,
    stopwatchSkin: [32m'default'[39m,
    progressionMode: [32m'adaptive'[39m,
    presentationMode: [32m'normal'[39m,
    scriptId: [32m'circuit-climb'[39m
  }
}
[Telemetry][VT:0] GENERATOR_START { startNumber: [33m15[39m, mode: [32m'standard'[39m }
[Telemetry][VT:0] GENERATOR_STEP_CREATED { stepIndex: [33m0[39m, startNumber: [33m15[39m, answer: [33m20[39m }
[STEP TRACE] [
  {
    i: [33m0[39m,
    startNumber: [33m15[39m,
    value: [33m5[39m,
    operation: [32m'+'[39m,
    correctAnswer: [33m20[39m,
    distractors: [ [33m22[39m, [33m20[39m, [33m23[39m ],
    distractorCount: [33m3[39m,
    source: [32m'engine'[39m,
    fallbackUsed: [90mundefined[39m
  }
]
[GEN CONFIG TRACE] {
  mode: [32m'standard'[39m,
  operation: [90mundefined[39m,
  difficulty: [33m5[39m,
  totalSteps: [33m1[39m,
  answerChoices: [33m3[39m,
  table: [90mundefined[39m,
  skipSize: [90mundefined[39m,
  fullConfig: {
    learningMode: [32m'standard'[39m,
    totalSteps: [33m1[39m,
    targetNumber: [33m20[39m,
    targetFlex: [33m0[39m,
    rangeMin: [33m1[39m,
    rangeMax: [33m20[39m,
    answerChoices: [33m3[39m,
    difficultyLevel: [33m5[39m,
    phaseSequence: [ [36m[Object][39m ],
    opsEnabled: { [32m'+'[39m: [33mtrue[39m, [32m'-'[39m: [33mfalse[39m, [32m'ร—'[39m: [33mfalse[39m, [32m'รท'[39m: [33mfalse[39m },
    activeMode: [32m'normal'[39m,
    isMuted: [33mfalse[39m,
    timerOn: [33mfalse[39m,
    quickMindInterval: [33m10[39m,
    darkModeInterval: [33m10[39m,
    modifiersPerStep: [33m1[39m,
    enableVariables: [33mfalse[39m,
    stopwatchSkin: [32m'default'[39m,
    progressionMode: [32m'adaptive'[39m,
    presentationMode: [32m'normal'[39m,
    scriptId: [32m'circuit-climb'[39m
  }
}
[Telemetry][VT:0] GENERATOR_START { startNumber: [33m16[39m, mode: [32m'standard'[39m }
[Telemetry][VT:0] GENERATOR_STEP_CREATED { stepIndex: [33m0[39m, startNumber: [33m16[39m, answer: [33m19[39m }
[STEP TRACE] [
  {
    i: [33m0[39m,
    startNumber: [33m16[39m,
    value: [33m3[39m,
    operation: [32m'+'[39m,
    correctAnswer: [33m19[39m,
    distractors: [ [33m19[39m, [33m18[39m, [33m20[39m ],
    distractorCount: [33m3[39m,
    source: [32m'engine'[39m,
    fallbackUsed: [90mundefined[39m
  }
]
[GEN CONFIG TRACE] {
  mode: [32m'standard'[39m,
  operation: [90mundefined[39m,
  difficulty: [33m5[39m,
  totalSteps: [33m1[39m,
  answerChoices: [33m3[39m,
  table: [90mundefined[39m,
  skipSize: [90mundefined[39m,
  fullConfig: {
    learningMode: [32m'standard'[39m,
    totalSteps: [33m1[39m,
    targetNumber: [33m20[39m,
    targetFlex: [33m0[39m,
    rangeMin: [33m1[39m,
    rangeMax: [33m20[39m,
    answerChoices: [33m3[39m,
    difficultyLevel: [33m5[39m,
    phaseSequence: [ [36m[Object][39m ],
    opsEnabled: { [32m'+'[39m: [33mtrue[39m, [32m'-'[39m: [33mfalse[39m, [32m'ร—'[39m: [33mfalse[39m, [32m'รท'[39m: [33mfalse[39m },
    activeMode: [32m'normal'[39m,
    isMuted: [33mfalse[39m,
    timerOn: [33mfalse[39m,
    quickMindInterval: [33m10[39m,
    darkModeInterval: [33m10[39m,
    modifiersPerStep: [33m1[39m,
    enableVariables: [33mfalse[39m,
    stopwatchSkin: [32m'default'[39m,
    progressionMode: [32m'adaptive'[39m,
    presentationMode: [32m'normal'[39m,
    scriptId: [32m'circuit-climb'[39m
  }
}
[Telemetry][VT:0] GENERATOR_START { startNumber: [33m17[39m, mode: [32m'standard'[39m }
[Telemetry][VT:0] GENERATOR_STEP_CREATED { stepIndex: [33m0[39m, startNumber: [33m17[39m, answer: [33m18[39m }
[STEP TRACE] [
  {
    i: [33m0[39m,
    startNumber: [33m17[39m,
    value: [33m1[39m,
    operation: [32m'+'[39m,
    correctAnswer: [33m18[39m,
    distractors: [ [33m17[39m, [33m18[39m, [33m19[39m ],
    distractorCount: [33m3[39m,
    source: [32m'engine'[39m,
    fallbackUsed: [90mundefined[39m
  }
]
[GEN CONFIG TRACE] {
  mode: [32m'standard'[39m,
  operation: [90mundefined[39m,
  difficulty: [33m5[39m,
  totalSteps: [33m1[39m,
  answerChoices: [33m3[39m,
  table: [90mundefined[39m,
  skipSize: [90mundefined[39m,
  fullConfig: {
    learningMode: [32m'standard'[39m,
    totalSteps: [33m1[39m,
    targetNumber: [33m20[39m,
    targetFlex: [33m0[39m,
    rangeMin: [33m1[39m,
    rangeMax: [33m20[39m,
    answerChoices: [33m3[39m,
    difficultyLevel: [33m5[39m,
    phaseSequence: [ [36m[Object][39m ],
    opsEnabled: { [32m'+'[39m: [33mtrue[39m, [32m'-'[39m: [33mfalse[39m, [32m'ร—'[39m: [33mfalse[39m, [32m'รท'[39m: [33mfalse[39m },
    activeMode: [32m'normal'[39m,
    isMuted: [33mfalse[39m,
    timerOn: [33mfalse[39m,
    quickMindInterval: [33m10[39m,
    darkModeInterval: [33m10[39m,
    modifiersPerStep: [33m1[39m,
    enableVariables: [33mfalse[39m,
    stopwatchSkin: [32m'default'[39m,
    progressionMode: [32m'adaptive'[39m,
    presentationMode: [32m'normal'[39m,
    scriptId: [32m'circuit-climb'[39m
  }
}
[Telemetry][VT:0] GENERATOR_START { startNumber: [33m18[39m, mode: [32m'standard'[39m }
[Telemetry][VT:0] GENERATOR_STEP_CREATED { stepIndex: [33m0[39m, startNumber: [33m18[39m, answer: [33m19[39m }
[STEP TRACE] [
  {
    i: [33m0[39m,
    startNumber: [33m18[39m,
    value: [33m1[39m,
    operation: [32m'+'[39m,
    correctAnswer: [33m19[39m,
    distractors: [ [33m22[39m, [33m21[39m, [33m19[39m ],
    distractorCount: [33m3[39m,
    source: [32m'engine'[39m,
    fallbackUsed: [90mundefined[39m
  }
]
[GEN CONFIG TRACE] {
  mode: [32m'standard'[39m,
  operation: [90mundefined[39m,
  difficulty: [33m5[39m,
  totalSteps: [33m1[39m,
  answerChoices: [33m3[39m,
  table: [90mundefined[39m,
  skipSize: [90mundefined[39m,
  fullConfig: {
    learningMode: [32m'standard'[39m,
    totalSteps: [33m1[39m,
    targetNumber: [33m20[39m,
    targetFlex: [33m0[39m,
    rangeMin: [33m1[39m,
    rangeMax: [33m20[39m,
    answerChoices: [33m3[39m,
    difficultyLevel: [33m5[39m,
    phaseSequence: [ [36m[Object][39m ],
    opsEnabled: { [32m'+'[39m: [33mtrue[39m, [32m'-'[39m: [33mfalse[39m, [32m'ร—'[39m: [33mfalse[39m, [32m'รท'[39m: [33mfalse[39m },
    activeMode: [32m'normal'[39m,
    isMuted: [33mfalse[39m,
    timerOn: [33mfalse[39m,
    quickMindInterval: [33m10[39m,
    darkModeInterval: [33m10[39m,
    modifiersPerStep: [33m1[39m,
    enableVariables: [33mfalse[39m,
    stopwatchSkin: [32m'default'[39m,
    progressionMode: [32m'adaptive'[39m,
    presentationMode: [32m'normal'[39m,
    scriptId: [32m'circuit-climb'[39m
  }
}
[Telemetry][VT:0] GENERATOR_START { startNumber: [33m19[39m, mode: [32m'standard'[39m }
[Telemetry][VT:0] GENERATOR_STEP_CREATED { stepIndex: [33m0[39m, startNumber: [33m19[39m, answer: [33m20[39m }
[STEP TRACE] [
  {
    i: [33m0[39m,
    startNumber: [33m19[39m,
    value: [33m1[39m,
    operation: [32m'+'[39m,
    correctAnswer: [33m20[39m,
    distractors: [ [33m22[39m, [33m20[39m, [33m19[39m ],
    distractorCount: [33m3[39m,
    source: [32m'engine'[39m,
    fallbackUsed: [90mundefined[39m
  }
]
[GEN CONFIG TRACE] {
  mode: [32m'standard'[39m,
  operation: [90mundefined[39m,
  difficulty: [33m5[39m,
  totalSteps: [33m1[39m,
  answerChoices: [33m3[39m,
  table: [90mundefined[39m,
  skipSize: [90mundefined[39m,
  fullConfig: {
    learningMode: [32m'standard'[39m,
    totalSteps: [33m1[39m,
    targetNumber: [33m20[39m,
    targetFlex: [33m0[39m,
    rangeMin: [33m1[39m,
    rangeMax: [33m20[39m,
    answerChoices: [33m3[39m,
    difficultyLevel: [33m5[39m,
    phaseSequence: [ [36m[Object][39m ],
    opsEnabled: { [32m'+'[39m: [33mtrue[39m, [32m'-'[39m: [33mfalse[39m, [32m'ร—'[39m: [33mfalse[39m, [32m'รท'[39m: [33mfalse[39m },
    activeMode: [32m'normal'[39m,
    isMuted: [33mfalse[39m,
    timerOn: [33mfalse[39m,
    quickMindInterval: [33m10[39m,
    darkModeInterval: [33m10[39m,
    modifiersPerStep: [33m1[39m,
    enableVariables: [33mfalse[39m,
    stopwatchSkin: [32m'default'[39m,
    progressionMode: [32m'adaptive'[39m,
    presentationMode: [32m'normal'[39m,
    scriptId: [32m'circuit-climb'[39m
  }
}
[Telemetry][VT:0] GENERATOR_START { startNumber: [33m1[39m, mode: [32m'standard'[39m }
[Telemetry][VT:0] GENERATOR_STEP_CREATED { stepIndex: [33m0[39m, startNumber: [33m1[39m, answer: [33m14[39m }
[STEP TRACE] [
  {
    i: [33m0[39m,
    startNumber: [33m1[39m,
    value: [33m13[39m,
    operation: [32m'+'[39m,
    correctAnswer: [33m14[39m,
    distractors: [ [33m15[39m, [33m14[39m, [33m13[39m ],
    distractorCount: [33m3[39m,
    source: [32m'engine'[39m,
    fallbackUsed: [90mundefined[39m
  }
]
[GEN CONFIG TRACE] {
  mode: [32m'standard'[39m,
  operation: [90mundefined[39m,
  difficulty: [33m5[39m,
  totalSteps: [33m1[39m,
  answerChoices: [33m3[39m,
  table: [90mundefined[39m,
  skipSize: [90mundefined[39m,
  fullConfig: {
    learningMode: [32m'standard'[39m,
    totalSteps: [33m1[39m,
    targetNumber: [33m20[39m,
    targetFlex: [33m0[39m,
    rangeMin: [33m1[39m,
    rangeMax: [33m20[39m,
    answerChoices: [33m3[39m,
    difficultyLevel: [33m5[39m,
    phaseSequence: [ [36m[Object][39m ],
    opsEnabled: { [32m'+'[39m: [33mtrue[39m, [32m'-'[39m: [33mfalse[39m, [32m'ร—'[39m: [33mfalse[39m, [32m'รท'[39m: [33mfalse[39m },
    activeMode: [32m'normal'[39m,
    isMuted: [33mfalse[39m,
    timerOn: [33mfalse[39m,
    quickMindInterval: [33m10[39m,
    darkModeInterval: [33m10[39m,
    modifiersPerStep: [33m1[39m,
    enableVariables: [33mfalse[39m,
    stopwatchSkin: [32m'default'[39m,
    progressionMode: [32m'adaptive'[39m,
    presentationMode: [32m'normal'[39m,
    scriptId: [32m'circuit-climb'[39m
  }
}
[Telemetry][VT:0] GENERATOR_START { startNumber: [33m2[39m, mode: [32m'standard'[39m }
[Telemetry][VT:0] GENERATOR_STEP_CREATED { stepIndex: [33m0[39m, startNumber: [33m2[39m, answer: [33m5[39m }
[STEP TRACE] [
  {
    i: [33m0[39m,
    startNumber: [33m2[39m,
    value: [33m3[39m,
    operation: [32m'+'[39m,
    correctAnswer: [33m5[39m,
    distractors: [ [33m5[39m, [33m8[39m, [33m7[39m ],
    distractorCount: [33m3[39m,
    source: [32m'engine'[39m,
    fallbackUsed: [90mundefined[39m
  }
]
[GEN CONFIG TRACE] {
  mode: [32m'standard'[39m,
  operation: [90mundefined[39m,
  difficulty: [33m5[39m,
  totalSteps: [33m1[39m,
  answerChoices: [33m3[39m,
  table: [90mundefined[39m,
  skipSize: [90mundefined[39m,
  fullConfig: {
    learningMode: [32m'standard'[39m,
    totalSteps: [33m1[39m,
    targetNumber: [33m20[39m,
    targetFlex: [33m0[39m,
    rangeMin: [33m1[39m,
    rangeMax: [33m20[39m,
    answerChoices: [33m3[39m,
    difficultyLevel: [33m5[39m,
    phaseSequence: [ [36m[Object][39m ],
    opsEnabled: { [32m'+'[39m: [33mtrue[39m, [32m'-'[39m: [33mfalse[39m, [32m'ร—'[39m: [33mfalse[39m, [32m'รท'[39m: [33mfalse[39m },
    activeMode: [32m'normal'[39m,
    isMuted: [33mfalse[39m,
    timerOn: [33mfalse[39m,
    quickMindInterval: [33m10[39m,
    darkModeInterval: [33m10[39m,
    modifiersPerStep: [33m1[39m,
    enableVariables: [33mfalse[39m,
    stopwatchSkin: [32m'default'[39m,
    progressionMode: [32m'adaptive'[39m,
    presentationMode: [32m'normal'[39m,
    scriptId: [32m'circuit-climb'[39m
  }
}
[Telemetry][VT:0] GENERATOR_START { startNumber: [33m3[39m, mode: [32m'standard'[39m }
[Telemetry][VT:0] GENERATOR_STEP_CREATED { stepIndex: [33m0[39m, startNumber: [33m3[39m, answer: [33m14[39m }
[STEP TRACE] [
  {
    i: [33m0[39m,
    startNumber: [33m3[39m,
    value: [33m11[39m,
    operation: [32m'+'[39m,
    correctAnswer: [33m14[39m,
    distractors: [ [33m14[39m, [33m12[39m, [33m16[39m ],
    distractorCount: [33m3[39m,
    source: [32m'engine'[39m,
    fallbackUsed: [90mundefined[39m
  }
]
[GEN CONFIG TRACE] {
  mode: [32m'standard'[39m,
  operation: [90mundefined[39m,
  difficulty: [33m5[39m,
  totalSteps: [33m1[39m,
  answerChoices: [33m3[39m,
  table: [90mundefined[39m,
  skipSize: [90mundefined[39m,
  fullConfig: {
    learningMode: [32m'standard'[39m,
    totalSteps: [33m1[39m,
    targetNumber: [33m20[39m,
    targetFlex: [33m0[39m,
    rangeMin: [33m1[39m,
    rangeMax: [33m20[39m,
    answerChoices: [33m3[39m,
    difficultyLevel: [33m5[39m,
    phaseSequence: [ [36m[Object][39m ],
    opsEnabled: { [32m'+'[39m: [33mtrue[39m, [32m'-'[39m: [33mfalse[39m, [32m'ร—'[39m: [33mfalse[39m, [32m'รท'[39m: [33mfalse[39m },
    activeMode: [32m'normal'[39m,
    isMuted: [33mfalse[39m,
    timerOn: [33mfalse[39m,
    quickMindInterval: [33m10[39m,
    darkModeInterval: [33m10[39m,
    modifiersPerStep: [33m1[39m,
    enableVariables: [33mfalse[39m,
    stopwatchSkin: [32m'default'[39m,
    progressionMode: [32m'adaptive'[39m,
    presentationMode: [32m'normal'[39m,
    scriptId: [32m'circuit-climb'[39m
  }
}
[Telemetry][VT:0] GENERATOR_START { startNumber: [33m4[39m, mode: [32m'standard'[39m }
[Telemetry][VT:0] GENERATOR_STEP_CREATED { stepIndex: [33m0[39m, startNumber: [33m4[39m, answer: [33m16[39m }
[STEP TRACE] [
  {
    i: [33m0[39m,
    startNumber: [33m4[39m,
    value: [33m12[39m,
    operation: [32m'+'[39m,
    correctAnswer: [33m16[39m,
    distractors: [ [33m16[39m, [33m14[39m, [33m17[39m ],
    distractorCount: [33m3[39m,
    source: [32m'engine'[39m,
    fallbackUsed: [90mundefined[39m
  }
]
[GEN CONFIG TRACE] {
  mode: [32m'standard'[39m,
  operation: [90mundefined[39m,
  difficulty: [33m5[39m,
  totalSteps: [33m1[39m,
  answerChoices: [33m3[39m,
  table: [90mundefined[39m,
  skipSize: [90mundefined[39m,
  fullConfig: {
    learningMode: [32m'standard'[39m,
    totalSteps: [33m1[39m,
    targetNumber: [33m20[39m,
    targetFlex: [33m0[39m,
    rangeMin: [33m1[39m,
    rangeMax: [33m20[39m,
    answerChoices: [33m3[39m,
    difficultyLevel: [33m5[39m,
    phaseSequence: [ [36m[Object][39m ],
    opsEnabled: { [32m'+'[39m: [33mtrue[39m, [32m'-'[39m: [33mfalse[39m, [32m'ร—'[39m: [33mfalse[39m, [32m'รท'[39m: [33mfalse[39m },
    activeMode: [32m'normal'[39m,
    isMuted: [33mfalse[39m,
    timerOn: [33mfalse[39m,
    quickMindInterval: [33m10[39m,
    darkModeInterval: [33m10[39m,
    modifiersPerStep: [33m1[39m,
    enableVariables: [33mfalse[39m,
    stopwatchSkin: [32m'default'[39m,
    progressionMode: [32m'adaptive'[39m,
    presentationMode: [32m'normal'[39m,
    scriptId: [32m'circuit-climb'[39m
  }
}
[Telemetry][VT:0] GENERATOR_START { startNumber: [33m5[39m, mode: [32m'standard'[39m }
[Telemetry][VT:0] GENERATOR_STEP_CREATED { stepIndex: [33m0[39m, startNumber: [33m5[39m, answer: [33m9[39m }
[STEP TRACE] [
  {
    i: [33m0[39m,
    startNumber: [33m5[39m,
    value: [33m4[39m,
    operation: [32m'+'[39m,
    correctAnswer: [33m9[39m,
    distractors: [ [33m8[39m, [33m9[39m, [33m10[39m ],
    distractorCount: [33m3[39m,
    source: [32m'engine'[39m,
    fallbackUsed: [90mundefined[39m
  }
]
[GEN CONFIG TRACE] {
  mode: [32m'standard'[39m,
  operation: [90mundefined[39m,
  difficulty: [33m5[39m,
  totalSteps: [33m1[39m,
  answerChoices: [33m3[39m,
  table: [90mundefined[39m,
  skipSize: [90mundefined[39m,
  fullConfig: {
    learningMode: [32m'standard'[39m,
    totalSteps: [33m1[39m,
    targetNumber: [33m20[39m,
    targetFlex: [33m0[39m,
    rangeMin: [33m1[39m,
    rangeMax: [33m20[39m,
    answerChoices: [33m3[39m,
    difficultyLevel: [33m5[39m,
    phaseSequence: [ [36m[Object][39m ],
    opsEnabled: { [32m'+'[39m: [33mtrue[39m, [32m'-'[39m: [33mfalse[39m, [32m'ร—'[39m: [33mfalse[39m, [32m'รท'[39m: [33mfalse[39m },
    activeMode: [32m'normal'[39m,
    isMuted: [33mfalse[39m,
    timerOn: [33mfalse[39m,
    quickMindInterval: [33m10[39m,
    darkModeInterval: [33m10[39m,
    modifiersPerStep: [33m1[39m,
    enableVariables: [33mfalse[39m,
    stopwatchSkin: [32m'default'[39m,
    progressionMode: [32m'adaptive'[39m,
    presentationMode: [32m'normal'[39m,
    scriptId: [32m'circuit-climb'[39m
  }
}
[Telemetry][VT:0] GENERATOR_START { startNumber: [33m6[39m, mode: [32m'standard'[39m }
[Telemetry][VT:0] GENERATOR_STEP_CREATED { stepIndex: [33m0[39m, startNumber: [33m6[39m, answer: [33m7[39m }
[STEP TRACE] [
  {
    i: [33m0[39m,
    startNumber: [33m6[39m,
    value: [33m1[39m,
    operation: [32m'+'[39m,
    correctAnswer: [33m7[39m,
    distractors: [ [33m8[39m, [33m5[39m, [33m7[39m ],
    distractorCount: [33m3[39m,
    source: [32m'engine'[39m,
    fallbackUsed: [90mundefined[39m
  }
]
[GEN CONFIG TRACE] {
  mode: [32m'standard'[39m,
  operation: [90mundefined[39m,
  difficulty: [33m5[39m,
  totalSteps: [33m1[39m,
  answerChoices: [33m3[39m,
  table: [90mundefined[39m,
  skipSize: [90mundefined[39m,
  fullConfig: {
    learningMode: [32m'standard'[39m,
    totalSteps: [33m1[39m,
    targetNumber: [33m20[39m,
    targetFlex: [33m0[39m,
    rangeMin: [33m1[39m,
    rangeMax: [33m20[39m,
    answerChoices: [33m3[39m,
    difficultyLevel: [33m5[39m,
    phaseSequence: [ [36m[Object][39m ],
    opsEnabled: { [32m'+'[39m: [33mtrue[39m, [32m'-'[39m: [33mfalse[39m, [32m'ร—'[39m: [33mfalse[39m, [32m'รท'[39m: [33mfalse[39m },
    activeMode: [32m'normal'[39m,
    isMuted: [33mfalse[39m,
    timerOn: [33mfalse[39m,
    quickMindInterval: [33m10[39m,
    darkModeInterval: [33m10[39m,
    modifiersPerStep: [33m1[39m,
    enableVariables: [33mfalse[39m,
    stopwatchSkin: [32m'default'[39m,
    progressionMode: [32m'adaptive'[39m,
    presentationMode: [32m'normal'[39m,
    scriptId: [32m'circuit-climb'[39m
  }
}
[Telemetry][VT:0] GENERATOR_START { startNumber: [33m7[39m, mode: [32m'standard'[39m }
[Telemetry][VT:0] GENERATOR_STEP_CREATED { stepIndex: [33m0[39m, startNumber: [33m7[39m, answer: [33m9[39m }
[STEP TRACE] [
  {
    i: [33m0[39m,
    startNumber: [33m7[39m,
    value: [33m2[39m,
    operation: [32m'+'[39m,
    correctAnswer: [33m9[39m,
    distractors: [ [33m9[39m, [33m7[39m, [33m6[39m ],
    distractorCount: [33m3[39m,
    source: [32m'engine'[39m,
    fallbackUsed: [90mundefined[39m
  }
]
[GEN CONFIG TRACE] {
  mode: [32m'standard'[39m,
  operation: [90mundefined[39m,
  difficulty: [33m5[39m,
  totalSteps: [33m1[39m,
  answerChoices: [33m3[39m,
  table: [90mundefined[39m,
  skipSize: [90mundefined[39m,
  fullConfig: {
    learningMode: [32m'standard'[39m,
    totalSteps: [33m1[39m,
    targetNumber: [33m20[39m,
    targetFlex: [33m0[39m,
    rangeMin: [33m1[39m,
    rangeMax: [33m20[39m,
    answerChoices: [33m3[39m,
    difficultyLevel: [33m5[39m,
    phaseSequence: [ [36m[Object][39m ],
    opsEnabled: { [32m'+'[39m: [33mtrue[39m, [32m'-'[39m: [33mfalse[39m, [32m'ร—'[39m: [33mfalse[39m, [32m'รท'[39m: [33mfalse[39m },
    activeMode: [32m'normal'[39m,
    isMuted: [33mfalse[39m,
    timerOn: [33mfalse[39m,
    quickMindInterval: [33m10[39m,
    darkModeInterval: [33m10[39m,
    modifiersPerStep: [33m1[39m,
    enableVariables: [33mfalse[39m,
    stopwatchSkin: [32m'default'[39m,
    progressionMode: [32m'adaptive'[39m,
    presentationMode: [32m'normal'[39m,
    scriptId: [32m'circuit-climb'[39m
  }
}
[Telemetry][VT:0] GENERATOR_START { startNumber: [33m8[39m, mode: [32m'standard'[39m }
[Telemetry][VT:0] GENERATOR_STEP_CREATED { stepIndex: [33m0[39m, startNumber: [33m8[39m, answer: [33m9[39m }
[STEP TRACE] [
  {
    i: [33m0[39m,
    startNumber: [33m8[39m,
    value: [33m1[39m,
    operation: [32m'+'[39m,
    correctAnswer: [33m9[39m,
    distractors: [ [33m8[39m, [33m9[39m, [33m6[39m ],
    distractorCount: [33m3[39m,
    source: [32m'engine'[39m,
    fallbackUsed: [90mundefined[39m
  }
]
[GEN CONFIG TRACE] {
  mode: [32m'standard'[39m,
  operation: [90mundefined[39m,
  difficulty: [33m5[39m,
  totalSteps: [33m1[39m,
  answerChoices: [33m3[39m,
  table: [90mundefined[39m,
  skipSize: [90mundefined[39m,
  fullConfig: {
    learningMode: [32m'standard'[39m,
    totalSteps: [33m1[39m,
    targetNumber: [33m20[39m,
    targetFlex: [33m0[39m,
    rangeMin: [33m1[39m,
    rangeMax: [33m20[39m,
    answerChoices: [33m3[39m,
    difficultyLevel: [33m5[39m,
    phaseSequence: [ [36m[Object][39m ],
    opsEnabled: { [32m'+'[39m: [33mtrue[39m, [32m'-'[39m: [33mfalse[39m, [32m'ร—'[39m: [33mfalse[39m, [32m'รท'[39m: [33mfalse[39m },
    activeMode: [32m'normal'[39m,
    isMuted: [33mfalse[39m,
    timerOn: [33mfalse[39m,
    quickMindInterval: [33m10[39m,
    darkModeInterval: [33m10[39m,
    modifiersPerStep: [33m1[39m,
    enableVariables: [33mfalse[39m,
    stopwatchSkin: [32m'default'[39m,
    progressionMode: [32m'adaptive'[39m,
    presentationMode: [32m'normal'[39m,
    scriptId: [32m'circuit-climb'[39m
  }
}
[Telemetry][VT:0] GENERATOR_START { startNumber: [33m9[39m, mode: [32m'standard'[39m }
[Telemetry][VT:0] GENERATOR_STEP_CREATED { stepIndex: [33m0[39m, startNumber: [33m9[39m, answer: [33m12[39m }
[STEP TRACE] [
  {
    i: [33m0[39m,
    startNumber: [33m9[39m,
    value: [33m3[39m,
    operation: [32m'+'[39m,
    correctAnswer: [33m12[39m,
    distractors: [ [33m12[39m, [33m11[39m, [33m15[39m ],
    distractorCount: [33m3[39m,
    source: [32m'engine'[39m,
    fallbackUsed: [90mundefined[39m
  }
]
[GEN CONFIG TRACE] {
  mode: [32m'standard'[39m,
  operation: [90mundefined[39m,
  difficulty: [33m5[39m,
  totalSteps: [33m1[39m,
  answerChoices: [33m3[39m,
  table: [90mundefined[39m,
  skipSize: [90mundefined[39m,
  fullConfig: {
    learningMode: [32m'standard'[39m,
    totalSteps: [33m1[39m,
    targetNumber: [33m20[39m,
    targetFlex: [33m0[39m,
    rangeMin: [33m1[39m,
    rangeMax: [33m20[39m,
    answerChoices: [33m3[39m,
    difficultyLevel: [33m5[39m,
    phaseSequence: [ [36m[Object][39m ],
    opsEnabled: { [32m'+'[39m: [33mtrue[39m, [32m'-'[39m: [33mfalse[39m, [32m'ร—'[39m: [33mfalse[39m, [32m'รท'[39m: [33mfalse[39m },
    activeMode: [32m'normal'[39m,
    isMuted: [33mfalse[39m,
    timerOn: [33mfalse[39m,
    quickMindInterval: [33m10[39m,
    darkModeInterval: [33m10[39m,
    modifiersPerStep: [33m1[39m,
    enableVariables: [33mfalse[39m,
    stopwatchSkin: [32m'default'[39m,
    progressionMode: [32m'adaptive'[39m,
    presentationMode: [32m'normal'[39m,
    scriptId: [32m'circuit-climb'[39m
  }
}
[Telemetry][VT:0] GENERATOR_START { startNumber: [33m10[39m, mode: [32m'standard'[39m }
[Telemetry][VT:0] GENERATOR_STEP_CREATED { stepIndex: [33m0[39m, startNumber: [33m10[39m, answer: [33m14[39m }
[STEP TRACE] [
  {
    i: [33m0[39m,
    startNumber: [33m10[39m,
    value: [33m4[39m,
    operation: [32m'+'[39m,
    correctAnswer: [33m14[39m,
    distractors: [ [33m11[39m, [33m14[39m, [33m16[39m ],
    distractorCount: [33m3[39m,
    source: [32m'engine'[39m,
    fallbackUsed: [90mundefined[39m
  }
]
[GEN CONFIG TRACE] {
  mode: [32m'standard'[39m,
  operation: [90mundefined[39m,
  difficulty: [33m5[39m,
  totalSteps: [33m1[39m,
  answerChoices: [33m3[39m,
  table: [90mundefined[39m,
  skipSize: [90mundefined[39m,
  fullConfig: {
    learningMode: [32m'standard'[39m,
    totalSteps: [33m1[39m,
    targetNumber: [33m20[39m,
    targetFlex: [33m0[39m,
    rangeMin: [33m1[39m,
    rangeMax: [33m20[39m,
    answerChoices: [33m3[39m,
    difficultyLevel: [33m5[39m,
    phaseSequence: [ [36m[Object][39m ],
    opsEnabled: { [32m'+'[39m: [33mtrue[39m, [32m'-'[39m: [33mfalse[39m, [32m'ร—'[39m: [33mfalse[39m, [32m'รท'[39m: [33mfalse[39m },
    activeMode: [32m'normal'[39m,
    isMuted: [33mfalse[39m,
    timerOn: [33mfalse[39m,
    quickMindInterval: [33m10[39m,
    darkModeInterval: [33m10[39m,
    modifiersPerStep: [33m1[39m,
    enableVariables: [33mfalse[39m,
    stopwatchSkin: [32m'default'[39m,
    progressionMode: [32m'adaptive'[39m,
    presentationMode: [32m'normal'[39m,
    scriptId: [32m'circuit-climb'[39m
  }
}
[Telemetry][VT:0] GENERATOR_START { startNumber: [33m11[39m, mode: [32m'standard'[39m }
[Telemetry][VT:0] GENERATOR_STEP_CREATED { stepIndex: [33m0[39m, startNumber: [33m11[39m, answer: [33m12[39m }
[STEP TRACE] [
  {
    i: [33m0[39m,
    startNumber: [33m11[39m,
    value: [33m1[39m,
    operation: [32m'+'[39m,
    correctAnswer: [33m12[39m,
    distractors: [ [33m11[39m, [33m15[39m, [33m12[39m ],
    distractorCount: [33m3[39m,
    source: [32m'engine'[39m,
    fallbackUsed: [90mundefined[39m
  }
]
[GEN CONFIG TRACE] {
  mode: [32m'standard'[39m,
  operation: [90mundefined[39m,
  difficulty: [33m5[39m,
  totalSteps: [33m1[39m,
  answerChoices: [33m3[39m,
  table: [90mundefined[39m,
  skipSize: [90mundefined[39m,
  fullConfig: {
    learningMode: [32m'standard'[39m,
    totalSteps: [33m1[39m,
    targetNumber: [33m20[39m,
    targetFlex: [33m0[39m,
    rangeMin: [33m1[39m,
    rangeMax: [33m20[39m,
    answerChoices: [33m3[39m,
    difficultyLevel: [33m5[39m,
    phaseSequence: [ [36m[Object][39m ],
    opsEnabled: { [32m'+'[39m: [33mtrue[39m, [32m'-'[39m: [33mfalse[39m, [32m'ร—'[39m: [33mfalse[39m, [32m'รท'[39m: [33mfalse[39m },
    activeMode: [32m'normal'[39m,
    isMuted: [33mfalse[39m,
    timerOn: [33mfalse[39m,
    quickMindInterval: [33m10[39m,
    darkModeInterval: [33m10[39m,
    modifiersPerStep: [33m1[39m,
    enableVariables: [33mfalse[39m,
    stopwatchSkin: [32m'default'[39m,
    progressionMode: [32m'adaptive'[39m,
    presentationMode: [32m'normal'[39m,
    scriptId: [32m'circuit-climb'[39m
  }
}
[Telemetry][VT:0] GENERATOR_START { startNumber: [33m12[39m, mode: [32m'standard'[39m }
[Telemetry][VT:0] GENERATOR_STEP_CREATED { stepIndex: [33m0[39m, startNumber: [33m12[39m, answer: [33m13[39m }
[STEP TRACE] [
  {
    i: [33m0[39m,
    startNumber: [33m12[39m,
    value: [33m1[39m,
    operation: [32m'+'[39m,
    correctAnswer: [33m13[39m,
    distractors: [ [33m13[39m, [33m16[39m, [33m12[39m ],
    distractorCount: [33m3[39m,
    source: [32m'engine'[39m,
    fallbackUsed: [90mundefined[39m
  }
]
[GEN CONFIG TRACE] {
  mode: [32m'standard'[39m,
  operation: [90mundefined[39m,
  difficulty: [33m5[39m,
  totalSteps: [33m1[39m,
  answerChoices: [33m3[39m,
  table: [90mundefined[39m,
  skipSize: [90mundefined[39m,
  fullConfig: {
    learningMode: [32m'standard'[39m,
    totalSteps: [33m1[39m,
    targetNumber: [33m20[39m,
    targetFlex: [33m0[39m,
    rangeMin: [33m1[39m,
    rangeMax: [33m20[39m,
    answerChoices: [33m3[39m,
    difficultyLevel: [33m5[39m,
    phaseSequence: [ [36m[Object][39m ],
    opsEnabled: { [32m'+'[39m: [33mtrue[39m, [32m'-'[39m: [33mfalse[39m, [32m'ร—'[39m: [33mfalse[39m, [32m'รท'[39m: [33mfalse[39m },
    activeMode: [32m'normal'[39m,
    isMuted: [33mfalse[39m,
    timerOn: [33mfalse[39m,
    quickMindInterval: [33m10[39m,
    darkModeInterval: [33m10[39m,
    modifiersPerStep: [33m1[39m,
    enableVariables: [33mfalse[39m,
    stopwatchSkin: [32m'default'[39m,
    progressionMode: [32m'adaptive'[39m,
    presentationMode: [32m'normal'[39m,
    scriptId: [32m'circuit-climb'[39m
  }
}
[Telemetry][VT:0] GENERATOR_START { startNumber: [33m13[39m, mode: [32m'standard'[39m }
[Telemetry][VT:0] GENERATOR_STEP_CREATED { stepIndex: [33m0[39m, startNumber: [33m13[39m, answer: [33m17[39m }
[STEP TRACE] [
  {
    i: [33m0[39m,
    startNumber: [33m13[39m,
    value: [33m4[39m,
    operation: [32m'+'[39m,
    correctAnswer: [33m17[39m,
    distractors: [ [33m19[39m, [33m17[39m, [33m14[39m ],
    distractorCount: [33m3[39m,
    source: [32m'engine'[39m,
    fallbackUsed: [90mundefined[39m
  }
]
[GEN CONFIG TRACE] {
  mode: [32m'standard'[39m,
  operation: [90mundefined[39m,
  difficulty: [33m5[39m,
  totalSteps: [33m1[39m,
  answerChoices: [33m3[39m,
  table: [90mundefined[39m,
  skipSize: [90mundefined[39m,
  fullConfig: {
    learningMode: [32m'standard'[39m,
    totalSteps: [33m1[39m,
    targetNumber: [33m20[39m,
    targetFlex: [33m0[39m,
    rangeMin: [33m1[39m,
    rangeMax: [33m20[39m,
    answerChoices: [33m3[39m,
    difficultyLevel: [33m5[39m,
    phaseSequence: [ [36m[Object][39m ],
    opsEnabled: { [32m'+'[39m: [33mtrue[39m, [32m'-'[39m: [33mfalse[39m, [32m'ร—'[39m: [33mfalse[39m, [32m'รท'[39m: [33mfalse[39m },
    activeMode: [32m'normal'[39m,
    isMuted: [33mfalse[39m,
    timerOn: [33mfalse[39m,
    quickMindInterval: [33m10[39m,
    darkModeInterval: [33m10[39m,
    modifiersPerStep: [33m1[39m,
    enableVariables: [33mfalse[39m,
    stopwatchSkin: [32m'default'[39m,
    progressionMode: [32m'adaptive'[39m,
    presentationMode: [32m'normal'[39m,
    scriptId: [32m'circuit-climb'[39m
  }
}
[Telemetry][VT:0] GENERATOR_START { startNumber: [33m14[39m, mode: [32m'standard'[39m }
[Telemetry][VT:0] GENERATOR_STEP_CREATED { stepIndex: [33m0[39m, startNumber: [33m14[39m, answer: [33m18[39m }
[STEP TRACE] [
  {
    i: [33m0[39m,
    startNumber: [33m14[39m,
    value: [33m4[39m,
    operation: [32m'+'[39m,
    correctAnswer: [33m18[39m,
    distractors: [ [33m18[39m, [33m15[39m, [33m19[39m ],
    distractorCount: [33m3[39m,
    source: [32m'engine'[39m,
    fallbackUsed: [90mundefined[39m
  }
]
[GEN CONFIG TRACE] {
  mode: [32m'standard'[39m,
  operation: [90mundefined[39m,
  difficulty: [33m5[39m,
  totalSteps: [33m1[39m,
  answerChoices: [33m3[39m,
  table: [90mundefined[39m,
  skipSize: [90mundefined[39m,
  fullConfig: {
    learningMode: [32m'standard'[39m,
    totalSteps: [33m1[39m,
    targetNumber: [33m20[39m,
    targetFlex: [33m0[39m,
    rangeMin: [33m1[39m,
    rangeMax: [33m20[39m,
    answerChoices: [33m3[39m,
    difficultyLevel: [33m5[39m,
    phaseSequence: [ [36m[Object][39m ],
    opsEnabled: { [32m'+'[39m: [33mtrue[39m, [32m'-'[39m: [33mfalse[39m, [32m'ร—'[39m: [33mfalse[39m, [32m'รท'[39m: [33mfalse[39m },
    activeMode: [32m'normal'[39m,
    isMuted: [33mfalse[39m,
    timerOn: [33mfalse[39m,
    quickMindInterval: [33m10[39m,
    darkModeInterval: [33m10[39m,
    modifiersPerStep: [33m1[39m,
    enableVariables: [33mfalse[39m,
    stopwatchSkin: [32m'default'[39m,
    progressionMode: [32m'adaptive'[39m,
    presentationMode: [32m'normal'[39m,
    scriptId: [32m'circuit-climb'[39m
  }
}
[Telemetry][VT:0] GENERATOR_START { startNumber: [33m15[39m, mode: [32m'standard'[39m }
[Telemetry][VT:0] GENERATOR_STEP_CREATED { stepIndex: [33m0[39m, startNumber: [33m15[39m, answer: [33m16[39m }
[STEP TRACE] [
  {
    i: [33m0[39m,
    startNumber: [33m15[39m,
    value: [33m1[39m,
    operation: [32m'+'[39m,
    correctAnswer: [33m16[39m,
    distractors: [ [33m13[39m, [33m18[39m, [33m16[39m ],
    distractorCount: [33m3[39m,
    source: [32m'engine'[39m,
    fallbackUsed: [90mundefined[39m
  }
]
[GEN CONFIG TRACE] {
  mode: [32m'standard'[39m,
  operation: [90mundefined[39m,
  difficulty: [33m5[39m,
  totalSteps: [33m1[39m,
  answerChoices: [33m3[39m,
  table: [90mundefined[39m,
  skipSize: [90mundefined[39m,
  fullConfig: {
    learningMode: [32m'standard'[39m,
    totalSteps: [33m1[39m,
    targetNumber: [33m20[39m,
    targetFlex: [33m0[39m,
    rangeMin: [33m1[39m,
    rangeMax: [33m20[39m,
    answerChoices: [33m3[39m,
    difficultyLevel: [33m5[39m,
    phaseSequence: [ [36m[Object][39m ],
    opsEnabled: { [32m'+'[39m: [33mtrue[39m, [32m'-'[39m: [33mfalse[39m, [32m'ร—'[39m: [33mfalse[39m, [32m'รท'[39m: [33mfalse[39m },
    activeMode: [32m'normal'[39m,
    isMuted: [33mfalse[39m,
    timerOn: [33mfalse[39m,
    quickMindInterval: [33m10[39m,
    darkModeInterval: [33m10[39m,
    modifiersPerStep: [33m1[39m,
    enableVariables: [33mfalse[39m,
    stopwatchSkin: [32m'default'[39m,
    progressionMode: [32m'adaptive'[39m,
    presentationMode: [32m'normal'[39m,
    scriptId: [32m'circuit-climb'[39m
  }
}
[Telemetry][VT:0] GENERATOR_START { startNumber: [33m16[39m, mode: [32m'standard'[39m }
[Telemetry][VT:0] GENERATOR_STEP_CREATED { stepIndex: [33m0[39m, startNumber: [33m16[39m, answer: [33m20[39m }
[STEP TRACE] [
  {
    i: [33m0[39m,
    startNumber: [33m16[39m,
    value: [33m4[39m,
    operation: [32m'+'[39m,
    correctAnswer: [33m20[39m,
    distractors: [ [33m17[39m, [33m19[39m, [33m20[39m ],
    distractorCount: [33m3[39m,
    source: [32m'engine'[39m,
    fallbackUsed: [90mundefined[39m
  }
]
[GEN CONFIG TRACE] {
  mode: [32m'standard'[39m,
  operation: [90mundefined[39m,
  difficulty: [33m5[39m,
  totalSteps: [33m1[39m,
  answerChoices: [33m3[39m,
  table: [90mundefined[39m,
  skipSize: [90mundefined[39m,
  fullConfig: {
    learningMode: [32m'standard'[39m,
    totalSteps: [33m1[39m,
    targetNumber: [33m20[39m,
    targetFlex: [33m0[39m,
    rangeMin: [33m1[39m,
    rangeMax: [33m20[39m,
    answerChoices: [33m3[39m,
    difficultyLevel: [33m5[39m,
    phaseSequence: [ [36m[Object][39m ],
    opsEnabled: { [32m'+'[39m: [33mtrue[39m, [32m'-'[39m: [33mfalse[39m, [32m'ร—'[39m: [33mfalse[39m, [32m'รท'[39m: [33mfalse[39m },
    activeMode: [32m'normal'[39m,
    isMuted: [33mfalse[39m,
    timerOn: [33mfalse[39m,
    quickMindInterval: [33m10[39m,
    darkModeInterval: [33m10[39m,
    modifiersPerStep: [33m1[39m,
    enableVariables: [33mfalse[39m,
    stopwatchSkin: [32m'default'[39m,
    progressionMode: [32m'adaptive'[39m,
    presentationMode: [32m'normal'[39m,
    scriptId: [32m'circuit-climb'[39m
  }
}
[Telemetry][VT:0] GENERATOR_START { startNumber: [33m17[39m, mode: [32m'standard'[39m }
[Telemetry][VT:0] GENERATOR_STEP_CREATED { stepIndex: [33m0[39m, startNumber: [33m17[39m, answer: [33m19[39m }
[STEP TRACE] [
  {
    i: [33m0[39m,
    startNumber: [33m17[39m,
    value: [33m2[39m,
    operation: [32m'+'[39m,
    correctAnswer: [33m19[39m,
    distractors: [ [33m17[39m, [33m19[39m, [33m21[39m ],
    distractorCount: [33m3[39m,
    source: [32m'engine'[39m,
    fallbackUsed: [90mundefined[39m
  }
]
[GEN CONFIG TRACE] {
  mode: [32m'standard'[39m,
  operation: [90mundefined[39m,
  difficulty: [33m5[39m,
  totalSteps: [33m1[39m,
  answerChoices: [33m3[39m,
  table: [90mundefined[39m,
  skipSize: [90mundefined[39m,
  fullConfig: {
    learningMode: [32m'standard'[39m,
    totalSteps: [33m1[39m,
    targetNumber: [33m20[39m,
    targetFlex: [33m0[39m,
    rangeMin: [33m1[39m,
    rangeMax: [33m20[39m,
    answerChoices: [33m3[39m,
    difficultyLevel: [33m5[39m,
    phaseSequence: [ [36m[Object][39m ],
    opsEnabled: { [32m'+'[39m: [33mtrue[39m, [32m'-'[39m: [33mfalse[39m, [32m'ร—'[39m: [33mfalse[39m, [32m'รท'[39m: [33mfalse[39m },
    activeMode: [32m'normal'[39m,
    isMuted: [33mfalse[39m,
    timerOn: [33mfalse[39m,
    quickMindInterval: [33m10[39m,
    darkModeInterval: [33m10[39m,
    modifiersPerStep: [33m1[39m,
    enableVariables: [33mfalse[39m,
    stopwatchSkin: [32m'default'[39m,
    progressionMode: [32m'adaptive'[39m,
    presentationMode: [32m'normal'[39m,
    scriptId: [32m'circuit-climb'[39m
  }
}
[Telemetry][VT:0] GENERATOR_START { startNumber: [33m18[39m, mode: [32m'standard'[39m }
[Telemetry][VT:0] GENERATOR_STEP_CREATED { stepIndex: [33m0[39m, startNumber: [33m18[39m, answer: [33m20[39m }
[STEP TRACE] [
  {
    i: [33m0[39m,
    startNumber: [33m18[39m,
    value: [33m2[39m,
    operation: [32m'+'[39m,
    correctAnswer: [33m20[39m,
    distractors: [ [33m20[39m, [33m17[39m, [33m19[39m ],
    distractorCount: [33m3[39m,
    source: [32m'engine'[39m,
    fallbackUsed: [90mundefined[39m
  }
]
[GEN CONFIG TRACE] {
  mode: [32m'standard'[39m,
  operation: [90mundefined[39m,
  difficulty: [33m5[39m,
  totalSteps: [33m1[39m,
  answerChoices: [33m3[39m,
  table: [90mundefined[39m,
  skipSize: [90mundefined[39m,
  fullConfig: {
    learningMode: [32m'standard'[39m,
    totalSteps: [33m1[39m,
    targetNumber: [33m20[39m,
    targetFlex: [33m0[39m,
    rangeMin: [33m1[39m,
    rangeMax: [33m20[39m,
    answerChoices: [33m3[39m,
    difficultyLevel: [33m5[39m,
    phaseSequence: [ [36m[Object][39m ],
    opsEnabled: { [32m'+'[39m: [33mtrue[39m, [32m'-'[39m: [33mfalse[39m, [32m'ร—'[39m: [33mfalse[39m, [32m'รท'[39m: [33mfalse[39m },
    activeMode: [32m'normal'[39m,
    isMuted: [33mfalse[39m,
    timerOn: [33mfalse[39m,
    quickMindInterval: [33m10[39m,
    darkModeInterval: [33m10[39m,
    modifiersPerStep: [33m1[39m,
    enableVariables: [33mfalse[39m,
    stopwatchSkin: [32m'default'[39m,
    progressionMode: [32m'adaptive'[39m,
    presentationMode: [32m'normal'[39m,
    scriptId: [32m'circuit-climb'[39m
  }
}
[Telemetry][VT:0] GENERATOR_START { startNumber: [33m19[39m, mode: [32m'standard'[39m }
[Telemetry][VT:0] GENERATOR_STEP_CREATED { stepIndex: [33m0[39m, startNumber: [33m19[39m, answer: [33m20[39m }
[STEP TRACE] [
  {
    i: [33m0[39m,
    startNumber: [33m19[39m,
    value: [33m1[39m,
    operation: [32m'+'[39m,
    correctAnswer: [33m20[39m,
    distractors: [ [33m23[39m, [33m20[39m, [33m17[39m ],
    distractorCount: [33m3[39m,
    source: [32m'engine'[39m,
    fallbackUsed: [90mundefined[39m
  }
]
[GEN CONFIG TRACE] {
  mode: [32m'standard'[39m,
  operation: [90mundefined[39m,
  difficulty: [33m5[39m,
  totalSteps: [33m1[39m,
  answerChoices: [33m3[39m,
  table: [90mundefined[39m,
  skipSize: [90mundefined[39m,
  fullConfig: {
    learningMode: [32m'standard'[39m,
    totalSteps: [33m1[39m,
    targetNumber: [33m20[39m,
    targetFlex: [33m0[39m,
    rangeMin: [33m1[39m,
    rangeMax: [33m20[39m,
    answerChoices: [33m3[39m,
    difficultyLevel: [33m5[39m,
    phaseSequence: [ [36m[Object][39m ],
    opsEnabled: { [32m'+'[39m: [33mtrue[39m, [32m'-'[39m: [33mfalse[39m, [32m'ร—'[39m: [33mfalse[39m, [32m'รท'[39m: [33mfalse[39m },
    activeMode: [32m'normal'[39m,
    isMuted: [33mfalse[39m,
    timerOn: [33mfalse[39m,
    quickMindInterval: [33m10[39m,
    darkModeInterval: [33m10[39m,
    modifiersPerStep: [33m1[39m,
    enableVariables: [33mfalse[39m,
    stopwatchSkin: [32m'default'[39m,
    progressionMode: [32m'adaptive'[39m,
    presentationMode: [32m'normal'[39m,
    scriptId: [32m'circuit-climb'[39m
  }
}
[Telemetry][VT:0] GENERATOR_START { startNumber: [33m1[39m, mode: [32m'standard'[39m }
[Telemetry][VT:0] GENERATOR_STEP_CREATED { stepIndex: [33m0[39m, startNumber: [33m1[39m, answer: [33m12[39m }
[STEP TRACE] [
  {
    i: [33m0[39m,
    startNumber: [33m1[39m,
    value: [33m11[39m,
    operation: [32m'+'[39m,
    correctAnswer: [33m12[39m,
    distractors: [ [33m12[39m, [33m14[39m, [33m9[39m ],
    distractorCount: [33m3[39m,
    source: [32m'engine'[39m,
    fallbackUsed: [90mundefined[39m
  }
]
[GEN CONFIG TRACE] {
  mode: [32m'standard'[39m,
  operation: [90mundefined[39m,
  difficulty: [33m5[39m,
  totalSteps: [33m1[39m,
  answerChoices: [33m3[39m,
  table: [90mundefined[39m,
  skipSize: [90mundefined[39m,
  fullConfig: {
    learningMode: [32m'standard'[39m,
    totalSteps: [33m1[39m,
    targetNumber: [33m20[39m,
    targetFlex: [33m0[39m,
    rangeMin: [33m1[39m,
    rangeMax: [33m20[39m,
    answerChoices: [33m3[39m,
    difficultyLevel: [33m5[39m,
    phaseSequence: [ [36m[Object][39m ],
    opsEnabled: { [32m'+'[39m: [33mtrue[39m, [32m'-'[39m: [33mfalse[39m, [32m'ร—'[39m: [33mfalse[39m, [32m'รท'[39m: [33mfalse[39m },
    activeMode: [32m'normal'[39m,
    isMuted: [33mfalse[39m,
    timerOn: [33mfalse[39m,
    quickMindInterval: [33m10[39m,
    darkModeInterval: [33m10[39m,
    modifiersPerStep: [33m1[39m,
    enableVariables: [33mfalse[39m,
    stopwatchSkin: [32m'default'[39m,
    progressionMode: [32m'adaptive'[39m,
    presentationMode: [32m'normal'[39m,
    scriptId: [32m'circuit-climb'[39m
  }
}
[Telemetry][VT:0] GENERATOR_START { startNumber: [33m2[39m, mode: [32m'standard'[39m }
[Telemetry][VT:0] GENERATOR_STEP_CREATED { stepIndex: [33m0[39m, startNumber: [33m2[39m, answer: [33m7[39m }
[STEP TRACE] [
  {
    i: [33m0[39m,
    startNumber: [33m2[39m,
    value: [33m5[39m,
    operation: [32m'+'[39m,
    correctAnswer: [33m7[39m,
    distractors: [ [33m7[39m, [33m9[39m, [33m4[39m ],
    distractorCount: [33m3[39m,
    source: [32m'engine'[39m,
    fallbackUsed: [90mundefined[39m
  }
]
[GEN CONFIG TRACE] {
  mode: [32m'standard'[39m,
  operation: [90mundefined[39m,
  difficulty: [33m5[39m,
  totalSteps: [33m1[39m,
  answerChoices: [33m3[39m,
  table: [90mundefined[39m,
  skipSize: [90mundefined[39m,
  fullConfig: {
    learningMode: [32m'standard'[39m,
    totalSteps: [33m1[39m,
    targetNumber: [33m20[39m,
    targetFlex: [33m0[39m,
    rangeMin: [33m1[39m,
    rangeMax: [33m20[39m,
    answerChoices: [33m3[39m,
    difficultyLevel: [33m5[39m,
    phaseSequence: [ [36m[Object][39m ],
    opsEnabled: { [32m'+'[39m: [33mtrue[39m, [32m'-'[39m: [33mfalse[39m, [32m'ร—'[39m: [33mfalse[39m, [32m'รท'[39m: [33mfalse[39m },
    activeMode: [32m'normal'[39m,
    isMuted: [33mfalse[39m,
    timerOn: [33mfalse[39m,
    quickMindInterval: [33m10[39m,
    darkModeInterval: [33m10[39m,
    modifiersPerStep: [33m1[39m,
    enableVariables: [33mfalse[39m,
    stopwatchSkin: [32m'default'[39m,
    progressionMode: [32m'adaptive'[39m,
    presentationMode: [32m'normal'[39m,
    scriptId: [32m'circuit-climb'[39m
  }
}
[Telemetry][VT:0] GENERATOR_START { startNumber: [33m3[39m, mode: [32m'standard'[39m }
[Telemetry][VT:0] GENERATOR_STEP_CREATED { stepIndex: [33m0[39m, startNumber: [33m3[39m, answer: [33m13[39m }
[STEP TRACE] [
  {
    i: [33m0[39m,
    startNumber: [33m3[39m,
    value: [33m10[39m,
    operation: [32m'+'[39m,
    correctAnswer: [33m13[39m,
    distractors: [ [33m16[39m, [33m13[39m, [33m11[39m ],
    distractorCount: [33m3[39m,
    source: [32m'engine'[39m,
    fallbackUsed: [90mundefined[39m
  }
]
[GEN CONFIG TRACE] {
  mode: [32m'standard'[39m,
  operation: [90mundefined[39m,
  difficulty: [33m5[39m,
  totalSteps: [33m1[39m,
  answerChoices: [33m3[39m,
  table: [90mundefined[39m,
  skipSize: [90mundefined[39m,
  fullConfig: {
    learningMode: [32m'standard'[39m,
    totalSteps: [33m1[39m,
    targetNumber: [33m20[39m,
    targetFlex: [33m0[39m,
    rangeMin: [33m1[39m,
    rangeMax: [33m20[39m,
    answerChoices: [33m3[39m,
    difficultyLevel: [33m5[39m,
    phaseSequence: [ [36m[Object][39m ],
    opsEnabled: { [32m'+'[39m: [33mtrue[39m, [32m'-'[39m: [33mfalse[39m, [32m'ร—'[39m: [33mfalse[39m, [32m'รท'[39m: [33mfalse[39m },
    activeMode: [32m'normal'[39m,
    isMuted: [33mfalse[39m,
    timerOn: [33mfalse[39m,
    quickMindInterval: [33m10[39m,
    darkModeInterval: [33m10[39m,
    modifiersPerStep: [33m1[39m,
    enableVariables: [33mfalse[39m,
    stopwatchSkin: [32m'default'[39m,
    progressionMode: [32m'adaptive'[39m,
    presentationMode: [32m'normal'[39m,
    scriptId: [32m'circuit-climb'[39m
  }
}
[Telemetry][VT:0] GENERATOR_START { startNumber: [33m4[39m, mode: [32m'standard'[39m }
[Telemetry][VT:0] GENERATOR_STEP_CREATED { stepIndex: [33m0[39m, startNumber: [33m4[39m, answer: [33m5[39m }
[STEP TRACE] [
  {
    i: [33m0[39m,
    startNumber: [33m4[39m,
    value: [33m1[39m,
    operation: [32m'+'[39m,
    correctAnswer: [33m5[39m,
    distractors: [ [33m7[39m, [33m5[39m, [33m3[39m ],
    distractorCount: [33m3[39m,
    source: [32m'engine'[39m,
    fallbackUsed: [90mundefined[39m
  }
]
[GEN CONFIG TRACE] {
  mode: [32m'standard'[39m,
  operation: [90mundefined[39m,
  difficulty: [33m5[39m,
  totalSteps: [33m1[39m,
  answerChoices: [33m3[39m,
  table: [90mundefined[39m,
  skipSize: [90mundefined[39m,
  fullConfig: {
    learningMode: [32m'standard'[39m,
    totalSteps: [33m1[39m,
    targetNumber: [33m20[39m,
    targetFlex: [33m0[39m,
    rangeMin: [33m1[39m,
    rangeMax: [33m20[39m,
    answerChoices: [33m3[39m,
    difficultyLevel: [33m5[39m,
    phaseSequence: [ [36m[Object][39m ],
    opsEnabled: { [32m'+'[39m: [33mtrue[39m, [32m'-'[39m: [33mfalse[39m, [32m'ร—'[39m: [33mfalse[39m, [32m'รท'[39m: [33mfalse[39m },
    activeMode: [32m'normal'[39m,
    isMuted: [33mfalse[39m,
    timerOn: [33mfalse[39m,
    quickMindInterval: [33m10[39m,
    darkModeInterval: [33m10[39m,
    modifiersPerStep: [33m1[39m,
    enableVariables: [33mfalse[39m,
    stopwatchSkin: [32m'default'[39m,
    progressionMode: [32m'adaptive'[39m,
    presentationMode: [32m'normal'[39m,
    scriptId: [32m'circuit-climb'[39m
  }
}
[Telemetry][VT:0] GENERATOR_START { startNumber: [33m5[39m, mode: [32m'standard'[39m }
[Telemetry][VT:0] GENERATOR_STEP_CREATED { stepIndex: [33m0[39m, startNumber: [33m5[39m, answer: [33m11[39m }
[STEP TRACE] [
  {
    i: [33m0[39m,
    startNumber: [33m5[39m,
    value: [33m6[39m,
    operation: [32m'+'[39m,
    correctAnswer: [33m11[39m,
    distractors: [ [33m13[39m, [33m10[39m, [33m11[39m ],
    distractorCount: [33m3[39m,
    source: [32m'engine'[39m,
    fallbackUsed: [90mundefined[39m
  }
]
[GEN CONFIG TRACE] {
  mode: [32m'standard'[39m,
  operation: [90mundefined[39m,
  difficulty: [33m5[39m,
  totalSteps: [33m1[39m,
  answerChoices: [33m3[39m,
  table: [90mundefined[39m,
  skipSize: [90mundefined[39m,
  fullConfig: {
    learningMode: [32m'standard'[39m,
    totalSteps: [33m1[39m,
    targetNumber: [33m20[39m,
    targetFlex: [33m0[39m,
    rangeMin: [33m1[39m,
    rangeMax: [33m20[39m,
    answerChoices: [33m3[39m,
    difficultyLevel: [33m5[39m,
    phaseSequence: [ [36m[Object][39m ],
    opsEnabled: { [32m'+'[39m: [33mtrue[39m, [32m'-'[39m: [33mfalse[39m, [32m'ร—'[39m: [33mfalse[39m, [32m'รท'[39m: [33mfalse[39m },
    activeMode: [32m'normal'[39m,
    isMuted: [33mfalse[39m,
    timerOn: [33mfalse[39m,
    quickMindInterval: [33m10[39m,
    darkModeInterval: [33m10[39m,
    modifiersPerStep: [33m1[39m,
    enableVariables: [33mfalse[39m,
    stopwatchSkin: [32m'default'[39m,
    progressionMode: [32m'adaptive'[39m,
    presentationMode: [32m'normal'[39m,
    scriptId: [32m'circuit-climb'[39m
  }
}
[Telemetry][VT:0] GENERATOR_START { startNumber: [33m6[39m, mode: [32m'standard'[39m }
[Telemetry][VT:0] GENERATOR_STEP_CREATED { stepIndex: [33m0[39m, startNumber: [33m6[39m, answer: [33m13[39m }
[STEP TRACE] [
  {
    i: [33m0[39m,
    startNumber: [33m6[39m,
    value: [33m7[39m,
    operation: [32m'+'[39m,
    correctAnswer: [33m13[39m,
    distractors: [ [33m13[39m, [33m14[39m, [33m12[39m ],
    distractorCount: [33m3[39m,
    source: [32m'engine'[39m,
    fallbackUsed: [90mundefined[39m
  }
]
[GEN CONFIG TRACE] {
  mode: [32m'standard'[39m,
  operation: [90mundefined[39m,
  difficulty: [33m5[39m,
  totalSteps: [33m1[39m,
  answerChoices: [33m3[39m,
  table: [90mundefined[39m,
  skipSize: [90mundefined[39m,
  fullConfig: {
    learningMode: [32m'standard'[39m,
    totalSteps: [33m1[39m,
    targetNumber: [33m20[39m,
    targetFlex: [33m0[39m,
    rangeMin: [33m1[39m,
    rangeMax: [33m20[39m,
    answerChoices: [33m3[39m,
    difficultyLevel: [33m5[39m,
    phaseSequence: [ [36m[Object][39m ],
    opsEnabled: { [32m'+'[39m: [33mtrue[39m, [32m'-'[39m: [33mfalse[39m, [32m'ร—'[39m: [33mfalse[39m, [32m'รท'[39m: [33mfalse[39m },
    activeMode: [32m'normal'[39m,
    isMuted: [33mfalse[39m,
    timerOn: [33mfalse[39m,
    quickMindInterval: [33m10[39m,
    darkModeInterval: [33m10[39m,
    modifiersPerStep: [33m1[39m,
    enableVariables: [33mfalse[39m,
    stopwatchSkin: [32m'default'[39m,
    progressionMode: [32m'adaptive'[39m,
    presentationMode: [32m'normal'[39m,
    scriptId: [32m'circuit-climb'[39m
  }
}
[Telemetry][VT:0] GENERATOR_START { startNumber: [33m7[39m, mode: [32m'standard'[39m }
[Telemetry][VT:0] GENERATOR_STEP_CREATED { stepIndex: [33m0[39m, startNumber: [33m7[39m, answer: [33m12[39m }
[STEP TRACE] [
  {
    i: [33m0[39m,
    startNumber: [33m7[39m,
    value: [33m5[39m,
    operation: [32m'+'[39m,
    correctAnswer: [33m12[39m,
    distractors: [ [33m15[39m, [33m14[39m, [33m12[39m ],
    distractorCount: [33m3[39m,
    source: [32m'engine'[39m,
    fallbackUsed: [90mundefined[39m
  }
]
[GEN CONFIG TRACE] {
  mode: [32m'standard'[39m,
  operation: [90mundefined[39m,
  difficulty: [33m5[39m,
  totalSteps: [33m1[39m,
  answerChoices: [33m3[39m,
  table: [90mundefined[39m,
  skipSize: [90mundefined[39m,
  fullConfig: {
    learningMode: [32m'standard'[39m,
    totalSteps: [33m1[39m,
    targetNumber: [33m20[39m,
    targetFlex: [33m0[39m,
    rangeMin: [33m1[39m,
    rangeMax: [33m20[39m,
    answerChoices: [33m3[39m,
    difficultyLevel: [33m5[39m,
    phaseSequence: [ [36m[Object][39m ],
    opsEnabled: { [32m'+'[39m: [33mtrue[39m, [32m'-'[39m: [33mfalse[39m, [32m'ร—'[39m: [33mfalse[39m, [32m'รท'[39m: [33mfalse[39m },
    activeMode: [32m'normal'[39m,
    isMuted: [33mfalse[39m,
    timerOn: [33mfalse[39m,
    quickMindInterval: [33m10[39m,
    darkModeInterval: [33m10[39m,
    modifiersPerStep: [33m1[39m,
    enableVariables: [33mfalse[39m,
    stopwatchSkin: [32m'default'[39m,
    progressionMode: [32m'adaptive'[39m,
    presentationMode: [32m'normal'[39m,
    scriptId: [32m'circuit-climb'[39m
  }
}
[Telemetry][VT:0] GENERATOR_START { startNumber: [33m8[39m, mode: [32m'standard'[39m }
[Telemetry][VT:0] GENERATOR_STEP_CREATED { stepIndex: [33m0[39m, startNumber: [33m8[39m, answer: [33m13[39m }
[STEP TRACE] [
  {
    i: [33m0[39m,
    startNumber: [33m8[39m,
    value: [33m5[39m,
    operation: [32m'+'[39m,
    correctAnswer: [33m13[39m,
    distractors: [ [33m13[39m, [33m16[39m, [33m14[39m ],
    distractorCount: [33m3[39m,
    source: [32m'engine'[39m,
    fallbackUsed: [90mundefined[39m
  }
]
[GEN CONFIG TRACE] {
  mode: [32m'standard'[39m,
  operation: [90mundefined[39m,
  difficulty: [33m5[39m,
  totalSteps: [33m1[39m,
  answerChoices: [33m3[39m,
  table: [90mundefined[39m,
  skipSize: [90mundefined[39m,
  fullConfig: {
    learningMode: [32m'standard'[39m,
    totalSteps: [33m1[39m,
    targetNumber: [33m20[39m,
    targetFlex: [33m0[39m,
    rangeMin: [33m1[39m,
    rangeMax: [33m20[39m,
    answerChoices: [33m3[39m,
    difficultyLevel: [33m5[39m,
    phaseSequence: [ [36m[Object][39m ],
    opsEnabled: { [32m'+'[39m: [33mtrue[39m, [32m'-'[39m: [33mfalse[39m, [32m'ร—'[39m: [33mfalse[39m, [32m'รท'[39m: [33mfalse[39m },
    activeMode: [32m'normal'[39m,
    isMuted: [33mfalse[39m,
    timerOn: [33mfalse[39m,
    quickMindInterval: [33m10[39m,
    darkModeInterval: [33m10[39m,
    modifiersPerStep: [33m1[39m,
    enableVariables: [33mfalse[39m,
    stopwatchSkin: [32m'default'[39m,
    progressionMode: [32m'adaptive'[39m,
    presentationMode: [32m'normal'[39m,
    scriptId: [32m'circuit-climb'[39m
  }
}
[Telemetry][VT:0] GENERATOR_START { startNumber: [33m9[39m, mode: [32m'standard'[39m }
[Telemetry][VT:0] GENERATOR_STEP_CREATED { stepIndex: [33m0[39m, startNumber: [33m9[39m, answer: [33m10[39m }
[STEP TRACE] [
  {
    i: [33m0[39m,
    startNumber: [33m9[39m,
    value: [33m1[39m,
    operation: [32m'+'[39m,
    correctAnswer: [33m10[39m,
    distractors: [ [33m7[39m, [33m8[39m, [33m10[39m ],
    distractorCount: [33m3[39m,
    source: [32m'engine'[39m,
    fallbackUsed: [90mundefined[39m
  }
]
[GEN CONFIG TRACE] {
  mode: [32m'standard'[39m,
  operation: [90mundefined[39m,
  difficulty: [33m5[39m,
  totalSteps: [33m1[39m,
  answerChoices: [33m3[39m,
  table: [90mundefined[39m,
  skipSize: [90mundefined[39m,
  fullConfig: {
    learningMode: [32m'standard'[39m,
    totalSteps: [33m1[39m,
    targetNumber: [33m20[39m,
    targetFlex: [33m0[39m,
    rangeMin: [33m1[39m,
    rangeMax: [33m20[39m,
    answerChoices: [33m3[39m,
    difficultyLevel: [33m5[39m,
    phaseSequence: [ [36m[Object][39m ],
    opsEnabled: { [32m'+'[39m: [33mtrue[39m, [32m'-'[39m: [33mfalse[39m, [32m'ร—'[39m: [33mfalse[39m, [32m'รท'[39m: [33mfalse[39m },
    activeMode: [32m'normal'[39m,
    isMuted: [33mfalse[39m,
    timerOn: [33mfalse[39m,
    quickMindInterval: [33m10[39m,
    darkModeInterval: [33m10[39m,
    modifiersPerStep: [33m1[39m,
    enableVariables: [33mfalse[39m,
    stopwatchSkin: [32m'default'[39m,
    progressionMode: [32m'adaptive'[39m,
    presentationMode: [32m'normal'[39m,
    scriptId: [32m'circuit-climb'[39m
  }
}
[Telemetry][VT:0] GENERATOR_START { startNumber: [33m10[39m, mode: [32m'standard'[39m }
[Telemetry][VT:0] GENERATOR_STEP_CREATED { stepIndex: [33m0[39m, startNumber: [33m10[39m, answer: [33m11[39m }
[STEP TRACE] [
  {
    i: [33m0[39m,
    startNumber: [33m10[39m,
    value: [33m1[39m,
    operation: [32m'+'[39m,
    correctAnswer: [33m11[39m,
    distractors: [ [33m8[39m, [33m14[39m, [33m11[39m ],
    distractorCount: [33m3[39m,
    source: [32m'engine'[39m,
    fallbackUsed: [90mundefined[39m
  }
]
[GEN CONFIG TRACE] {
  mode: [32m'standard'[39m,
  operation: [90mundefined[39m,
  difficulty: [33m5[39m,
  totalSteps: [33m1[39m,
  answerChoices: [33m3[39m,
  table: [90mundefined[39m,
  skipSize: [90mundefined[39m,
  fullConfig: {
    learningMode: [32m'standard'[39m,
    totalSteps: [33m1[39m,
    targetNumber: [33m20[39m,
    targetFlex: [33m0[39m,
    rangeMin: [33m1[39m,
    rangeMax: [33m20[39m,
    answerChoices: [33m3[39m,
    difficultyLevel: [33m5[39m,
    phaseSequence: [ [36m[Object][39m ],
    opsEnabled: { [32m'+'[39m: [33mtrue[39m, [32m'-'[39m: [33mfalse[39m, [32m'ร—'[39m: [33mfalse[39m, [32m'รท'[39m: [33mfalse[39m },
    activeMode: [32m'normal'[39m,
    isMuted: [33mfalse[39m,
    timerOn: [33mfalse[39m,
    quickMindInterval: [33m10[39m,
    darkModeInterval: [33m10[39m,
    modifiersPerStep: [33m1[39m,
    enableVariables: [33mfalse[39m,
    stopwatchSkin: [32m'default'[39m,
    progressionMode: [32m'adaptive'[39m,
    presentationMode: [32m'normal'[39m,
    scriptId: [32m'circuit-climb'[39m
  }
}
[Telemetry][VT:0] GENERATOR_START { startNumber: [33m11[39m, mode: [32m'standard'[39m }
[Telemetry][VT:0] GENERATOR_STEP_CREATED { stepIndex: [33m0[39m, startNumber: [33m11[39m, answer: [33m17[39m }
[STEP TRACE] [
  {
    i: [33m0[39m,
    startNumber: [33m11[39m,
    value: [33m6[39m,
    operation: [32m'+'[39m,
    correctAnswer: [33m17[39m,
    distractors: [ [33m19[39m, [33m17[39m, [33m18[39m ],
    distractorCount: [33m3[39m,
    source: [32m'engine'[39m,
    fallbackUsed: [90mundefined[39m
  }
]
[GEN CONFIG TRACE] {
  mode: [32m'standard'[39m,
  operation: [90mundefined[39m,
  difficulty: [33m5[39m,
  totalSteps: [33m1[39m,
  answerChoices: [33m3[39m,
  table: [90mundefined[39m,
  skipSize: [90mundefined[39m,
  fullConfig: {
    learningMode: [32m'standard'[39m,
    totalSteps: [33m1[39m,
    targetNumber: [33m20[39m,
    targetFlex: [33m0[39m,
    rangeMin: [33m1[39m,
    rangeMax: [33m20[39m,
    answerChoices: [33m3[39m,
    difficultyLevel: [33m5[39m,
    phaseSequence: [ [36m[Object][39m ],
    opsEnabled: { [32m'+'[39m: [33mtrue[39m, [32m'-'[39m: [33mfalse[39m, [32m'ร—'[39m: [33mfalse[39m, [32m'รท'[39m: [33mfalse[39m },
    activeMode: [32m'normal'[39m,
    isMuted: [33mfalse[39m,
    timerOn: [33mfalse[39m,
    quickMindInterval: [33m10[39m,
    darkModeInterval: [33m10[39m,
    modifiersPerStep: [33m1[39m,
    enableVariables: [33mfalse[39m,
    stopwatchSkin: [32m'default'[39m,
    progressionMode: [32m'adaptive'[39m,
    presentationMode: [32m'normal'[39m,
    scriptId: [32m'circuit-climb'[39m
  }
}
[Telemetry][VT:0] GENERATOR_START { startNumber: [33m12[39m, mode: [32m'standard'[39m }
[Telemetry][VT:0] GENERATOR_STEP_CREATED { stepIndex: [33m0[39m, startNumber: [33m12[39m, answer: [33m17[39m }
[STEP TRACE] [
  {
    i: [33m0[39m,
    startNumber: [33m12[39m,
    value: [33m5[39m,
    operation: [32m'+'[39m,
    correctAnswer: [33m17[39m,
    distractors: [ [33m17[39m, [33m19[39m, [33m18[39m ],
    distractorCount: [33m3[39m,
    source: [32m'engine'[39m,
    fallbackUsed: [90mundefined[39m
  }
]
[GEN CONFIG TRACE] {
  mode: [32m'standard'[39m,
  operation: [90mundefined[39m,
  difficulty: [33m5[39m,
  totalSteps: [33m1[39m,
  answerChoices: [33m3[39m,
  table: [90mundefined[39m,
  skipSize: [90mundefined[39m,
  fullConfig: {
    learningMode: [32m'standard'[39m,
    totalSteps: [33m1[39m,
    targetNumber: [33m20[39m,
    targetFlex: [33m0[39m,
    rangeMin: [33m1[39m,
    rangeMax: [33m20[39m,
    answerChoices: [33m3[39m,
    difficultyLevel: [33m5[39m,
    phaseSequence: [ [36m[Object][39m ],
    opsEnabled: { [32m'+'[39m: [33mtrue[39m, [32m'-'[39m: [33mfalse[39m, [32m'ร—'[39m: [33mfalse[39m, [32m'รท'[39m: [33mfalse[39m },
    activeMode: [32m'normal'[39m,
    isMuted: [33mfalse[39m,
    timerOn: [33mfalse[39m,
    quickMindInterval: [33m10[39m,
    darkModeInterval: [33m10[39m,
    modifiersPerStep: [33m1[39m,
    enableVariables: [33mfalse[39m,
    stopwatchSkin: [32m'default'[39m,
    progressionMode: [32m'adaptive'[39m,
    presentationMode: [32m'normal'[39m,
    scriptId: [32m'circuit-climb'[39m
  }
}
[Telemetry][VT:0] GENERATOR_START { startNumber: [33m13[39m, mode: [32m'standard'[39m }
[Telemetry][VT:0] GENERATOR_STEP_CREATED { stepIndex: [33m0[39m, startNumber: [33m13[39m, answer: [33m15[39m }
[STEP TRACE] [
  {
    i: [33m0[39m,
    startNumber: [33m13[39m,
    value: [33m2[39m,
    operation: [32m'+'[39m,
    correctAnswer: [33m15[39m,
    distractors: [ [33m15[39m, [33m17[39m, [33m12[39m ],
    distractorCount: [33m3[39m,
    source: [32m'engine'[39m,
    fallbackUsed: [90mundefined[39m
  }
]
[GEN CONFIG TRACE] {
  mode: [32m'standard'[39m,
  operation: [90mundefined[39m,
  difficulty: [33m5[39m,
  totalSteps: [33m1[39m,
  answerChoices: [33m3[39m,
  table: [90mundefined[39m,
  skipSize: [90mundefined[39m,
  fullConfig: {
    learningMode: [32m'standard'[39m,
    totalSteps: [33m1[39m,
    targetNumber: [33m20[39m,
    targetFlex: [33m0[39m,
    rangeMin: [33m1[39m,
    rangeMax: [33m20[39m,
    answerChoices: [33m3[39m,
    difficultyLevel: [33m5[39m,
    phaseSequence: [ [36m[Object][39m ],
    opsEnabled: { [32m'+'[39m: [33mtrue[39m, [32m'-'[39m: [33mfalse[39m, [32m'ร—'[39m: [33mfalse[39m, [32m'รท'[39m: [33mfalse[39m },
    activeMode: [32m'normal'[39m,
    isMuted: [33mfalse[39m,
    timerOn: [33mfalse[39m,
    quickMindInterval: [33m10[39m,
    darkModeInterval: [33m10[39m,
    modifiersPerStep: [33m1[39m,
    enableVariables: [33mfalse[39m,
    stopwatchSkin: [32m'default'[39m,
    progressionMode: [32m'adaptive'[39m,
    presentationMode: [32m'normal'[39m,
    scriptId: [32m'circuit-climb'[39m
  }
}
[Telemetry][VT:0] GENERATOR_START { startNumber: [33m14[39m, mode: [32m'standard'[39m }
[Telemetry][VT:0] GENERATOR_STEP_CREATED { stepIndex: [33m0[39m, startNumber: [33m14[39m, answer: [33m15[39m }
[STEP TRACE] [
  {
    i: [33m0[39m,
    startNumber: [33m14[39m,
    value: [33m1[39m,
    operation: [32m'+'[39m,
    correctAnswer: [33m15[39m,
    distractors: [ [33m14[39m, [33m16[39m, [33m15[39m ],
    distractorCount: [33m3[39m,
    source: [32m'engine'[39m,
    fallbackUsed: [90mundefined[39m
  }
]
[GEN CONFIG TRACE] {
  mode: [32m'standard'[39m,
  operation: [90mundefined[39m,
  difficulty: [33m5[39m,
  totalSteps: [33m1[39m,
  answerChoices: [33m3[39m,
  table: [90mundefined[39m,
  skipSize: [90mundefined[39m,
  fullConfig: {
    learningMode: [32m'standard'[39m,
    totalSteps: [33m1[39m,
    targetNumber: [33m20[39m,
    targetFlex: [33m0[39m,
    rangeMin: [33m1[39m,
    rangeMax: [33m20[39m,
    answerChoices: [33m3[39m,
    difficultyLevel: [33m5[39m,
    phaseSequence: [ [36m[Object][39m ],
    opsEnabled: { [32m'+'[39m: [33mtrue[39m, [32m'-'[39m: [33mfalse[39m, [32m'ร—'[39m: [33mfalse[39m, [32m'รท'[39m: [33mfalse[39m },
    activeMode: [32m'normal'[39m,
    isMuted: [33mfalse[39m,
    timerOn: [33mfalse[39m,
    quickMindInterval: [33m10[39m,
    darkModeInterval: [33m10[39m,
    modifiersPerStep: [33m1[39m,
    enableVariables: [33mfalse[39m,
    stopwatchSkin: [32m'default'[39m,
    progressionMode: [32m'adaptive'[39m,
    presentationMode: [32m'normal'[39m,
    scriptId: [32m'circuit-climb'[39m
  }
}
[Telemetry][VT:0] GENERATOR_START { startNumber: [33m15[39m, mode: [32m'standard'[39m }
[Telemetry][VT:0] GENERATOR_STEP_CREATED { stepIndex: [33m0[39m, startNumber: [33m15[39m, answer: [33m17[39m }
[STEP TRACE] [
  {
    i: [33m0[39m,
    startNumber: [33m15[39m,
    value: [33m2[39m,
    operation: [32m'+'[39m,
    correctAnswer: [33m17[39m,
    distractors: [ [33m17[39m, [33m18[39m, [33m16[39m ],
    distractorCount: [33m3[39m,
    source: [32m'engine'[39m,
    fallbackUsed: [90mundefined[39m
  }
]
[GEN CONFIG TRACE] {
  mode: [32m'standard'[39m,
  operation: [90mundefined[39m,
  difficulty: [33m5[39m,
  totalSteps: [33m1[39m,
  answerChoices: [33m3[39m,
  table: [90mundefined[39m,
  skipSize: [90mundefined[39m,
  fullConfig: {
    learningMode: [32m'standard'[39m,
    totalSteps: [33m1[39m,
    targetNumber: [33m20[39m,
    targetFlex: [33m0[39m,
    rangeMin: [33m1[39m,
    rangeMax: [33m20[39m,
    answerChoices: [33m3[39m,
    difficultyLevel: [33m5[39m,
    phaseSequence: [ [36m[Object][39m ],
    opsEnabled: { [32m'+'[39m: [33mtrue[39m, [32m'-'[39m: [33mfalse[39m, [32m'ร—'[39m: [33mfalse[39m, [32m'รท'[39m: [33mfalse[39m },
    activeMode: [32m'normal'[39m,
    isMuted: [33mfalse[39m,
    timerOn: [33mfalse[39m,
    quickMindInterval: [33m10[39m,
    darkModeInterval: [33m10[39m,
    modifiersPerStep: [33m1[39m,
    enableVariables: [33mfalse[39m,
    stopwatchSkin: [32m'default'[39m,
    progressionMode: [32m'adaptive'[39m,
    presentationMode: [32m'normal'[39m,
    scriptId: [32m'circuit-climb'[39m
  }
}
[Telemetry][VT:0] GENERATOR_START { startNumber: [33m16[39m, mode: [32m'standard'[39m }
[Telemetry][VT:0] GENERATOR_STEP_CREATED { stepIndex: [33m0[39m, startNumber: [33m16[39m, answer: [33m20[39m }
[STEP TRACE] [
  {
    i: [33m0[39m,
    startNumber: [33m16[39m,
    value: [33m4[39m,
    operation: [32m'+'[39m,
    correctAnswer: [33m20[39m,
    distractors: [ [33m21[39m, [33m20[39m, [33m19[39m ],
    distractorCount: [33m3[39m,
    source: [32m'engine'[39m,
    fallbackUsed: [90mundefined[39m
  }
]
[GEN CONFIG TRACE] {
  mode: [32m'standard'[39m,
  operation: [90mundefined[39m,
  difficulty: [33m5[39m,
  totalSteps: [33m1[39m,
  answerChoices: [33m3[39m,
  table: [90mundefined[39m,
  skipSize: [90mundefined[39m,
  fullConfig: {
    learningMode: [32m'standard'[39m,
    totalSteps: [33m1[39m,
    targetNumber: [33m20[39m,
    targetFlex: [33m0[39m,
    rangeMin: [33m1[39m,
    rangeMax: [33m20[39m,
    answerChoices: [33m3[39m,
    difficultyLevel: [33m5[39m,
    phaseSequence: [ [36m[Object][39m ],
    opsEnabled: { [32m'+'[39m: [33mtrue[39m, [32m'-'[39m: [33mfalse[39m, [32m'ร—'[39m: [33mfalse[39m, [32m'รท'[39m: [33mfalse[39m },
    activeMode: [32m'normal'[39m,
    isMuted: [33mfalse[39m,
    timerOn: [33mfalse[39m,
    quickMindInterval: [33m10[39m,
    darkModeInterval: [33m10[39m,
    modifiersPerStep: [33m1[39m,
    enableVariables: [33mfalse[39m,
    stopwatchSkin: [32m'default'[39m,
    progressionMode: [32m'adaptive'[39m,
    presentationMode: [32m'normal'[39m,
    scriptId: [32m'circuit-climb'[39m
  }
}
[Telemetry][VT:0] GENERATOR_START { startNumber: [33m17[39m, mode: [32m'standard'[39m }
[Telemetry][VT:0] GENERATOR_STEP_CREATED { stepIndex: [33m0[39m, startNumber: [33m17[39m, answer: [33m20[39m }
[STEP TRACE] [
  {
    i: [33m0[39m,
    startNumber: [33m17[39m,
    value: [33m3[39m,
    operation: [32m'+'[39m,
    correctAnswer: [33m20[39m,
    distractors: [ [33m20[39m, [33m22[39m, [33m21[39m ],
    distractorCount: [33m3[39m,
    source: [32m'engine'[39m,
    fallbackUsed: [90mundefined[39m
  }
]
[GEN CONFIG TRACE] {
  mode: [32m'standard'[39m,
  operation: [90mundefined[39m,
  difficulty: [33m5[39m,
  totalSteps: [33m1[39m,
  answerChoices: [33m3[39m,
  table: [90mundefined[39m,
  skipSize: [90mundefined[39m,
  fullConfig: {
    learningMode: [32m'standard'[39m,
    totalSteps: [33m1[39m,
    targetNumber: [33m20[39m,
    targetFlex: [33m0[39m,
    rangeMin: [33m1[39m,
    rangeMax: [33m20[39m,
    answerChoices: [33m3[39m,
    difficultyLevel: [33m5[39m,
    phaseSequence: [ [36m[Object][39m ],
    opsEnabled: { [32m'+'[39m: [33mtrue[39m, [32m'-'[39m: [33mfalse[39m, [32m'ร—'[39m: [33mfalse[39m, [32m'รท'[39m: [33mfalse[39m },
    activeMode: [32m'normal'[39m,
    isMuted: [33mfalse[39m,
    timerOn: [33mfalse[39m,
    quickMindInterval: [33m10[39m,
    darkModeInterval: [33m10[39m,
    modifiersPerStep: [33m1[39m,
    enableVariables: [33mfalse[39m,
    stopwatchSkin: [32m'default'[39m,
    progressionMode: [32m'adaptive'[39m,
    presentationMode: [32m'normal'[39m,
    scriptId: [32m'circuit-climb'[39m
  }
}
[Telemetry][VT:0] GENERATOR_START { startNumber: [33m18[39m, mode: [32m'standard'[39m }
[Telemetry][VT:0] GENERATOR_STEP_CREATED { stepIndex: [33m0[39m, startNumber: [33m18[39m, answer: [33m20[39m }
[STEP TRACE] [
  {
    i: [33m0[39m,
    startNumber: [33m18[39m,
    value: [33m2[39m,
    operation: [32m'+'[39m,
    correctAnswer: [33m20[39m,
    distractors: [ [33m17[39m, [33m23[39m, [33m20[39m ],
    distractorCount: [33m3[39m,
    source: [32m'engine'[39m,
    fallbackUsed: [90mundefined[39m
  }
]
[GEN CONFIG TRACE] {
  mode: [32m'standard'[39m,
  operation: [90mundefined[39m,
  difficulty: [33m5[39m,
  totalSteps: [33m1[39m,
  answerChoices: [33m3[39m,
  table: [90mundefined[39m,
  skipSize: [90mundefined[39m,
  fullConfig: {
    learningMode: [32m'standard'[39m,
    totalSteps: [33m1[39m,
    targetNumber: [33m20[39m,
    targetFlex: [33m0[39m,
    rangeMin: [33m1[39m,
    rangeMax: [33m20[39m,
    answerChoices: [33m3[39m,
    difficultyLevel: [33m5[39m,
    phaseSequence: [ [36m[Object][39m ],
    opsEnabled: { [32m'+'[39m: [33mtrue[39m, [32m'-'[39m: [33mfalse[39m, [32m'ร—'[39m: [33mfalse[39m, [32m'รท'[39m: [33mfalse[39m },
    activeMode: [32m'normal'[39m,
    isMuted: [33mfalse[39m,
    timerOn: [33mfalse[39m,
    quickMindInterval: [33m10[39m,
    darkModeInterval: [33m10[39m,
    modifiersPerStep: [33m1[39m,
    enableVariables: [33mfalse[39m,
    stopwatchSkin: [32m'default'[39m,
    progressionMode: [32m'adaptive'[39m,
    presentationMode: [32m'normal'[39m,
    scriptId: [32m'circuit-climb'[39m
  }
}
[Telemetry][VT:0] GENERATOR_START { startNumber: [33m19[39m, mode: [32m'standard'[39m }
[Telemetry][VT:0] GENERATOR_STEP_CREATED { stepIndex: [33m0[39m, startNumber: [33m19[39m, answer: [33m20[39m }
[STEP TRACE] [
  {
    i: [33m0[39m,
    startNumber: [33m19[39m,
    value: [33m1[39m,
    operation: [32m'+'[39m,
    correctAnswer: [33m20[39m,
    distractors: [ [33m22[39m, [33m20[39m, [33m19[39m ],
    distractorCount: [33m3[39m,
    source: [32m'engine'[39m,
    fallbackUsed: [90mundefined[39m
  }
]
[GEN CONFIG TRACE] {
  mode: [32m'standard'[39m,
  operation: [90mundefined[39m,
  difficulty: [33m5[39m,
  totalSteps: [33m1[39m,
  answerChoices: [33m3[39m,
  table: [90mundefined[39m,
  skipSize: [90mundefined[39m,
  fullConfig: {
    learningMode: [32m'standard'[39m,
    totalSteps: [33m1[39m,
    targetNumber: [33m20[39m,
    targetFlex: [33m0[39m,
    rangeMin: [33m1[39m,
    rangeMax: [33m20[39m,
    answerChoices: [33m3[39m,
    difficultyLevel: [33m5[39m,
    phaseSequence: [ [36m[Object][39m ],
    opsEnabled: { [32m'+'[39m: [33mtrue[39m, [32m'-'[39m: [33mfalse[39m, [32m'ร—'[39m: [33mfalse[39m, [32m'รท'[39m: [33mfalse[39m },
    activeMode: [32m'normal'[39m,
    isMuted: [33mfalse[39m,
    timerOn: [33mfalse[39m,
    quickMindInterval: [33m10[39m,
    darkModeInterval: [33m10[39m,
    modifiersPerStep: [33m1[39m,
    enableVariables: [33mfalse[39m,
    stopwatchSkin: [32m'default'[39m,
    progressionMode: [32m'adaptive'[39m,
    presentationMode: [32m'normal'[39m,
    scriptId: [32m'circuit-climb'[39m
  }
}
[Telemetry][VT:0] GENERATOR_START { startNumber: [33m1[39m, mode: [32m'standard'[39m }
[Telemetry][VT:0] GENERATOR_STEP_CREATED { stepIndex: [33m0[39m, startNumber: [33m1[39m, answer: [33m4[39m }
[STEP TRACE] [
  {
    i: [33m0[39m,
    startNumber: [33m1[39m,
    value: [33m3[39m,
    operation: [32m'+'[39m,
    correctAnswer: [33m4[39m,
    distractors: [ [33m4[39m, [33m3[39m, [33m5[39m ],
    distractorCount: [33m3[39m,
    source: [32m'engine'[39m,
    fallbackUsed: [90mundefined[39m
  }
]
[GEN CONFIG TRACE] {
  mode: [32m'standard'[39m,
  operation: [90mundefined[39m,
  difficulty: [33m5[39m,
  totalSteps: [33m1[39m,
  answerChoices: [33m3[39m,
  table: [90mundefined[39m,
  skipSize: [90mundefined[39m,
  fullConfig: {
    learningMode: [32m'standard'[39m,
    totalSteps: [33m1[39m,
    targetNumber: [33m20[39m,
    targetFlex: [33m0[39m,
    rangeMin: [33m1[39m,
    rangeMax: [33m20[39m,
    answerChoices: [33m3[39m,
    difficultyLevel: [33m5[39m,
    phaseSequence: [ [36m[Object][39m ],
    opsEnabled: { [32m'+'[39m: [33mtrue[39m, [32m'-'[39m: [33mfalse[39m, [32m'ร—'[39m: [33mfalse[39m, [32m'รท'[39m: [33mfalse[39m },
    activeMode: [32m'normal'[39m,
    isMuted: [33mfalse[39m,
    timerOn: [33mfalse[39m,
    quickMindInterval: [33m10[39m,
    darkModeInterval: [33m10[39m,
    modifiersPerStep: [33m1[39m,
    enableVariables: [33mfalse[39m,
    stopwatchSkin: [32m'default'[39m,
    progressionMode: [32m'adaptive'[39m,
    presentationMode: [32m'normal'[39m,
    scriptId: [32m'circuit-climb'[39m
  }
}
[Telemetry][VT:0] GENERATOR_START { startNumber: [33m2[39m, mode: [32m'standard'[39m }
[Telemetry][VT:0] GENERATOR_STEP_CREATED { stepIndex: [33m0[39m, startNumber: [33m2[39m, answer: [33m9[39m }
[STEP TRACE] [
  {
    i: [33m0[39m,
    startNumber: [33m2[39m,
    value: [33m7[39m,
    operation: [32m'+'[39m,
    correctAnswer: [33m9[39m,
    distractors: [ [33m9[39m, [33m8[39m, [33m7[39m ],
    distractorCount: [33m3[39m,
    source: [32m'engine'[39m,
    fallbackUsed: [90mundefined[39m
  }
]
[GEN CONFIG TRACE] {
  mode: [32m'standard'[39m,
  operation: [90mundefined[39m,
  difficulty: [33m5[39m,
  totalSteps: [33m1[39m,
  answerChoices: [33m3[39m,
  table: [90mundefined[39m,
  skipSize: [90mundefined[39m,
  fullConfig: {
    learningMode: [32m'standard'[39m,
    totalSteps: [33m1[39m,
    targetNumber: [33m20[39m,
    targetFlex: [33m0[39m,
    rangeMin: [33m1[39m,
    rangeMax: [33m20[39m,
    answerChoices: [33m3[39m,
    difficultyLevel: [33m5[39m,
    phaseSequence: [ [36m[Object][39m ],
    opsEnabled: { [32m'+'[39m: [33mtrue[39m, [32m'-'[39m: [33mfalse[39m, [32m'ร—'[39m: [33mfalse[39m, [32m'รท'[39m: [33mfalse[39m },
    activeMode: [32m'normal'[39m,
    isMuted: [33mfalse[39m,
    timerOn: [33mfalse[39m,
    quickMindInterval: [33m10[39m,
    darkModeInterval: [33m10[39m,
    modifiersPerStep: [33m1[39m,
    enableVariables: [33mfalse[39m,
    stopwatchSkin: [32m'default'[39m,
    progressionMode: [32m'adaptive'[39m,
    presentationMode: [32m'normal'[39m,
    scriptId: [32m'circuit-climb'[39m
  }
}
[Telemetry][VT:0] GENERATOR_START { startNumber: [33m3[39m, mode: [32m'standard'[39m }
[Telemetry][VT:0] GENERATOR_STEP_CREATED { stepIndex: [33m0[39m, startNumber: [33m3[39m, answer: [33m6[39m }
[STEP TRACE] [
  {
    i: [33m0[39m,
    startNumber: [33m3[39m,
    value: [33m3[39m,
    operation: [32m'+'[39m,
    correctAnswer: [33m6[39m,
    distractors: [ [33m6[39m, [33m4[39m, [33m3[39m ],
    distractorCount: [33m3[39m,
    source: [32m'engine'[39m,
    fallbackUsed: [90mundefined[39m
  }
]
[GEN CONFIG TRACE] {
  mode: [32m'standard'[39m,
  operation: [90mundefined[39m,
  difficulty: [33m5[39m,
  totalSteps: [33m1[39m,
  answerChoices: [33m3[39m,
  table: [90mundefined[39m,
  skipSize: [90mundefined[39m,
  fullConfig: {
    learningMode: [32m'standard'[39m,
    totalSteps: [33m1[39m,
    targetNumber: [33m20[39m,
    targetFlex: [33m0[39m,
    rangeMin: [33m1[39m,
    rangeMax: [33m20[39m,
    answerChoices: [33m3[39m,
    difficultyLevel: [33m5[39m,
    phaseSequence: [ [36m[Object][39m ],
    opsEnabled: { [32m'+'[39m: [33mtrue[39m, [32m'-'[39m: [33mfalse[39m, [32m'ร—'[39m: [33mfalse[39m, [32m'รท'[39m: [33mfalse[39m },
    activeMode: [32m'normal'[39m,
    isMuted: [33mfalse[39m,
    timerOn: [33mfalse[39m,
    quickMindInterval: [33m10[39m,
    darkModeInterval: [33m10[39m,
    modifiersPerStep: [33m1[39m,
    enableVariables: [33mfalse[39m,
    stopwatchSkin: [32m'default'[39m,
    progressionMode: [32m'adaptive'[39m,
    presentationMode: [32m'normal'[39m,
    scriptId: [32m'circuit-climb'[39m
  }
}
[Telemetry][VT:0] GENERATOR_START { startNumber: [33m4[39m, mode: [32m'standard'[39m }
[Telemetry][VT:0] GENERATOR_STEP_CREATED { stepIndex: [33m0[39m, startNumber: [33m4[39m, answer: [33m19[39m }
[STEP TRACE] [
  {
    i: [33m0[39m,
    startNumber: [33m4[39m,
    value: [33m15[39m,
    operation: [32m'+'[39m,
    correctAnswer: [33m19[39m,
    distractors: [ [33m19[39m, [33m22[39m, [33m16[39m ],
    distractorCount: [33m3[39m,
    source: [32m'engine'[39m,
    fallbackUsed: [90mundefined[39m
  }
]
[GEN CONFIG TRACE] {
  mode: [32m'standard'[39m,
  operation: [90mundefined[39m,
  difficulty: [33m5[39m,
  totalSteps: [33m1[39m,
  answerChoices: [33m3[39m,
  table: [90mundefined[39m,
  skipSize: [90mundefined[39m,
  fullConfig: {
    learningMode: [32m'standard'[39m,
    totalSteps: [33m1[39m,
    targetNumber: [33m20[39m,
    targetFlex: [33m0[39m,
    rangeMin: [33m1[39m,
    rangeMax: [33m20[39m,
    answerChoices: [33m3[39m,
    difficultyLevel: [33m5[39m,
    phaseSequence: [ [36m[Object][39m ],
    opsEnabled: { [32m'+'[39m: [33mtrue[39m, [32m'-'[39m: [33mfalse[39m, [32m'ร—'[39m: [33mfalse[39m, [32m'รท'[39m: [33mfalse[39m },
    activeMode: [32m'normal'[39m,
    isMuted: [33mfalse[39m,
    timerOn: [33mfalse[39m,
    quickMindInterval: [33m10[39m,
    darkModeInterval: [33m10[39m,
    modifiersPerStep: [33m1[39m,
    enableVariables: [33mfalse[39m,
    stopwatchSkin: [32m'default'[39m,
    progressionMode: [32m'adaptive'[39m,
    presentationMode: [32m'normal'[39m,
    scriptId: [32m'circuit-climb'[39m
  }
}
[Telemetry][VT:0] GENERATOR_START { startNumber: [33m5[39m, mode: [32m'standard'[39m }
[Telemetry][VT:0] GENERATOR_STEP_CREATED { stepIndex: [33m0[39m, startNumber: [33m5[39m, answer: [33m8[39m }
[STEP TRACE] [
  {
    i: [33m0[39m,
    startNumber: [33m5[39m,
    value: [33m3[39m,
    operation: [32m'+'[39m,
    correctAnswer: [33m8[39m,
    distractors: [ [33m10[39m, [33m8[39m, [33m11[39m ],
    distractorCount: [33m3[39m,
    source: [32m'engine'[39m,
    fallbackUsed: [90mundefined[39m
  }
]
[GEN CONFIG TRACE] {
  mode: [32m'standard'[39m,
  operation: [90mundefined[39m,
  difficulty: [33m5[39m,
  totalSteps: [33m1[39m,
  answerChoices: [33m3[39m,
  table: [90mundefined[39m,
  skipSize: [90mundefined[39m,
  fullConfig: {
    learningMode: [32m'standard'[39m,
    totalSteps: [33m1[39m,
    targetNumber: [33m20[39m,
    targetFlex: [33m0[39m,
    rangeMin: [33m1[39m,
    rangeMax: [33m20[39m,
    answerChoices: [33m3[39m,
    difficultyLevel: [33m5[39m,
    phaseSequence: [ [36m[Object][39m ],
    opsEnabled: { [32m'+'[39m: [33mtrue[39m, [32m'-'[39m: [33mfalse[39m, [32m'ร—'[39m: [33mfalse[39m, [32m'รท'[39m: [33mfalse[39m },
    activeMode: [32m'normal'[39m,
    isMuted: [33mfalse[39m,
    timerOn: [33mfalse[39m,
    quickMindInterval: [33m10[39m,
    darkModeInterval: [33m10[39m,
    modifiersPerStep: [33m1[39m,
    enableVariables: [33mfalse[39m,
    stopwatchSkin: [32m'default'[39m,
    progressionMode: [32m'adaptive'[39m,
    presentationMode: [32m'normal'[39m,
    scriptId: [32m'circuit-climb'[39m
  }
}
[Telemetry][VT:0] GENERATOR_START { startNumber: [33m6[39m, mode: [32m'standard'[39m }
[Telemetry][VT:0] GENERATOR_STEP_CREATED { stepIndex: [33m0[39m, startNumber: [33m6[39m, answer: [33m11[39m }
[STEP TRACE] [
  {
    i: [33m0[39m,
    startNumber: [33m6[39m,
    value: [33m5[39m,
    operation: [32m'+'[39m,
    correctAnswer: [33m11[39m,
    distractors: [ [33m13[39m, [33m11[39m, [33m12[39m ],
    distractorCount: [33m3[39m,
    source: [32m'engine'[39m,
    fallbackUsed: [90mundefined[39m
  }
]
[GEN CONFIG TRACE] {
  mode: [32m'standard'[39m,
  operation: [90mundefined[39m,
  difficulty: [33m5[39m,
  totalSteps: [33m1[39m,
  answerChoices: [33m3[39m,
  table: [90mundefined[39m,
  skipSize: [90mundefined[39m,
  fullConfig: {
    learningMode: [32m'standard'[39m,
    totalSteps: [33m1[39m,
    targetNumber: [33m20[39m,
    targetFlex: [33m0[39m,
    rangeMin: [33m1[39m,
    rangeMax: [33m20[39m,
    answerChoices: [33m3[39m,
    difficultyLevel: [33m5[39m,
    phaseSequence: [ [36m[Object][39m ],
    opsEnabled: { [32m'+'[39m: [33mtrue[39m, [32m'-'[39m: [33mfalse[39m, [32m'ร—'[39m: [33mfalse[39m, [32m'รท'[39m: [33mfalse[39m },
    activeMode: [32m'normal'[39m,
    isMuted: [33mfalse[39m,
    timerOn: [33mfalse[39m,
    quickMindInterval: [33m10[39m,
    darkModeInterval: [33m10[39m,
    modifiersPerStep: [33m1[39m,
    enableVariables: [33mfalse[39m,
    stopwatchSkin: [32m'default'[39m,
    progressionMode: [32m'adaptive'[39m,
    presentationMode: [32m'normal'[39m,
    scriptId: [32m'circuit-climb'[39m
  }
}
[Telemetry][VT:0] GENERATOR_START { startNumber: [33m7[39m, mode: [32m'standard'[39m }
[Telemetry][VT:0] GENERATOR_STEP_CREATED { stepIndex: [33m0[39m, startNumber: [33m7[39m, answer: [33m8[39m }
[STEP TRACE] [
  {
    i: [33m0[39m,
    startNumber: [33m7[39m,
    value: [33m1[39m,
    operation: [32m'+'[39m,
    correctAnswer: [33m8[39m,
    distractors: [ [33m6[39m, [33m10[39m, [33m8[39m ],
    distractorCount: [33m3[39m,
    source: [32m'engine'[39m,
    fallbackUsed: [90mundefined[39m
  }
]
[GEN CONFIG TRACE] {
  mode: [32m'standard'[39m,
  operation: [90mundefined[39m,
  difficulty: [33m5[39m,
  totalSteps: [33m1[39m,
  answerChoices: [33m3[39m,
  table: [90mundefined[39m,
  skipSize: [90mundefined[39m,
  fullConfig: {
    learningMode: [32m'standard'[39m,
    totalSteps: [33m1[39m,
    targetNumber: [33m20[39m,
    targetFlex: [33m0[39m,
    rangeMin: [33m1[39m,
    rangeMax: [33m20[39m,
    answerChoices: [33m3[39m,
    difficultyLevel: [33m5[39m,
    phaseSequence: [ [36m[Object][39m ],
    opsEnabled: { [32m'+'[39m: [33mtrue[39m, [32m'-'[39m: [33mfalse[39m, [32m'ร—'[39m: [33mfalse[39m, [32m'รท'[39m: [33mfalse[39m },
    activeMode: [32m'normal'[39m,
    isMuted: [33mfalse[39m,
    timerOn: [33mfalse[39m,
    quickMindInterval: [33m10[39m,
    darkModeInterval: [33m10[39m,
    modifiersPerStep: [33m1[39m,
    enableVariables: [33mfalse[39m,
    stopwatchSkin: [32m'default'[39m,
    progressionMode: [32m'adaptive'[39m,
    presentationMode: [32m'normal'[39m,
    scriptId: [32m'circuit-climb'[39m
  }
}
[Telemetry][VT:0] GENERATOR_START { startNumber: [33m8[39m, mode: [32m'standard'[39m }
[Telemetry][VT:0] GENERATOR_STEP_CREATED { stepIndex: [33m0[39m, startNumber: [33m8[39m, answer: [33m13[39m }
[STEP TRACE] [
  {
    i: [33m0[39m,
    startNumber: [33m8[39m,
    value: [33m5[39m,
    operation: [32m'+'[39m,
    correctAnswer: [33m13[39m,
    distractors: [ [33m11[39m, [33m13[39m, [33m12[39m ],
    distractorCount: [33m3[39m,
    source: [32m'engine'[39m,
    fallbackUsed: [90mundefined[39m
  }
]
[GEN CONFIG TRACE] {
  mode: [32m'standard'[39m,
  operation: [90mundefined[39m,
  difficulty: [33m5[39m,
  totalSteps: [33m1[39m,
  answerChoices: [33m3[39m,
  table: [90mundefined[39m,
  skipSize: [90mundefined[39m,
  fullConfig: {
    learningMode: [32m'standard'[39m,
    totalSteps: [33m1[39m,
    targetNumber: [33m20[39m,
    targetFlex: [33m0[39m,
    rangeMin: [33m1[39m,
    rangeMax: [33m20[39m,
    answerChoices: [33m3[39m,
    difficultyLevel: [33m5[39m,
    phaseSequence: [ [36m[Object][39m ],
    opsEnabled: { [32m'+'[39m: [33mtrue[39m, [32m'-'[39m: [33mfalse[39m, [32m'ร—'[39m: [33mfalse[39m, [32m'รท'[39m: [33mfalse[39m },
    activeMode: [32m'normal'[39m,
    isMuted: [33mfalse[39m,
    timerOn: [33mfalse[39m,
    quickMindInterval: [33m10[39m,
    darkModeInterval: [33m10[39m,
    modifiersPerStep: [33m1[39m,
    enableVariables: [33mfalse[39m,
    stopwatchSkin: [32m'default'[39m,
    progressionMode: [32m'adaptive'[39m,
    presentationMode: [32m'normal'[39m,
    scriptId: [32m'circuit-climb'[39m
  }
}
[Telemetry][VT:0] GENERATOR_START { startNumber: [33m9[39m, mode: [32m'standard'[39m }
[Telemetry][VT:0] GENERATOR_STEP_CREATED { stepIndex: [33m0[39m, startNumber: [33m9[39m, answer: [33m18[39m }
[STEP TRACE] [
  {
    i: [33m0[39m,
    startNumber: [33m9[39m,
    value: [33m9[39m,
    operation: [32m'+'[39m,
    correctAnswer: [33m18[39m,
    distractors: [ [33m18[39m, [33m16[39m, [33m17[39m ],
    distractorCount: [33m3[39m,
    source: [32m'engine'[39m,
    fallbackUsed: [90mundefined[39m
  }
]
[GEN CONFIG TRACE] {
  mode: [32m'standard'[39m,
  operation: [90mundefined[39m,
  difficulty: [33m5[39m,
  totalSteps: [33m1[39m,
  answerChoices: [33m3[39m,
  table: [90mundefined[39m,
  skipSize: [90mundefined[39m,
  fullConfig: {
    learningMode: [32m'standard'[39m,
    totalSteps: [33m1[39m,
    targetNumber: [33m20[39m,
    targetFlex: [33m0[39m,
    rangeMin: [33m1[39m,
    rangeMax: [33m20[39m,
    answerChoices: [33m3[39m,
    difficultyLevel: [33m5[39m,
    phaseSequence: [ [36m[Object][39m ],
    opsEnabled: { [32m'+'[39m: [33mtrue[39m, [32m'-'[39m: [33mfalse[39m, [32m'ร—'[39m: [33mfalse[39m, [32m'รท'[39m: [33mfalse[39m },
    activeMode: [32m'normal'[39m,
    isMuted: [33mfalse[39m,
    timerOn: [33mfalse[39m,
    quickMindInterval: [33m10[39m,
    darkModeInterval: [33m10[39m,
    modifiersPerStep: [33m1[39m,
    enableVariables: [33mfalse[39m,
    stopwatchSkin: [32m'default'[39m,
    progressionMode: [32m'adaptive'[39m,
    presentationMode: [32m'normal'[39m,
    scriptId: [32m'circuit-climb'[39m
  }
}
[Telemetry][VT:0] GENERATOR_START { startNumber: [33m10[39m, mode: [32m'standard'[39m }
[Telemetry][VT:0] GENERATOR_STEP_CREATED { stepIndex: [33m0[39m, startNumber: [33m10[39m, answer: [33m18[39m }
[STEP TRACE] [
  {
    i: [33m0[39m,
    startNumber: [33m10[39m,
    value: [33m8[39m,
    operation: [32m'+'[39m,
    correctAnswer: [33m18[39m,
    distractors: [ [33m21[39m, [33m17[39m, [33m18[39m ],
    distractorCount: [33m3[39m,
    source: [32m'engine'[39m,
    fallbackUsed: [90mundefined[39m
  }
]
[GEN CONFIG TRACE] {
  mode: [32m'standard'[39m,
  operation: [90mundefined[39m,
  difficulty: [33m5[39m,
  totalSteps: [33m1[39m,
  answerChoices: [33m3[39m,
  table: [90mundefined[39m,
  skipSize: [90mundefined[39m,
  fullConfig: {
    learningMode: [32m'standard'[39m,
    totalSteps: [33m1[39m,
    targetNumber: [33m20[39m,
    targetFlex: [33m0[39m,
    rangeMin: [33m1[39m,
    rangeMax: [33m20[39m,
    answerChoices: [33m3[39m,
    difficultyLevel: [33m5[39m,
    phaseSequence: [ [36m[Object][39m ],
    opsEnabled: { [32m'+'[39m: [33mtrue[39m, [32m'-'[39m: [33mfalse[39m, [32m'ร—'[39m: [33mfalse[39m, [32m'รท'[39m: [33mfalse[39m },
    activeMode: [32m'normal'[39m,
    isMuted: [33mfalse[39m,
    timerOn: [33mfalse[39m,
    quickMindInterval: [33m10[39m,
    darkModeInterval: [33m10[39m,
    modifiersPerStep: [33m1[39m,
    enableVariables: [33mfalse[39m,
    stopwatchSkin: [32m'default'[39m,
    progressionMode: [32m'adaptive'[39m,
    presentationMode: [32m'normal'[39m,
    scriptId: [32m'circuit-climb'[39m
  }
}
[Telemetry][VT:0] GENERATOR_START { startNumber: [33m11[39m, mode: [32m'standard'[39m }
[Telemetry][VT:0] GENERATOR_STEP_CREATED { stepIndex: [33m0[39m, startNumber: [33m11[39m, answer: [33m13[39m }
[STEP TRACE] [
  {
    i: [33m0[39m,
    startNumber: [33m11[39m,
    value: [33m2[39m,
    operation: [32m'+'[39m,
    correctAnswer: [33m13[39m,
    distractors: [ [33m10[39m, [33m13[39m, [33m14[39m ],
    distractorCount: [33m3[39m,
    source: [32m'engine'[39m,
    fallbackUsed: [90mundefined[39m
  }
]
[GEN CONFIG TRACE] {
  mode: [32m'standard'[39m,
  operation: [90mundefined[39m,
  difficulty: [33m5[39m,
  totalSteps: [33m1[39m,
  answerChoices: [33m3[39m,
  table: [90mundefined[39m,
  skipSize: [90mundefined[39m,
  fullConfig: {
    learningMode: [32m'standard'[39m,
    totalSteps: [33m1[39m,
    targetNumber: [33m20[39m,
    targetFlex: [33m0[39m,
    rangeMin: [33m1[39m,
    rangeMax: [33m20[39m,
    answerChoices: [33m3[39m,
    difficultyLevel: [33m5[39m,
    phaseSequence: [ [36m[Object][39m ],
    opsEnabled: { [32m'+'[39m: [33mtrue[39m, [32m'-'[39m: [33mfalse[39m, [32m'ร—'[39m: [33mfalse[39m, [32m'รท'[39m: [33mfalse[39m },
    activeMode: [32m'normal'[39m,
    isMuted: [33mfalse[39m,
    timerOn: [33mfalse[39m,
    quickMindInterval: [33m10[39m,
    darkModeInterval: [33m10[39m,
    modifiersPerStep: [33m1[39m,
    enableVariables: [33mfalse[39m,
    stopwatchSkin: [32m'default'[39m,
    progressionMode: [32m'adaptive'[39m,
    presentationMode: [32m'normal'[39m,
    scriptId: [32m'circuit-climb'[39m
  }
}
[Telemetry][VT:0] GENERATOR_START { startNumber: [33m12[39m, mode: [32m'standard'[39m }
[Telemetry][VT:0] GENERATOR_STEP_CREATED { stepIndex: [33m0[39m, startNumber: [33m12[39m, answer: [33m18[39m }
[STEP TRACE] [
  {
    i: [33m0[39m,
    startNumber: [33m12[39m,
    value: [33m6[39m,
    operation: [32m'+'[39m,
    correctAnswer: [33m18[39m,
    distractors: [ [33m15[39m, [33m17[39m, [33m18[39m ],
    distractorCount: [33m3[39m,
    source: [32m'engine'[39m,
    fallbackUsed: [90mundefined[39m
  }
]
[GEN CONFIG TRACE] {
  mode: [32m'standard'[39m,
  operation: [90mundefined[39m,
  difficulty: [33m5[39m,
  totalSteps: [33m1[39m,
  answerChoices: [33m3[39m,
  table: [90mundefined[39m,
  skipSize: [90mundefined[39m,
  fullConfig: {
    learningMode: [32m'standard'[39m,
    totalSteps: [33m1[39m,
    targetNumber: [33m20[39m,
    targetFlex: [33m0[39m,
    rangeMin: [33m1[39m,
    rangeMax: [33m20[39m,
    answerChoices: [33m3[39m,
    difficultyLevel: [33m5[39m,
    phaseSequence: [ [36m[Object][39m ],
    opsEnabled: { [32m'+'[39m: [33mtrue[39m, [32m'-'[39m: [33mfalse[39m, [32m'ร—'[39m: [33mfalse[39m, [32m'รท'[39m: [33mfalse[39m },
    activeMode: [32m'normal'[39m,
    isMuted: [33mfalse[39m,
    timerOn: [33mfalse[39m,
    quickMindInterval: [33m10[39m,
    darkModeInterval: [33m10[39m,
    modifiersPerStep: [33m1[39m,
    enableVariables: [33mfalse[39m,
    stopwatchSkin: [32m'default'[39m,
    progressionMode: [32m'adaptive'[39m,
    presentationMode: [32m'normal'[39m,
    scriptId: [32m'circuit-climb'[39m
  }
}
[Telemetry][VT:0] GENERATOR_START { startNumber: [33m13[39m, mode: [32m'standard'[39m }
[Telemetry][VT:0] GENERATOR_STEP_CREATED { stepIndex: [33m0[39m, startNumber: [33m13[39m, answer: [33m15[39m }
[STEP TRACE] [
  {
    i: [33m0[39m,
    startNumber: [33m13[39m,
    value: [33m2[39m,
    operation: [32m'+'[39m,
    correctAnswer: [33m15[39m,
    distractors: [ [33m15[39m, [33m18[39m, [33m14[39m ],
    distractorCount: [33m3[39m,
    source: [32m'engine'[39m,
    fallbackUsed: [90mundefined[39m
  }
]
[GEN CONFIG TRACE] {
  mode: [32m'standard'[39m,
  operation: [90mundefined[39m,
  difficulty: [33m5[39m,
  totalSteps: [33m1[39m,
  answerChoices: [33m3[39m,
  table: [90mundefined[39m,
  skipSize: [90mundefined[39m,
  fullConfig: {
    learningMode: [32m'standard'[39m,
    totalSteps: [33m1[39m,
    targetNumber: [33m20[39m,
    targetFlex: [33m0[39m,
    rangeMin: [33m1[39m,
    rangeMax: [33m20[39m,
    answerChoices: [33m3[39m,
    difficultyLevel: [33m5[39m,
    phaseSequence: [ [36m[Object][39m ],
    opsEnabled: { [32m'+'[39m: [33mtrue[39m, [32m'-'[39m: [33mfalse[39m, [32m'ร—'[39m: [33mfalse[39m, [32m'รท'[39m: [33mfalse[39m },
    activeMode: [32m'normal'[39m,
    isMuted: [33mfalse[39m,
    timerOn: [33mfalse[39m,
    quickMindInterval: [33m10[39m,
    darkModeInterval: [33m10[39m,
    modifiersPerStep: [33m1[39m,
    enableVariables: [33mfalse[39m,
    stopwatchSkin: [32m'default'[39m,
    progressionMode: [32m'adaptive'[39m,
    presentationMode: [32m'normal'[39m,
    scriptId: [32m'circuit-climb'[39m
  }
}
[Telemetry][VT:0] GENERATOR_START { startNumber: [33m14[39m, mode: [32m'standard'[39m }
[Telemetry][VT:0] GENERATOR_STEP_CREATED { stepIndex: [33m0[39m, startNumber: [33m14[39m, answer: [33m19[39m }
[STEP TRACE] [
  {
    i: [33m0[39m,
    startNumber: [33m14[39m,
    value: [33m5[39m,
    operation: [32m'+'[39m,
    correctAnswer: [33m19[39m,
    distractors: [ [33m21[39m, [33m19[39m, [33m20[39m ],
    distractorCount: [33m3[39m,
    source: [32m'engine'[39m,
    fallbackUsed: [90mundefined[39m
  }
]
[GEN CONFIG TRACE] {
  mode: [32m'standard'[39m,
  operation: [90mundefined[39m,
  difficulty: [33m5[39m,
  totalSteps: [33m1[39m,
  answerChoices: [33m3[39m,
  table: [90mundefined[39m,
  skipSize: [90mundefined[39m,
  fullConfig: {
    learningMode: [32m'standard'[39m,
    totalSteps: [33m1[39m,
    targetNumber: [33m20[39m,
    targetFlex: [33m0[39m,
    rangeMin: [33m1[39m,
    rangeMax: [33m20[39m,
    answerChoices: [33m3[39m,
    difficultyLevel: [33m5[39m,
    phaseSequence: [ [36m[Objecx์Ý฿nÛFว๑๛ผยÞ่.‘ํ:ฑ๏ฏ[X'…ํํaดD;\K”JQiปEce`_l)ด็ศ3bZณ8฿Þ6QH}<ร9็WÞüๅzÿhÜปy๓ชWý7ฮฮ๒ไv”{๖ชM{ใื}ฝÜๅx๑ใþธ,ๆ้๒็7๕ๆ๏ฤๆปd4“Ûÿ๛๏ถþใุก๗u๕ค’A}Iฯ'ร๔ธþ'๙ค'ฃี?[ํ“อฮ็ๅโYฏdนตฬฦi๑)wlýuฮณ|๘!/ำโK2ช๗๋ฟ5v&ลรโ)lฺg<fwYZฬ~Jห26๛ปคหw๗็คศÿ9ัฌLKสม็ห,o^๔0ฝKๆฃา|ีำbr_คณY6ษอท'&ำล[&wMgi^&ๅฺพฯ฿สู ศฆๅaณว +๓ฌün0สฦทซซýพพ๚๚๊๚*ฅใด,þธนþ๙๊๘ํM๏วณg'W.~นผ:นธชฮกYๅว๙๘6-ทใ๛๚ใOฃฺ-ฏÞโแ๋๚“oy์ณ~9ฝ8;น:๛Û๒้๔C>LฏP$ไณ฿~๛๎๑ G๎]]Ý๔ฎซW๙็๊ไ’\Dฎ_nฎฮyZoุ3~?ฆล๒38–Wืj๋`R้ <ฑ<ป๚,ฬfeQ]“ข:uฎ๋Þ?]NฦK/ํfýNๆyYa฿|Y“y1xüTาü>หลiTฉฃÛd๐๐ู๊b;z;Woý]ตÛ๐้ิธyu]}ZฝำO๘๐c๓~.ÞK๗Gพxx๑ๆ<{ไลี๕u—ชซเ๚น?ฝ็ๅคLFซn๖์ฒ[}ฺง'ูเ๑’{zัๅโJtq๖M/ณนwธFง“ü.ป?ฎO—Qy–฿o|ฑ๑โY๗ฉ<ม๖Þ>Ûþรhýฌ_n,’ü>=ฯrหใฎ6%ฟÛs๓๛dพ๛OฟคฃgA๕-๓9ฅ—้ฏ๓4_Eห3๔p|ý้๖ีi5P๓ยิ๎ๆะPs่ ฦüüป ๆภลิ@ิ@:jฏฦPำZR๓>5ฆ	ฉyฟ5rT๓j j F'5อ฿Ý; ฆ9ดคๆ(5ฆ	ฉ9jฃฆชูเ9จจัIอั๎จi-จฉ/7ojLยQ#พlิ4;ิ?ํ๖กj jtRณ;ilะบQใ`ฦผณ=3mทi9อK^ผ*eฤ4nฟ<1อ‘ๅดูAcฬๅeb(ใน๎์ Eþพ)หฺดูะ ะ Jhoฦ—ฆ9rซฮฬKR@cJัลช3yๆภยะ ะ 6h๏ย—ฆ9ฒ€&ฬ: “ำ๓:ÜถU b1ณ% 1ฃ“ÝUkZ5รeบ)ีlศ[1F11ฃ“ÝUiZ4รฮธJ4ýi+ช!ๅ1ฃ“ÝUgvY้ฌอ์บ8Sศฒถจน4@4@ฃÝีfฺK3รฬ—น*3อ*Ü๙วมy	gvWiญหฌGพฮธส2=—2็ี1Ys๑ฮเฮ่tๆ๑ซquอฆ.ชfฤฉ`RในนตjFโ"๛ํAิ@ิ่คf- ฌ= –ฦพิธบ xRc^สVjD{+<P5P5๊จู]+€พฝ@ nอฎf ~gถ\ฐึเj j F'5ปk๐x่NZhบฺ7๕ปoกู?ัBj j”Rณปv }k?€Pิธ:๘jZฉY[ๆ,๚5/j j F5ั…8กฦีภณขฦ”๊iสeL Aิ@Rjbq5ชqu๐[ะ>fวศDจจuิโtY€ผ;ณถ,€gจจQJ!ฮaCE่5าj j F58ณ, j j FU๓~gฬ๘5ฅ‘ื๙se+b= ๗h b F'1‘…8Yvๆ*Û๔[
ะถ่Lt3fิั@ฤ@Nbboำ๑ฬ฿์ygฆตใผํokJ4@4@ฃศโ๕;sUk๚Bำฺ๏L6ก‘54@4@4:ก,ฤนitÜQณ_ัCํ๚jJg9รมฮD–ไจ)€ซPS ]4ฐต   ัMlyฮa4ฎ2M๓B์b@#ฃไ๐gpgpFง3ฑล9ะธj4อ฿w1ฑ`คมมÝฮฤ็fษซ@ำs<ณeฦฆt^ 838ฃำ๘โรฬ9ใý4ýึฐๆj j”R]sA3ฮูผZปีHjไ\ิ@ิ@RjขsSIใs๖คฆต’fำจ	4จจQJMlqฮกฯ\ํ<ฉูrM€,แdํิ@ิ(ฅ&ถ8็ๆOÿฎโ=ฉ1WOoÝ€Qิ@ิ(ฅ&บ8็@มgฎิดmี 5P5Zฉ!ฮ9lณธWCิ@ิ@1#DsQM๓mQ๏.7sจฅิ็6ฮYN 	j๖๚P5P5:ฉ!ฮ9์ีศดF5P5Pฃ”ÝIc&ะฦม_๓ณถอด#มม•ฦD–็จฦUธู๗[ะ^N#‘ณhดุ ะD–๊Üqจณ3mญhDMู+ b b F%1ฑๅ9๗ใ*ื๔ู4ฯ2ฒZSÞคัษLliฮa2ฎRM๓ฮJ๗aฬแฮเฮฤ—ๆfY7u๒ด9#G0rึ๑ฮเฮ่t0็ฮid&รัษLlYฮaqhzgZ‘ํ3ๅpพอ838ฃำุฒรฌpUgzlถญฐÞ๘cา3030ฃขhค4ข‘f๓า j jดQ]”๓~j\ฝ <ฉ‘{๋ไิ0y5P5Zฉ!ส9l”ณคFj@จฅิDๅ(ภีภsๅYk่-ๆฅgP5Pฃ่ขQใ๊เน๚ฌ•[๖,แจจQGMtQฮฺ6ป๚xRำDณ’h j F+5D9wๅlNจจQGQฮÞซฑฆmBิ@ิจฃ(็ฐh"’fO.vจจQJQฮN ญญ@จจQJอ๎คฑAชชฦๅ็ข€-ซjไ๔@4@ฃุ๒฿ฦ็์YScÞþ๙t[บ3ะ ะ 6h"หs>โซtำฏK€นอฆอ11:-ฯ9ฬB Wอฆ๏Xฦซ’ๅอ@4@ฃศ-pUlzBำพ@v9์ ะ ะ(…&ถH็0U4ฎzอพg็ึ*น@Þกน&ะ ะ่&ฒL็03gฎbM?fฺๆอฤ๘ECÿมัiLlฮafอ\ecถI3,oไQฦLlyฮaJg\%ๆ\ฺK็ัเฮเฮจt&พ@็0kฮิดญj^+หดUา@ิ@ิจฃ&บ@็0ิธxฆlKฆญิศqKcT5P5Jฉ.ะ9LG g sวึบAิ@ิ@อ~ฮจqu๐์rถe๓ÛbgจจuิD่่^ซ9€็๊ณ-๏ีศQอ๗P5P5:ฉ-ะ9TH€ซ=@ืÝฤฬฃูฃw3ิ@ิ(ฅ&ถ@็P)ฎ]๗ฯไý j F)5:ฅFL ญ-€จจQJฮa๛8ฮอkwnHูüฟขๆ   ÿÿ์ÝAnGะ+ฅฅฤฑ๏ฑl" ูiฆ<*ถEo)a`OUEþิ FกsืBgIฮจAjPำผะนhา9af/)`5็ฆอ1๊ฯฤฬ$ฆY•sอsถถนทK๓Rรfธ1๓6ฤ f&1อJÿ]๊ชล๙|๖3]ท3lOใ๙ฦf0iฬt+rฎpN7 –ฮw๋"h@ะฬฆY‘sอซLถจนท=ณz•	SfแสL๔bฤtซp>Jษ647ำ4ฯธ2a ^f0ฬฬdฆYsั•Yถy^ฅyโฦ,2sืฦฮp3ำQโ\Xโ73cภฬ`3#้Vโ\3ฬญe9Oค5วb€ เ8รฮpfฆ3ýJkÞgา็อYณๅอÝ!ๆใง7ิ 5จIMป็7ดฤyณ๎lkฌูฉ5จAอPjฺ•8ี=“๐๊ZG่jPกิด+q.:ีdก #/jb ฆfMิ 5CฉiWโ\”ขฟญ fตฑ๓/5–6Qิฅฆ[sีZ–ฐ9ฐผ@ิฤ	44จAjRำฎฤนจ๎,ุ<ีฌ๊ฮÞโ๎f์ ฑTิ f(5ÝJซ๊ฮฒ€=jึugaุ๙R~&5จAอPjบ•8WQ๓LRภอo5จAjฆRฃฤน”8p9ใXแDjP3”ฏ“ๆ฿นฤ9ฌkggAbfำฌฤนf [ÛÜห=[Mงÿ8r๖cรฦ4ฆYsอhsถฏน7ฐlฌp$ะ 1ILณ็bฒ=อฝทÿ—	A4?ฤ f$1อบฟ—“ํg๎bฮCkทOþ7Eสรฦ6ฆ[y๓%ศdญ็ใัญ2๑&6เg83ำnํอ5%4ูZๆfZ๓ฒ&?อ่ภf03”nๅอ5วl%so€y}A3ฑ"@ะg8รฮtko~/q&ÛวÜ<ฮฤo๚๒ฺ,ฆฬุวไg83ำ~ํอo%าคํอๅ3็ฟพÜน<ะ4ค!อPiบ•7W…ฬdÛÿ็รฮyf๑๒, |üืPิ f5ํส5ณ€อB€eฃfค&jฬ 5จJMป๒ๆขณgย ึ5gq >ÜุึDjP3”vๅอEิ<
ฐฆ&\]ฆพก5จAอLjฺ•75jfแ hซอห9&.ิ8ี 5จJ๒fิ 5จA๒ๆ฿ชผ96j!hจAjฆRำญผน๊T“%์5j.O5—บๆธe#`5จAอPj”7ÿฒ๒fhจAjฆR๓uาÜAsิd๛ว^ทๆฑฌง๘Rcþ4 อLhU8ืlfห{cฮซอฐOh\!1ILณ็bฒฅอฝ+ณ17ชฎMฤ 1FLณ็lYsUM	ÞAb3“fฮEญgู–ๆfอkญg1ฦร?f0ฬt+qฎfฮ64ฝฝ๕0stฦ&h@ะดkq.eฮ๖37กูe~ำฏ	ะ€f&4ÝzkZฯฒํฬอxณUู้mฃฆgฮp3ณ้ึใ\3g–ญfฟpf5hv‘%ชcึ3แฬLg๚๕8Uÿธeๅู]u3jPิงฆ[‘sU@๐t€Wิ 5จQไผGอ๒T+ฯโไู_จAjP3“vEฮืP“elฮE?QไเQ€ิ f*5ํจษฒ6O5Kjโฉ&ย๓5จAjfRำญศนช ุXWÝ•}ü$5จAอPjบ9WQ“ล์] ญ—7ใ•vMิ 5จy๏Wไ\H“9๏Uฌiย9ๆฝ4hPิฅF‘3jPิ F‘๓๏Tไ|น2ก.ะPิLฅๆ๋คนฆ&”&[฿Ü>{ฉ_3่ืDb3“fฮEมgูÞๆฑ๙BณL>๛j hBำฌศน&  [ฺÜcๆฅ–อ0~f1AฬLb9ฝหคMฮ{5๋wÛlฐ4 hNฟ€ÿzh\ึฬv5ง—5๏ึ3#; h@3…ฮ•Cอ—1ๆปMะ€4 MณB็ฆ€ดฯyUO@xัอZรฦฬ4ฆ[—sอจYถ น๗:ณ4ณeq๎ฬคg8รฮt๋r~+q&ÛฮÜผ3;OชฝÜๅl
€3แฬLg๚u9ืH“v9o.ฯ,ฉ3๑Hc 5จAอPjฺu9ซก&ุ9ฃั๋.็#<ู7CjP3•v]ฮEิd Kj๎ฒ3c@ jPิฃF—smมf<วฤ๙ๆจAjP3“]ฮv9_ฺ\ ก5จJMท.็*jฒ|€อฑ€%5๑ญๆn5จAjฦQำญหน4!เ—Rswิ 5ใจ้ึๅ\ีz–…์] ญCฯ๎zฮPิ f85Ýบซจษข๖.ะ^อืผซÛDjPqิ่r.ฅๆ2ฃฅ 5จJอืIsอ{3	3{'๘=ÿฏ2•๐Hc1AฬLbบu9%ฦd{็#ฮ'fฮจr1h2แgf:ำฌส๙จ9หdKแ๒	hVงK์Yฬu~
อ?   ÿÿ์Ýฯn#Eว๑๛พ—y€ี&ใü!โ€๖ภSธqฒ]iณAถWทเสำ๑$d’8้ฒงาใTSำýฝมฺ์ล๖วี]ý+  ฉ`}ว9ฑkmอ"f3ฉ“`ฃ}i'5mฤไษBฆgฦ`ฦ`Lmฦโ<๎g1นฮ๒๔ฟ c0c0ฆNcpÞ๎4มูn–mc–[2ข€Mฉ“h3}jํ`ฆh{…3นjFๆอศ“6ะ MฅะDโ|๊v,ำ8๎,m)่uF6•ษ4์ÿใฮเLฮฤโ์t23ฝูq้,Ûอ,ฉ‘t3Cิ@Mฅิ0ฤูwฒf฿,MVฯ j ฆrjยqv …ฉษูษg–cX@จJฉaณ๏พ:j j ฆrjโ<&5"ป!ฮP5PS+5แ8๛$จCิไฒ^\@cฏj j*ฅ&Üg'jด Ûp€,5ฝธฐ€5P5•Sร็1'kน4-y4P5PS)5ั8;EจCว
ป3ขชaฒ&ิ@ิิJC}8K\โ5P5P๓๔ืeณำ๙M…ÛÜ้Mั{&ฤก๓b b๊$&ฺgเ3ํÜfklศ&ฝ”ะะ ะT	Mฐ)ฮ>MgฺกM[-“k9g2๒c0c0ฆNcp>s1F;ญiÛ–I?ลs
11S%1ม8๛$hง4mซeน< นV&z9711ul€ณSv>ณต%xjf็€ๆTงfÞ<\แ฿þ~x๋ี๕ัoW7ห๕‘x3m–๋อำฝ๏þ่งซอวบท๏r๕ฎป๕Ýfýอ/ๆ๛ป+.7๏๎ฺÜ฿ท้๎Ü<Þ;ฝืๅ๕jนüฒþxปiVหํค้.๗ÝใWtำ.Þ6ฟพ๚sนj๎?ยwพ่.qณพฟยใ๔Uüธüาฝ[–๋ๆ์๘ธ{O}๚ะ}เ๏พ6บ'ู=ใถ[Ýyฮ๗ÿSึท_7๗๛๋€งฝ5โrำý๕=๓๎ๅณ฿>ฆyxP๓๓Ývq๙้ๆ๋็๛Wา5ซฏ_ึอํฏอษqณบýcÝ,ฏฎ?พy~ÿืo”็/ๅ๒ฃด#üFiํฟQาซ๓…฿(~ฃ[j๕ฉว	ฦหีมโจีมญi>ท2b b fญ>Ý๏Zgขญท๛b b ฆ<b5%๚4ฟkMถ‘\๋{OศÛ๔๙@ฤ@ฤิFLฐ…2พwmกฬVลไ๚ÞEรจblใAฤ@ฤ”G=9h/F๔ภณP11uฌ%ังgbฤ๋O๏้zณุปÝNLzMขnXD๏ฌวีmT-!B|๔!#ปÜๅคฬภฬภL•ฬL7(ขwNฯqฆDdDl๛ไฤหK_ฦ`ฦ`LeฦL7!ขw@ฤ6ฮ6ยฉพwz•‘)ช๒4๏ผป9;๓üÜqf"gา+เฮrๆ้หpÛฦFผงÞๅจ‘ฃผÛ๔฿J/h€h€hh&Dิ;ศiwFเMn{ฆ•ฉÝbญ-ýผิ@ิ@อ,fÞ๘8ฃ0c[:“๓ฬฉู 1ๅsบwป๔1ECฐฬ`brม2โผ๐ฆ๔๓211ณจbZoญI;^ฑZ–K๐–;1;Ýฬว8383U:ฌ”๑Y-Sงwษญ–	d1C&ÞAฤ@ฤ”GLฐLt-#ำถZ–K—‘อหโf้gÿ1c0cf’้ณ#ฃ…dฺ6ýs;2Bัfฦฤ@ฤิILฐLbดLÛJY=*ฆ bฮ๗nท“^b ฆ(b…d๚ฌ”ฉcปMฤไVสD+Yฯ€ฬrIค€iI๏1`US_VฦC2ณ}eb—_þ/ฝญf`f`f•3Z)cÛ๔ฯ3#๗หdๆ!ฬค฿0303e0,๒฿'YKüทm๛–ล,‘)ýด?ศ€ศ€ฬ,ÿ’หดฤc-“.๋	ล<dฎตฬภฬ”วÿÿ2ๅ_๘ง)ศฝÛํฮคืฤ)สxÿง.าจÿฦ&}๘€๑2ขืฌrd’j jสฃ&ZIใVาอtF–48383u:ฏค๗ณผLฯล iX<CคAฅ	7วฬiพฬ8fZ๙aฯuQิ@ิ@ิค_Pำอü8sาL–ฮ~_AMบü6`dฆÜงาz6็ชๆyqj&ข&]฿…จDอtอOÿ้QZด”fใ๚Yvซๆฅ้ฬCฬนชyþปญ€ใฝÛํิค{5้ีกjQCP๓`fr)=ำ2Ejsนีฤ@ฤ@ฬ,ๆอ๘ฌi•ÜุhU1Zc[,ห#–สฤJY้f11ณj๓ธฬ,ช*!คู3คY&ฮ4ฅO5EHณ3ZJณฑ9วl[–็eJ9S3ฝÛํฬคื)`1อ>ณ ด”fÛYn€X#๋€11S1ัอ|J-ะฬxJ&Wส๔อหdมePeชV83฿831eFชS๚(€็็4A“^h€&4แาฬ|fฉifFhrรอ๚ฦษญคAคA๊ค>gB3elg2s‘bฯ_S๚L~bฆห์Mห๔90ฃeeฺsfฤþฟ(jJ฿ฉำฝÛํฤคื)`ษ2>!ใddf#2SUD’Y้Qฬ11ณจbพu!Fซbl3ำ8ูฃ2U…—Aฤ@ฤฬขนp!Fซblฤควoฒ-ฬr๗ฮ2มฉำ2“ศc"-“อฉ“`Ng1ตL[“O/“อส2หึeมฉำ`)>น2ZHฆ-ฝ์ \น\VzvYUฦ๏Ýn7&ฝ&ฦ`LQฦDศ๔9๏ฏEd“sวýwR1EงY้3e-`ffา{ภฬb&X)ใำ\ฆ•2ถ]หD)s>€๔;b b ฆbU2>ซeZ!c;่[-๋^>ภสม)ฯ`IÿN;ÿZิฟüฮฟ\-๋๋ภมฉอhiÿ>็ýตดcY๖ภฟ่cnๅ!fฌแฮเLyฮฤห๛wสวิ๒þ32s	/5 ดCโe f&ิ\์Ýnง&ฝ&ิ@MYิKü๗9ฉ&þ{อr3[q sงช9…จจฉ“pUอผงํส”หiCาf j j
คชฦทช‘h’าร3กj jj”€ๆÿ   ÿÿ์ÝQZÝ8แ…ฬ&Hฆ…ýoฌ7…#XUrค`[þ.๛คLx+[๚๕ิ4ทE3•ัคฦ[5ำ<2๛๚ี'ิ@ิ@อิ๔jþþะทPce5Û\jTZ๓w53S๓`j:Q#ÿ%5P35ý๒ทf`๓–“ฐY‘อAjผt หฎonฮฤ6ฯ|W๓๘ÞZ€ทร๓85๒ฝF|;ิ@อ@ิถ ' ภb&6Sจพ c0c0f
crอ,cb๙ Þก*dT่Y๕3)ถฯไ”1ึ๒X€Wฦด๖f^ึฉฬ`yอIAgV`sฐำฬ:Sท0ช”)ฟฌf`f`ฬๆป32Ke6cฦ`ฦู|fณn(ำอีท5/ๅฬ~xwFพgpฆ”3ฃe6็dฮXอAgÜศึeฬ"4af`f7;üÿฟ_U฿ า า,*อpูf{4VถYP๙รภ๏6ำGgีÛ ;าt’Fพif$i๚Aำr&gÛฅL, ภ]v&YYjjb b ฆMLฟ๐ฬfvfฮ3+93VศxKฮิ`ฆสkฎ>311ำ&ฆ_hf333'วฬJฬฬx)fY=^f)b~ว‘๏)Eฬ`๑29ปfฌxXใmQ๋3!b b fด*ๆ#…ซฅdสทix11ณ1T1?Pลp11k3XHfR็ฒ•’)ฏS~ธq๙f`f`fIfษฬน๒ทR2c•wๅฏ—F๖?ฤ@ฤ@ฬjฤ‘scEdฦ๑๎cZรý๊vcJ๓~x7Fพc0ฆ”1Edๆฤ0[	1cÜๆ—}GFX2}‘ฟd@f d+d’rญJ&6ๅสa>s^&?=ฬVห$ฅcZลL7๓ซa๎?Q๛่ÿ0ชYาþ3Q)2/,bฆมมzฮ๗”iลýw1ป๙ชต์	๊P5P5ณไý'QsOณO:<{ขๆLรUอ$ิ|วฉ‘๏จฉEMฟ8ๆ๏ญฉษ	dVฃ”ซeผHๆMๅ 4ำ j j–ฃfธช&gฦฌja ๎:@Û๕]M๕\3จจYชค4ซช	ถ\ผซัม3g๎jจj j ฆ 5ýbฟ?๔-Uอ=IอnUณ๋y•ฐ1P5P5Rำ/ฎykๆ5o9อÛ=อูüพนฉฺü๘;Nิศ/{จ‘จ้Ûผตss57+ธ9x€ๆej>u ýVฟชÞ๖๘ÞZ€ทร๓85๒ฝF|;ิ@อ@ิฐๆ43^Acฏ9๛ÿ13W311s์ ษ	<ณJเอตภ3}Výะf`f`47๏ QลJ;ซพb b ่ๆ๛ฃ๕tfฃฎYัขsฑขwÿ7ht81รม5-ป9ว+ป9ุฮ์9ฃส4:ีW,ลฬ~xgFพf`ฆ3gZฬ$%สฤช/฿L๕1ซRฆ๚โfYยอ๖e,fลüaะ<4keฬ,ฒฝiifbๆ=CX/ณ์]k!ฃ—ี๐L๕.ณว็1‘o€~้อ๐ฬ์ฬ{ข3ฝไLUธ(bชdBฤ@ฤด้—ูอฬ๚ท"3cฤxSÿชQ3ีทhBฤ@ฤL,“sPfหฤ๑ส…ห"s2K๓๋๐<N|'ฤ@L)b–ษIþทrebำ^๎ฟ]ลTฟ๎ขIZฯl•1rtๆํฬญ}ฬW๖แฮเฮิsR&ญ”yreฉ\)2sฑ2cW2—ฮห๔่๕aมม9"2sๆ0ญฬ`ุฟ;ฉK=”I3ฮเฮฌ้ทe—ตraฆ3๏็qfไ;afJ13ZDๆ–ย‘dF~ํธfEd
-`ฆ3๒wภฬฤฬhีLNUอOอÜ6ณ—:5“ gpgpฆ3ฃ•39ู2V9tฦ—y:(ำฮT฿,3838cคd~Aะ!&๓๋ัg๊K!1ู;9kฮส,2 4H4HC๒4nหY๋Zขj jงฆ_0๓๗ึิ$ฅÿ[ูฬ๒ ์jผXณง3•rฦ=M%j>ฯใิศwBิิขฆ_@๓๗ึิไD4ซป๛ฤฮ3/ค๙Ý๏\}u&ิ@ิ@อ,UMNS€YีฉqปZธ\	9ฃชจิPีÜYีhj8@จEฉ้Üผต“็PcE7ว257psขชQ“{๕ จจ~ูอ[3ผ9ซ-ภov นmบัก๏'จนชy๐5จ‘ÿยจ~	ฮ[3ย9ซชฑBิxUอฎusfฎffjทP๓vxงFþฑืจ‘oจมๅ\ิXg1fผkUฯ(cฮT33Aฤ@ฤLฑ&)ยู*eร4ื"uZ๕๛)6าไl=ณาฤ*o๋ัT3ีgh b bๆozอSฌ&ฅฮเฮเฬx๑อ9ฮX๑อมห–มฬภฬ\n3๋ฦL3Q3iHำP&v/ใÝý+dT#ภฤิ!f?<#฿	1S~ก3อฬ6f+q&ถฦkbV๗0ด—Aฤ@ฤVล$ฅฤฤฦÿÝL3ฉ
Y“ชด*Fฉา85ซKฬใsNฤศ7@ฤDLฟศฬfbfฮ]ฬ=yÞ]๊^^๊.b b Qÿ๕WÞIþฉGLฟฬfBfฮA•ซbผ2u6ฆ๎þซ฿ล,Eฬฏร๓81๒1ฅ,Mๆ3…+L&vÝ/nÜฒO๙ฟÿJลมYอมสค๙Kซ]๘_ฟT-fๅ็/af`fฆ(eþþlพซ–	2#ฟvÜ๑]ฬl(2(2K*3X.fR1cc๗c^-S{eฮ,’ฉวฬhู{
3V6f0ๅ_~7ัหZI8383ซ9๓๙  ÿÿ Dๆx์ÝÝnÛF๐๛ผBnt—Ýฆไ8ถ๏ื-l’ย๖๖ฦ0
Zขฎ%J%ฉ๔#ศs์ฃ์์•๚ t5ใก<r๘ฟ(
2%K”~9sfþ๓๚fp2๙go2Eงฝื7þไM–ษ(LGo^/๕พฝบนฦั$สำ?no~พ>=ธํýx๑๑โ๒์๚ำๅ/Wื?ýr~yqv}๑}๏k/หฃู๛dýพ<ู`r๐zuþโiþq>นา๕‘“๕‘0ษ~Ûü0่osqโÞ๕ๅู๙ลm๏ๆUฏ๗ต๘ฏื๙y—?ำ{y๔K8G๋ศฯงณ(๓x”๖?ÞฃรiFรüL๑ไVwลYร|fงฝ~þฎญp๏๖้oO็Iพ~ zþl:Oท$Jโ$ขO๐>๏ยแใฟณhดธืษมd^ผ๎๗ลÝFหป๗๚๖๊๖ีM๑V๕ฮ?}üแýๅซนx%๕๏๗โ๔์ตู9๓โฃ๘þ>ฮว๙;ฯ=ๆแ๘ชธฒ๒uÛZฝื็ง๑0สvÞ“<ผGฺGฬใูUüงþ๗๓๑๘|Üวง๋e…i'ýc}ฦg•>Dü๒
vÿ0~zษ/ฆa๒}ลyWย฿U็|þuขฏþฟข/ัXq๙ฬ>Ytý:’ลUดผ@&7๎þS\ีท์Zฮฒd๑าืัWþYX8O็ั๖b.ว—bฦÿÿฟฆ;üOsÞท๕+0ฬใ/}ใ’i:	ว๔mณ๓|u๕๓Yฝ/๑$J?%ฃฟฮใแc๑ฦÞ'y”฿ง์sบ~ร๔q๑ปO๑A๏ใ(อ~าล%คxงฃๅซ๛sฦÿgg”ๅำูoa>ü|๕oพ“k<,Þf๚Wฯา้CeY๑้ค/O8
g—฿5สข$_~’)ณaฯ๒๗ฃ๒ร8ฮใüปแ8Üฝู~,8ปผ^"๐๔น|ษ8ณyhอ[hุฅ@ฅyk'ýuณ4ๅÝืทSCฤ 5nจก๗ 5 ฆAิ”ÿ์FE#Qั,์Vฟ3๔๙ม8gเฮ4ฏค‘‘F[าP+๊ F…KWFฯ@จ5 FCMเ๒กk=ฃ๏3ฅๆะใู่ร…ฝ5 ิ€nRSþปÛ5ๅCsjdจก_ูิะ/
ิผcท+P4Pj@ิ”ฝิ”อฉ9”ก~ๆ(5๔ý5Tช
ฝOjPีดใจก็5 ฦ/jสÞjสๆิหPCMฌj่—’^ว+เAUj@จ้5ซjÞษPฃซj,ฉyท5|’ภ[Pj@จ้&5จjdซVว๔zUจ5 ฆซิ”sคPS>t-ิะฉb๋jLิ<ม… Uฉjะซ5 ิxHMูธv@M๙ะตPC'๓ฎซ1V5l"€ฉูV ฦ5ดh5 ฆIิ”ฝิ”]5ดฉ"8m?j€V…6 m_ÛPsฐsÜ๚k/ฃิ€QใฎUฃ์ิ8ฃ๋ำุ…ัจ•2|B€"rำ฿rฦภcิฦธซfิลฬ2บZฦฒCร.AU-Sþติคี฿อ ”2PFญLูซþ๛•)นe่ะ–`sฦคoü๓พg0fภL;beัล8[6fล*Mี3`ฆำฬ8LึT1#”@ฃQฦnศฬ”?ร๚2l&€๏แ3 ฤ€ฃ&ฦ]ขฆ2Ps B.NำฎแsECUaฃeพฏ้1ýใ๖ฤะsใ1๎2g”‘32ป่g์Z2ฆฝ*,mฤ€bบILรช2]cGi ํ7รอ@1 ฆ“ฤ4ฌ‘ษอฌ'6ำษZüฌ3ใ{3f๛Üa#c่`i1[)3Rฆ[iื1”ฑ9e)1 ฤ€51๎ข2•I2Kýu9veiฉฟbู%_๗c`1]3ฦ]Fฆ:"Sfu.!ำ2๗฿ด:็”ujqLง”9Ü9nฏ='”2^)ำฐ@JF—'cื๓฿+ดL10ฦtอU22M]!cื15ý๕ฦ 1 ฤt“•1ÞๆbพO_3`ฬ€vc๖EัcZ๖d่็ธBbYท’1แ3pฆษ3บdLห fzํ(แฒฐ€฿w“3`ฬ€M2f้€hฬ๒F(“ฌhLซþพo_๗? 5þPsดsÜzNPjüขฦa
ณ29Y—ษชAjL+3พTๅอxOิธกÞิ€&QำธชFf๘L[ีX๎,c?ใาฐนÞO€4า@ถ5Bใg๕์.ณ๏๘๋ิUBอ่๓5 ิ€OจqฮผyhNอ‘5บ|fห๑3๚ePaüํeถfUจ5 ฆsิธiÞ<t-U.งูrüฬXี๐yฮจj@จ5 L‘r@2ฌYjV@=qอๆY|ช3€V%ฒิดใใ๖ิะsPใ5๎2eh๓๚ใfM.ถูฒWCฟ”[๐:wn|ฃ5 ิ€ถT5Bฝ]Ucน€ำชWนฮ ิ€RำธชF&]S[ีXRcÜT“๑ชๆิ€PjบIป็@ฝ#5๕$9ฉแU*: ิ€Pj:Gป8็@็,ิซั:[Rc๊ี<K๏Uอvะิ8ขPำ$jÜIฃFจSฃsซีัฉแ๐T*ะดyþู๖E๏ 4;วํกกฟ๖2hู่ i4๎ๆ(งศฬsฎgณi–3c…5l|wb@1ํุFf4Ý๎4–3L ฉ6p^฿๒= ส@(eฺฑ72บฝi,;3ฦญ6y6 3`ฬ€ฆ5fdvฺิ๖eฌ”1mดษaใeU"@1 ฦ?bÜEj*5eฆ3๋๒4ํ:ÿฆษฬฌ%รfก1 ฤt“wQส$Mฎฟ.Gำฎ#c๊๚ณeÿฬ฿# :EL็ธ=1๔ ฤxELร&–ษL`ฎ'iฦ4}รชb@้&1ซbdัU1vน{รช”bบILรช๕þบ*ฦno3ำjF[๋๏๛๒ํs1กg 1 ฆAฤธสT&eสT1บLปe{U1lFู	1 ฤt’wสฬbt๙vetมอ๋/ื[h d€Lืqฉฬฦ”AF—iื๐7!ร—_ฒช…Gฦ๎ท7ฦภฏiX”1บ$ปฑ2“1
UPวภcบmLร๊rฯ•
๚๓ษะoe%รทcๆษหพ๏&gเ3ญจeส๕ืTฬุuezํTp๗e|_%gเ3ํฦ8ฃฦดร๐Oบย^มุ-฿ท,3pฮภM2f	hฬ๒—F(“L๚7ลc>ษ`V8 ิ€Pำ9jฆ0ซ๗ว”iาฐa.มั3c—FUว Kใ!5G;วํฉก็5 ฦ/jÜฅ1oบ๑3V~๎,c@ใิฐEÞ 1@j่=@จi5ซjdrตUeฏฦ”ฬüคWร3+อ	 ฿ ิ€Pใ	5จjþพiU–ำ€Pj@ิธKiÞ<t-UM=ÛอซÞแ“ชl	j@จ5Rใ.ญ9Pฦ5KQฃlถฌj๖@ใิ๘พ/ จ5 ิhจq—ฺ(cÜๆ เๆภ”Üฐ:ถฎฆSิ๏ทงิ€ฟจq'
ก’FรÝ” SAรXa๓ชb@ฤ4ฎ‘ู่L[อXฎง1mu๐<MÞฑ๑}ท3Pj@จัPใn/@นMูศฐฅFทๅภอ็ฌ0€wlช๔h0 ิ€Pใ!5๎’u”ณPUฃหrถคฦXีฐณ>ฯุฌฒ/จ5 ิxH;iTะีย)๖'0q*ำๆณm๏ฤ8"ถAi1๎Vlชlส$iืkZฎข1&=ทฆJโYkํ'ซะ์ทþฺห กg4€ฆAะธ[Dฃ\C#3ฏYทฦำฌfýพฏ1 ฤ€vlIs bnKหถปอ[๑Rฦ๗}เ3pฆmก%f่\g๙RM,c๋h|_	b@1ญhหิÛ•ฑ-3๕d*ฌ๑}b@Qใ.@S)Sล่า3ํVf๎ีa‘3U๖ 1 ฤ€ÿiXฯÿD]ฯ฿n vy”ํถ.Sei1ýใ๖ฦะsยใ•1๎2f”32หþu3v#eฆEÿLถ`ฤ€bฺ@ฬ_   ÿÿ์ÝQvÛ8…แ-EI“ธ๛฿ุผl^ไ
%๐์Qkgๆ8๙ผ(_ฦไc•1ฑ“ฒ—‘cณ๊๙e11—จb’F—ญ2&vTๆ.k่ฟU/d_;สRฆ}”A)3.$ณ‘นค(cEd•i?;=e$ถฌ{[f`f`f6fฦd๖๓1s+3๚๏3๙ฏ้ีงห`f`f๚ฬฌฟ€ÿ>3๋;Qอดiฬxีฬา้๗km3%๙ณygฆ}MRฬ-U&็.ฆ•*<4s25Y๗สเฮเฮฬ้ฬูสgฌr&่~งปฮhzวf8383ง3gซg.’ู;(%$f`f`ฦษ\’น>:ข?#…DiผอาTฟ:4@4@c@30นวtr&"ไ… ๘Gg๙TำTOeจจ1จห|๋#dN4‘w@๛2zoณz:๓Tิ|mวฉi_j ฆ5ใโ๏oญิ$ญ9&กy๑"=?ำ=อลฉiฤ€1ิดj ๆLิฎช๙ฬกฦชjิดฃk;ะ^งฆý๚ j jPsบช&ซช	 ฝH^งู3 5P5PSqฉอK7ถ9๋ อ
nRใ ýtssฯX ิ@ิ@MAjฦฅ7/ý๘ๆ$jฌüๆเจณKV5
O๕	4จจqา๔ Irฦ`&–เ)#ศH“fฯไีฬEนmวi_b ฆ1ใฆบร 9ÛฮฌQ€1Þถ3kcพ1c0cฆ4fทf้ฏขษafฑvัOฬ\h๔๊1 5P5“R3nอา_GsหกฦฺGคฆýaฐใ"ยS=j j ๆอคl ุ%/@zþRฮ์	oฆzฤะูMwf&•Kg๛YÝ*ๆ/ฤ"ฆýýb ๆDฤปขูฝกsZfÝฯใ•ษQูญýC๕3๏ฉ	yÛ<ำþณ#ฆ}u3๎jf๗ffN€u/3ึ๑ Dน”นgย์สUฤ@ฤ@ฬ%z1๏)ฤXฝ1-=b4คนýC๕E11—่ลไÜลดz1mu“ณs5FJู9Y/&็ ์ฌL๏ Lช๑b b fNbNึษ(ณz1ฑกๅ—&สค1S}—ฤ@ฤ@Lq๑Ýtฬฒcฒ1ฝ2(“v๕\ฬฉy฿<ำพ&ฤ@L)bฦๅษ๔ใd–cฌ4ุิ๒า~v\dv4/0303S2sฒJ&็ฐฬชdbý—หคSý๚%ฤ@ฤ@ฬ5*ทcฌJ&6VฆA7€YK๊Yeฏf1ำพฬภฬ—ูลฬaฦสฤ๕ý]f4SฬA”A”Su๊๗•Y฿๙ถL๛’จื–‘2ํัT๏ส ส ส๔•Yþพ2๋;ซ29—ýÿฃwÛÿฉ฿/[2ซwfฆbๆฯๆy๖5afJ1s?ุ)ณ>Rh’þÛวอ/ใÿI`^ช3Cิ@ิ\ฃข๙Hฦชhฮ่wzวฉa–cVฟ3838CI“A[าüดj j fRj&2w#“iÛ็]yตชัAgNฯ j fRjฦ%3฿฿๚jฌpๆXๆOึ1;ณþงAิ@ิฬFอธๆ๛[r€f…4ฉy๑ MgÞกฆ5_็qjฺืจฉEอ8izะ$9c0r๖”‘
F)NL#ฤ!ฆý1g"jๆ๗&๗Pำ~ÝP5P5EจทwๆþึJMฮr31!‘oฝูSWFัชะ@ิ@ิิKm^บฑอKฮๅ4ทๆว๛4P5P5“R3N#กฑ	๎กqกQZดฆฉE4@4@ำfÜswภ9วkผ9viำSF‘อb่ะ\Ûๆy๖5!bJ3n ;
C57๓้จ๒ยึfzฤ,ใถะ,ý54ทekMฐ3ำþ0่ษ€Eคyจจ“qา๔ 9ถ1๋หผt`&cg4ÿ!b fNbNึ“๙N!ฦ๊ษฤi๋#wี๔ýi๛Cฤ@ฬฤฌ'“Cี“ตý=bD•—ซ+”=þฟBฬ bฺ6ฤ@ฬw/ณ-3geณu+ณUโ€•อฝ-อฏค]วÿ	yÛ<3ำþณcฆ}uฑษ้วXสฤVxýฉddิฌ๚ ๚1๗c๔๊ฅ์ฉพีc0c0ๆธฬcา2ฝฐLฉ\48b b fJbNvR๖7…๋ค,VฦüuัสEๆซฯ•aฦ`ฦ๔—ูศฬน…iลcฦ๎๚{w0cse11๕YÛþ}bึw> i[๓yฤxeÜัณ๊+2ง2ๆ}๓<nL๛1ฅ'ำM“ษ1ฦส’•yฦtว^Y\11Sฯ๊4ctชLnวะมม99Yณ*Tศทศด?	ü;บ&ณ๚qูใkAฬดฏ 30s"fึ>ย๏3ณพ๓ฬด๚ผ8—-๛ปþ8383๕Yÿ}gึwVgÞRiOท3þๅ#่:ำ	สD”A”M๛ฦÿ๋ฃ#ขหไฃ—]ฆปdzีา”ๆฯๆy\๖5‘ijI3pLwฬ๒‘#ตO&6jถ่7ป{tฆ-จจ9ฉ9]Q“1c5ม.2ณZ๔ÿdสyฉe5P5PCUณ๙^<ขช‘@3ชจจG#r5ÝlๆฌชฦJgRใV5z“Fร3ฉj j fRjฦ%4฿฿๚j	i๖ฉั#3sจจ”qา๔ Irฦ`&–๐า. -n ฆ1_็qbฺื)EฬษVๅsฬกGิ1ฺช)NL#ฤ!ฆý1'"ๆÞถPฦtฮ,9ปๅ์!ฑ7ใmg~:0ำ[5;จiV@ิ@ิกfÜฺฅปw&k๓Lฐ7ใRฃรอzn๖5P5P3'5ใค้A“4ูl0ซhผนfAFFอ๖ดÿ!b b๊sฒÞฬw
1Vo&–ูÜ&A๛ Rว์Yข11SฯqรฬýYๆฯdฬQๆ`kฆEชหLo€6j€ฆ4ทอ๓84ํkะ”fÜ@wเ–โ5หiผธญyฯคฦ`ฦ`L=cNึ“I๊ýฦฤฬผฮฟ‘ษภู2afฉG=Ýฤx=*“ฌห๓   ÿÿ์ÝMvÛ:@แu`%i๏co๒YH(Rเๆจ‘าึฮgüXป$s$ณฯpSงþUmๆeY“ษ11EÿV1ฦGU๒W"&๛Dๆืฟ7ฤ"Fพไ!b&"fÜIฬ๊Aฬz๋ฆovU๏WชTÿyฃื{jbป๋~bไทýyw,IำRVศ7มมนE1&ฆฅฌU๑…1VK:ๆฏ9ฦ@ฤ@ฤไ#fฒ0ๆBL+๑ต”=b๔๖}4ๆ2 2 ณ$2”c#s*Wฆหศ`ฦ`ฬฦ”ฮ๕ฦ”'w0FfตโFbZฦจะฅRÿYr,ýzbส“;#Jฦ5.[ฤจþ“•ทÝu?1๒1ฉ)้๋)Oึ1!ฦHw•ฉ— 9wYdÞ`f`f–dfฒHฆด๙v
e|Ýห|ํุuฮ–ý&ฮเฮเฬ=ยทgZแำ๙ ๊่ฏทcYฝ|gg^?;ฮrFÞgpf"gJn็zgส“{ฤ3ฒแ80mfฦ3jpYญซf`f`f5fพs;fü—K=๕R”ๆdDฃ๓hD4P5Pณ(5ืษT๗ษDQำฺ(ใ๋7ณฉ๙GP“พ`)j>vืýิศ{Bิไขf45hÞci0ใh๔๛Ü2ฃ5.Y,ำf|C 6kตฬ_ัLญ1 j j f9jฦ-ษü~tjZ{25“ิ่๑ฬ$ฮ j fQjฦอgþ~tj๚์หดฉQ ช๐@ิ@ิ,Gอ8ijะÜนFฃXQแ3Y“qyณjฺ,Vาฬษüผ ๛>ณฅ๙Ü]๗#๏	1“ษ๖ละl%ห|หfNํPำ4ณัR@ฬbไ€mÜฎญบlfูนตึอ8k2ึÞฬM/9_“‘ฟ+ j j’P3N4Aฮ4๑E3–2•…ฬ'ฮอ@ฤ@ฤไ#fฒLL{YFfซนLๅศT&๛ัL[ิdbขVMฦw,๓Tฃ๒fGj2D11“R4ธ๒dEฬ3oฤ%สไศg{bฆ^i๖ <ศ|ํฎ๛‘‘๗I…ฬธบฝ์ณ9ณU๕๗)cnฮฌ/g”![2(2๙”ฌ ๓;VAฦ—-“Dฦจ“ÿGฆสศ@ฤ@L>b&+ศฤำ*ศ๘jþ1ช 111ณdbjþญซๆ฿ฮ”q8b bึ$fฒrLฬQÿV5ฦ—(ณ๚ซภEต1%'ๆE:ฤ"F~ช’Ýน๒ไme2Þ#ฦj+ซ•๘ฯฬ๘ฟ32ฏwีศ<vืýศศo๛2๒๎ 2!3Yช์O2ญT?2jvฬ้8ๆฮ=e11ท ๆฮีug๛Cฤ@ฤÜขลดช1>bฌ(ฆ]I4c0c0ๆๅ ญzo:ภฌึ`๐3030Sgฆ|ไพ๒ไe2่๎o5–ฉ่Eล5d b fMbส๋)O๎ษHโาef$ฃ[ห6๕	ณDฬผํฎ๛‘๗IลL๙อx=3ๅษ=‘ญฦ{สฮ%ฬ4:G:af`f๒13Y4sLฆฬ๘”q“9rฺc0c0&1ณ…2[2ญPฦ1“ฏj(ฃถ“้”Y๖ฺÿ๋gAฬศ;ภฬLฤฬ๗G๎๋๙~ดๆ-๕R”F~๛Yiาgอ j jิ”_จ)๎Büฌฯิิp)_e?	5P5Pำ f45hbþท๑ฑþWfü/าัผ1ป๋~bไ=!bR3ฺูฒ3ญตe>bฌ3•ฉ2ฟไs!b bV#fgฬVEๆÿท;i1ใฌอศ_ีN‘ฉษfฅฟj j f5jฦญศü~tjZ[2ต5ิf j fQjฦIS&ศ3พ๑ÿ–2*WฆFฯ85ฌ6๓BL+iๆd๔๛Ü ฆฒ b b f5bฦๅหช้ฒ๒+Yๆb~พaๆ7ฤไ!ๆswÝOผ'ฤ@L*b&[bำฤÜZbๆbN51ซDY๖#B
Cü13Y-&f๒ซ#7ฤOþืง1ฟไูรมม[cbeถ12_”ฉ็cVมมีฌำSึงuู๊)Sีล|คงLþฬ119ฌ“*kUc|็ýญTJญ5๓c0c0ฆnLษ่\oLyrcdJ,ฎฉฬ,ว(VTษÿศÜ2โ๓ตป๎7FÞc0&•1%ฟsฝ1ๅษ๚L=F~,Tน2็9ณ"ฃdูtds$  ษ5รฬX5=>F~qคตb b &1“ีdถฮGdฑuHๆฏีezะ ะ อะP9ฬUQýeบJ“}กฦ`ฦ`ฬ=
3[2ญย๏ 
…Nฦ|Pๆฮ‘ฬ+|DAสศePf"eJฝ๚zeส“{ฌ`–e๚@eฬฬตหgสÜูืkgป๋~gไทýฬywมฌ43ณU๑ํ-;ตSต	e๎0ก(ำน(ฃFษจlY๖น211ทจษ<Ci•d|ฤ<btEๆ111“UdbยVAฦืย|๎ะฟ2&{oฦ`ฦ`LÝ’านÞ๒d]๕ #9+ว่—`E}ไฉf”A”Aบ2ๅ๗๕ส”'๗PF&ถโBSKญfR0๓ถป๎gFÞf`&3“--{Qฆตดฬห่๗๙ีฑฌ ๛ษGฬl‘Lฬ)V$ใ+üÛงd,f–}ÿ2ฮเฮเL#”)eสฅาจ—B`iฦคFฅษชอ๒R๓๚ูกf5๒P53Q30mVอEQำส9๋3&5ÿ–yไ์?ิ@ิ@MBjฦISๆฮ•,Syดw%)ทฏ'ฆ<YณฤLพ฿โฆ+ฬฺ2ýว๓ฑป๎7FÞc0&•1,0;lตภL•eTโ,{ฤ@ฤ@L#S6ฮญฬฃฬึอtF7—้n ขจจY”qาิ 	*þwaฦ*ýW๊0ฟิ฿
b b f1b&+สฤlcne|fฌ]ฬชLy๓	11ณ$1ิdcๅสTชฌ2 b b &1ÿ  ÿÿ์ÝÛธว๏๓
ฝแU‘ ษฤ๒|๏E"ูvั “n/zฅุ๒X€%’<ู้U฿กW๚t๛$=ล19–F๖ฒ)๊ฟุ|L$Q:ษฯ๙“ฺนฬำถsbบผm็ฒ=f€/sตsÜ1j@ใbÛนฬฮถ2m;—ฉ่ฑฟญถY–๑_ฆÿ๔–1
*ภำ0F=cbcbHYcถ๓ Hฆฬ์ณSํ#€ bü@cbEmbsุ"L-nถฯ๎`ฦ€1þ1ฦ15ฦฮ๎mjcÛSc๏rฦ€1`ฬ ไ;~Lc*๋๒c4ๆเ\2pc€ ๑1rด}|ฤศ;๋หüํไฤTฌส•ฏXๅ฿•๓ู2z"ๆ}ส€3แฬอฮqsฮจe3เW‘C๎ใsFÞน-UXÜธ์ฐ-๕ษeพง_f€`*๔ผHฦ0kYื2Ff,Yห € h!อศฝzาfิxฺ+8ฃึnF[9ใýeภ0ฬ 3g์,ศlSgฬขf]2_
ํ“ฺ ศ 2þAฺEmF๗^ใ/eถaJPๆD”Q#ล (ใedวx|สศ;๋”ฑณbFmฒ4ฃ^๖
ฬtฎัง้๎ฬ>ซfmหh&;วอAฃ^๖:ะจฅ4 C qlภWfพเฬx/ฬ 2€ ศ@้[ั2—้ ศ 2€ฬ8!aฆทE3gณO&3P”e@ÿ(ใ0c2mยYNสhฉeยg (ส€2cฃ๋2๒ฮ}PFmูÛพฌ“2M๛ษ dฬ 3ภฬธ13๒ฮ=l’ฉ~c{โÿAdjๆQ!fบsÜ1j@ใbฐูÞyýf@ฤ 1ใDฬSH็n<คหฆV(ฃUชzy๗ณW$fj€ จ๑5'5ฬlกฆ-hf(อกฦ๗) ÛgjNต จq	5ง#Mh์ฮฺ0c6น+pฆญþืใป7ฤ 1@3mฦRZๆ6qF}ึGZfÝ•ัำÿ๛>อgภpฆ3rศ}|ฮศ;๗เสจ-า^ฤฌห•‘พzฒฺþ/sฑsÜ1j@ใbKcึ๓NfF้ษÜ0ณL1@ฤ1	2C^,ฃQE[9Ab€q"ฦ1Aๆส
bฺ๔3ฤจู7;Sหhู'฿?ฤ 1@qLนถ6-ฦ1j๊อฮผ2Kใ{L b€Ah1vำฆลอ\๎Bๆลhr?ผ bฦ9ฺ>>bไ{@ชุ[๎฿…*	/sตsÜ1j@ใbÛณฬาโถMหT๖๔ฑ8ฆมwหฺ…ภฬi0ฃฬ 3aฦ1=fศkc4ฦhหü๗Yฃ>3ฤ 1@qLฑ3ซฌM1–uอ*ำ&’,๙1@ฤ๘่1{#ฆKัฃ้1Þ'ฤcภ0 sk…1mzูด25ีYctF[๐ฦ€1`3Jฦศ๑๖๑#๏ÜGvีๅฐ(๚Ü_K]ๆý>2ฃโฬMQหgภฏ8#เว็ผsQฌฝeÝัmUf ๅf€qbฦ1Yฦ๒฿&หM.;H๙oX–	Ob€ฑ!ฦ1UFjไ=ษ2Vป–๛?Aüf€`fqLฑ#þท้2fฬบฤ-@	f`ฦ€1eÜÿฌสl฿-8s"ฮจีgโ€3๒ฮ:gฮญpFu;,rFo้ัึdJหผๅฬถa€3“ใๆQ/{gิามpฦ!ฮ8ถ๎ÿฦ
fฺึýaFo6RF๓_ด๏Y2ม0c ห๔ฌหผ1๓}U& ศ 2€ฬ ;iำeฬฆ1ÿ๛,•cภ0๑1ฎ2vๆ1ท2f9p๓Dý	(ส€2ใค๊2๒ฮ=d๛Wฟฑฝfe๛ืVgย‘b€ f‘*ย๑#๏ÜC*fตปถ—ม์ Ý—๕eพฏ”cฆ;วอฃ–	ฦ€1^1ฦฑMห์0ฆmำ2ณeฏO๗	ฤ 1@3Jฤ'•5ฦส,-วฺขe’Lืzฬฆด,“i@ค๑4งMg์$ษlฃYภ์ $ฺฬ๛l9dฤl9bิ€ ฦ!ฤ8ฆษุAL&c/๋B&๛k๑ฒ+ b€Q"ฦ1Iฦฮbÿ6Iฦฬ9lฑฟถWฆ๏ณ—ม0c‘Pฦ์฿–Pฦl๖๒๋e฿๓ษ
1;วอฃ–	ฤ 1^!;–ํฤ-lๆปÞฤ 1@31fศdด51Z z?ฤ 1ใDcbฬืวดฏมD b€q"Z5ฤดO)b€ 'bำb์ค]nำbฬผฮÜþZLMม”20cฦษู1๒ฮ=ธ1ช2oO๏๏rcดþ๓ห€/sตsÜ1j@ใbÛขฬRfÿถ=สฬBeý_Xใ}NL…ภฬi0ฃฬ 3aฦ1AฦNดฌM1Vvะ&e:q๖ฺฅLํ% @dü€c’%_ฆM“1ฃLท/ฃ2มจ๒•3ภ0ฬB•ฑ“LฆM•Qปq๛ษdด)ห*ใ๛ไ2 b€จ2ýซ2บ'ฃe๗f€`'fคB}|ฬศ;๋	ฌ`Fu:,bFญ;Ýโำ2ภนู9nตL`๑
3ฒ/<>fไ๛ุซLี้-bฆkซฒ—ผ	P่ÿเ8ฮ3	3C^.ำsํb€ ฦ?ฤธ&ฬุต	3fหþ;#f๚ร=Dฬ€`๑3ฎ	3—V0ำ&ฬจ๘yfิะ3m–Y Sglÿpgภp๑3ฎ)3vÜ6eฦl.s๗€&ๆ€<fCฦฬึSfNีYf€0๓คY3Oท๎c
€V,’ฆs€ฆศ8’เ(แทÿýG<@‘ฯ>ÞIT|ิชำว2*สง๛ฤÿIvTw%ฏูgüณฒ๘Ý?ง	๛:&ฤูฌ:ษ๓ธ€}ฅิณ๏โdณ
ฉ\ฒ|“,[ฐ๓	หณ๏ยูฒzPLฎ๘UIQ]T๒ZþLgý”Ýวณ๎ว็mqล~ฯ~ห%ซฎQฯ่ศ”~ฑฟคq+ฦ€อ๒จ2)L๋Þ‘๓z—lsฟ$๚•<โM~ๆัผ2•ื๙9KยขdYฑoล"ส๙Q๖-zฬ่pนุC}_gy)^หน/ๅโý๘ๅิvจw้๓–ห<Xบก.?Qใญญจ?ฒึ\พlM๔+}เีc๕ม๊๎กถI4qะค+2–ฌdฯoÿþoมโt–%4c๋U๘Hฏ๊#Yย9UÝฃW0ๆüy5ibÞ๓Ü5ýÜะฏÛ3๖ฉþZdBถฺ๐/&ฺjีpนตแZ๑ü๑C๔+uหÜฤ4๚ตyั9iฦ/พRลe!ฌ—myฝา9ug)UEจ_๗ถY๎พง`BÞฝผจ๛G๑ฟ}[ี%เoซWฟ็u \ะ€ๅ้=lkXýRpีภJผþ–GฬhhXUฟÝ๖ใb—\๐Wrษฃฆ๔ทจ W็=๛n่#ýD=0๖๊ชู"ซF5[r'ข ชSU๑ใถSoฬaฏ+K๙จjK76#Zฅ[#ศจ8C/n2ั,ๆใ>^รต๋:Cูภ๋>;jีษ#qw>ฤYฮÞ๒กYHรข:ื^F๑DR`“O:ทnซล~%'ดyร่6๙ฐC\ศถWjo,ตูฉ8=ฆn,.bjฅึýX2Ý๖ๅข3แSQwฬ;`๚ฎ?…ีขฌ_*ช-๒,‘H{ข๚@พÜ9Ufcี็|ฺT-—๑|ฅlพษyM.63ชซลbณbฅ(ฤ:k๚1[_ฤWซวฑ -ตฟชฮษ`BLฤVโฃฤฌ+๚fcฺ9&	?T5R3_๔EิÛ<ตJ/bq’ะP๚แีใ@๊m0แyจว๙h“wจ๔”mhpf๒e|ศล9•๙ผ๕HI’ถÝPJถไ]ÿฦโDjฤ๕เStฦC1W๏€ื๏€W๐€jx5ขn6þU[Tฦษpฺ๋”ง2ๆแjÿj๕ิ@ี๔”‘๕๘ตXFำm8ปnc๊iท[ึก:A!พฟ็
๗[็Üํฃถศ๒๚Jnลิ9+|’?Rป๙.mขาg–	๘Wฬ้ฃE๙G1X—๐\|\๋uา–มกท(ูIึๆ๗;s14Wฟจ*]oo๚\iWีwไUิLึา๗lญๆ๏E_ส>บK–NซH!ฏถS>|า๘ํ๎๏?ณฏๅ(,ณ๛๛wู๗ธ\f’…H52เcแตX6ํSถZลล^]ๆÝ๗hM—<๓#~ไ10j…ไýPฌBc๔๓,\s็ฟฐ๎Eุy๎)๏=่?ฒuฦ๛ÿÝ๋mdง~|๋]บงงพ๏sญYFฃ=ถ|ูU[ญยdอซ[ฤy๑๔Eญ@พcN=ุO่@B•หQศi๙๗YJ=ฒxๅeถ-5็๛Jy์”7,ขฅ>|>ล—p•eิ๘ะี	ฌ>Ý…จ|TOธฃq5&๏l“Vัศr
?ÝÝ‘รTซถไ[ฐบผ'=ฯR7dหe๘ภ][~\\B(ซข็๑<,ณผญÛyS•ล54๖งZฃ฿คบไญCขฆะ๚๊๋n'	{{ýNP]_ýวูนþüขญ€๓ฝปjด–u	ำษ็—?L.ๅแฯ๑Þ๋รApvq+ÞิÛ* Q…ฯ'ABCr6k6แฎmฑ๋þS๕าู๔๊ÿฅ1yWผ`7gท7ลปช่7oþ  ÿÿ ผฃ